[0.006s][info][gc] Using Concurrent Mark Sweep
[0.007s][info][gc,heap,coops] Heap address: 0x0000000700000000, size: 4096 MB, Compressed Oops mode: Zero based, Oop shift amount: 3
[0.058s][info][safepoint    ] Entering safepoint region: EnableBiasedLocking
[0.059s][info][safepoint    ] Leaving safepoint region
[0.059s][info][safepoint    ] Total time for which application threads were stopped: 0.0001302 seconds, Stopping threads took: 0.0000472 seconds
[0.069s][info][safepoint    ] Application time: 0.0080750 seconds
[0.069s][info][safepoint    ] Entering safepoint region: RevokeBias
[0.069s][info][safepoint    ] Leaving safepoint region
[0.069s][info][safepoint    ] Total time for which application threads were stopped: 0.0001058 seconds, Stopping threads took: 0.0000336 seconds
[0.152s][info][safepoint    ] Application time: 0.0831298 seconds
[0.152s][info][safepoint    ] Entering safepoint region: Deoptimize
[0.152s][info][safepoint    ] Leaving safepoint region
[0.152s][info][safepoint    ] Total time for which application threads were stopped: 0.0000727 seconds, Stopping threads took: 0.0000078 seconds
[1.152s][info][safepoint    ] Application time: 1.0001053 seconds
[1.152s][info][safepoint    ] Entering safepoint region: Cleanup
[1.152s][info][safepoint    ] Leaving safepoint region
[1.152s][info][safepoint    ] Total time for which application threads were stopped: 0.0001367 seconds, Stopping threads took: 0.0000133 seconds
[1.357s][info][safepoint    ] Application time: 0.2046624 seconds
[1.357s][info][safepoint    ] Entering safepoint region: Deoptimize
[1.357s][info][safepoint    ] Leaving safepoint region
[1.357s][info][safepoint    ] Total time for which application threads were stopped: 0.0001943 seconds, Stopping threads took: 0.0000514 seconds
[1.396s][info][safepoint    ] Application time: 0.0391649 seconds
[1.396s][info][safepoint    ] Entering safepoint region: Deoptimize
[1.396s][info][safepoint    ] Leaving safepoint region
[1.396s][info][safepoint    ] Total time for which application threads were stopped: 0.0001566 seconds, Stopping threads took: 0.0000080 seconds
[1.443s][info][safepoint    ] Application time: 0.0461385 seconds
[1.443s][info][safepoint    ] Entering safepoint region: Deoptimize
[1.443s][info][safepoint    ] Leaving safepoint region
[1.443s][info][safepoint    ] Total time for which application threads were stopped: 0.0001943 seconds, Stopping threads took: 0.0000323 seconds
[2.340s][info][safepoint    ] Application time: 0.8974930 seconds
[2.340s][info][safepoint    ] Entering safepoint region: Deoptimize
[2.341s][info][safepoint    ] Leaving safepoint region
[2.341s][info][safepoint    ] Total time for which application threads were stopped: 0.0001754 seconds, Stopping threads took: 0.0000083 seconds
[2.487s][info][safepoint    ] Application time: 0.1464632 seconds
[2.487s][info][safepoint    ] Entering safepoint region: Deoptimize
[2.487s][info][safepoint    ] Leaving safepoint region
[2.487s][info][safepoint    ] Total time for which application threads were stopped: 0.0002507 seconds, Stopping threads took: 0.0000089 seconds
[2.744s][info][safepoint    ] Application time: 0.2569622 seconds
[2.744s][info][safepoint    ] Entering safepoint region: ICBufferFull
[2.744s][info][safepoint    ] Leaving safepoint region
[2.745s][info][safepoint    ] Total time for which application threads were stopped: 0.0001751 seconds, Stopping threads took: 0.0000253 seconds
[2.871s][info][safepoint    ] Application time: 0.1263325 seconds
[2.871s][info][safepoint    ] Entering safepoint region: Deoptimize
[2.871s][info][safepoint    ] Leaving safepoint region
[2.871s][info][safepoint    ] Total time for which application threads were stopped: 0.0003402 seconds, Stopping threads took: 0.0000079 seconds
[2.878s][info][safepoint    ] Application time: 0.0071722 seconds
[2.878s][info][safepoint    ] Entering safepoint region: Deoptimize
[2.879s][info][safepoint    ] Leaving safepoint region
[2.879s][info][safepoint    ] Total time for which application threads were stopped: 0.0003222 seconds, Stopping threads took: 0.0000076 seconds
[2.997s][info][safepoint    ] Application time: 0.1180585 seconds
[2.997s][info][safepoint    ] Entering safepoint region: Deoptimize
[2.997s][info][safepoint    ] Leaving safepoint region
[2.997s][info][safepoint    ] Total time for which application threads were stopped: 0.0003338 seconds, Stopping threads took: 0.0000093 seconds
[3.264s][info][safepoint    ] Application time: 0.2667196 seconds
[3.264s][info][safepoint    ] Entering safepoint region: ICBufferFull
[3.264s][info][safepoint    ] Leaving safepoint region
[3.264s][info][safepoint    ] Total time for which application threads were stopped: 0.0001660 seconds, Stopping threads took: 0.0000218 seconds
[3.366s][info][safepoint    ] Application time: 0.1018130 seconds
[3.366s][info][safepoint    ] Entering safepoint region: Deoptimize
[3.366s][info][safepoint    ] Leaving safepoint region
[3.366s][info][safepoint    ] Total time for which application threads were stopped: 0.0003843 seconds, Stopping threads took: 0.0000078 seconds
[3.455s][info][safepoint    ] Application time: 0.0889054 seconds
[3.455s][info][safepoint    ] Entering safepoint region: CollectForMetadataAllocation
[3.455s][info][safepoint    ] Leaving safepoint region
[3.455s][info][safepoint    ] Total time for which application threads were stopped: 0.0001961 seconds, Stopping threads took: 0.0000214 seconds
[3.538s][info][safepoint    ] Application time: 0.0826263 seconds
[3.538s][info][safepoint    ] Entering safepoint region: GenCollectForAllocation
[3.538s][info][gc,start     ] GC(0) Pause Young (Allocation Failure)
[3.539s][info][gc,task      ] GC(0) Using 4 workers of 4 for evacuation
[3.588s][debug][gc,ref       ] GC(0) Skipped phase1 of Reference Processing due to unavailable references
[3.588s][debug][gc,ref       ] GC(0) Skipped phase3 of Reference Processing due to unavailable references
[3.588s][debug][gc,age       ] GC(0) Desired survivor size 15400960 bytes, new threshold 1 (max threshold 6)
[3.588s][info ][gc,heap      ] GC(0) ParNew: 240896K->30079K(270976K)
[3.588s][info ][gc,heap      ] GC(0) CMS: 0K->2697K(602112K)
[3.588s][info ][gc,metaspace ] GC(0) Metaspace: 20591K->20591K(1069056K)
[3.588s][info ][gc           ] GC(0) Pause Young (Allocation Failure) 235M->32M(852M) 49.879ms
[3.588s][info ][gc,cpu       ] GC(0) User=0.18s Sys=0.01s Real=0.04s
[3.588s][info ][safepoint    ] Leaving safepoint region
[3.588s][info ][safepoint    ] Total time for which application threads were stopped: 0.0500470 seconds, Stopping threads took: 0.0000277 seconds
[3.588s][info ][safepoint    ] Application time: 0.0002317 seconds
[3.588s][info ][safepoint    ] Entering safepoint region: CMS_Initial_Mark
[3.588s][info ][gc,start     ] GC(1) Pause Initial Mark
[3.599s][info ][gc           ] GC(1) Pause Initial Mark 36M->36M(852M) 10.328ms
[3.599s][info ][gc,cpu       ] GC(1) User=0.03s Sys=0.00s Real=0.01s
[3.599s][info ][safepoint    ] Leaving safepoint region
[3.599s][info ][safepoint    ] Total time for which application threads were stopped: 0.0104330 seconds, Stopping threads took: 0.0000126 seconds
[3.599s][info ][gc           ] GC(1) Concurrent Mark
[3.625s][info ][gc           ] GC(1) Concurrent Mark 25.834ms
[3.625s][info ][gc,cpu       ] GC(1) User=0.09s Sys=0.00s Real=0.02s
[3.625s][info ][safepoint    ] Application time: 0.0259740 seconds
[3.625s][info ][safepoint    ] Entering safepoint region: RevokeBias
[3.625s][info ][safepoint    ] Leaving safepoint region
[3.625s][info ][safepoint    ] Total time for which application threads were stopped: 0.0001215 seconds, Stopping threads took: 0.0000375 seconds
[3.625s][info ][gc           ] GC(1) Concurrent Preclean
[3.625s][debug][gc,ref       ] GC(1) Preclean SoftReferences 0.001ms
[3.625s][debug][gc,ref       ] GC(1) Preclean WeakReferences 0.000ms
[3.625s][debug][gc,ref       ] GC(1) Preclean FinalReferences 0.000ms
[3.625s][debug][gc,ref       ] GC(1) Preclean PhantomReferences 0.000ms
[3.625s][info ][safepoint    ] Application time: 0.0003815 seconds
[3.625s][info ][safepoint    ] Entering safepoint region: RevokeBias
[3.626s][info ][safepoint    ] Leaving safepoint region
[3.626s][info ][safepoint    ] Total time for which application threads were stopped: 0.0001671 seconds, Stopping threads took: 0.0001097 seconds
[3.626s][info ][safepoint    ] Application time: 0.0001161 seconds
[3.626s][info ][safepoint    ] Entering safepoint region: RevokeBias
[3.626s][info ][safepoint    ] Leaving safepoint region
[3.626s][info ][safepoint    ] Total time for which application threads were stopped: 0.0000790 seconds, Stopping threads took: 0.0000319 seconds
[3.626s][info ][gc           ] GC(1) Concurrent Preclean 1.440ms
[3.626s][info ][gc,cpu       ] GC(1) User=0.00s Sys=0.00s Real=0.00s
[3.626s][info ][gc           ] GC(1) Concurrent Abortable Preclean
[3.647s][info ][safepoint    ] Application time: 0.0212568 seconds
[3.647s][info ][safepoint    ] Entering safepoint region: CollectForMetadataAllocation
[3.647s][info ][safepoint    ] Leaving safepoint region
[3.647s][info ][safepoint    ] Total time for which application threads were stopped: 0.0001253 seconds, Stopping threads took: 0.0000448 seconds
[3.657s][info ][safepoint    ] Application time: 0.0097174 seconds
[3.657s][info ][safepoint    ] Entering safepoint region: CollectForMetadataAllocation
[3.657s][info ][safepoint    ] Leaving safepoint region
[3.657s][info ][safepoint    ] Total time for which application threads were stopped: 0.0000729 seconds, Stopping threads took: 0.0000081 seconds
[3.677s][info ][safepoint    ] Application time: 0.0199642 seconds
[3.677s][info ][safepoint    ] Entering safepoint region: CollectForMetadataAllocation
[3.677s][info ][safepoint    ] Leaving safepoint region
[3.677s][info ][safepoint    ] Total time for which application threads were stopped: 0.0001026 seconds, Stopping threads took: 0.0000094 seconds
[3.713s][info ][safepoint    ] Application time: 0.0357235 seconds
[3.713s][info ][safepoint    ] Entering safepoint region: CollectForMetadataAllocation
[3.713s][info ][safepoint    ] Leaving safepoint region
[3.713s][info ][safepoint    ] Total time for which application threads were stopped: 0.0000719 seconds, Stopping threads took: 0.0000079 seconds
[3.733s][info ][safepoint    ] Application time: 0.0196671 seconds
[3.733s][info ][safepoint    ] Entering safepoint region: RevokeBias
[3.733s][info ][safepoint    ] Leaving safepoint region
[3.733s][info ][safepoint    ] Total time for which application threads were stopped: 0.0001494 seconds, Stopping threads took: 0.0000359 seconds
[3.733s][info ][safepoint    ] Application time: 0.0003939 seconds
[3.733s][info ][safepoint    ] Entering safepoint region: RevokeBias
[3.733s][info ][safepoint    ] Leaving safepoint region
[3.733s][info ][safepoint    ] Total time for which application threads were stopped: 0.0001267 seconds, Stopping threads took: 0.0000685 seconds
[3.734s][info ][safepoint    ] Application time: 0.0001758 seconds
[3.734s][info ][safepoint    ] Entering safepoint region: RevokeBias
[3.734s][info ][safepoint    ] Leaving safepoint region
[3.734s][info ][safepoint    ] Total time for which application threads were stopped: 0.0001302 seconds, Stopping threads took: 0.0000738 seconds
[3.734s][info ][safepoint    ] Application time: 0.0000752 seconds
[3.734s][info ][safepoint    ] Entering safepoint region: RevokeBias
[3.734s][info ][safepoint    ] Leaving safepoint region
[3.734s][info ][safepoint    ] Total time for which application threads were stopped: 0.0000661 seconds, Stopping threads took: 0.0000053 seconds
[3.734s][info ][safepoint    ] Application time: 0.0003251 seconds
[3.734s][info ][safepoint    ] Entering safepoint region: RevokeBias
[3.734s][info ][safepoint    ] Leaving safepoint region
[3.734s][info ][safepoint    ] Total time for which application threads were stopped: 0.0000778 seconds, Stopping threads took: 0.0000190 seconds
[3.735s][info ][safepoint    ] Application time: 0.0005147 seconds
[3.735s][info ][safepoint    ] Entering safepoint region: RevokeBias
[3.735s][info ][safepoint    ] Leaving safepoint region
[3.735s][info ][safepoint    ] Total time for which application threads were stopped: 0.0001699 seconds, Stopping threads took: 0.0001142 seconds
[3.735s][info ][safepoint    ] Application time: 0.0001873 seconds
[3.735s][info ][safepoint    ] Entering safepoint region: RevokeBias
[3.735s][info ][safepoint    ] Leaving safepoint region
[3.735s][info ][safepoint    ] Total time for which application threads were stopped: 0.0001350 seconds, Stopping threads took: 0.0000760 seconds
[3.736s][info ][safepoint    ] Application time: 0.0001940 seconds
[3.736s][info ][safepoint    ] Entering safepoint region: RevokeBias
[3.736s][info ][safepoint    ] Leaving safepoint region
[3.736s][info ][safepoint    ] Total time for which application threads were stopped: 0.0001178 seconds, Stopping threads took: 0.0000645 seconds
[3.736s][info ][safepoint    ] Application time: 0.0001937 seconds
[3.736s][info ][safepoint    ] Entering safepoint region: RevokeBias
[3.736s][info ][safepoint    ] Leaving safepoint region
[3.736s][info ][safepoint    ] Total time for which application threads were stopped: 0.0002035 seconds, Stopping threads took: 0.0001328 seconds
[3.736s][info ][safepoint    ] Application time: 0.0001419 seconds
[3.736s][info ][safepoint    ] Entering safepoint region: RevokeBias
[3.736s][info ][safepoint    ] Leaving safepoint region
[3.737s][info ][safepoint    ] Total time for which application threads were stopped: 0.0003030 seconds, Stopping threads took: 0.0002089 seconds
[3.737s][info ][safepoint    ] Application time: 0.0002940 seconds
[3.737s][info ][safepoint    ] Entering safepoint region: RevokeBias
[3.737s][info ][safepoint    ] Leaving safepoint region
[3.737s][info ][safepoint    ] Total time for which application threads were stopped: 0.0002022 seconds, Stopping threads took: 0.0001038 seconds
[3.737s][info ][safepoint    ] Application time: 0.0002236 seconds
[3.737s][info ][safepoint    ] Entering safepoint region: RevokeBias
[3.738s][info ][safepoint    ] Leaving safepoint region
[3.738s][info ][safepoint    ] Total time for which application threads were stopped: 0.0003187 seconds, Stopping threads took: 0.0002533 seconds
[3.738s][info ][safepoint    ] Application time: 0.0005240 seconds
[3.738s][info ][safepoint    ] Entering safepoint region: RevokeBias
[3.738s][info ][safepoint    ] Leaving safepoint region
[3.738s][info ][safepoint    ] Total time for which application threads were stopped: 0.0001527 seconds, Stopping threads took: 0.0000780 seconds
[3.739s][info ][safepoint    ] Application time: 0.0002992 seconds
[3.739s][info ][safepoint    ] Entering safepoint region: RevokeBias
[3.739s][info ][safepoint    ] Leaving safepoint region
[3.739s][info ][safepoint    ] Total time for which application threads were stopped: 0.0001117 seconds, Stopping threads took: 0.0000084 seconds
[3.739s][info ][safepoint    ] Application time: 0.0003095 seconds
[3.739s][info ][safepoint    ] Entering safepoint region: RevokeBias
[3.739s][info ][safepoint    ] Leaving safepoint region
[3.739s][info ][safepoint    ] Total time for which application threads were stopped: 0.0001774 seconds, Stopping threads took: 0.0000362 seconds
[3.740s][info ][safepoint    ] Application time: 0.0008557 seconds
[3.740s][info ][safepoint    ] Entering safepoint region: RevokeBias
[3.740s][info ][safepoint    ] Leaving safepoint region
[3.740s][info ][safepoint    ] Total time for which application threads were stopped: 0.0001215 seconds, Stopping threads took: 0.0000623 seconds
[3.740s][info ][safepoint    ] Application time: 0.0002031 seconds
[3.740s][info ][safepoint    ] Entering safepoint region: CollectForMetadataAllocation
[3.741s][info ][safepoint    ] Leaving safepoint region
[3.741s][info ][safepoint    ] Total time for which application threads were stopped: 0.0001347 seconds, Stopping threads took: 0.0000867 seconds
[3.741s][info ][safepoint    ] Application time: 0.0005984 seconds
[3.741s][info ][safepoint    ] Entering safepoint region: RevokeBias
[3.741s][info ][safepoint    ] Leaving safepoint region
[3.741s][info ][safepoint    ] Total time for which application threads were stopped: 0.0001144 seconds, Stopping threads took: 0.0000637 seconds
[3.741s][info ][safepoint    ] Application time: 0.0000870 seconds
[3.741s][info ][safepoint    ] Entering safepoint region: RevokeBias
[3.741s][info ][safepoint    ] Leaving safepoint region
[3.741s][info ][safepoint    ] Total time for which application threads were stopped: 0.0000406 seconds, Stopping threads took: 0.0000050 seconds
[3.742s][info ][safepoint    ] Application time: 0.0002616 seconds
[3.742s][info ][safepoint    ] Entering safepoint region: RevokeBias
[3.742s][info ][safepoint    ] Leaving safepoint region
[3.742s][info ][safepoint    ] Total time for which application threads were stopped: 0.0001864 seconds, Stopping threads took: 0.0001466 seconds
[3.742s][info ][safepoint    ] Application time: 0.0000817 seconds
[3.742s][info ][safepoint    ] Entering safepoint region: RevokeBias
[3.742s][info ][safepoint    ] Leaving safepoint region
[3.742s][info ][safepoint    ] Total time for which application threads were stopped: 0.0000942 seconds, Stopping threads took: 0.0000533 seconds
[3.743s][info ][safepoint    ] Application time: 0.0006216 seconds
[3.743s][info ][safepoint    ] Entering safepoint region: RevokeBias
[3.743s][info ][safepoint    ] Leaving safepoint region
[3.743s][info ][safepoint    ] Total time for which application threads were stopped: 0.0002229 seconds, Stopping threads took: 0.0001007 seconds
[3.743s][info ][safepoint    ] Application time: 0.0003937 seconds
[3.743s][info ][safepoint    ] Entering safepoint region: RevokeBias
[3.743s][info ][safepoint    ] Leaving safepoint region
[3.743s][info ][safepoint    ] Total time for which application threads were stopped: 0.0001120 seconds, Stopping threads took: 0.0000336 seconds
[3.744s][info ][safepoint    ] Application time: 0.0006875 seconds
[3.744s][info ][safepoint    ] Entering safepoint region: BulkRevokeBias
[3.745s][info ][safepoint    ] Leaving safepoint region
[3.745s][info ][safepoint    ] Total time for which application threads were stopped: 0.0004283 seconds, Stopping threads took: 0.0000505 seconds
[3.750s][info ][safepoint    ] Application time: 0.0052770 seconds
[3.750s][info ][safepoint    ] Entering safepoint region: RevokeBias
[3.750s][info ][safepoint    ] Leaving safepoint region
[3.750s][info ][safepoint    ] Total time for which application threads were stopped: 0.0002748 seconds, Stopping threads took: 0.0000457 seconds
[3.752s][info ][safepoint    ] Application time: 0.0015485 seconds
[3.752s][info ][safepoint    ] Entering safepoint region: CollectForMetadataAllocation
[3.752s][info ][safepoint    ] Leaving safepoint region
[3.752s][info ][safepoint    ] Total time for which application threads were stopped: 0.0001034 seconds, Stopping threads took: 0.0000326 seconds
[3.753s][info ][safepoint    ] Application time: 0.0010297 seconds
[3.753s][info ][safepoint    ] Entering safepoint region: RevokeBias
[3.753s][info ][safepoint    ] Leaving safepoint region
[3.753s][info ][safepoint    ] Total time for which application threads were stopped: 0.0001896 seconds, Stopping threads took: 0.0001030 seconds
[3.756s][info ][safepoint    ] Application time: 0.0024867 seconds
[3.756s][info ][safepoint    ] Entering safepoint region: RevokeBias
[3.756s][info ][safepoint    ] Leaving safepoint region
[3.756s][info ][safepoint    ] Total time for which application threads were stopped: 0.0005783 seconds, Stopping threads took: 0.0004669 seconds
[3.758s][info ][safepoint    ] Application time: 0.0021729 seconds
[3.758s][info ][safepoint    ] Entering safepoint region: RevokeBias
[3.758s][info ][safepoint    ] Leaving safepoint region
[3.758s][info ][safepoint    ] Total time for which application threads were stopped: 0.0000757 seconds, Stopping threads took: 0.0000318 seconds
[3.759s][info ][safepoint    ] Application time: 0.0002333 seconds
[3.759s][info ][safepoint    ] Entering safepoint region: RevokeBias
[3.759s][info ][safepoint    ] Leaving safepoint region
[3.759s][info ][safepoint    ] Total time for which application threads were stopped: 0.0001079 seconds, Stopping threads took: 0.0000372 seconds
[3.759s][info ][safepoint    ] Application time: 0.0005065 seconds
[3.759s][info ][safepoint    ] Entering safepoint region: RevokeBias
[3.759s][info ][safepoint    ] Leaving safepoint region
[3.759s][info ][safepoint    ] Total time for which application threads were stopped: 0.0001572 seconds, Stopping threads took: 0.0001136 seconds
[3.762s][info ][safepoint    ] Application time: 0.0026735 seconds
[3.762s][info ][safepoint    ] Entering safepoint region: RevokeBias
[3.762s][info ][safepoint    ] Leaving safepoint region
[3.762s][info ][safepoint    ] Total time for which application threads were stopped: 0.0001416 seconds, Stopping threads took: 0.0000429 seconds
[3.763s][info ][safepoint    ] Application time: 0.0004856 seconds
[3.763s][info ][safepoint    ] Entering safepoint region: RevokeBias
[3.763s][info ][safepoint    ] Leaving safepoint region
[3.763s][info ][safepoint    ] Total time for which application threads were stopped: 0.0000992 seconds, Stopping threads took: 0.0000428 seconds
[3.764s][info ][safepoint    ] Application time: 0.0006029 seconds
[3.764s][info ][safepoint    ] Entering safepoint region: RevokeBias
[3.764s][info ][safepoint    ] Leaving safepoint region
[3.764s][info ][safepoint    ] Total time for which application threads were stopped: 0.0001214 seconds, Stopping threads took: 0.0000504 seconds
[3.764s][info ][safepoint    ] Application time: 0.0007020 seconds
[3.764s][info ][safepoint    ] Entering safepoint region: CollectForMetadataAllocation
[3.764s][info ][safepoint    ] Leaving safepoint region
[3.764s][info ][safepoint    ] Total time for which application threads were stopped: 0.0000871 seconds, Stopping threads took: 0.0000233 seconds
[3.766s][info ][safepoint    ] Application time: 0.0013372 seconds
[3.766s][info ][safepoint    ] Entering safepoint region: RevokeBias
[3.766s][info ][safepoint    ] Leaving safepoint region
[3.766s][info ][safepoint    ] Total time for which application threads were stopped: 0.0002697 seconds, Stopping threads took: 0.0002147 seconds
[3.768s][info ][safepoint    ] Application time: 0.0016114 seconds
[3.768s][info ][safepoint    ] Entering safepoint region: RevokeBias
[3.768s][info ][safepoint    ] Leaving safepoint region
[3.768s][info ][safepoint    ] Total time for which application threads were stopped: 0.0005442 seconds, Stopping threads took: 0.0004970 seconds
[3.771s][info ][safepoint    ] Application time: 0.0024953 seconds
[3.771s][info ][safepoint    ] Entering safepoint region: RevokeBias
[3.771s][info ][safepoint    ] Leaving safepoint region
[3.771s][info ][safepoint    ] Total time for which application threads were stopped: 0.0000706 seconds, Stopping threads took: 0.0000074 seconds
[3.773s][info ][safepoint    ] Application time: 0.0017426 seconds
[3.773s][info ][safepoint    ] Entering safepoint region: RevokeBias
[3.773s][info ][safepoint    ] Leaving safepoint region
[3.773s][info ][safepoint    ] Total time for which application threads were stopped: 0.0001092 seconds, Stopping threads took: 0.0000496 seconds
[3.774s][info ][safepoint    ] Application time: 0.0013655 seconds
[3.774s][info ][safepoint    ] Entering safepoint region: CollectForMetadataAllocation
[3.774s][info ][safepoint    ] Leaving safepoint region
[3.774s][info ][safepoint    ] Total time for which application threads were stopped: 0.0001227 seconds, Stopping threads took: 0.0000661 seconds
[3.774s][info ][safepoint    ] Application time: 0.0001383 seconds
[3.774s][info ][safepoint    ] Entering safepoint region: RevokeBias
[3.775s][info ][safepoint    ] Leaving safepoint region
[3.775s][info ][safepoint    ] Total time for which application threads were stopped: 0.0001104 seconds, Stopping threads took: 0.0000725 seconds
[3.775s][info ][safepoint    ] Application time: 0.0009583 seconds
[3.776s][info ][safepoint    ] Entering safepoint region: RevokeBias
[3.776s][info ][safepoint    ] Leaving safepoint region
[3.776s][info ][safepoint    ] Total time for which application threads were stopped: 0.0001304 seconds, Stopping threads took: 0.0000574 seconds
[3.776s][info ][safepoint    ] Application time: 0.0007548 seconds
[3.776s][info ][safepoint    ] Entering safepoint region: RevokeBias
[3.776s][info ][safepoint    ] Leaving safepoint region
[3.776s][info ][safepoint    ] Total time for which application threads were stopped: 0.0000970 seconds, Stopping threads took: 0.0000432 seconds
[3.780s][info ][safepoint    ] Application time: 0.0030908 seconds
[3.780s][info ][safepoint    ] Entering safepoint region: RevokeBias
[3.780s][info ][safepoint    ] Leaving safepoint region
[3.780s][info ][safepoint    ] Total time for which application threads were stopped: 0.0000758 seconds, Stopping threads took: 0.0000083 seconds
[3.781s][info ][safepoint    ] Application time: 0.0015427 seconds
[3.781s][info ][safepoint    ] Entering safepoint region: RevokeBias
[3.782s][info ][safepoint    ] Leaving safepoint region
[3.782s][info ][safepoint    ] Total time for which application threads were stopped: 0.0002613 seconds, Stopping threads took: 0.0001940 seconds
[3.782s][info ][safepoint    ] Application time: 0.0002920 seconds
[3.782s][info ][safepoint    ] Entering safepoint region: RevokeBias
[3.782s][info ][safepoint    ] Leaving safepoint region
[3.782s][info ][safepoint    ] Total time for which application threads were stopped: 0.0000899 seconds, Stopping threads took: 0.0000249 seconds
[3.782s][info ][safepoint    ] Application time: 0.0005004 seconds
[3.782s][info ][safepoint    ] Entering safepoint region: RevokeBias
[3.783s][info ][safepoint    ] Leaving safepoint region
[3.783s][info ][safepoint    ] Total time for which application threads were stopped: 0.0001249 seconds, Stopping threads took: 0.0000653 seconds
[3.784s][info ][safepoint    ] Application time: 0.0017262 seconds
[3.784s][info ][safepoint    ] Entering safepoint region: RevokeBias
[3.784s][info ][safepoint    ] Leaving safepoint region
[3.784s][info ][safepoint    ] Total time for which application threads were stopped: 0.0000920 seconds, Stopping threads took: 0.0000073 seconds
[3.785s][info ][safepoint    ] Application time: 0.0001707 seconds
[3.785s][info ][safepoint    ] Entering safepoint region: CollectForMetadataAllocation
[3.785s][info ][safepoint    ] Leaving safepoint region
[3.785s][info ][safepoint    ] Total time for which application threads were stopped: 0.0001038 seconds, Stopping threads took: 0.0000521 seconds
[3.786s][info ][safepoint    ] Application time: 0.0017047 seconds
[3.786s][info ][safepoint    ] Entering safepoint region: RevokeBias
[3.786s][info ][safepoint    ] Leaving safepoint region
[3.786s][info ][safepoint    ] Total time for which application threads were stopped: 0.0000916 seconds, Stopping threads took: 0.0000349 seconds
[3.787s][info ][safepoint    ] Application time: 0.0005201 seconds
[3.787s][info ][safepoint    ] Entering safepoint region: BulkRevokeBias
[3.787s][info ][safepoint    ] Leaving safepoint region
[3.787s][info ][safepoint    ] Total time for which application threads were stopped: 0.0002235 seconds, Stopping threads took: 0.0000504 seconds
[3.797s][info ][safepoint    ] Application time: 0.0096563 seconds
[3.797s][info ][safepoint    ] Entering safepoint region: CollectForMetadataAllocation
[3.797s][info ][safepoint    ] Leaving safepoint region
[3.797s][info ][safepoint    ] Total time for which application threads were stopped: 0.0001675 seconds, Stopping threads took: 0.0000578 seconds
[3.806s][info ][safepoint    ] Application time: 0.0084790 seconds
[3.806s][info ][safepoint    ] Entering safepoint region: CollectForMetadataAllocation
[3.806s][info ][safepoint    ] Leaving safepoint region
[3.806s][info ][safepoint    ] Total time for which application threads were stopped: 0.0001405 seconds, Stopping threads took: 0.0000430 seconds
[3.818s][info ][safepoint    ] Application time: 0.0121380 seconds
[3.818s][info ][safepoint    ] Entering safepoint region: CollectForMetadataAllocation
[3.818s][info ][safepoint    ] Leaving safepoint region
[3.818s][info ][safepoint    ] Total time for which application threads were stopped: 0.0001797 seconds, Stopping threads took: 0.0000700 seconds
[3.826s][info ][safepoint    ] Application time: 0.0075327 seconds
[3.826s][info ][safepoint    ] Entering safepoint region: CollectForMetadataAllocation
[3.826s][info ][safepoint    ] Leaving safepoint region
[3.826s][info ][safepoint    ] Total time for which application threads were stopped: 0.0001571 seconds, Stopping threads took: 0.0000625 seconds
[3.841s][info ][safepoint    ] Application time: 0.0152399 seconds
[3.841s][info ][safepoint    ] Entering safepoint region: CollectForMetadataAllocation
[3.841s][info ][safepoint    ] Leaving safepoint region
[3.841s][info ][safepoint    ] Total time for which application threads were stopped: 0.0001882 seconds, Stopping threads took: 0.0000690 seconds
[3.852s][info ][safepoint    ] Application time: 0.0103973 seconds
[3.852s][info ][safepoint    ] Entering safepoint region: RevokeBias
[3.852s][info ][safepoint    ] Leaving safepoint region
[3.852s][info ][safepoint    ] Total time for which application threads were stopped: 0.0002267 seconds, Stopping threads took: 0.0000440 seconds
[3.855s][info ][safepoint    ] Application time: 0.0027803 seconds
[3.855s][info ][safepoint    ] Entering safepoint region: Deoptimize
[3.855s][info ][safepoint    ] Leaving safepoint region
[3.855s][info ][safepoint    ] Total time for which application threads were stopped: 0.0004327 seconds, Stopping threads took: 0.0000570 seconds
[3.862s][info ][safepoint    ] Application time: 0.0067883 seconds
[3.862s][info ][safepoint    ] Entering safepoint region: CollectForMetadataAllocation
[3.862s][info ][safepoint    ] Leaving safepoint region
[3.862s][info ][safepoint    ] Total time for which application threads were stopped: 0.0001613 seconds, Stopping threads took: 0.0000864 seconds
[3.889s][info ][safepoint    ] Application time: 0.0270316 seconds
[3.889s][info ][safepoint    ] Entering safepoint region: RevokeBias
[3.889s][info ][safepoint    ] Leaving safepoint region
[3.890s][info ][safepoint    ] Total time for which application threads were stopped: 0.0002637 seconds, Stopping threads took: 0.0001097 seconds
[3.890s][info ][safepoint    ] Application time: 0.0005576 seconds
[3.890s][info ][safepoint    ] Entering safepoint region: RevokeBias
[3.890s][info ][safepoint    ] Leaving safepoint region
[3.890s][info ][safepoint    ] Total time for which application threads were stopped: 0.0001383 seconds, Stopping threads took: 0.0000291 seconds
[3.893s][info ][safepoint    ] Application time: 0.0030965 seconds
[3.893s][info ][safepoint    ] Entering safepoint region: Deoptimize
[3.894s][info ][safepoint    ] Leaving safepoint region
[3.894s][info ][safepoint    ] Total time for which application threads were stopped: 0.0004159 seconds, Stopping threads took: 0.0000502 seconds
[3.895s][info ][safepoint    ] Application time: 0.0011073 seconds
[3.895s][info ][safepoint    ] Entering safepoint region: RevokeBias
[3.895s][info ][safepoint    ] Leaving safepoint region
[3.895s][info ][safepoint    ] Total time for which application threads were stopped: 0.0000840 seconds, Stopping threads took: 0.0000104 seconds
[3.903s][info ][safepoint    ] Application time: 0.0076247 seconds
[3.903s][info ][safepoint    ] Entering safepoint region: RevokeBias
[3.903s][info ][safepoint    ] Leaving safepoint region
[3.903s][info ][safepoint    ] Total time for which application threads were stopped: 0.0001968 seconds, Stopping threads took: 0.0000701 seconds
[3.903s][info ][safepoint    ] Application time: 0.0000912 seconds
[3.903s][info ][safepoint    ] Entering safepoint region: RevokeBias
[3.903s][info ][safepoint    ] Leaving safepoint region
[3.903s][info ][safepoint    ] Total time for which application threads were stopped: 0.0001710 seconds, Stopping threads took: 0.0000996 seconds
[3.908s][info ][safepoint    ] Application time: 0.0051519 seconds
[3.908s][info ][safepoint    ] Entering safepoint region: CollectForMetadataAllocation
[3.909s][info ][safepoint    ] Leaving safepoint region
[3.909s][info ][safepoint    ] Total time for which application threads were stopped: 0.0002319 seconds, Stopping threads took: 0.0000628 seconds
[3.913s][info ][safepoint    ] Application time: 0.0043527 seconds
[3.913s][info ][safepoint    ] Entering safepoint region: RevokeBias
[3.913s][info ][safepoint    ] Leaving safepoint region
[3.913s][info ][safepoint    ] Total time for which application threads were stopped: 0.0002283 seconds, Stopping threads took: 0.0001234 seconds
[3.914s][info ][safepoint    ] Application time: 0.0004295 seconds
[3.914s][info ][safepoint    ] Entering safepoint region: RevokeBias
[3.914s][info ][safepoint    ] Leaving safepoint region
[3.914s][info ][safepoint    ] Total time for which application threads were stopped: 0.0001856 seconds, Stopping threads took: 0.0001274 seconds
[3.914s][info ][safepoint    ] Application time: 0.0006361 seconds
[3.914s][info ][safepoint    ] Entering safepoint region: RevokeBias
[3.915s][info ][safepoint    ] Leaving safepoint region
[3.915s][info ][safepoint    ] Total time for which application threads were stopped: 0.0001552 seconds, Stopping threads took: 0.0000513 seconds
[3.915s][info ][safepoint    ] Application time: 0.0001323 seconds
[3.915s][info ][safepoint    ] Entering safepoint region: RevokeBias
[3.915s][info ][safepoint    ] Leaving safepoint region
[3.915s][info ][safepoint    ] Total time for which application threads were stopped: 0.0001883 seconds, Stopping threads took: 0.0001034 seconds
[3.915s][info ][safepoint    ] Application time: 0.0001460 seconds
[3.915s][info ][safepoint    ] Entering safepoint region: RevokeBias
[3.915s][info ][safepoint    ] Leaving safepoint region
[3.915s][info ][safepoint    ] Total time for which application threads were stopped: 0.0002180 seconds, Stopping threads took: 0.0000822 seconds
[3.915s][info ][safepoint    ] Application time: 0.0001162 seconds
[3.916s][info ][safepoint    ] Entering safepoint region: RevokeBias
[3.916s][info ][safepoint    ] Leaving safepoint region
[3.916s][info ][safepoint    ] Total time for which application threads were stopped: 0.0002284 seconds, Stopping threads took: 0.0001120 seconds
[3.916s][info ][safepoint    ] Application time: 0.0001493 seconds
[3.916s][info ][safepoint    ] Entering safepoint region: RevokeBias
[3.916s][info ][safepoint    ] Leaving safepoint region
[3.916s][info ][safepoint    ] Total time for which application threads were stopped: 0.0001757 seconds, Stopping threads took: 0.0001099 seconds
[3.917s][info ][safepoint    ] Application time: 0.0010435 seconds
[3.917s][info ][safepoint    ] Entering safepoint region: RevokeBias
[3.917s][info ][safepoint    ] Leaving safepoint region
[3.917s][info ][safepoint    ] Total time for which application threads were stopped: 0.0001679 seconds, Stopping threads took: 0.0000380 seconds
[3.917s][info ][safepoint    ] Application time: 0.0000657 seconds
[3.917s][info ][safepoint    ] Entering safepoint region: RevokeBias
[3.917s][info ][safepoint    ] Leaving safepoint region
[3.917s][info ][safepoint    ] Total time for which application threads were stopped: 0.0001465 seconds, Stopping threads took: 0.0000763 seconds
[3.918s][info ][safepoint    ] Application time: 0.0001453 seconds
[3.918s][info ][safepoint    ] Entering safepoint region: BulkRevokeBias
[3.918s][info ][safepoint    ] Leaving safepoint region
[3.918s][info ][safepoint    ] Total time for which application threads were stopped: 0.0006633 seconds, Stopping threads took: 0.0000706 seconds
[3.919s][info ][safepoint    ] Application time: 0.0002794 seconds
[3.919s][info ][safepoint    ] Entering safepoint region: RevokeBias
[3.919s][info ][safepoint    ] Leaving safepoint region
[3.919s][info ][safepoint    ] Total time for which application threads were stopped: 0.0001669 seconds, Stopping threads took: 0.0000753 seconds
[3.919s][info ][safepoint    ] Application time: 0.0002919 seconds
[3.919s][info ][safepoint    ] Entering safepoint region: RevokeBias
[3.919s][info ][safepoint    ] Leaving safepoint region
[3.919s][info ][safepoint    ] Total time for which application threads were stopped: 0.0001859 seconds, Stopping threads took: 0.0000951 seconds
[3.933s][info ][safepoint    ] Application time: 0.0139641 seconds
[3.933s][info ][safepoint    ] Entering safepoint region: RevokeBias
[3.934s][info ][safepoint    ] Leaving safepoint region
[3.934s][info ][safepoint    ] Total time for which application threads were stopped: 0.0003746 seconds, Stopping threads took: 0.0001759 seconds
[3.934s][info ][safepoint    ] Application time: 0.0006730 seconds
[3.934s][info ][safepoint    ] Entering safepoint region: RevokeBias
[3.935s][info ][safepoint    ] Leaving safepoint region
[3.935s][info ][safepoint    ] Total time for which application threads were stopped: 0.0002929 seconds, Stopping threads took: 0.0001542 seconds
[3.939s][info ][safepoint    ] Application time: 0.0041764 seconds
[3.939s][info ][safepoint    ] Entering safepoint region: RevokeBias
[3.939s][info ][safepoint    ] Leaving safepoint region
[3.939s][info ][safepoint    ] Total time for which application threads were stopped: 0.0003234 seconds, Stopping threads took: 0.0001582 seconds
[3.941s][info ][safepoint    ] Application time: 0.0014202 seconds
[3.941s][info ][safepoint    ] Entering safepoint region: RevokeBias
[3.941s][info ][safepoint    ] Leaving safepoint region
[3.941s][info ][safepoint    ] Total time for which application threads were stopped: 0.0003560 seconds, Stopping threads took: 0.0001523 seconds
[3.941s][info ][safepoint    ] Application time: 0.0002315 seconds
[3.941s][info ][safepoint    ] Entering safepoint region: RevokeBias
[3.941s][info ][safepoint    ] Leaving safepoint region
[3.941s][info ][safepoint    ] Total time for which application threads were stopped: 0.0002965 seconds, Stopping threads took: 0.0001505 seconds
[3.942s][info ][safepoint    ] Application time: 0.0002675 seconds
[3.942s][info ][safepoint    ] Entering safepoint region: RevokeBias
[3.942s][info ][safepoint    ] Leaving safepoint region
[3.942s][info ][safepoint    ] Total time for which application threads were stopped: 0.0002262 seconds, Stopping threads took: 0.0001263 seconds
[3.942s][info ][safepoint    ] Application time: 0.0004488 seconds
[3.943s][info ][safepoint    ] Entering safepoint region: BulkRevokeBias
[3.943s][info ][safepoint    ] Leaving safepoint region
[3.943s][info ][safepoint    ] Total time for which application threads were stopped: 0.0005349 seconds, Stopping threads took: 0.0001387 seconds
[3.945s][info ][safepoint    ] Application time: 0.0018189 seconds
[3.945s][info ][safepoint    ] Entering safepoint region: CollectForMetadataAllocation
[3.945s][info ][safepoint    ] Leaving safepoint region
[3.945s][info ][safepoint    ] Total time for which application threads were stopped: 0.0002071 seconds, Stopping threads took: 0.0000969 seconds
[3.946s][info ][safepoint    ] Application time: 0.0006237 seconds
[3.946s][info ][safepoint    ] Entering safepoint region: RevokeBias
[3.946s][info ][safepoint    ] Leaving safepoint region
[3.946s][info ][safepoint    ] Total time for which application threads were stopped: 0.0005162 seconds, Stopping threads took: 0.0004432 seconds
[3.946s][info ][safepoint    ] Application time: 0.0001348 seconds
[3.946s][info ][safepoint    ] Entering safepoint region: RevokeBias
[3.947s][info ][safepoint    ] Leaving safepoint region
[3.947s][info ][safepoint    ] Total time for which application threads were stopped: 0.0002838 seconds, Stopping threads took: 0.0001497 seconds
[3.956s][info ][safepoint    ] Application time: 0.0095882 seconds
[3.956s][info ][safepoint    ] Entering safepoint region: RevokeBias
[3.957s][info ][safepoint    ] Leaving safepoint region
[3.957s][info ][safepoint    ] Total time for which application threads were stopped: 0.0003005 seconds, Stopping threads took: 0.0001949 seconds
[3.961s][info ][safepoint    ] Application time: 0.0040146 seconds
[3.961s][info ][safepoint    ] Entering safepoint region: RevokeBias
[3.961s][info ][safepoint    ] Leaving safepoint region
[3.961s][info ][safepoint    ] Total time for which application threads were stopped: 0.0004965 seconds, Stopping threads took: 0.0003608 seconds
[3.970s][info ][safepoint    ] Application time: 0.0087085 seconds
[3.970s][info ][safepoint    ] Entering safepoint region: RevokeBias
[3.970s][info ][safepoint    ] Leaving safepoint region
[3.970s][info ][safepoint    ] Total time for which application threads were stopped: 0.0004259 seconds, Stopping threads took: 0.0002169 seconds
[3.974s][info ][safepoint    ] Application time: 0.0038853 seconds
[3.974s][info ][safepoint    ] Entering safepoint region: RevokeBias
[3.975s][info ][safepoint    ] Leaving safepoint region
[3.975s][info ][safepoint    ] Total time for which application threads were stopped: 0.0003316 seconds, Stopping threads took: 0.0001987 seconds
[3.975s][info ][safepoint    ] Application time: 0.0001900 seconds
[3.975s][info ][safepoint    ] Entering safepoint region: RevokeBias
[3.975s][info ][safepoint    ] Leaving safepoint region
[3.975s][info ][safepoint    ] Total time for which application threads were stopped: 0.0003083 seconds, Stopping threads took: 0.0001468 seconds
[3.977s][info ][safepoint    ] Application time: 0.0022430 seconds
[3.977s][info ][safepoint    ] Entering safepoint region: RevokeBias
[3.978s][info ][safepoint    ] Leaving safepoint region
[3.978s][info ][safepoint    ] Total time for which application threads were stopped: 0.0003568 seconds, Stopping threads took: 0.0001703 seconds
[3.980s][info ][safepoint    ] Application time: 0.0021991 seconds
[3.980s][info ][safepoint    ] Entering safepoint region: RevokeBias
[3.980s][info ][safepoint    ] Leaving safepoint region
[3.980s][info ][safepoint    ] Total time for which application threads were stopped: 0.0002391 seconds, Stopping threads took: 0.0000734 seconds
[3.985s][info ][safepoint    ] Application time: 0.0053346 seconds
[3.986s][info ][safepoint    ] Entering safepoint region: RevokeBias
[3.986s][info ][safepoint    ] Leaving safepoint region
[3.986s][info ][safepoint    ] Total time for which application threads were stopped: 0.0004633 seconds, Stopping threads took: 0.0002279 seconds
[3.987s][info ][safepoint    ] Application time: 0.0013457 seconds
[3.988s][info ][safepoint    ] Entering safepoint region: RevokeBias
[3.988s][info ][safepoint    ] Leaving safepoint region
[3.988s][info ][safepoint    ] Total time for which application threads were stopped: 0.0003765 seconds, Stopping threads took: 0.0001919 seconds
[3.997s][info ][safepoint    ] Application time: 0.0092193 seconds
[3.997s][info ][safepoint    ] Entering safepoint region: RevokeBias
[3.997s][info ][safepoint    ] Leaving safepoint region
[3.997s][info ][safepoint    ] Total time for which application threads were stopped: 0.0004899 seconds, Stopping threads took: 0.0001957 seconds
[3.998s][info ][safepoint    ] Application time: 0.0009657 seconds
[3.999s][info ][safepoint    ] Entering safepoint region: RevokeBias
[3.999s][info ][safepoint    ] Leaving safepoint region
[3.999s][info ][safepoint    ] Total time for which application threads were stopped: 0.0003570 seconds, Stopping threads took: 0.0001739 seconds
[4.002s][info ][safepoint    ] Application time: 0.0027063 seconds
[4.002s][info ][safepoint    ] Entering safepoint region: RevokeBias
[4.002s][info ][safepoint    ] Leaving safepoint region
[4.002s][info ][safepoint    ] Total time for which application threads were stopped: 0.0002861 seconds, Stopping threads took: 0.0001166 seconds
[4.004s][info ][safepoint    ] Application time: 0.0017572 seconds
[4.004s][info ][safepoint    ] Entering safepoint region: RevokeBias
[4.005s][info ][safepoint    ] Leaving safepoint region
[4.005s][info ][safepoint    ] Total time for which application threads were stopped: 0.0010761 seconds, Stopping threads took: 0.0001336 seconds
[4.006s][info ][safepoint    ] Application time: 0.0016970 seconds
[4.007s][info ][safepoint    ] Entering safepoint region: RevokeBias
[4.007s][info ][safepoint    ] Leaving safepoint region
[4.007s][info ][safepoint    ] Total time for which application threads were stopped: 0.0002744 seconds, Stopping threads took: 0.0001257 seconds
[4.009s][info ][safepoint    ] Application time: 0.0023166 seconds
[4.009s][info ][safepoint    ] Entering safepoint region: RevokeBias
[4.009s][info ][safepoint    ] Leaving safepoint region
[4.009s][info ][safepoint    ] Total time for which application threads were stopped: 0.0003310 seconds, Stopping threads took: 0.0001347 seconds
[4.020s][info ][safepoint    ] Application time: 0.0102723 seconds
[4.020s][info ][safepoint    ] Entering safepoint region: RevokeBias
[4.020s][info ][safepoint    ] Leaving safepoint region
[4.020s][info ][safepoint    ] Total time for which application threads were stopped: 0.0003981 seconds, Stopping threads took: 0.0002141 seconds
[4.023s][info ][safepoint    ] Application time: 0.0027846 seconds
[4.023s][info ][safepoint    ] Entering safepoint region: RevokeBias
[4.023s][info ][safepoint    ] Leaving safepoint region
[4.023s][info ][safepoint    ] Total time for which application threads were stopped: 0.0003297 seconds, Stopping threads took: 0.0001699 seconds
[4.024s][info ][safepoint    ] Application time: 0.0004360 seconds
[4.024s][info ][safepoint    ] Entering safepoint region: RevokeBias
[4.024s][info ][safepoint    ] Leaving safepoint region
[4.024s][info ][safepoint    ] Total time for which application threads were stopped: 0.0002867 seconds, Stopping threads took: 0.0001274 seconds
[4.027s][info ][safepoint    ] Application time: 0.0032864 seconds
[4.027s][info ][safepoint    ] Entering safepoint region: RevokeBias
[4.028s][info ][safepoint    ] Leaving safepoint region
[4.028s][info ][safepoint    ] Total time for which application threads were stopped: 0.0003037 seconds, Stopping threads took: 0.0001075 seconds
[4.030s][info ][safepoint    ] Application time: 0.0027889 seconds
[4.031s][info ][safepoint    ] Entering safepoint region: RevokeBias
[4.031s][info ][safepoint    ] Leaving safepoint region
[4.031s][info ][safepoint    ] Total time for which application threads were stopped: 0.0005235 seconds, Stopping threads took: 0.0003610 seconds
[4.032s][info ][safepoint    ] Application time: 0.0009489 seconds
[4.032s][info ][safepoint    ] Entering safepoint region: RevokeBias
[4.032s][info ][safepoint    ] Leaving safepoint region
[4.032s][info ][safepoint    ] Total time for which application threads were stopped: 0.0003479 seconds, Stopping threads took: 0.0001698 seconds
[4.033s][info ][safepoint    ] Application time: 0.0009045 seconds
[4.033s][info ][safepoint    ] Entering safepoint region: RevokeBias
[4.034s][info ][safepoint    ] Leaving safepoint region
[4.034s][info ][safepoint    ] Total time for which application threads were stopped: 0.0009790 seconds, Stopping threads took: 0.0001154 seconds
[4.113s][info ][safepoint    ] Application time: 0.0788847 seconds
[4.113s][info ][safepoint    ] Entering safepoint region: RevokeBias
[4.113s][info ][safepoint    ] Leaving safepoint region
[4.113s][info ][safepoint    ] Total time for which application threads were stopped: 0.0003583 seconds, Stopping threads took: 0.0001261 seconds
[4.123s][info ][safepoint    ] Application time: 0.0098665 seconds
[4.124s][info ][safepoint    ] Entering safepoint region: CollectForMetadataAllocation
[4.124s][info ][safepoint    ] Leaving safepoint region
[4.124s][info ][safepoint    ] Total time for which application threads were stopped: 0.0003827 seconds, Stopping threads took: 0.0002182 seconds
[4.210s][info ][safepoint    ] Application time: 0.0864562 seconds
[4.210s][info ][safepoint    ] Entering safepoint region: CollectForMetadataAllocation
[4.210s][info ][safepoint    ] Leaving safepoint region
[4.210s][info ][safepoint    ] Total time for which application threads were stopped: 0.0003168 seconds, Stopping threads took: 0.0000798 seconds
[4.211s][info ][gc           ] GC(1) Concurrent Abortable Preclean 584.047ms
[4.211s][info ][gc,cpu       ] GC(1) User=3.29s Sys=0.12s Real=0.59s
[4.211s][info ][safepoint    ] Application time: 0.0000842 seconds
[4.211s][info ][safepoint    ] Entering safepoint region: CMS_Final_Remark
[4.211s][info ][gc,start     ] GC(1) Pause Remark
[4.249s][debug][gc,phases    ] GC(1) Rescan (parallel) 38.115ms
[4.249s][debug][gc,ref       ] GC(1) Skipped phase1 of Reference Processing due to unavailable references
[4.249s][debug][gc,ref       ] GC(1) Skipped phase2 of Reference Processing due to unavailable references
[4.249s][debug][gc,ref       ] GC(1) Skipped phase3 of Reference Processing due to unavailable references
[4.249s][debug][gc,ref       ] GC(1) Skipped phase4 of Reference Processing due to unavailable references
[4.249s][debug][gc,phases    ] GC(1) Reference Processing 0.032ms
[4.249s][debug][gc,phases    ] GC(1) Weak Processing 0.028ms
[4.249s][debug][gc,phases    ] GC(1) ClassLoaderData 0.337ms
[4.249s][debug][gc,phases    ] GC(1) ProtectionDomainCacheTable 0.004ms
[4.249s][debug][gc,phases    ] GC(1) ResolvedMethodTable 0.074ms
[4.251s][debug][gc,phases    ] GC(1) Class Unloading 1.861ms
[4.253s][debug][gc,phases    ] GC(1) Scrub Symbol Table 1.914ms
[4.253s][debug][gc,phases    ] GC(1) Scrub String Table 0.216ms
[4.254s][info ][gc           ] GC(1) Pause Remark 183M->183M(852M) 43.182ms
[4.254s][info ][gc,cpu       ] GC(1) User=0.16s Sys=0.00s Real=0.04s
[4.254s][info ][safepoint    ] Leaving safepoint region
[4.254s][info ][safepoint    ] Total time for which application threads were stopped: 0.0433651 seconds, Stopping threads took: 0.0000595 seconds
[4.254s][info ][gc           ] GC(1) Concurrent Sweep
[4.256s][info ][gc           ] GC(1) Concurrent Sweep 1.769ms
[4.256s][info ][gc,cpu       ] GC(1) User=0.00s Sys=0.00s Real=0.00s
[4.256s][info ][gc           ] GC(1) Concurrent Reset
[4.258s][info ][safepoint    ] Application time: 0.0037417 seconds
[4.258s][info ][safepoint    ] Entering safepoint region: RevokeBias
[4.258s][info ][safepoint    ] Leaving safepoint region
[4.258s][info ][safepoint    ] Total time for which application threads were stopped: 0.0004901 seconds, Stopping threads took: 0.0001752 seconds
[4.274s][info ][gc           ] GC(1) Concurrent Reset 17.747ms
[4.274s][info ][gc,cpu       ] GC(1) User=0.11s Sys=0.02s Real=0.02s
[4.274s][info ][gc,heap      ] GC(1) Old: 2697K->2697K(602112K)
[4.283s][info ][safepoint    ] Application time: 0.0247516 seconds
[4.283s][info ][safepoint    ] Entering safepoint region: Deoptimize
[4.284s][info ][safepoint    ] Leaving safepoint region
[4.284s][info ][safepoint    ] Total time for which application threads were stopped: 0.0008056 seconds, Stopping threads took: 0.0000841 seconds
[4.326s][info ][safepoint    ] Application time: 0.0424898 seconds
[4.327s][info ][safepoint    ] Entering safepoint region: RevokeBias
[4.327s][info ][safepoint    ] Leaving safepoint region
[4.327s][info ][safepoint    ] Total time for which application threads were stopped: 0.0004677 seconds, Stopping threads took: 0.0002477 seconds
[4.342s][info ][safepoint    ] Application time: 0.0147505 seconds
[4.342s][info ][safepoint    ] Entering safepoint region: RevokeBias
[4.342s][info ][safepoint    ] Leaving safepoint region
[4.342s][info ][safepoint    ] Total time for which application threads were stopped: 0.0003469 seconds, Stopping threads took: 0.0001312 seconds
[4.346s][info ][safepoint    ] Application time: 0.0041745 seconds
[4.346s][info ][safepoint    ] Entering safepoint region: RevokeBias
[4.346s][info ][safepoint    ] Leaving safepoint region
[4.346s][info ][safepoint    ] Total time for which application threads were stopped: 0.0003350 seconds, Stopping threads took: 0.0001153 seconds
[4.355s][info ][safepoint    ] Application time: 0.0086623 seconds
[4.355s][info ][safepoint    ] Entering safepoint region: RevokeBias
[4.356s][info ][safepoint    ] Leaving safepoint region
[4.356s][info ][safepoint    ] Total time for which application threads were stopped: 0.0003899 seconds, Stopping threads took: 0.0001176 seconds
[4.356s][info ][safepoint    ] Application time: 0.0004169 seconds
[4.356s][info ][safepoint    ] Entering safepoint region: RevokeBias
[4.356s][info ][safepoint    ] Leaving safepoint region
[4.356s][info ][safepoint    ] Total time for which application threads were stopped: 0.0003488 seconds, Stopping threads took: 0.0001673 seconds
[4.370s][info ][safepoint    ] Application time: 0.0135766 seconds
[4.370s][info ][safepoint    ] Entering safepoint region: RevokeBias
[4.370s][info ][safepoint    ] Leaving safepoint region
[4.370s][info ][safepoint    ] Total time for which application threads were stopped: 0.0003665 seconds, Stopping threads took: 0.0001839 seconds
[4.392s][info ][safepoint    ] Application time: 0.0211234 seconds
[4.392s][info ][safepoint    ] Entering safepoint region: RevokeBias
[4.392s][info ][safepoint    ] Leaving safepoint region
[4.392s][info ][safepoint    ] Total time for which application threads were stopped: 0.0004892 seconds, Stopping threads took: 0.0001764 seconds
[4.407s][info ][safepoint    ] Application time: 0.0153424 seconds
[4.408s][info ][safepoint    ] Entering safepoint region: RevokeBias
[4.408s][info ][safepoint    ] Leaving safepoint region
[4.408s][info ][safepoint    ] Total time for which application threads were stopped: 0.0004039 seconds, Stopping threads took: 0.0001356 seconds
[4.410s][info ][safepoint    ] Application time: 0.0017843 seconds
[4.410s][info ][safepoint    ] Entering safepoint region: RevokeBias
[4.410s][info ][safepoint    ] Leaving safepoint region
[4.410s][info ][safepoint    ] Total time for which application threads were stopped: 0.0003401 seconds, Stopping threads took: 0.0001804 seconds
[4.413s][info ][safepoint    ] Application time: 0.0033873 seconds
[4.414s][info ][safepoint    ] Entering safepoint region: RevokeBias
[4.414s][info ][safepoint    ] Leaving safepoint region
[4.414s][info ][safepoint    ] Total time for which application threads were stopped: 0.0003914 seconds, Stopping threads took: 0.0001681 seconds
[4.424s][info ][safepoint    ] Application time: 0.0103451 seconds
[4.424s][info ][safepoint    ] Entering safepoint region: RevokeBias
[4.425s][info ][safepoint    ] Leaving safepoint region
[4.425s][info ][safepoint    ] Total time for which application threads were stopped: 0.0004766 seconds, Stopping threads took: 0.0001390 seconds
[4.426s][info ][safepoint    ] Application time: 0.0014922 seconds
[4.426s][info ][safepoint    ] Entering safepoint region: RevokeBias
[4.427s][info ][safepoint    ] Leaving safepoint region
[4.427s][info ][safepoint    ] Total time for which application threads were stopped: 0.0007831 seconds, Stopping threads took: 0.0002500 seconds
[4.432s][info ][safepoint    ] Application time: 0.0047931 seconds
[4.432s][info ][safepoint    ] Entering safepoint region: RevokeBias
[4.432s][info ][safepoint    ] Leaving safepoint region
[4.432s][info ][safepoint    ] Total time for which application threads were stopped: 0.0004055 seconds, Stopping threads took: 0.0001318 seconds
[4.473s][info ][safepoint    ] Application time: 0.0411098 seconds
[4.473s][info ][safepoint    ] Entering safepoint region: RevokeBias
[4.478s][info ][safepoint    ] Leaving safepoint region
[4.478s][info ][safepoint    ] Total time for which application threads were stopped: 0.0042454 seconds, Stopping threads took: 0.0000336 seconds
[4.492s][info ][safepoint    ] Application time: 0.0140155 seconds
[4.492s][info ][safepoint    ] Entering safepoint region: Deoptimize
[4.492s][info ][safepoint    ] Leaving safepoint region
[4.492s][info ][safepoint    ] Total time for which application threads were stopped: 0.0008074 seconds, Stopping threads took: 0.0002131 seconds
[4.502s][info ][safepoint    ] Application time: 0.0098634 seconds
[4.502s][info ][safepoint    ] Entering safepoint region: Deoptimize
[4.503s][info ][safepoint    ] Leaving safepoint region
[4.503s][info ][safepoint    ] Total time for which application threads were stopped: 0.0008090 seconds, Stopping threads took: 0.0001483 seconds
[4.531s][info ][safepoint    ] Application time: 0.0278733 seconds
[4.531s][info ][safepoint    ] Entering safepoint region: RevokeBias
[4.531s][info ][safepoint    ] Leaving safepoint region
[4.531s][info ][safepoint    ] Total time for which application threads were stopped: 0.0003313 seconds, Stopping threads took: 0.0001109 seconds
[4.533s][info ][safepoint    ] Application time: 0.0016016 seconds
[4.533s][info ][safepoint    ] Entering safepoint region: RevokeBias
[4.533s][info ][safepoint    ] Leaving safepoint region
[4.533s][info ][safepoint    ] Total time for which application threads were stopped: 0.0004515 seconds, Stopping threads took: 0.0001640 seconds
[4.535s][info ][safepoint    ] Application time: 0.0015744 seconds
[4.535s][info ][safepoint    ] Entering safepoint region: BulkRevokeBias
[4.537s][info ][safepoint    ] Leaving safepoint region
[4.537s][info ][safepoint    ] Total time for which application threads were stopped: 0.0015704 seconds, Stopping threads took: 0.0001054 seconds
[4.558s][info ][safepoint    ] Application time: 0.0210494 seconds
[4.558s][info ][safepoint    ] Entering safepoint region: GenCollectForAllocation
[4.558s][info ][gc,start     ] GC(2) Pause Young (Allocation Failure)
[4.558s][info ][gc,task      ] GC(2) Using 4 workers of 4 for evacuation
[4.641s][debug][gc,ref       ] GC(2) Skipped phase1 of Reference Processing due to unavailable references
[4.641s][debug][gc,ref       ] GC(2) Skipped phase3 of Reference Processing due to unavailable references
[4.642s][debug][gc,age       ] GC(2) Desired survivor size 15400960 bytes, new threshold 1 (max threshold 6)
[4.642s][info ][gc,heap      ] GC(2) ParNew: 270975K->30080K(270976K)
[4.642s][info ][gc,heap      ] GC(2) CMS: 2697K->42318K(602112K)
[4.642s][info ][gc,metaspace ] GC(2) Metaspace: 31635K->31635K(1077248K)
[4.642s][info ][gc           ] GC(2) Pause Young (Allocation Failure) 267M->70M(852M) 83.896ms
[4.642s][info ][gc,cpu       ] GC(2) User=0.33s Sys=0.01s Real=0.08s
[4.642s][info ][safepoint    ] Leaving safepoint region
[4.642s][info ][safepoint    ] Total time for which application threads were stopped: 0.0842906 seconds, Stopping threads took: 0.0001781 seconds
[4.643s][info ][safepoint    ] Application time: 0.0011381 seconds
[4.643s][info ][safepoint    ] Entering safepoint region: RevokeBias
[4.643s][info ][safepoint    ] Leaving safepoint region
[4.643s][info ][safepoint    ] Total time for which application threads were stopped: 0.0002916 seconds, Stopping threads took: 0.0001463 seconds
[4.644s][info ][safepoint    ] Application time: 0.0000469 seconds
[4.644s][info ][safepoint    ] Entering safepoint region: RevokeBias
[4.644s][info ][safepoint    ] Leaving safepoint region
[4.644s][info ][safepoint    ] Total time for which application threads were stopped: 0.0000901 seconds, Stopping threads took: 0.0000059 seconds
[4.749s][info ][safepoint    ] Application time: 0.1055628 seconds
[4.749s][info ][safepoint    ] Entering safepoint region: ICBufferFull
[4.749s][info ][safepoint    ] Leaving safepoint region
[4.749s][info ][safepoint    ] Total time for which application threads were stopped: 0.0002665 seconds, Stopping threads took: 0.0000713 seconds
[4.771s][info ][safepoint    ] Application time: 0.0215439 seconds
[4.771s][info ][safepoint    ] Entering safepoint region: Deoptimize
[4.772s][info ][safepoint    ] Leaving safepoint region
[4.772s][info ][safepoint    ] Total time for which application threads were stopped: 0.0008660 seconds, Stopping threads took: 0.0002711 seconds
[4.805s][info ][safepoint    ] Application time: 0.0334213 seconds
[4.806s][info ][safepoint    ] Entering safepoint region: RevokeBias
[4.806s][info ][safepoint    ] Leaving safepoint region
[4.806s][info ][safepoint    ] Total time for which application threads were stopped: 0.0004023 seconds, Stopping threads took: 0.0002681 seconds
[4.806s][info ][safepoint    ] Application time: 0.0001609 seconds
[4.806s][info ][safepoint    ] Entering safepoint region: RevokeBias
[4.806s][info ][safepoint    ] Leaving safepoint region
[4.806s][info ][safepoint    ] Total time for which application threads were stopped: 0.0003349 seconds, Stopping threads took: 0.0002629 seconds
[4.809s][info ][safepoint    ] Application time: 0.0023829 seconds
[4.809s][info ][safepoint    ] Entering safepoint region: RevokeBias
[4.809s][info ][safepoint    ] Leaving safepoint region
[4.809s][info ][safepoint    ] Total time for which application threads were stopped: 0.0002945 seconds, Stopping threads took: 0.0001830 seconds
[4.809s][info ][safepoint    ] Application time: 0.0000611 seconds
[4.809s][info ][safepoint    ] Entering safepoint region: RevokeBias
[4.809s][info ][safepoint    ] Leaving safepoint region
[4.809s][info ][safepoint    ] Total time for which application threads were stopped: 0.0001830 seconds, Stopping threads took: 0.0001072 seconds
[4.809s][info ][safepoint    ] Application time: 0.0001875 seconds
[4.810s][info ][safepoint    ] Entering safepoint region: RevokeBias
[4.810s][info ][safepoint    ] Leaving safepoint region
[4.810s][info ][safepoint    ] Total time for which application threads were stopped: 0.0002446 seconds, Stopping threads took: 0.0001641 seconds
[4.810s][info ][safepoint    ] Application time: 0.0000478 seconds
[4.810s][info ][safepoint    ] Entering safepoint region: RevokeBias
[4.810s][info ][safepoint    ] Leaving safepoint region
[4.810s][info ][safepoint    ] Total time for which application threads were stopped: 0.0000952 seconds, Stopping threads took: 0.0000256 seconds
[4.811s][info ][safepoint    ] Application time: 0.0010418 seconds
[4.811s][info ][safepoint    ] Entering safepoint region: RevokeBias
[4.811s][info ][safepoint    ] Leaving safepoint region
[4.811s][info ][safepoint    ] Total time for which application threads were stopped: 0.0001928 seconds, Stopping threads took: 0.0001209 seconds
[4.811s][info ][safepoint    ] Application time: 0.0004132 seconds
[4.813s][info ][safepoint    ] Entering safepoint region: RevokeBias
[4.813s][info ][safepoint    ] Leaving safepoint region
[4.813s][info ][safepoint    ] Total time for which application threads were stopped: 0.0014443 seconds, Stopping threads took: 0.0013714 seconds
[4.983s][info ][safepoint    ] Application time: 0.1703861 seconds
[4.984s][info ][safepoint    ] Entering safepoint region: Deoptimize
[4.984s][info ][safepoint    ] Leaving safepoint region
[4.984s][info ][safepoint    ] Total time for which application threads were stopped: 0.0008550 seconds, Stopping threads took: 0.0001535 seconds
[4.987s][info ][safepoint    ] Application time: 0.0027238 seconds
[4.987s][info ][safepoint    ] Entering safepoint region: Deoptimize
[4.988s][info ][safepoint    ] Leaving safepoint region
[4.988s][info ][safepoint    ] Total time for which application threads were stopped: 0.0006735 seconds, Stopping threads took: 0.0001545 seconds
[4.990s][info ][safepoint    ] Application time: 0.0025971 seconds
[4.991s][info ][safepoint    ] Entering safepoint region: RevokeBias
[4.991s][info ][safepoint    ] Leaving safepoint region
[4.991s][info ][safepoint    ] Total time for which application threads were stopped: 0.0003655 seconds, Stopping threads took: 0.0002239 seconds
[4.996s][info ][safepoint    ] Application time: 0.0053945 seconds
[4.996s][info ][safepoint    ] Entering safepoint region: RevokeBias
[4.996s][info ][safepoint    ] Leaving safepoint region
[4.996s][info ][safepoint    ] Total time for which application threads were stopped: 0.0002848 seconds, Stopping threads took: 0.0001504 seconds
[5.000s][info ][safepoint    ] Application time: 0.0031672 seconds
[5.000s][info ][safepoint    ] Entering safepoint region: RevokeBias
[5.000s][info ][safepoint    ] Leaving safepoint region
[5.000s][info ][safepoint    ] Total time for which application threads were stopped: 0.0002753 seconds, Stopping threads took: 0.0001548 seconds
[5.000s][info ][safepoint    ] Application time: 0.0000613 seconds
[5.000s][info ][safepoint    ] Entering safepoint region: RevokeBias
[5.000s][info ][safepoint    ] Leaving safepoint region
[5.000s][info ][safepoint    ] Total time for which application threads were stopped: 0.0001431 seconds, Stopping threads took: 0.0000764 seconds
[5.000s][info ][safepoint    ] Application time: 0.0000461 seconds
[5.000s][info ][safepoint    ] Entering safepoint region: RevokeBias
[5.000s][info ][safepoint    ] Leaving safepoint region
[5.000s][info ][safepoint    ] Total time for which application threads were stopped: 0.0001543 seconds, Stopping threads took: 0.0000598 seconds
[5.001s][info ][safepoint    ] Application time: 0.0007515 seconds
[5.001s][info ][safepoint    ] Entering safepoint region: RevokeBias
[5.001s][info ][safepoint    ] Leaving safepoint region
[5.001s][info ][safepoint    ] Total time for which application threads were stopped: 0.0002725 seconds, Stopping threads took: 0.0001646 seconds
[5.002s][info ][safepoint    ] Application time: 0.0001966 seconds
[5.002s][info ][safepoint    ] Entering safepoint region: RevokeBias
[5.002s][info ][safepoint    ] Leaving safepoint region
[5.002s][info ][safepoint    ] Total time for which application threads were stopped: 0.0002048 seconds, Stopping threads took: 0.0001156 seconds
[5.016s][info ][safepoint    ] Application time: 0.0139666 seconds
[5.016s][info ][safepoint    ] Entering safepoint region: GenCollectForAllocation
[5.016s][info ][gc,start     ] GC(3) Pause Young (Allocation Failure)
[5.016s][info ][gc,task      ] GC(3) Using 4 workers of 4 for evacuation
[5.091s][debug][gc,ref       ] GC(3) Skipped phase1 of Reference Processing due to unavailable references
[5.091s][debug][gc,ref       ] GC(3) Skipped phase3 of Reference Processing due to unavailable references
[5.092s][debug][gc,age       ] GC(3) Desired survivor size 15400960 bytes, new threshold 1 (max threshold 6)
[5.092s][info ][gc,heap      ] GC(3) ParNew: 270976K->30080K(270976K)
[5.092s][info ][gc,heap      ] GC(3) CMS: 42318K->72576K(602112K)
[5.092s][info ][gc,metaspace ] GC(3) Metaspace: 34225K->34225K(1081344K)
[5.092s][info ][gc           ] GC(3) Pause Young (Allocation Failure) 305M->100M(852M) 75.458ms
[5.092s][info ][gc,cpu       ] GC(3) User=0.29s Sys=0.00s Real=0.08s
[5.092s][info ][safepoint    ] Leaving safepoint region
[5.092s][info ][safepoint    ] Total time for which application threads were stopped: 0.0758889 seconds, Stopping threads took: 0.0002068 seconds
[5.121s][info ][safepoint    ] Application time: 0.0291218 seconds
[5.124s][info ][safepoint    ] Entering safepoint region: RevokeBias
[5.124s][info ][safepoint    ] Leaving safepoint region
[5.124s][info ][safepoint    ] Total time for which application threads were stopped: 0.0032378 seconds, Stopping threads took: 0.0031005 seconds
[5.156s][info ][safepoint    ] Application time: 0.0322307 seconds
[5.157s][info ][safepoint    ] Entering safepoint region: RevokeBias
[5.157s][info ][safepoint    ] Leaving safepoint region
[5.157s][info ][safepoint    ] Total time for which application threads were stopped: 0.0006123 seconds, Stopping threads took: 0.0004095 seconds
[5.157s][info ][safepoint    ] Application time: 0.0004272 seconds
[5.158s][info ][safepoint    ] Entering safepoint region: RevokeBias
[5.158s][info ][safepoint    ] Leaving safepoint region
[5.158s][info ][safepoint    ] Total time for which application threads were stopped: 0.0003310 seconds, Stopping threads took: 0.0001986 seconds
[5.165s][info ][safepoint    ] Application time: 0.0076453 seconds
[5.166s][info ][safepoint    ] Entering safepoint region: RevokeBias
[5.166s][info ][safepoint    ] Leaving safepoint region
[5.166s][info ][safepoint    ] Total time for which application threads were stopped: 0.0003944 seconds, Stopping threads took: 0.0002480 seconds
[5.175s][info ][safepoint    ] Application time: 0.0093051 seconds
[5.176s][info ][safepoint    ] Entering safepoint region: RevokeBias
[5.176s][info ][safepoint    ] Leaving safepoint region
[5.176s][info ][safepoint    ] Total time for which application threads were stopped: 0.0006816 seconds, Stopping threads took: 0.0005271 seconds
[5.191s][info ][safepoint    ] Application time: 0.0150896 seconds
[5.191s][info ][safepoint    ] Entering safepoint region: RevokeBias
[5.191s][info ][safepoint    ] Leaving safepoint region
[5.191s][info ][safepoint    ] Total time for which application threads were stopped: 0.0003562 seconds, Stopping threads took: 0.0002137 seconds
[5.198s][info ][safepoint    ] Application time: 0.0070241 seconds
[5.199s][info ][safepoint    ] Entering safepoint region: RevokeBias
[5.199s][info ][safepoint    ] Leaving safepoint region
[5.199s][info ][safepoint    ] Total time for which application threads were stopped: 0.0004050 seconds, Stopping threads took: 0.0002611 seconds
[5.228s][info ][safepoint    ] Application time: 0.0296592 seconds
[5.229s][info ][safepoint    ] Entering safepoint region: Deoptimize
[5.229s][info ][safepoint    ] Leaving safepoint region
[5.229s][info ][safepoint    ] Total time for which application threads were stopped: 0.0009223 seconds, Stopping threads took: 0.0001983 seconds
[5.257s][info ][safepoint    ] Application time: 0.0273764 seconds
[5.257s][info ][safepoint    ] Entering safepoint region: RevokeBias
[5.257s][info ][safepoint    ] Leaving safepoint region
[5.257s][info ][safepoint    ] Total time for which application threads were stopped: 0.0003296 seconds, Stopping threads took: 0.0001597 seconds
[5.258s][info ][safepoint    ] Application time: 0.0012175 seconds
[5.259s][info ][safepoint    ] Entering safepoint region: RevokeBias
[5.259s][info ][safepoint    ] Leaving safepoint region
[5.259s][info ][safepoint    ] Total time for which application threads were stopped: 0.0002946 seconds, Stopping threads took: 0.0001550 seconds
[5.261s][info ][safepoint    ] Application time: 0.0018129 seconds
[5.261s][info ][safepoint    ] Entering safepoint region: Deoptimize
[5.261s][info ][safepoint    ] Leaving safepoint region
[5.261s][info ][safepoint    ] Total time for which application threads were stopped: 0.0008686 seconds, Stopping threads took: 0.0001666 seconds
[5.263s][info ][safepoint    ] Application time: 0.0017678 seconds
[5.263s][info ][safepoint    ] Entering safepoint region: RevokeBias
[5.264s][info ][safepoint    ] Leaving safepoint region
[5.264s][info ][safepoint    ] Total time for which application threads were stopped: 0.0003519 seconds, Stopping threads took: 0.0002227 seconds
[5.266s][info ][safepoint    ] Application time: 0.0025493 seconds
[5.266s][info ][safepoint    ] Entering safepoint region: GenCollectForAllocation
[5.267s][info ][gc,start     ] GC(4) Pause Young (Allocation Failure)
[5.267s][info ][gc,task      ] GC(4) Using 4 workers of 4 for evacuation
[5.315s][debug][gc,ref       ] GC(4) Skipped phase1 of Reference Processing due to unavailable references
[5.315s][debug][gc,ref       ] GC(4) Skipped phase3 of Reference Processing due to unavailable references
[5.316s][debug][gc,age       ] GC(4) Desired survivor size 15400960 bytes, new threshold 6 (max threshold 6)
[5.316s][info ][gc,heap      ] GC(4) ParNew: 270976K->30080K(270976K)
[5.316s][info ][gc,heap      ] GC(4) CMS: 72576K->100613K(602112K)
[5.316s][info ][gc,metaspace ] GC(4) Metaspace: 36503K->36503K(1083392K)
[5.316s][info ][gc           ] GC(4) Pause Young (Allocation Failure) 335M->127M(852M) 48.997ms
[5.316s][info ][gc,cpu       ] GC(4) User=0.17s Sys=0.01s Real=0.05s
[5.316s][info ][safepoint    ] Leaving safepoint region
[5.316s][info ][safepoint    ] Total time for which application threads were stopped: 0.0495108 seconds, Stopping threads took: 0.0003247 seconds
[5.317s][info ][safepoint    ] Application time: 0.0009661 seconds
[5.317s][info ][safepoint    ] Entering safepoint region: RevokeBias
[5.317s][info ][safepoint    ] Leaving safepoint region
[5.317s][info ][safepoint    ] Total time for which application threads were stopped: 0.0003230 seconds, Stopping threads took: 0.0001765 seconds
[5.320s][info ][safepoint    ] Application time: 0.0027546 seconds
[5.320s][info ][safepoint    ] Entering safepoint region: RevokeBias
[5.320s][info ][safepoint    ] Leaving safepoint region
[5.320s][info ][safepoint    ] Total time for which application threads were stopped: 0.0002882 seconds, Stopping threads took: 0.0001711 seconds
[5.383s][info ][safepoint    ] Application time: 0.0627632 seconds
[5.383s][info ][safepoint    ] Entering safepoint region: GenCollectForAllocation
[5.383s][info ][gc,start     ] GC(5) Pause Young (Allocation Failure)
[5.383s][info ][gc,task      ] GC(5) Using 4 workers of 4 for evacuation
[5.395s][debug][gc,ref       ] GC(5) Skipped phase1 of Reference Processing due to unavailable references
[5.395s][debug][gc,ref       ] GC(5) Skipped phase3 of Reference Processing due to unavailable references
[5.395s][debug][gc,age       ] GC(5) Desired survivor size 15400960 bytes, new threshold 6 (max threshold 6)
[5.395s][info ][gc,heap      ] GC(5) ParNew: 270976K->20033K(270976K)
[5.395s][info ][gc,heap      ] GC(5) CMS: 100613K->100613K(602112K)
[5.395s][info ][gc,metaspace ] GC(5) Metaspace: 36593K->36593K(1083392K)
[5.395s][info ][gc           ] GC(5) Pause Young (Allocation Failure) 362M->117M(852M) 11.585ms
[5.395s][info ][gc,cpu       ] GC(5) User=0.04s Sys=0.00s Real=0.01s
[5.395s][info ][safepoint    ] Leaving safepoint region
[5.395s][info ][safepoint    ] Total time for which application threads were stopped: 0.0119713 seconds, Stopping threads took: 0.0001371 seconds
[5.482s][info ][safepoint    ] Application time: 0.0876250 seconds
[5.484s][info ][safepoint    ] Entering safepoint region: GenCollectForAllocation
[5.485s][info ][gc,start     ] GC(6) Pause Young (Allocation Failure)
[5.485s][info ][gc,task      ] GC(6) Using 4 workers of 4 for evacuation
[5.496s][debug][gc,ref       ] GC(6) Skipped phase1 of Reference Processing due to unavailable references
[5.496s][debug][gc,ref       ] GC(6) Skipped phase3 of Reference Processing due to unavailable references
[5.496s][debug][gc,age       ] GC(6) Desired survivor size 15400960 bytes, new threshold 3 (max threshold 6)
[5.496s][info ][gc,heap      ] GC(6) ParNew: 260929K->24169K(270976K)
[5.496s][info ][gc,heap      ] GC(6) CMS: 100613K->100613K(602112K)
[5.496s][info ][gc,metaspace ] GC(6) Metaspace: 36623K->36623K(1083392K)
[5.496s][info ][gc           ] GC(6) Pause Young (Allocation Failure) 353M->121M(852M) 11.446ms
[5.496s][info ][gc,cpu       ] GC(6) User=0.05s Sys=0.00s Real=0.01s
[5.496s][info ][safepoint    ] Leaving safepoint region
[5.496s][info ][safepoint    ] Total time for which application threads were stopped: 0.0136701 seconds, Stopping threads took: 0.0019897 seconds
[5.675s][info ][safepoint    ] Application time: 0.1793196 seconds
[5.676s][info ][safepoint    ] Entering safepoint region: GenCollectForAllocation
[5.676s][info ][gc,start     ] GC(7) Pause Young (Allocation Failure)
[5.676s][info ][gc,task      ] GC(7) Using 4 workers of 4 for evacuation
[5.695s][debug][gc,ref       ] GC(7) Skipped phase1 of Reference Processing due to unavailable references
[5.695s][debug][gc,ref       ] GC(7) Skipped phase3 of Reference Processing due to unavailable references
[5.695s][debug][gc,ref       ] GC(7) Skipped phase4 of Reference Processing due to unavailable references
[5.695s][debug][gc,age       ] GC(7) Desired survivor size 15400960 bytes, new threshold 6 (max threshold 6)
[5.695s][info ][gc,heap      ] GC(7) ParNew: 265065K->14966K(270976K)
[5.695s][info ][gc,heap      ] GC(7) CMS: 100613K->113211K(602112K)
[5.695s][info ][gc,metaspace ] GC(7) Metaspace: 36628K->36628K(1083392K)
[5.695s][info ][gc           ] GC(7) Pause Young (Allocation Failure) 357M->125M(852M) 19.693ms
[5.695s][info ][gc,cpu       ] GC(7) User=0.08s Sys=0.00s Real=0.02s
[5.695s][info ][safepoint    ] Leaving safepoint region
[5.695s][info ][safepoint    ] Total time for which application threads were stopped: 0.0200159 seconds, Stopping threads took: 0.0001157 seconds
[5.805s][info ][safepoint    ] Application time: 0.1094912 seconds
[5.812s][info ][safepoint    ] Entering safepoint region: GenCollectForAllocation
[5.813s][info ][gc,start     ] GC(8) Pause Young (Allocation Failure)
[5.813s][info ][gc,task      ] GC(8) Using 4 workers of 4 for evacuation
[5.820s][debug][gc,ref       ] GC(8) Skipped phase1 of Reference Processing due to unavailable references
[5.820s][debug][gc,ref       ] GC(8) Skipped phase3 of Reference Processing due to unavailable references
[5.820s][debug][gc,ref       ] GC(8) Skipped phase4 of Reference Processing due to unavailable references
[5.820s][debug][gc,age       ] GC(8) Desired survivor size 15400960 bytes, new threshold 6 (max threshold 6)
[5.820s][info ][gc,heap      ] GC(8) ParNew: 255862K->7299K(270976K)
[5.820s][info ][gc,heap      ] GC(8) CMS: 113211K->113211K(602112K)
[5.820s][info ][gc,metaspace ] GC(8) Metaspace: 36628K->36628K(1083392K)
[5.820s][info ][gc           ] GC(8) Pause Young (Allocation Failure) 360M->117M(852M) 7.397ms
[5.820s][info ][gc,cpu       ] GC(8) User=0.03s Sys=0.00s Real=0.01s
[5.820s][info ][safepoint    ] Leaving safepoint region
[5.820s][info ][safepoint    ] Total time for which application threads were stopped: 0.0149837 seconds, Stopping threads took: 0.0073381 seconds
[5.986s][info ][safepoint    ] Application time: 0.1659659 seconds
[5.986s][info ][safepoint    ] Entering safepoint region: GenCollectForAllocation
[5.986s][info ][gc,start     ] GC(9) Pause Young (Allocation Failure)
[5.986s][info ][gc,task      ] GC(9) Using 4 workers of 4 for evacuation
[5.993s][debug][gc,ref       ] GC(9) Skipped phase1 of Reference Processing due to unavailable references
[5.993s][debug][gc,ref       ] GC(9) Skipped phase3 of Reference Processing due to unavailable references
[5.993s][debug][gc,ref       ] GC(9) Skipped phase4 of Reference Processing due to unavailable references
[5.993s][debug][gc,age       ] GC(9) Desired survivor size 15400960 bytes, new threshold 6 (max threshold 6)
[5.993s][info ][gc,heap      ] GC(9) ParNew: 248195K->6343K(270976K)
[5.993s][info ][gc,heap      ] GC(9) CMS: 113211K->113211K(602112K)
[5.993s][info ][gc,metaspace ] GC(9) Metaspace: 36628K->36628K(1083392K)
[5.993s][info ][gc           ] GC(9) Pause Young (Allocation Failure) 352M->116M(852M) 6.840ms
[5.993s][info ][gc,cpu       ] GC(9) User=0.03s Sys=0.00s Real=0.01s
[5.993s][info ][safepoint    ] Leaving safepoint region
[5.993s][info ][safepoint    ] Total time for which application threads were stopped: 0.0070911 seconds, Stopping threads took: 0.0000872 seconds
[6.073s][info ][safepoint    ] Application time: 0.0796988 seconds
[6.073s][info ][safepoint    ] Entering safepoint region: GenCollectForAllocation
[6.073s][info ][gc,start     ] GC(10) Pause Young (Allocation Failure)
[6.073s][info ][gc,task      ] GC(10) Using 4 workers of 4 for evacuation
[6.080s][debug][gc,ref       ] GC(10) Skipped phase1 of Reference Processing due to unavailable references
[6.080s][debug][gc,ref       ] GC(10) Skipped phase3 of Reference Processing due to unavailable references
[6.080s][debug][gc,ref       ] GC(10) Skipped phase4 of Reference Processing due to unavailable references
[6.080s][debug][gc,age       ] GC(10) Desired survivor size 15400960 bytes, new threshold 6 (max threshold 6)
[6.080s][info ][gc,heap      ] GC(10) ParNew: 247239K->7784K(270976K)
[6.080s][info ][gc,heap      ] GC(10) CMS: 113211K->113211K(602112K)
[6.080s][info ][gc,metaspace ] GC(10) Metaspace: 36628K->36628K(1083392K)
[6.080s][info ][gc           ] GC(10) Pause Young (Allocation Failure) 352M->118M(852M) 6.612ms
[6.080s][info ][gc,cpu       ] GC(10) User=0.03s Sys=0.00s Real=0.01s
[6.080s][info ][safepoint    ] Leaving safepoint region
[6.080s][info ][safepoint    ] Total time for which application threads were stopped: 0.0069949 seconds, Stopping threads took: 0.0002270 seconds
[6.132s][info ][safepoint    ] Application time: 0.0520596 seconds
[6.132s][info ][safepoint    ] Entering safepoint region: GenCollectForAllocation
[6.132s][info ][gc,start     ] GC(11) Pause Young (Allocation Failure)
[6.132s][info ][gc,task      ] GC(11) Using 4 workers of 4 for evacuation
[6.140s][debug][gc,ref       ] GC(11) Skipped phase1 of Reference Processing due to unavailable references
[6.140s][debug][gc,ref       ] GC(11) Skipped phase2 of Reference Processing due to unavailable references
[6.140s][debug][gc,ref       ] GC(11) Skipped phase3 of Reference Processing due to unavailable references
[6.140s][debug][gc,ref       ] GC(11) Skipped phase4 of Reference Processing due to unavailable references
[6.140s][debug][gc,age       ] GC(11) Desired survivor size 15400960 bytes, new threshold 6 (max threshold 6)
[6.141s][info ][gc,heap      ] GC(11) ParNew: 248680K->5282K(270976K)
[6.141s][info ][gc,heap      ] GC(11) CMS: 113211K->115398K(602112K)
[6.141s][info ][gc,metaspace ] GC(11) Metaspace: 36628K->36628K(1083392K)
[6.141s][info ][gc           ] GC(11) Pause Young (Allocation Failure) 353M->117M(852M) 8.343ms
[6.141s][info ][gc,cpu       ] GC(11) User=0.03s Sys=0.00s Real=0.01s
[6.141s][info ][safepoint    ] Leaving safepoint region
[6.141s][info ][safepoint    ] Total time for which application threads were stopped: 0.0086614 seconds, Stopping threads took: 0.0001447 seconds
[6.339s][info ][safepoint    ] Application time: 0.1988679 seconds
[6.340s][info ][safepoint    ] Entering safepoint region: GenCollectForAllocation
[6.340s][info ][gc,start     ] GC(12) Pause Young (Allocation Failure)
[6.340s][info ][gc,task      ] GC(12) Using 4 workers of 4 for evacuation
[6.346s][debug][gc,ref       ] GC(12) Skipped phase1 of Reference Processing due to unavailable references
[6.346s][debug][gc,ref       ] GC(12) Skipped phase2 of Reference Processing due to unavailable references
[6.346s][debug][gc,ref       ] GC(12) Skipped phase3 of Reference Processing due to unavailable references
[6.346s][debug][gc,ref       ] GC(12) Skipped phase4 of Reference Processing due to unavailable references
[6.346s][debug][gc,age       ] GC(12) Desired survivor size 15400960 bytes, new threshold 6 (max threshold 6)
[6.346s][info ][gc,heap      ] GC(12) ParNew: 246178K->3749K(270976K)
[6.346s][info ][gc,heap      ] GC(12) CMS: 115398K->116244K(602112K)
[6.346s][info ][gc,metaspace ] GC(12) Metaspace: 36628K->36628K(1083392K)
[6.346s][info ][gc           ] GC(12) Pause Young (Allocation Failure) 353M->117M(852M) 5.925ms
[6.346s][info ][gc,cpu       ] GC(12) User=0.03s Sys=0.00s Real=0.00s
[6.346s][info ][safepoint    ] Leaving safepoint region
[6.346s][info ][safepoint    ] Total time for which application threads were stopped: 0.0062703 seconds, Stopping threads took: 0.0001494 seconds
[6.394s][info ][safepoint    ] Application time: 0.0481419 seconds
[6.394s][info ][safepoint    ] Entering safepoint region: GenCollectForAllocation
[6.394s][info ][gc,start     ] GC(13) Pause Young (Allocation Failure)
[6.394s][info ][gc,task      ] GC(13) Using 4 workers of 4 for evacuation
[6.400s][debug][gc,ref       ] GC(13) Skipped phase1 of Reference Processing due to unavailable references
[6.400s][debug][gc,ref       ] GC(13) Skipped phase2 of Reference Processing due to unavailable references
[6.400s][debug][gc,ref       ] GC(13) Skipped phase3 of Reference Processing due to unavailable references
[6.400s][debug][gc,ref       ] GC(13) Skipped phase4 of Reference Processing due to unavailable references
[6.400s][debug][gc,age       ] GC(13) Desired survivor size 15400960 bytes, new threshold 6 (max threshold 6)
[6.400s][info ][gc,heap      ] GC(13) ParNew: 244645K->2790K(270976K)
[6.400s][info ][gc,heap      ] GC(13) CMS: 116244K->117845K(602112K)
[6.400s][info ][gc,metaspace ] GC(13) Metaspace: 36628K->36628K(1083392K)
[6.400s][info ][gc           ] GC(13) Pause Young (Allocation Failure) 352M->117M(852M) 5.595ms
[6.400s][info ][gc,cpu       ] GC(13) User=0.02s Sys=0.00s Real=0.01s
[6.400s][info ][safepoint    ] Leaving safepoint region
[6.400s][info ][safepoint    ] Total time for which application threads were stopped: 0.0058682 seconds, Stopping threads took: 0.0001197 seconds
[6.478s][info ][safepoint    ] Application time: 0.0782506 seconds
[6.478s][info ][safepoint    ] Entering safepoint region: GenCollectForAllocation
[6.478s][info ][gc,start     ] GC(14) Pause Young (Allocation Failure)
[6.478s][info ][gc,task      ] GC(14) Using 4 workers of 4 for evacuation
[6.482s][debug][gc,ref       ] GC(14) Skipped phase1 of Reference Processing due to unavailable references
[6.482s][debug][gc,ref       ] GC(14) Skipped phase2 of Reference Processing due to unavailable references
[6.482s][debug][gc,ref       ] GC(14) Skipped phase3 of Reference Processing due to unavailable references
[6.482s][debug][gc,ref       ] GC(14) Skipped phase4 of Reference Processing due to unavailable references
[6.482s][debug][gc,age       ] GC(14) Desired survivor size 15400960 bytes, new threshold 6 (max threshold 6)
[6.482s][info ][gc,heap      ] GC(14) ParNew: 243686K->941K(270976K)
[6.482s][info ][gc,heap      ] GC(14) CMS: 117845K->118502K(602112K)
[6.482s][info ][gc,metaspace ] GC(14) Metaspace: 36628K->36628K(1083392K)
[6.483s][info ][gc           ] GC(14) Pause Young (Allocation Failure) 353M->116M(852M) 4.054ms
[6.483s][info ][gc,cpu       ] GC(14) User=0.01s Sys=0.00s Real=0.00s
[6.483s][info ][safepoint    ] Leaving safepoint region
[6.483s][info ][safepoint    ] Total time for which application threads were stopped: 0.0044164 seconds, Stopping threads took: 0.0001838 seconds
[6.529s][info ][safepoint    ] Application time: 0.0464368 seconds
[6.533s][info ][safepoint    ] Entering safepoint region: GenCollectForAllocation
[6.534s][info ][gc,start     ] GC(15) Pause Young (Allocation Failure)
[6.534s][info ][gc,task      ] GC(15) Using 4 workers of 4 for evacuation
[6.535s][debug][gc,ref       ] GC(15) Skipped phase1 of Reference Processing due to unavailable references
[6.536s][debug][gc,ref       ] GC(15) Skipped phase2 of Reference Processing due to unavailable references
[6.536s][debug][gc,ref       ] GC(15) Skipped phase3 of Reference Processing due to unavailable references
[6.536s][debug][gc,ref       ] GC(15) Skipped phase4 of Reference Processing due to unavailable references
[6.536s][debug][gc,age       ] GC(15) Desired survivor size 15400960 bytes, new threshold 6 (max threshold 6)
[6.536s][info ][gc,heap      ] GC(15) ParNew: 241837K->487K(270976K)
[6.536s][info ][gc,heap      ] GC(15) CMS: 118502K->118612K(602112K)
[6.536s][info ][gc,metaspace ] GC(15) Metaspace: 36628K->36628K(1083392K)
[6.536s][info ][gc           ] GC(15) Pause Young (Allocation Failure) 351M->116M(852M) 2.116ms
[6.536s][info ][gc,cpu       ] GC(15) User=0.01s Sys=0.00s Real=0.00s
[6.536s][info ][safepoint    ] Leaving safepoint region
[6.536s][info ][safepoint    ] Total time for which application threads were stopped: 0.0066763 seconds, Stopping threads took: 0.0043388 seconds
[6.574s][info ][safepoint    ] Application time: 0.0386167 seconds
[6.574s][info ][safepoint    ] Entering safepoint region: GenCollectForAllocation
[6.575s][info ][gc,start     ] GC(16) Pause Young (Allocation Failure)
[6.575s][info ][gc,task      ] GC(16) Using 4 workers of 4 for evacuation
[6.576s][debug][gc,ref       ] GC(16) Skipped phase1 of Reference Processing due to unavailable references
[6.576s][debug][gc,ref       ] GC(16) Skipped phase2 of Reference Processing due to unavailable references
[6.576s][debug][gc,ref       ] GC(16) Skipped phase3 of Reference Processing due to unavailable references
[6.576s][debug][gc,ref       ] GC(16) Skipped phase4 of Reference Processing due to unavailable references
[6.576s][debug][gc,age       ] GC(16) Desired survivor size 15400960 bytes, new threshold 6 (max threshold 6)
[6.576s][info ][gc,heap      ] GC(16) ParNew: 241383K->538K(270976K)
[6.576s][info ][gc,heap      ] GC(16) CMS: 118612K->118649K(602112K)
[6.576s][info ][gc,metaspace ] GC(16) Metaspace: 36628K->36628K(1083392K)
[6.576s][info ][gc           ] GC(16) Pause Young (Allocation Failure) 351M->116M(852M) 1.843ms
[6.576s][info ][gc,cpu       ] GC(16) User=0.01s Sys=0.00s Real=0.01s
[6.576s][info ][safepoint    ] Leaving safepoint region
[6.576s][info ][safepoint    ] Total time for which application threads were stopped: 0.0020863 seconds, Stopping threads took: 0.0000856 seconds
[6.640s][info ][safepoint    ] Application time: 0.0633779 seconds
[6.640s][info ][safepoint    ] Entering safepoint region: GenCollectForAllocation
[6.640s][info ][gc,start     ] GC(17) Pause Young (Allocation Failure)
[6.640s][info ][gc,task      ] GC(17) Using 4 workers of 4 for evacuation
[6.642s][debug][gc,ref       ] GC(17) Skipped phase1 of Reference Processing due to unavailable references
[6.642s][debug][gc,ref       ] GC(17) Skipped phase2 of Reference Processing due to unavailable references
[6.642s][debug][gc,ref       ] GC(17) Skipped phase3 of Reference Processing due to unavailable references
[6.642s][debug][gc,ref       ] GC(17) Skipped phase4 of Reference Processing due to unavailable references
[6.642s][debug][gc,age       ] GC(17) Desired survivor size 15400960 bytes, new threshold 6 (max threshold 6)
[6.642s][info ][gc,heap      ] GC(17) ParNew: 241434K->420K(270976K)
[6.642s][info ][gc,heap      ] GC(17) CMS: 118649K->118671K(602112K)
[6.642s][info ][gc,metaspace ] GC(17) Metaspace: 36628K->36628K(1083392K)
[6.642s][info ][gc           ] GC(17) Pause Young (Allocation Failure) 351M->116M(852M) 1.910ms
[6.642s][info ][gc,cpu       ] GC(17) User=0.01s Sys=0.00s Real=0.00s
[6.642s][info ][safepoint    ] Leaving safepoint region
[6.642s][info ][safepoint    ] Total time for which application threads were stopped: 0.0021407 seconds, Stopping threads took: 0.0000829 seconds
[6.685s][info ][safepoint    ] Application time: 0.0427907 seconds
[6.685s][info ][safepoint    ] Entering safepoint region: GenCollectForAllocation
[6.685s][info ][gc,start     ] GC(18) Pause Young (Allocation Failure)
[6.685s][info ][gc,task      ] GC(18) Using 4 workers of 4 for evacuation
[6.687s][debug][gc,ref       ] GC(18) Skipped phase1 of Reference Processing due to unavailable references
[6.687s][debug][gc,ref       ] GC(18) Skipped phase2 of Reference Processing due to unavailable references
[6.687s][debug][gc,ref       ] GC(18) Skipped phase3 of Reference Processing due to unavailable references
[6.687s][debug][gc,ref       ] GC(18) Skipped phase4 of Reference Processing due to unavailable references
[6.687s][debug][gc,age       ] GC(18) Desired survivor size 15400960 bytes, new threshold 6 (max threshold 6)
[6.687s][info ][gc,heap      ] GC(18) ParNew: 241316K->562K(270976K)
[6.687s][info ][gc,heap      ] GC(18) CMS: 118671K->118730K(602112K)
[6.687s][info ][gc,metaspace ] GC(18) Metaspace: 36628K->36628K(1083392K)
[6.687s][info ][gc           ] GC(18) Pause Young (Allocation Failure) 351M->116M(852M) 1.847ms
[6.687s][info ][gc,cpu       ] GC(18) User=0.01s Sys=0.00s Real=0.00s
[6.687s][info ][safepoint    ] Leaving safepoint region
[6.687s][info ][safepoint    ] Total time for which application threads were stopped: 0.0021442 seconds, Stopping threads took: 0.0001368 seconds
[6.730s][info ][safepoint    ] Application time: 0.0428452 seconds
[6.730s][info ][safepoint    ] Entering safepoint region: GenCollectForAllocation
[6.730s][info ][gc,start     ] GC(19) Pause Young (Allocation Failure)
[6.730s][info ][gc,task      ] GC(19) Using 4 workers of 4 for evacuation
[6.732s][debug][gc,ref       ] GC(19) Skipped phase1 of Reference Processing due to unavailable references
[6.732s][debug][gc,ref       ] GC(19) Skipped phase2 of Reference Processing due to unavailable references
[6.732s][debug][gc,ref       ] GC(19) Skipped phase3 of Reference Processing due to unavailable references
[6.732s][debug][gc,ref       ] GC(19) Skipped phase4 of Reference Processing due to unavailable references
[6.732s][debug][gc,age       ] GC(19) Desired survivor size 15400960 bytes, new threshold 6 (max threshold 6)
[6.732s][info ][gc,heap      ] GC(19) ParNew: 241458K->410K(270976K)
[6.732s][info ][gc,heap      ] GC(19) CMS: 118730K->118758K(602112K)
[6.732s][info ][gc,metaspace ] GC(19) Metaspace: 36628K->36628K(1083392K)
[6.732s][info ][gc           ] GC(19) Pause Young (Allocation Failure) 351M->116M(852M) 1.917ms
[6.732s][info ][gc,cpu       ] GC(19) User=0.01s Sys=0.00s Real=0.00s
[6.732s][info ][safepoint    ] Leaving safepoint region
[6.732s][info ][safepoint    ] Total time for which application threads were stopped: 0.0021610 seconds, Stopping threads took: 0.0000852 seconds
[6.792s][info ][safepoint    ] Application time: 0.0600202 seconds
[6.792s][info ][safepoint    ] Entering safepoint region: GenCollectForAllocation
[6.792s][info ][gc,start     ] GC(20) Pause Young (Allocation Failure)
[6.792s][info ][gc,task      ] GC(20) Using 4 workers of 4 for evacuation
[6.794s][debug][gc,ref       ] GC(20) Skipped phase1 of Reference Processing due to unavailable references
[6.794s][debug][gc,ref       ] GC(20) Skipped phase2 of Reference Processing due to unavailable references
[6.794s][debug][gc,ref       ] GC(20) Skipped phase3 of Reference Processing due to unavailable references
[6.794s][debug][gc,ref       ] GC(20) Skipped phase4 of Reference Processing due to unavailable references
[6.794s][debug][gc,age       ] GC(20) Desired survivor size 15400960 bytes, new threshold 6 (max threshold 6)
[6.794s][info ][gc,heap      ] GC(20) ParNew: 241306K->375K(270976K)
[6.794s][info ][gc,heap      ] GC(20) CMS: 118758K->118830K(602112K)
[6.794s][info ][gc,metaspace ] GC(20) Metaspace: 36628K->36628K(1083392K)
[6.794s][info ][gc           ] GC(20) Pause Young (Allocation Failure) 351M->116M(852M) 1.933ms
[6.794s][info ][gc,cpu       ] GC(20) User=0.01s Sys=0.00s Real=0.00s
[6.794s][info ][safepoint    ] Leaving safepoint region
[6.794s][info ][safepoint    ] Total time for which application threads were stopped: 0.0022218 seconds, Stopping threads took: 0.0001487 seconds
[6.843s][info ][safepoint    ] Application time: 0.0490691 seconds
[6.844s][info ][safepoint    ] Entering safepoint region: GenCollectForAllocation
[6.844s][info ][gc,start     ] GC(21) Pause Young (Allocation Failure)
[6.844s][info ][gc,task      ] GC(21) Using 4 workers of 4 for evacuation
[6.846s][debug][gc,ref       ] GC(21) Skipped phase1 of Reference Processing due to unavailable references
[6.846s][debug][gc,ref       ] GC(21) Skipped phase2 of Reference Processing due to unavailable references
[6.846s][debug][gc,ref       ] GC(21) Skipped phase3 of Reference Processing due to unavailable references
[6.846s][debug][gc,ref       ] GC(21) Skipped phase4 of Reference Processing due to unavailable references
[6.846s][debug][gc,age       ] GC(21) Desired survivor size 15400960 bytes, new threshold 6 (max threshold 6)
[6.846s][info ][gc,heap      ] GC(21) ParNew: 241271K->526K(270976K)
[6.846s][info ][gc,heap      ] GC(21) CMS: 118830K->118852K(602112K)
[6.846s][info ][gc,metaspace ] GC(21) Metaspace: 36628K->36628K(1083392K)
[6.846s][info ][gc           ] GC(21) Pause Young (Allocation Failure) 351M->116M(852M) 2.417ms
[6.846s][info ][gc,cpu       ] GC(21) User=0.00s Sys=0.00s Real=0.00s
[6.846s][info ][safepoint    ] Leaving safepoint region
[6.846s][info ][safepoint    ] Total time for which application threads were stopped: 0.0026978 seconds, Stopping threads took: 0.0001265 seconds
[6.887s][info ][safepoint    ] Application time: 0.0406708 seconds
[6.887s][info ][safepoint    ] Entering safepoint region: GenCollectForAllocation
[6.887s][info ][gc,start     ] GC(22) Pause Young (Allocation Failure)
[6.887s][info ][gc,task      ] GC(22) Using 4 workers of 4 for evacuation
[6.889s][debug][gc,ref       ] GC(22) Skipped phase1 of Reference Processing due to unavailable references
[6.889s][debug][gc,ref       ] GC(22) Skipped phase2 of Reference Processing due to unavailable references
[6.889s][debug][gc,ref       ] GC(22) Skipped phase3 of Reference Processing due to unavailable references
[6.889s][debug][gc,ref       ] GC(22) Skipped phase4 of Reference Processing due to unavailable references
[6.889s][debug][gc,age       ] GC(22) Desired survivor size 15400960 bytes, new threshold 6 (max threshold 6)
[6.889s][info ][gc,heap      ] GC(22) ParNew: 241422K->572K(270976K)
[6.889s][info ][gc,heap      ] GC(22) CMS: 118852K->118879K(602112K)
[6.889s][info ][gc,metaspace ] GC(22) Metaspace: 36628K->36628K(1083392K)
[6.889s][info ][gc           ] GC(22) Pause Young (Allocation Failure) 351M->116M(852M) 1.874ms
[6.889s][info ][gc,cpu       ] GC(22) User=0.01s Sys=0.00s Real=0.01s
[6.889s][info ][safepoint    ] Leaving safepoint region
[6.889s][info ][safepoint    ] Total time for which application threads were stopped: 0.0021403 seconds, Stopping threads took: 0.0000887 seconds
[6.952s][info ][safepoint    ] Application time: 0.0626231 seconds
[6.952s][info ][safepoint    ] Entering safepoint region: GenCollectForAllocation
[6.952s][info ][gc,start     ] GC(23) Pause Young (Allocation Failure)
[6.952s][info ][gc,task      ] GC(23) Using 4 workers of 4 for evacuation
[6.954s][debug][gc,ref       ] GC(23) Skipped phase1 of Reference Processing due to unavailable references
[6.954s][debug][gc,ref       ] GC(23) Skipped phase2 of Reference Processing due to unavailable references
[6.954s][debug][gc,ref       ] GC(23) Skipped phase3 of Reference Processing due to unavailable references
[6.954s][debug][gc,ref       ] GC(23) Skipped phase4 of Reference Processing due to unavailable references
[6.954s][debug][gc,age       ] GC(23) Desired survivor size 15400960 bytes, new threshold 6 (max threshold 6)
[6.954s][info ][gc,heap      ] GC(23) ParNew: 241468K->419K(270976K)
[6.954s][info ][gc,heap      ] GC(23) CMS: 118879K->118945K(602112K)
[6.954s][info ][gc,metaspace ] GC(23) Metaspace: 36628K->36628K(1083392K)
[6.954s][info ][gc           ] GC(23) Pause Young (Allocation Failure) 351M->116M(852M) 2.026ms
[6.954s][info ][gc,cpu       ] GC(23) User=0.01s Sys=0.00s Real=0.00s
[6.954s][info ][safepoint    ] Leaving safepoint region
[6.954s][info ][safepoint    ] Total time for which application threads were stopped: 0.0023597 seconds, Stopping threads took: 0.0001648 seconds
[6.996s][info ][safepoint    ] Application time: 0.0424573 seconds
[6.997s][info ][safepoint    ] Entering safepoint region: GenCollectForAllocation
[6.997s][info ][gc,start     ] GC(24) Pause Young (Allocation Failure)
[6.997s][info ][gc,task      ] GC(24) Using 4 workers of 4 for evacuation
[6.998s][debug][gc,ref       ] GC(24) Skipped phase1 of Reference Processing due to unavailable references
[6.998s][debug][gc,ref       ] GC(24) Skipped phase2 of Reference Processing due to unavailable references
[6.998s][debug][gc,ref       ] GC(24) Skipped phase3 of Reference Processing due to unavailable references
[6.998s][debug][gc,ref       ] GC(24) Skipped phase4 of Reference Processing due to unavailable references
[6.999s][debug][gc,age       ] GC(24) Desired survivor size 15400960 bytes, new threshold 6 (max threshold 6)
[6.999s][info ][gc,heap      ] GC(24) ParNew: 241315K->518K(270976K)
[6.999s][info ][gc,heap      ] GC(24) CMS: 118945K->118963K(602112K)
[6.999s][info ][gc,metaspace ] GC(24) Metaspace: 36629K->36629K(1083392K)
[6.999s][info ][gc           ] GC(24) Pause Young (Allocation Failure) 351M->116M(852M) 1.871ms
[6.999s][info ][gc,cpu       ] GC(24) User=0.01s Sys=0.00s Real=0.00s
[6.999s][info ][safepoint    ] Leaving safepoint region
[6.999s][info ][safepoint    ] Total time for which application threads were stopped: 0.0021679 seconds, Stopping threads took: 0.0001345 seconds
[7.047s][info ][safepoint    ] Application time: 0.0484473 seconds
[7.047s][info ][safepoint    ] Entering safepoint region: GenCollectForAllocation
[7.047s][info ][gc,start     ] GC(25) Pause Young (Allocation Failure)
[7.047s][info ][gc,task      ] GC(25) Using 4 workers of 4 for evacuation
[7.049s][debug][gc,ref       ] GC(25) Skipped phase1 of Reference Processing due to unavailable references
[7.049s][debug][gc,ref       ] GC(25) Skipped phase2 of Reference Processing due to unavailable references
[7.049s][debug][gc,ref       ] GC(25) Skipped phase3 of Reference Processing due to unavailable references
[7.049s][debug][gc,ref       ] GC(25) Skipped phase4 of Reference Processing due to unavailable references
[7.049s][debug][gc,age       ] GC(25) Desired survivor size 15400960 bytes, new threshold 6 (max threshold 6)
[7.049s][info ][gc,heap      ] GC(25) ParNew: 241414K->508K(270976K)
[7.049s][info ][gc,heap      ] GC(25) CMS: 118963K->118996K(602112K)
[7.049s][info ][gc,metaspace ] GC(25) Metaspace: 36629K->36629K(1083392K)
[7.049s][info ][gc           ] GC(25) Pause Young (Allocation Failure) 351M->116M(852M) 1.849ms
[7.049s][info ][gc,cpu       ] GC(25) User=0.01s Sys=0.00s Real=0.01s
[7.049s][info ][safepoint    ] Leaving safepoint region
[7.049s][info ][safepoint    ] Total time for which application threads were stopped: 0.0021084 seconds, Stopping threads took: 0.0001242 seconds
[7.108s][info ][safepoint    ] Application time: 0.0588994 seconds
[7.108s][info ][safepoint    ] Entering safepoint region: GenCollectForAllocation
[7.108s][info ][gc,start     ] GC(26) Pause Young (Allocation Failure)
[7.109s][info ][gc,task      ] GC(26) Using 4 workers of 4 for evacuation
[7.110s][debug][gc,ref       ] GC(26) Skipped phase1 of Reference Processing due to unavailable references
[7.110s][debug][gc,ref       ] GC(26) Skipped phase2 of Reference Processing due to unavailable references
[7.110s][debug][gc,ref       ] GC(26) Skipped phase3 of Reference Processing due to unavailable references
[7.110s][debug][gc,ref       ] GC(26) Skipped phase4 of Reference Processing due to unavailable references
[7.111s][debug][gc,age       ] GC(26) Desired survivor size 15400960 bytes, new threshold 6 (max threshold 6)
[7.111s][info ][gc,heap      ] GC(26) ParNew: 241404K->516K(270976K)
[7.111s][info ][gc,heap      ] GC(26) CMS: 118996K->119060K(602112K)
[7.111s][info ][gc,metaspace ] GC(26) Metaspace: 36629K->36629K(1083392K)
[7.111s][info ][gc           ] GC(26) Pause Young (Allocation Failure) 351M->116M(852M) 2.094ms
[7.111s][info ][gc,cpu       ] GC(26) User=0.00s Sys=0.00s Real=0.00s
[7.111s][info ][safepoint    ] Leaving safepoint region
[7.111s][info ][safepoint    ] Total time for which application threads were stopped: 0.0024198 seconds, Stopping threads took: 0.0001447 seconds
[7.145s][info ][safepoint    ] Application time: 0.0339062 seconds
[7.145s][info ][safepoint    ] Entering safepoint region: GenCollectForAllocation
[7.145s][info ][gc,start     ] GC(27) Pause Young (Allocation Failure)
[7.145s][info ][gc,task      ] GC(27) Using 4 workers of 4 for evacuation
[7.148s][debug][gc,ref       ] GC(27) Skipped phase1 of Reference Processing due to unavailable references
[7.149s][debug][gc,ref       ] GC(27) Skipped phase2 of Reference Processing due to unavailable references
[7.149s][debug][gc,ref       ] GC(27) Skipped phase3 of Reference Processing due to unavailable references
[7.149s][debug][gc,ref       ] GC(27) Skipped phase4 of Reference Processing due to unavailable references
[7.149s][debug][gc,age       ] GC(27) Desired survivor size 15400960 bytes, new threshold 6 (max threshold 6)
[7.149s][info ][gc,heap      ] GC(27) ParNew: 241412K->533K(270976K)
[7.149s][info ][gc,heap      ] GC(27) CMS: 119060K->119097K(602112K)
[7.149s][info ][gc,metaspace ] GC(27) Metaspace: 36629K->36629K(1083392K)
[7.149s][info ][gc           ] GC(27) Pause Young (Allocation Failure) 352M->116M(852M) 3.864ms
[7.149s][info ][gc,cpu       ] GC(27) User=0.01s Sys=0.00s Real=0.01s
[7.149s][info ][safepoint    ] Leaving safepoint region
[7.149s][info ][safepoint    ] Total time for which application threads were stopped: 0.0041529 seconds, Stopping threads took: 0.0001116 seconds
[7.209s][info ][safepoint    ] Application time: 0.0602917 seconds
[7.209s][info ][safepoint    ] Entering safepoint region: GenCollectForAllocation
[7.209s][info ][gc,start     ] GC(28) Pause Young (Allocation Failure)
[7.209s][info ][gc,task      ] GC(28) Using 4 workers of 4 for evacuation
[7.211s][debug][gc,ref       ] GC(28) Skipped phase1 of Reference Processing due to unavailable references
[7.211s][debug][gc,ref       ] GC(28) Skipped phase2 of Reference Processing due to unavailable references
[7.211s][debug][gc,ref       ] GC(28) Skipped phase3 of Reference Processing due to unavailable references
[7.211s][debug][gc,ref       ] GC(28) Skipped phase4 of Reference Processing due to unavailable references
[7.211s][debug][gc,age       ] GC(28) Desired survivor size 15400960 bytes, new threshold 6 (max threshold 6)
[7.211s][info ][gc,heap      ] GC(28) ParNew: 241429K->606K(270976K)
[7.211s][info ][gc,heap      ] GC(28) CMS: 119097K->119121K(602112K)
[7.211s][info ][gc,metaspace ] GC(28) Metaspace: 36629K->36629K(1083392K)
[7.211s][info ][gc           ] GC(28) Pause Young (Allocation Failure) 352M->116M(852M) 1.933ms
[7.211s][info ][gc,cpu       ] GC(28) User=0.01s Sys=0.00s Real=0.00s
[7.211s][info ][safepoint    ] Leaving safepoint region
[7.211s][info ][safepoint    ] Total time for which application threads were stopped: 0.0022539 seconds, Stopping threads took: 0.0001599 seconds
[7.262s][info ][safepoint    ] Application time: 0.0511680 seconds
[7.263s][info ][safepoint    ] Entering safepoint region: GenCollectForAllocation
[7.263s][info ][gc,start     ] GC(29) Pause Young (Allocation Failure)
[7.263s][info ][gc,task      ] GC(29) Using 4 workers of 4 for evacuation
[7.265s][debug][gc,ref       ] GC(29) Skipped phase1 of Reference Processing due to unavailable references
[7.265s][debug][gc,ref       ] GC(29) Skipped phase2 of Reference Processing due to unavailable references
[7.265s][debug][gc,ref       ] GC(29) Skipped phase3 of Reference Processing due to unavailable references
[7.265s][debug][gc,ref       ] GC(29) Skipped phase4 of Reference Processing due to unavailable references
[7.265s][debug][gc,age       ] GC(29) Desired survivor size 15400960 bytes, new threshold 6 (max threshold 6)
[7.265s][info ][gc,heap      ] GC(29) ParNew: 241502K->540K(270976K)
[7.265s][info ][gc,heap      ] GC(29) CMS: 119121K->119188K(602112K)
[7.265s][info ][gc,metaspace ] GC(29) Metaspace: 36629K->36629K(1083392K)
[7.265s][info ][gc           ] GC(29) Pause Young (Allocation Failure) 352M->116M(852M) 2.230ms
[7.265s][info ][gc,cpu       ] GC(29) User=0.00s Sys=0.00s Real=0.00s
[7.265s][info ][safepoint    ] Leaving safepoint region
[7.265s][info ][safepoint    ] Total time for which application threads were stopped: 0.0025941 seconds, Stopping threads took: 0.0001588 seconds
[7.305s][info ][safepoint    ] Application time: 0.0398810 seconds
[7.305s][info ][safepoint    ] Entering safepoint region: GenCollectForAllocation
[7.305s][info ][gc,start     ] GC(30) Pause Young (Allocation Failure)
[7.305s][info ][gc,task      ] GC(30) Using 4 workers of 4 for evacuation
[7.307s][debug][gc,ref       ] GC(30) Skipped phase1 of Reference Processing due to unavailable references
[7.307s][debug][gc,ref       ] GC(30) Skipped phase2 of Reference Processing due to unavailable references
[7.307s][debug][gc,ref       ] GC(30) Skipped phase3 of Reference Processing due to unavailable references
[7.307s][debug][gc,ref       ] GC(30) Skipped phase4 of Reference Processing due to unavailable references
[7.307s][debug][gc,age       ] GC(30) Desired survivor size 15400960 bytes, new threshold 6 (max threshold 6)
[7.307s][info ][gc,heap      ] GC(30) ParNew: 241436K->535K(270976K)
[7.307s][info ][gc,heap      ] GC(30) CMS: 119188K->119219K(602112K)
[7.307s][info ][gc,metaspace ] GC(30) Metaspace: 36629K->36629K(1083392K)
[7.307s][info ][gc           ] GC(30) Pause Young (Allocation Failure) 352M->116M(852M) 1.875ms
[7.307s][info ][gc,cpu       ] GC(30) User=0.01s Sys=0.00s Real=0.00s
[7.307s][info ][safepoint    ] Leaving safepoint region
[7.307s][info ][safepoint    ] Total time for which application threads were stopped: 0.0022054 seconds, Stopping threads took: 0.0001659 seconds
[7.372s][info ][safepoint    ] Application time: 0.0651678 seconds
[7.373s][info ][safepoint    ] Entering safepoint region: GenCollectForAllocation
[7.373s][info ][gc,start     ] GC(31) Pause Young (Allocation Failure)
[7.373s][info ][gc,task      ] GC(31) Using 4 workers of 4 for evacuation
[7.375s][debug][gc,ref       ] GC(31) Skipped phase1 of Reference Processing due to unavailable references
[7.375s][debug][gc,ref       ] GC(31) Skipped phase2 of Reference Processing due to unavailable references
[7.375s][debug][gc,ref       ] GC(31) Skipped phase3 of Reference Processing due to unavailable references
[7.375s][debug][gc,ref       ] GC(31) Skipped phase4 of Reference Processing due to unavailable references
[7.375s][debug][gc,age       ] GC(31) Desired survivor size 15400960 bytes, new threshold 6 (max threshold 6)
[7.375s][info ][gc,heap      ] GC(31) ParNew: 241431K->516K(270976K)
[7.375s][info ][gc,heap      ] GC(31) CMS: 119219K->119269K(602112K)
[7.375s][info ][gc,metaspace ] GC(31) Metaspace: 36629K->36629K(1083392K)
[7.375s][info ][gc           ] GC(31) Pause Young (Allocation Failure) 352M->116M(852M) 2.025ms
[7.375s][info ][gc,cpu       ] GC(31) User=0.01s Sys=0.00s Real=0.00s
[7.375s][info ][safepoint    ] Leaving safepoint region
[7.375s][info ][safepoint    ] Total time for which application threads were stopped: 0.0026278 seconds, Stopping threads took: 0.0004473 seconds
[7.414s][info ][safepoint    ] Application time: 0.0387243 seconds
[7.414s][info ][safepoint    ] Entering safepoint region: GenCollectForAllocation
[7.414s][info ][gc,start     ] GC(32) Pause Young (Allocation Failure)
[7.414s][info ][gc,task      ] GC(32) Using 4 workers of 4 for evacuation
[7.418s][debug][gc,ref       ] GC(32) Skipped phase1 of Reference Processing due to unavailable references
[7.418s][debug][gc,ref       ] GC(32) Skipped phase2 of Reference Processing due to unavailable references
[7.418s][debug][gc,ref       ] GC(32) Skipped phase3 of Reference Processing due to unavailable references
[7.418s][debug][gc,ref       ] GC(32) Skipped phase4 of Reference Processing due to unavailable references
[7.418s][debug][gc,age       ] GC(32) Desired survivor size 15400960 bytes, new threshold 6 (max threshold 6)
[7.418s][info ][gc,heap      ] GC(32) ParNew: 241412K->434K(270976K)
[7.418s][info ][gc,heap      ] GC(32) CMS: 119269K->119324K(602112K)
[7.418s][info ][gc,metaspace ] GC(32) Metaspace: 36629K->36629K(1083392K)
[7.418s][info ][gc           ] GC(32) Pause Young (Allocation Failure) 352M->116M(852M) 4.140ms
[7.418s][info ][gc,cpu       ] GC(32) User=0.01s Sys=0.00s Real=0.01s
[7.418s][info ][safepoint    ] Leaving safepoint region
[7.418s][info ][safepoint    ] Total time for which application threads were stopped: 0.0044208 seconds, Stopping threads took: 0.0001284 seconds
[7.467s][info ][safepoint    ] Application time: 0.0489949 seconds
[7.467s][info ][safepoint    ] Entering safepoint region: GenCollectForAllocation
[7.468s][info ][gc,start     ] GC(33) Pause Young (Allocation Failure)
[7.468s][info ][gc,task      ] GC(33) Using 4 workers of 4 for evacuation
[7.469s][debug][gc,ref       ] GC(33) Skipped phase1 of Reference Processing due to unavailable references
[7.469s][debug][gc,ref       ] GC(33) Skipped phase2 of Reference Processing due to unavailable references
[7.469s][debug][gc,ref       ] GC(33) Skipped phase3 of Reference Processing due to unavailable references
[7.469s][debug][gc,ref       ] GC(33) Skipped phase4 of Reference Processing due to unavailable references
[7.469s][debug][gc,age       ] GC(33) Desired survivor size 15400960 bytes, new threshold 6 (max threshold 6)
[7.470s][info ][gc,heap      ] GC(33) ParNew: 241330K->515K(270976K)
[7.470s][info ][gc,heap      ] GC(33) CMS: 119324K->119339K(602112K)
[7.470s][info ][gc,metaspace ] GC(33) Metaspace: 36629K->36629K(1083392K)
[7.470s][info ][gc           ] GC(33) Pause Young (Allocation Failure) 352M->117M(852M) 1.937ms
[7.470s][info ][gc,cpu       ] GC(33) User=0.00s Sys=0.00s Real=0.01s
[7.470s][info ][safepoint    ] Leaving safepoint region
[7.470s][info ][safepoint    ] Total time for which application threads were stopped: 0.0022521 seconds, Stopping threads took: 0.0001642 seconds
[7.524s][info ][safepoint    ] Application time: 0.0540951 seconds
[7.524s][info ][safepoint    ] Entering safepoint region: GenCollectForAllocation
[7.524s][info ][gc,start     ] GC(34) Pause Young (Allocation Failure)
[7.524s][info ][gc,task      ] GC(34) Using 4 workers of 4 for evacuation
[7.526s][debug][gc,ref       ] GC(34) Skipped phase1 of Reference Processing due to unavailable references
[7.527s][debug][gc,ref       ] GC(34) Skipped phase2 of Reference Processing due to unavailable references
[7.527s][debug][gc,ref       ] GC(34) Skipped phase3 of Reference Processing due to unavailable references
[7.527s][debug][gc,ref       ] GC(34) Skipped phase4 of Reference Processing due to unavailable references
[7.527s][debug][gc,age       ] GC(34) Desired survivor size 15400960 bytes, new threshold 6 (max threshold 6)
[7.527s][info ][gc,heap      ] GC(34) ParNew: 241411K->542K(270976K)
[7.527s][info ][gc,heap      ] GC(34) CMS: 119339K->119404K(602112K)
[7.527s][info ][gc,metaspace ] GC(34) Metaspace: 36629K->36629K(1083392K)
[7.527s][info ][gc           ] GC(34) Pause Young (Allocation Failure) 352M->117M(852M) 2.758ms
[7.527s][info ][gc,cpu       ] GC(34) User=0.01s Sys=0.00s Real=0.00s
[7.527s][info ][safepoint    ] Leaving safepoint region
[7.527s][info ][safepoint    ] Total time for which application threads were stopped: 0.0030300 seconds, Stopping threads took: 0.0001012 seconds
[7.563s][info ][safepoint    ] Application time: 0.0360649 seconds
[7.563s][info ][safepoint    ] Entering safepoint region: GenCollectForAllocation
[7.563s][info ][gc,start     ] GC(35) Pause Young (Allocation Failure)
[7.563s][info ][gc,task      ] GC(35) Using 4 workers of 4 for evacuation
[7.565s][debug][gc,ref       ] GC(35) Skipped phase1 of Reference Processing due to unavailable references
[7.565s][debug][gc,ref       ] GC(35) Skipped phase2 of Reference Processing due to unavailable references
[7.565s][debug][gc,ref       ] GC(35) Skipped phase3 of Reference Processing due to unavailable references
[7.565s][debug][gc,ref       ] GC(35) Skipped phase4 of Reference Processing due to unavailable references
[7.565s][debug][gc,age       ] GC(35) Desired survivor size 15400960 bytes, new threshold 6 (max threshold 6)
[7.565s][info ][gc,heap      ] GC(35) ParNew: 241438K->543K(270976K)
[7.565s][info ][gc,heap      ] GC(35) CMS: 119404K->119444K(602112K)
[7.565s][info ][gc,metaspace ] GC(35) Metaspace: 36629K->36629K(1083392K)
[7.565s][info ][gc           ] GC(35) Pause Young (Allocation Failure) 352M->117M(852M) 1.904ms
[7.565s][info ][gc,cpu       ] GC(35) User=0.00s Sys=0.00s Real=0.00s
[7.565s][info ][safepoint    ] Leaving safepoint region
[7.565s][info ][safepoint    ] Total time for which application threads were stopped: 0.0023063 seconds, Stopping threads took: 0.0002390 seconds
[7.627s][info ][safepoint    ] Application time: 0.0616766 seconds
[7.627s][info ][safepoint    ] Entering safepoint region: GenCollectForAllocation
[7.627s][info ][gc,start     ] GC(36) Pause Young (Allocation Failure)
[7.627s][info ][gc,task      ] GC(36) Using 4 workers of 4 for evacuation
[7.629s][debug][gc,ref       ] GC(36) Skipped phase1 of Reference Processing due to unavailable references
[7.629s][debug][gc,ref       ] GC(36) Skipped phase2 of Reference Processing due to unavailable references
[7.629s][debug][gc,ref       ] GC(36) Skipped phase3 of Reference Processing due to unavailable references
[7.629s][debug][gc,ref       ] GC(36) Skipped phase4 of Reference Processing due to unavailable references
[7.629s][debug][gc,age       ] GC(36) Desired survivor size 15400960 bytes, new threshold 6 (max threshold 6)
[7.629s][info ][gc,heap      ] GC(36) ParNew: 241439K->610K(270976K)
[7.629s][info ][gc,heap      ] GC(36) CMS: 119444K->119471K(602112K)
[7.629s][info ][gc,metaspace ] GC(36) Metaspace: 36629K->36629K(1083392K)
[7.629s][info ][gc           ] GC(36) Pause Young (Allocation Failure) 352M->117M(852M) 1.918ms
[7.629s][info ][gc,cpu       ] GC(36) User=0.01s Sys=0.00s Real=0.01s
[7.629s][info ][safepoint    ] Leaving safepoint region
[7.629s][info ][safepoint    ] Total time for which application threads were stopped: 0.0023036 seconds, Stopping threads took: 0.0001828 seconds
[7.670s][info ][safepoint    ] Application time: 0.0411401 seconds
[7.670s][info ][safepoint    ] Entering safepoint region: GenCollectForAllocation
[7.671s][info ][gc,start     ] GC(37) Pause Young (Allocation Failure)
[7.671s][info ][gc,task      ] GC(37) Using 4 workers of 4 for evacuation
[7.672s][debug][gc,ref       ] GC(37) Skipped phase1 of Reference Processing due to unavailable references
[7.672s][debug][gc,ref       ] GC(37) Skipped phase2 of Reference Processing due to unavailable references
[7.672s][debug][gc,ref       ] GC(37) Skipped phase3 of Reference Processing due to unavailable references
[7.672s][debug][gc,ref       ] GC(37) Skipped phase4 of Reference Processing due to unavailable references
[7.673s][debug][gc,age       ] GC(37) Desired survivor size 15400960 bytes, new threshold 6 (max threshold 6)
[7.673s][info ][gc,heap      ] GC(37) ParNew: 241506K->559K(270976K)
[7.673s][info ][gc,heap      ] GC(37) CMS: 119471K->119545K(602112K)
[7.673s][info ][gc,metaspace ] GC(37) Metaspace: 36629K->36629K(1083392K)
[7.673s][info ][gc           ] GC(37) Pause Young (Allocation Failure) 352M->117M(852M) 2.051ms
[7.673s][info ][gc,cpu       ] GC(37) User=0.00s Sys=0.00s Real=0.00s
[7.673s][info ][safepoint    ] Leaving safepoint region
[7.673s][info ][safepoint    ] Total time for which application threads were stopped: 0.0023337 seconds, Stopping threads took: 0.0001372 seconds
[7.720s][info ][safepoint    ] Application time: 0.0477871 seconds
[7.721s][info ][safepoint    ] Entering safepoint region: GenCollectForAllocation
[7.721s][info ][gc,start     ] GC(38) Pause Young (Allocation Failure)
[7.721s][info ][gc,task      ] GC(38) Using 4 workers of 4 for evacuation
[7.723s][debug][gc,ref       ] GC(38) Skipped phase1 of Reference Processing due to unavailable references
[7.723s][debug][gc,ref       ] GC(38) Skipped phase2 of Reference Processing due to unavailable references
[7.723s][debug][gc,ref       ] GC(38) Skipped phase3 of Reference Processing due to unavailable references
[7.723s][debug][gc,ref       ] GC(38) Skipped phase4 of Reference Processing due to unavailable references
[7.723s][debug][gc,age       ] GC(38) Desired survivor size 15400960 bytes, new threshold 6 (max threshold 6)
[7.723s][info ][gc,heap      ] GC(38) ParNew: 241455K->383K(270976K)
[7.723s][info ][gc,heap      ] GC(38) CMS: 119545K->119574K(602112K)
[7.723s][info ][gc,metaspace ] GC(38) Metaspace: 36634K->36634K(1083392K)
[7.723s][info ][gc           ] GC(38) Pause Young (Allocation Failure) 352M->117M(852M) 1.888ms
[7.723s][info ][gc,cpu       ] GC(38) User=0.00s Sys=0.00s Real=0.00s
[7.723s][info ][safepoint    ] Leaving safepoint region
[7.723s][info ][safepoint    ] Total time for which application threads were stopped: 0.0022844 seconds, Stopping threads took: 0.0002450 seconds
[7.781s][info ][safepoint    ] Application time: 0.0577690 seconds
[7.781s][info ][safepoint    ] Entering safepoint region: GenCollectForAllocation
[7.781s][info ][gc,start     ] GC(39) Pause Young (Allocation Failure)
[7.781s][info ][gc,task      ] GC(39) Using 4 workers of 4 for evacuation
[7.783s][debug][gc,ref       ] GC(39) Skipped phase1 of Reference Processing due to unavailable references
[7.783s][debug][gc,ref       ] GC(39) Skipped phase2 of Reference Processing due to unavailable references
[7.783s][debug][gc,ref       ] GC(39) Skipped phase3 of Reference Processing due to unavailable references
[7.783s][debug][gc,ref       ] GC(39) Skipped phase4 of Reference Processing due to unavailable references
[7.783s][debug][gc,age       ] GC(39) Desired survivor size 15400960 bytes, new threshold 6 (max threshold 6)
[7.783s][info ][gc,heap      ] GC(39) ParNew: 241279K->549K(270976K)
[7.783s][info ][gc,heap      ] GC(39) CMS: 119574K->119626K(602112K)
[7.783s][info ][gc,metaspace ] GC(39) Metaspace: 36636K->36636K(1083392K)
[7.783s][info ][gc           ] GC(39) Pause Young (Allocation Failure) 352M->117M(852M) 1.900ms
[7.783s][info ][gc,cpu       ] GC(39) User=0.00s Sys=0.00s Real=0.00s
[7.783s][info ][safepoint    ] Leaving safepoint region
[7.783s][info ][safepoint    ] Total time for which application threads were stopped: 0.0020870 seconds, Stopping threads took: 0.0000158 seconds
[7.822s][info ][safepoint    ] Application time: 0.0392824 seconds
[7.822s][info ][safepoint    ] Entering safepoint region: GenCollectForAllocation
[7.822s][info ][gc,start     ] GC(40) Pause Young (Allocation Failure)
[7.822s][info ][gc,task      ] GC(40) Using 4 workers of 4 for evacuation
[7.824s][debug][gc,ref       ] GC(40) Skipped phase1 of Reference Processing due to unavailable references
[7.824s][debug][gc,ref       ] GC(40) Skipped phase2 of Reference Processing due to unavailable references
[7.824s][debug][gc,ref       ] GC(40) Skipped phase3 of Reference Processing due to unavailable references
[7.824s][debug][gc,ref       ] GC(40) Skipped phase4 of Reference Processing due to unavailable references
[7.824s][debug][gc,age       ] GC(40) Desired survivor size 15400960 bytes, new threshold 6 (max threshold 6)
[7.824s][info ][gc,heap      ] GC(40) ParNew: 241445K->511K(270976K)
[7.824s][info ][gc,heap      ] GC(40) CMS: 119626K->119670K(602112K)
[7.824s][info ][gc,metaspace ] GC(40) Metaspace: 36636K->36636K(1083392K)
[7.824s][info ][gc           ] GC(40) Pause Young (Allocation Failure) 352M->117M(852M) 2.011ms
[7.824s][info ][gc,cpu       ] GC(40) User=0.00s Sys=0.00s Real=0.00s
[7.824s][info ][safepoint    ] Leaving safepoint region
[7.825s][info ][safepoint    ] Total time for which application threads were stopped: 0.0024729 seconds, Stopping threads took: 0.0002870 seconds
[7.887s][info ][safepoint    ] Application time: 0.0623570 seconds
[7.887s][info ][safepoint    ] Entering safepoint region: GenCollectForAllocation
[7.887s][info ][gc,start     ] GC(41) Pause Young (Allocation Failure)
[7.887s][info ][gc,task      ] GC(41) Using 4 workers of 4 for evacuation
[7.889s][debug][gc,ref       ] GC(41) Skipped phase1 of Reference Processing due to unavailable references
[7.889s][debug][gc,ref       ] GC(41) Skipped phase2 of Reference Processing due to unavailable references
[7.889s][debug][gc,ref       ] GC(41) Skipped phase3 of Reference Processing due to unavailable references
[7.889s][debug][gc,ref       ] GC(41) Skipped phase4 of Reference Processing due to unavailable references
[7.889s][debug][gc,age       ] GC(41) Desired survivor size 15400960 bytes, new threshold 6 (max threshold 6)
[7.889s][info ][gc,heap      ] GC(41) ParNew: 241407K->590K(270976K)
[7.889s][info ][gc,heap      ] GC(41) CMS: 119670K->119689K(602112K)
[7.889s][info ][gc,metaspace ] GC(41) Metaspace: 36636K->36636K(1083392K)
[7.889s][info ][gc           ] GC(41) Pause Young (Allocation Failure) 352M->117M(852M) 1.941ms
[7.889s][info ][gc,cpu       ] GC(41) User=0.00s Sys=0.00s Real=0.01s
[7.889s][info ][safepoint    ] Leaving safepoint region
[7.889s][info ][safepoint    ] Total time for which application threads were stopped: 0.0023683 seconds, Stopping threads took: 0.0002548 seconds
[7.931s][info ][safepoint    ] Application time: 0.0413810 seconds
[7.931s][info ][safepoint    ] Entering safepoint region: GenCollectForAllocation
[7.931s][info ][gc,start     ] GC(42) Pause Young (Allocation Failure)
[7.931s][info ][gc,task      ] GC(42) Using 4 workers of 4 for evacuation
[7.933s][debug][gc,ref       ] GC(42) Skipped phase1 of Reference Processing due to unavailable references
[7.933s][debug][gc,ref       ] GC(42) Skipped phase2 of Reference Processing due to unavailable references
[7.933s][debug][gc,ref       ] GC(42) Skipped phase3 of Reference Processing due to unavailable references
[7.933s][debug][gc,ref       ] GC(42) Skipped phase4 of Reference Processing due to unavailable references
[7.933s][debug][gc,age       ] GC(42) Desired survivor size 15400960 bytes, new threshold 6 (max threshold 6)
[7.933s][info ][gc,heap      ] GC(42) ParNew: 241486K->538K(270976K)
[7.933s][info ][gc,heap      ] GC(42) CMS: 119689K->119761K(602112K)
[7.933s][info ][gc,metaspace ] GC(42) Metaspace: 36636K->36636K(1083392K)
[7.933s][info ][gc           ] GC(42) Pause Young (Allocation Failure) 352M->117M(852M) 2.227ms
[7.933s][info ][gc,cpu       ] GC(42) User=0.01s Sys=0.00s Real=0.00s
[7.933s][info ][safepoint    ] Leaving safepoint region
[7.933s][info ][safepoint    ] Total time for which application threads were stopped: 0.0025072 seconds, Stopping threads took: 0.0001103 seconds
[7.980s][info ][safepoint    ] Application time: 0.0472111 seconds
[7.981s][info ][safepoint    ] Entering safepoint region: GenCollectForAllocation
[7.981s][info ][gc,start     ] GC(43) Pause Young (Allocation Failure)
[7.981s][info ][gc,task      ] GC(43) Using 4 workers of 4 for evacuation
[7.983s][debug][gc,ref       ] GC(43) Skipped phase1 of Reference Processing due to unavailable references
[7.983s][debug][gc,ref       ] GC(43) Skipped phase2 of Reference Processing due to unavailable references
[7.983s][debug][gc,ref       ] GC(43) Skipped phase3 of Reference Processing due to unavailable references
[7.983s][debug][gc,ref       ] GC(43) Skipped phase4 of Reference Processing due to unavailable references
[7.983s][debug][gc,age       ] GC(43) Desired survivor size 15400960 bytes, new threshold 6 (max threshold 6)
[7.983s][info ][gc,heap      ] GC(43) ParNew: 241434K->519K(270976K)
[7.983s][info ][gc,heap      ] GC(43) CMS: 119761K->119792K(602112K)
[7.983s][info ][gc,metaspace ] GC(43) Metaspace: 36636K->36636K(1083392K)
[7.983s][info ][gc           ] GC(43) Pause Young (Allocation Failure) 352M->117M(852M) 1.984ms
[7.983s][info ][gc,cpu       ] GC(43) User=0.00s Sys=0.00s Real=0.00s
[7.983s][info ][safepoint    ] Leaving safepoint region
[7.983s][info ][safepoint    ] Total time for which application threads were stopped: 0.0023017 seconds, Stopping threads took: 0.0001544 seconds
[8.036s][info ][safepoint    ] Application time: 0.0528724 seconds
[8.036s][info ][safepoint    ] Entering safepoint region: GenCollectForAllocation
[8.036s][info ][gc,start     ] GC(44) Pause Young (Allocation Failure)
[8.036s][info ][gc,task      ] GC(44) Using 4 workers of 4 for evacuation
[8.038s][debug][gc,ref       ] GC(44) Skipped phase1 of Reference Processing due to unavailable references
[8.038s][debug][gc,ref       ] GC(44) Skipped phase2 of Reference Processing due to unavailable references
[8.038s][debug][gc,ref       ] GC(44) Skipped phase3 of Reference Processing due to unavailable references
[8.038s][debug][gc,ref       ] GC(44) Skipped phase4 of Reference Processing due to unavailable references
[8.038s][debug][gc,age       ] GC(44) Desired survivor size 15400960 bytes, new threshold 6 (max threshold 6)
[8.038s][info ][gc,heap      ] GC(44) ParNew: 241415K->614K(270976K)
[8.038s][info ][gc,heap      ] GC(44) CMS: 119792K->119844K(602112K)
[8.038s][info ][gc,metaspace ] GC(44) Metaspace: 36636K->36636K(1083392K)
[8.038s][info ][gc           ] GC(44) Pause Young (Allocation Failure) 352M->117M(852M) 2.060ms
[8.038s][info ][gc,cpu       ] GC(44) User=0.01s Sys=0.00s Real=0.01s
[8.038s][info ][safepoint    ] Leaving safepoint region
[8.038s][info ][safepoint    ] Total time for which application threads were stopped: 0.0024037 seconds, Stopping threads took: 0.0001378 seconds
[8.083s][info ][safepoint    ] Application time: 0.0451570 seconds
[8.083s][info ][safepoint    ] Entering safepoint region: GenCollectForAllocation
[8.084s][info ][gc,start     ] GC(45) Pause Young (Allocation Failure)
[8.084s][info ][gc,task      ] GC(45) Using 4 workers of 4 for evacuation
[8.085s][debug][gc,ref       ] GC(45) Skipped phase1 of Reference Processing due to unavailable references
[8.085s][debug][gc,ref       ] GC(45) Skipped phase2 of Reference Processing due to unavailable references
[8.085s][debug][gc,ref       ] GC(45) Skipped phase3 of Reference Processing due to unavailable references
[8.085s][debug][gc,ref       ] GC(45) Skipped phase4 of Reference Processing due to unavailable references
[8.086s][debug][gc,age       ] GC(45) Desired survivor size 15400960 bytes, new threshold 6 (max threshold 6)
[8.086s][info ][gc,heap      ] GC(45) ParNew: 241510K->500K(270976K)
[8.086s][info ][gc,heap      ] GC(45) CMS: 119844K->119885K(602112K)
[8.086s][info ][gc,metaspace ] GC(45) Metaspace: 36636K->36636K(1083392K)
[8.086s][info ][gc           ] GC(45) Pause Young (Allocation Failure) 352M->117M(852M) 2.027ms
[8.086s][info ][gc,cpu       ] GC(45) User=0.00s Sys=0.00s Real=0.00s
[8.086s][info ][safepoint    ] Leaving safepoint region
[8.086s][info ][safepoint    ] Total time for which application threads were stopped: 0.0023171 seconds, Stopping threads took: 0.0001360 seconds
[8.136s][info ][safepoint    ] Application time: 0.0505363 seconds
[8.136s][info ][safepoint    ] Entering safepoint region: GenCollectForAllocation
[8.136s][info ][gc,start     ] GC(46) Pause Young (Allocation Failure)
[8.137s][info ][gc,task      ] GC(46) Using 4 workers of 4 for evacuation
[8.138s][debug][gc,ref       ] GC(46) Skipped phase1 of Reference Processing due to unavailable references
[8.138s][debug][gc,ref       ] GC(46) Skipped phase2 of Reference Processing due to unavailable references
[8.138s][debug][gc,ref       ] GC(46) Skipped phase3 of Reference Processing due to unavailable references
[8.138s][debug][gc,ref       ] GC(46) Skipped phase4 of Reference Processing due to unavailable references
[8.138s][debug][gc,age       ] GC(46) Desired survivor size 15400960 bytes, new threshold 6 (max threshold 6)
[8.138s][info ][gc,heap      ] GC(46) ParNew: 241396K->579K(270976K)
[8.138s][info ][gc,heap      ] GC(46) CMS: 119885K->119916K(602112K)
[8.138s][info ][gc,metaspace ] GC(46) Metaspace: 36636K->36636K(1083392K)
[8.138s][info ][gc           ] GC(46) Pause Young (Allocation Failure) 352M->117M(852M) 1.913ms
[8.138s][info ][gc,cpu       ] GC(46) User=0.01s Sys=0.00s Real=0.00s
[8.138s][info ][safepoint    ] Leaving safepoint region
[8.138s][info ][safepoint    ] Total time for which application threads were stopped: 0.0022548 seconds, Stopping threads took: 0.0001587 seconds
[8.182s][info ][safepoint    ] Application time: 0.0437282 seconds
[8.182s][info ][safepoint    ] Entering safepoint region: GenCollectForAllocation
[8.183s][info ][gc,start     ] GC(47) Pause Young (Allocation Failure)
[8.183s][info ][gc,task      ] GC(47) Using 4 workers of 4 for evacuation
[8.185s][debug][gc,ref       ] GC(47) Skipped phase1 of Reference Processing due to unavailable references
[8.185s][debug][gc,ref       ] GC(47) Skipped phase2 of Reference Processing due to unavailable references
[8.185s][debug][gc,ref       ] GC(47) Skipped phase3 of Reference Processing due to unavailable references
[8.185s][debug][gc,ref       ] GC(47) Skipped phase4 of Reference Processing due to unavailable references
[8.185s][debug][gc,age       ] GC(47) Desired survivor size 15400960 bytes, new threshold 6 (max threshold 6)
[8.185s][info ][gc,heap      ] GC(47) ParNew: 241475K->550K(270976K)
[8.185s][info ][gc,heap      ] GC(47) CMS: 119916K->119983K(602112K)
[8.185s][info ][gc,metaspace ] GC(47) Metaspace: 36636K->36636K(1083392K)
[8.185s][info ][gc           ] GC(47) Pause Young (Allocation Failure) 352M->117M(852M) 2.233ms
[8.185s][info ][gc,cpu       ] GC(47) User=0.01s Sys=0.00s Real=0.00s
[8.185s][info ][safepoint    ] Leaving safepoint region
[8.185s][info ][safepoint    ] Total time for which application threads were stopped: 0.0026871 seconds, Stopping threads took: 0.0002721 seconds
[8.243s][info ][safepoint    ] Application time: 0.0576509 seconds
[8.243s][info ][safepoint    ] Entering safepoint region: GenCollectForAllocation
[8.243s][info ][gc,start     ] GC(48) Pause Young (Allocation Failure)
[8.243s][info ][gc,task      ] GC(48) Using 4 workers of 4 for evacuation
[8.245s][debug][gc,ref       ] GC(48) Skipped phase1 of Reference Processing due to unavailable references
[8.245s][debug][gc,ref       ] GC(48) Skipped phase2 of Reference Processing due to unavailable references
[8.245s][debug][gc,ref       ] GC(48) Skipped phase3 of Reference Processing due to unavailable references
[8.245s][debug][gc,ref       ] GC(48) Skipped phase4 of Reference Processing due to unavailable references
[8.245s][debug][gc,age       ] GC(48) Desired survivor size 15400960 bytes, new threshold 6 (max threshold 6)
[8.245s][info ][gc,heap      ] GC(48) ParNew: 241446K->557K(270976K)
[8.245s][info ][gc,heap      ] GC(48) CMS: 119983K->120015K(602112K)
[8.245s][info ][gc,metaspace ] GC(48) Metaspace: 36636K->36636K(1083392K)
[8.245s][info ][gc           ] GC(48) Pause Young (Allocation Failure) 352M->117M(852M) 1.975ms
[8.245s][info ][gc,cpu       ] GC(48) User=0.00s Sys=0.00s Real=0.00s
[8.245s][info ][safepoint    ] Leaving safepoint region
[8.245s][info ][safepoint    ] Total time for which application threads were stopped: 0.0022897 seconds, Stopping threads took: 0.0001439 seconds
[8.286s][info ][safepoint    ] Application time: 0.0406817 seconds
[8.286s][info ][safepoint    ] Entering safepoint region: GenCollectForAllocation
[8.286s][info ][gc,start     ] GC(49) Pause Young (Allocation Failure)
[8.286s][info ][gc,task      ] GC(49) Using 4 workers of 4 for evacuation
[8.288s][debug][gc,ref       ] GC(49) Skipped phase1 of Reference Processing due to unavailable references
[8.288s][debug][gc,ref       ] GC(49) Skipped phase2 of Reference Processing due to unavailable references
[8.288s][debug][gc,ref       ] GC(49) Skipped phase3 of Reference Processing due to unavailable references
[8.288s][debug][gc,ref       ] GC(49) Skipped phase4 of Reference Processing due to unavailable references
[8.288s][debug][gc,age       ] GC(49) Desired survivor size 15400960 bytes, new threshold 6 (max threshold 6)
[8.288s][info ][gc,heap      ] GC(49) ParNew: 241453K->657K(270976K)
[8.288s][info ][gc,heap      ] GC(49) CMS: 120015K->120071K(602112K)
[8.288s][info ][gc,metaspace ] GC(49) Metaspace: 36636K->36636K(1083392K)
[8.288s][info ][gc           ] GC(49) Pause Young (Allocation Failure) 352M->117M(852M) 2.395ms
[8.288s][info ][gc,cpu       ] GC(49) User=0.01s Sys=0.00s Real=0.00s
[8.288s][info ][safepoint    ] Leaving safepoint region
[8.288s][info ][safepoint    ] Total time for which application threads were stopped: 0.0027657 seconds, Stopping threads took: 0.0001755 seconds
[8.349s][info ][safepoint    ] Application time: 0.0605804 seconds
[8.350s][info ][safepoint    ] Entering safepoint region: GenCollectForAllocation
[8.350s][info ][gc,start     ] GC(50) Pause Young (Allocation Failure)
[8.350s][info ][gc,task      ] GC(50) Using 4 workers of 4 for evacuation
[8.352s][debug][gc,ref       ] GC(50) Skipped phase1 of Reference Processing due to unavailable references
[8.352s][debug][gc,ref       ] GC(50) Skipped phase2 of Reference Processing due to unavailable references
[8.352s][debug][gc,ref       ] GC(50) Skipped phase3 of Reference Processing due to unavailable references
[8.352s][debug][gc,ref       ] GC(50) Skipped phase4 of Reference Processing due to unavailable references
[8.352s][debug][gc,age       ] GC(50) Desired survivor size 15400960 bytes, new threshold 6 (max threshold 6)
[8.352s][info ][gc,heap      ] GC(50) ParNew: 241553K->468K(270976K)
[8.352s][info ][gc,heap      ] GC(50) CMS: 120071K->120121K(602112K)
[8.352s][info ][gc,metaspace ] GC(50) Metaspace: 36637K->36637K(1083392K)
[8.352s][info ][gc           ] GC(50) Pause Young (Allocation Failure) 353M->117M(852M) 2.126ms
[8.352s][info ][gc,cpu       ] GC(50) User=0.01s Sys=0.00s Real=0.00s
[8.352s][info ][safepoint    ] Leaving safepoint region
[8.352s][info ][safepoint    ] Total time for which application threads were stopped: 0.0027042 seconds, Stopping threads took: 0.0004079 seconds
[8.394s][info ][safepoint    ] Application time: 0.0425808 seconds
[8.395s][info ][safepoint    ] Entering safepoint region: GenCollectForAllocation
[8.395s][info ][gc,start     ] GC(51) Pause Young (Allocation Failure)
[8.395s][info ][gc,task      ] GC(51) Using 4 workers of 4 for evacuation
[8.397s][debug][gc,ref       ] GC(51) Skipped phase1 of Reference Processing due to unavailable references
[8.397s][debug][gc,ref       ] GC(51) Skipped phase2 of Reference Processing due to unavailable references
[8.397s][debug][gc,ref       ] GC(51) Skipped phase3 of Reference Processing due to unavailable references
[8.397s][debug][gc,ref       ] GC(51) Skipped phase4 of Reference Processing due to unavailable references
[8.397s][debug][gc,age       ] GC(51) Desired survivor size 15400960 bytes, new threshold 6 (max threshold 6)
[8.397s][info ][gc,heap      ] GC(51) ParNew: 241364K->589K(270976K)
[8.397s][info ][gc,heap      ] GC(51) CMS: 120121K->120170K(602112K)
[8.397s][info ][gc,metaspace ] GC(51) Metaspace: 36637K->36637K(1083392K)
[8.397s][info ][gc           ] GC(51) Pause Young (Allocation Failure) 353M->117M(852M) 2.085ms
[8.397s][info ][gc,cpu       ] GC(51) User=0.01s Sys=0.00s Real=0.01s
[8.397s][info ][safepoint    ] Leaving safepoint region
[8.397s][info ][safepoint    ] Total time for which application threads were stopped: 0.0023211 seconds, Stopping threads took: 0.0000788 seconds
[8.453s][info ][safepoint    ] Application time: 0.0565541 seconds
[8.454s][info ][safepoint    ] Entering safepoint region: GenCollectForAllocation
[8.454s][info ][gc,start     ] GC(52) Pause Young (Allocation Failure)
[8.454s][info ][gc,task      ] GC(52) Using 4 workers of 4 for evacuation
[8.456s][debug][gc,ref       ] GC(52) Skipped phase1 of Reference Processing due to unavailable references
[8.456s][debug][gc,ref       ] GC(52) Skipped phase2 of Reference Processing due to unavailable references
[8.456s][debug][gc,ref       ] GC(52) Skipped phase3 of Reference Processing due to unavailable references
[8.456s][debug][gc,ref       ] GC(52) Skipped phase4 of Reference Processing due to unavailable references
[8.456s][debug][gc,age       ] GC(52) Desired survivor size 15400960 bytes, new threshold 6 (max threshold 6)
[8.456s][info ][gc,heap      ] GC(52) ParNew: 241485K->562K(270976K)
[8.456s][info ][gc,heap      ] GC(52) CMS: 120170K->120211K(602112K)
[8.456s][info ][gc,metaspace ] GC(52) Metaspace: 36639K->36639K(1083392K)
[8.456s][info ][gc           ] GC(52) Pause Young (Allocation Failure) 353M->117M(852M) 2.396ms
[8.456s][info ][gc,cpu       ] GC(52) User=0.01s Sys=0.00s Real=0.00s
[8.456s][info ][safepoint    ] Leaving safepoint region
[8.456s][info ][safepoint    ] Total time for which application threads were stopped: 0.0027282 seconds, Stopping threads took: 0.0001448 seconds
[8.494s][info ][safepoint    ] Application time: 0.0374311 seconds
[8.494s][info ][safepoint    ] Entering safepoint region: GenCollectForAllocation
[8.494s][info ][gc,start     ] GC(53) Pause Young (Allocation Failure)
[8.494s][info ][gc,task      ] GC(53) Using 4 workers of 4 for evacuation
[8.496s][debug][gc,ref       ] GC(53) Skipped phase1 of Reference Processing due to unavailable references
[8.496s][debug][gc,ref       ] GC(53) Skipped phase2 of Reference Processing due to unavailable references
[8.496s][debug][gc,ref       ] GC(53) Skipped phase3 of Reference Processing due to unavailable references
[8.496s][debug][gc,ref       ] GC(53) Skipped phase4 of Reference Processing due to unavailable references
[8.496s][debug][gc,age       ] GC(53) Desired survivor size 15400960 bytes, new threshold 6 (max threshold 6)
[8.496s][info ][gc,heap      ] GC(53) ParNew: 241458K->572K(270976K)
[8.496s][info ][gc,heap      ] GC(53) CMS: 120211K->120260K(602112K)
[8.496s][info ][gc,metaspace ] GC(53) Metaspace: 36647K->36647K(1083392K)
[8.496s][info ][gc           ] GC(53) Pause Young (Allocation Failure) 353M->118M(852M) 1.956ms
[8.496s][info ][gc,cpu       ] GC(53) User=0.00s Sys=0.00s Real=0.00s
[8.496s][info ][safepoint    ] Leaving safepoint region
[8.496s][info ][safepoint    ] Total time for which application threads were stopped: 0.0022763 seconds, Stopping threads took: 0.0001605 seconds
[8.554s][info ][safepoint    ] Application time: 0.0584162 seconds
[8.554s][info ][safepoint    ] Entering safepoint region: GenCollectForAllocation
[8.555s][info ][gc,start     ] GC(54) Pause Young (Allocation Failure)
[8.555s][info ][gc,task      ] GC(54) Using 4 workers of 4 for evacuation
[8.557s][debug][gc,ref       ] GC(54) Skipped phase1 of Reference Processing due to unavailable references
[8.557s][debug][gc,ref       ] GC(54) Skipped phase2 of Reference Processing due to unavailable references
[8.557s][debug][gc,ref       ] GC(54) Skipped phase3 of Reference Processing due to unavailable references
[8.557s][debug][gc,ref       ] GC(54) Skipped phase4 of Reference Processing due to unavailable references
[8.557s][debug][gc,age       ] GC(54) Desired survivor size 15400960 bytes, new threshold 6 (max threshold 6)
[8.557s][info ][gc,heap      ] GC(54) ParNew: 241468K->654K(270976K)
[8.557s][info ][gc,heap      ] GC(54) CMS: 120260K->120320K(602112K)
[8.557s][info ][gc,metaspace ] GC(54) Metaspace: 36653K->36653K(1083392K)
[8.557s][info ][gc           ] GC(54) Pause Young (Allocation Failure) 353M->118M(852M) 2.174ms
[8.557s][info ][gc,cpu       ] GC(54) User=0.00s Sys=0.00s Real=0.01s
[8.557s][info ][safepoint    ] Leaving safepoint region
[8.557s][info ][safepoint    ] Total time for which application threads were stopped: 0.0024319 seconds, Stopping threads took: 0.0000848 seconds
[8.599s][info ][safepoint    ] Application time: 0.0426170 seconds
[8.600s][info ][safepoint    ] Entering safepoint region: GenCollectForAllocation
[8.600s][info ][gc,start     ] GC(55) Pause Young (Allocation Failure)
[8.600s][info ][gc,task      ] GC(55) Using 4 workers of 4 for evacuation
[8.602s][debug][gc,ref       ] GC(55) Skipped phase1 of Reference Processing due to unavailable references
[8.602s][debug][gc,ref       ] GC(55) Skipped phase2 of Reference Processing due to unavailable references
[8.602s][debug][gc,ref       ] GC(55) Skipped phase3 of Reference Processing due to unavailable references
[8.602s][debug][gc,ref       ] GC(55) Skipped phase4 of Reference Processing due to unavailable references
[8.602s][debug][gc,age       ] GC(55) Desired survivor size 15400960 bytes, new threshold 6 (max threshold 6)
[8.602s][info ][gc,heap      ] GC(55) ParNew: 241550K->470K(270976K)
[8.602s][info ][gc,heap      ] GC(55) CMS: 120320K->120355K(602112K)
[8.602s][info ][gc,metaspace ] GC(55) Metaspace: 36653K->36653K(1083392K)
[8.602s][info ][gc           ] GC(55) Pause Young (Allocation Failure) 353M->117M(852M) 2.061ms
[8.602s][info ][gc,cpu       ] GC(55) User=0.00s Sys=0.00s Real=0.00s
[8.602s][info ][safepoint    ] Leaving safepoint region
[8.602s][info ][safepoint    ] Total time for which application threads were stopped: 0.0023791 seconds, Stopping threads took: 0.0001676 seconds
[8.657s][info ][safepoint    ] Application time: 0.0557027 seconds
[8.658s][info ][safepoint    ] Entering safepoint region: GenCollectForAllocation
[8.658s][info ][gc,start     ] GC(56) Pause Young (Allocation Failure)
[8.658s][info ][gc,task      ] GC(56) Using 4 workers of 4 for evacuation
[8.660s][debug][gc,ref       ] GC(56) Skipped phase1 of Reference Processing due to unavailable references
[8.660s][debug][gc,ref       ] GC(56) Skipped phase2 of Reference Processing due to unavailable references
[8.660s][debug][gc,ref       ] GC(56) Skipped phase3 of Reference Processing due to unavailable references
[8.660s][debug][gc,ref       ] GC(56) Skipped phase4 of Reference Processing due to unavailable references
[8.660s][debug][gc,age       ] GC(56) Desired survivor size 15400960 bytes, new threshold 6 (max threshold 6)
[8.660s][info ][gc,heap      ] GC(56) ParNew: 241366K->593K(270976K)
[8.660s][info ][gc,heap      ] GC(56) CMS: 120355K->120430K(602112K)
[8.660s][info ][gc,metaspace ] GC(56) Metaspace: 36653K->36653K(1083392K)
[8.660s][info ][gc           ] GC(56) Pause Young (Allocation Failure) 353M->118M(852M) 1.963ms
[8.660s][info ][gc,cpu       ] GC(56) User=0.01s Sys=0.00s Real=0.00s
[8.660s][info ][safepoint    ] Leaving safepoint region
[8.660s][info ][safepoint    ] Total time for which application threads were stopped: 0.0022577 seconds, Stopping threads took: 0.0001342 seconds
[8.702s][info ][safepoint    ] Application time: 0.0423060 seconds
[8.702s][info ][safepoint    ] Entering safepoint region: GenCollectForAllocation
[8.702s][info ][gc,start     ] GC(57) Pause Young (Allocation Failure)
[8.703s][info ][gc,task      ] GC(57) Using 4 workers of 4 for evacuation
[8.704s][debug][gc,ref       ] GC(57) Skipped phase1 of Reference Processing due to unavailable references
[8.704s][debug][gc,ref       ] GC(57) Skipped phase2 of Reference Processing due to unavailable references
[8.704s][debug][gc,ref       ] GC(57) Skipped phase3 of Reference Processing due to unavailable references
[8.704s][debug][gc,ref       ] GC(57) Skipped phase4 of Reference Processing due to unavailable references
[8.704s][debug][gc,age       ] GC(57) Desired survivor size 15400960 bytes, new threshold 6 (max threshold 6)
[8.704s][info ][gc,heap      ] GC(57) ParNew: 241489K->543K(270976K)
[8.704s][info ][gc,heap      ] GC(57) CMS: 120430K->120457K(602112K)
[8.704s][info ][gc,metaspace ] GC(57) Metaspace: 36653K->36653K(1083392K)
[8.704s][info ][gc           ] GC(57) Pause Young (Allocation Failure) 353M->118M(852M) 1.945ms
[8.704s][info ][gc,cpu       ] GC(57) User=0.01s Sys=0.00s Real=0.00s
[8.704s][info ][safepoint    ] Leaving safepoint region
[8.704s][info ][safepoint    ] Total time for which application threads were stopped: 0.0023431 seconds, Stopping threads took: 0.0002419 seconds
[8.762s][info ][safepoint    ] Application time: 0.0570629 seconds
[8.762s][info ][safepoint    ] Entering safepoint region: GenCollectForAllocation
[8.762s][info ][gc,start     ] GC(58) Pause Young (Allocation Failure)
[8.762s][info ][gc,task      ] GC(58) Using 4 workers of 4 for evacuation
[8.765s][debug][gc,ref       ] GC(58) Skipped phase1 of Reference Processing due to unavailable references
[8.765s][debug][gc,ref       ] GC(58) Skipped phase2 of Reference Processing due to unavailable references
[8.765s][debug][gc,ref       ] GC(58) Skipped phase3 of Reference Processing due to unavailable references
[8.765s][debug][gc,ref       ] GC(58) Skipped phase4 of Reference Processing due to unavailable references
[8.765s][debug][gc,age       ] GC(58) Desired survivor size 15400960 bytes, new threshold 6 (max threshold 6)
[8.765s][info ][gc,heap      ] GC(58) ParNew: 241439K->575K(270976K)
[8.765s][info ][gc,heap      ] GC(58) CMS: 120457K->120525K(602112K)
[8.765s][info ][gc,metaspace ] GC(58) Metaspace: 36653K->36653K(1083392K)
[8.765s][info ][gc           ] GC(58) Pause Young (Allocation Failure) 353M->118M(852M) 2.239ms
[8.765s][info ][gc,cpu       ] GC(58) User=0.01s Sys=0.00s Real=0.00s
[8.765s][info ][safepoint    ] Leaving safepoint region
[8.765s][info ][safepoint    ] Total time for which application threads were stopped: 0.0031066 seconds, Stopping threads took: 0.0007114 seconds
[8.803s][info ][safepoint    ] Application time: 0.0382451 seconds
[8.803s][info ][safepoint    ] Entering safepoint region: GenCollectForAllocation
[8.803s][info ][gc,start     ] GC(59) Pause Young (Allocation Failure)
[8.803s][info ][gc,task      ] GC(59) Using 4 workers of 4 for evacuation
[8.805s][debug][gc,ref       ] GC(59) Skipped phase1 of Reference Processing due to unavailable references
[8.805s][debug][gc,ref       ] GC(59) Skipped phase2 of Reference Processing due to unavailable references
[8.805s][debug][gc,ref       ] GC(59) Skipped phase3 of Reference Processing due to unavailable references
[8.805s][debug][gc,ref       ] GC(59) Skipped phase4 of Reference Processing due to unavailable references
[8.805s][debug][gc,age       ] GC(59) Desired survivor size 15400960 bytes, new threshold 6 (max threshold 6)
[8.805s][info ][gc,heap      ] GC(59) ParNew: 241471K->570K(270976K)
[8.805s][info ][gc,heap      ] GC(59) CMS: 120525K->120550K(602112K)
[8.805s][info ][gc,metaspace ] GC(59) Metaspace: 36653K->36653K(1083392K)
[8.805s][info ][gc           ] GC(59) Pause Young (Allocation Failure) 353M->118M(852M) 1.861ms
[8.805s][info ][gc,cpu       ] GC(59) User=0.01s Sys=0.00s Real=0.00s
[8.805s][info ][safepoint    ] Leaving safepoint region
[8.805s][info ][safepoint    ] Total time for which application threads were stopped: 0.0021766 seconds, Stopping threads took: 0.0001662 seconds
[8.861s][info ][safepoint    ] Application time: 0.0559128 seconds
[8.861s][info ][safepoint    ] Entering safepoint region: GenCollectForAllocation
[8.861s][info ][gc,start     ] GC(60) Pause Young (Allocation Failure)
[8.861s][info ][gc,task      ] GC(60) Using 4 workers of 4 for evacuation
[8.863s][debug][gc,ref       ] GC(60) Skipped phase1 of Reference Processing due to unavailable references
[8.863s][debug][gc,ref       ] GC(60) Skipped phase2 of Reference Processing due to unavailable references
[8.863s][debug][gc,ref       ] GC(60) Skipped phase3 of Reference Processing due to unavailable references
[8.863s][debug][gc,ref       ] GC(60) Skipped phase4 of Reference Processing due to unavailable references
[8.863s][debug][gc,age       ] GC(60) Desired survivor size 15400960 bytes, new threshold 6 (max threshold 6)
[8.863s][info ][gc,heap      ] GC(60) ParNew: 241466K->671K(270976K)
[8.863s][info ][gc,heap      ] GC(60) CMS: 120550K->120619K(602112K)
[8.863s][info ][gc,metaspace ] GC(60) Metaspace: 36653K->36653K(1083392K)
[8.863s][info ][gc           ] GC(60) Pause Young (Allocation Failure) 353M->118M(852M) 2.093ms
[8.863s][info ][gc,cpu       ] GC(60) User=0.01s Sys=0.00s Real=0.00s
[8.863s][info ][safepoint    ] Leaving safepoint region
[8.863s][info ][safepoint    ] Total time for which application threads were stopped: 0.0023776 seconds, Stopping threads took: 0.0001224 seconds
[8.909s][info ][safepoint    ] Application time: 0.0455625 seconds
[8.909s][info ][safepoint    ] Entering safepoint region: GenCollectForAllocation
[8.909s][info ][gc,start     ] GC(61) Pause Young (Allocation Failure)
[8.909s][info ][gc,task      ] GC(61) Using 4 workers of 4 for evacuation
[8.911s][debug][gc,ref       ] GC(61) Skipped phase1 of Reference Processing due to unavailable references
[8.911s][debug][gc,ref       ] GC(61) Skipped phase2 of Reference Processing due to unavailable references
[8.911s][debug][gc,ref       ] GC(61) Skipped phase3 of Reference Processing due to unavailable references
[8.911s][debug][gc,ref       ] GC(61) Skipped phase4 of Reference Processing due to unavailable references
[8.911s][debug][gc,age       ] GC(61) Desired survivor size 15400960 bytes, new threshold 6 (max threshold 6)
[8.911s][info ][gc,heap      ] GC(61) ParNew: 241567K->485K(270976K)
[8.911s][info ][gc,heap      ] GC(61) CMS: 120619K->120657K(602112K)
[8.911s][info ][gc,metaspace ] GC(61) Metaspace: 36653K->36653K(1083392K)
[8.911s][info ][gc           ] GC(61) Pause Young (Allocation Failure) 353M->118M(852M) 2.002ms
[8.911s][info ][gc,cpu       ] GC(61) User=0.01s Sys=0.00s Real=0.00s
[8.911s][info ][safepoint    ] Leaving safepoint region
[8.911s][info ][safepoint    ] Total time for which application threads were stopped: 0.0023529 seconds, Stopping threads took: 0.0001895 seconds
[8.967s][info ][safepoint    ] Application time: 0.0550984 seconds
[8.967s][info ][safepoint    ] Entering safepoint region: GenCollectForAllocation
[8.967s][info ][gc,start     ] GC(62) Pause Young (Allocation Failure)
[8.967s][info ][gc,task      ] GC(62) Using 4 workers of 4 for evacuation
[8.976s][debug][gc,ref       ] GC(62) Skipped phase1 of Reference Processing due to unavailable references
[8.976s][debug][gc,ref       ] GC(62) Skipped phase2 of Reference Processing due to unavailable references
[8.976s][debug][gc,ref       ] GC(62) Skipped phase3 of Reference Processing due to unavailable references
[8.976s][debug][gc,ref       ] GC(62) Skipped phase4 of Reference Processing due to unavailable references
[8.976s][debug][gc,age       ] GC(62) Desired survivor size 15400960 bytes, new threshold 6 (max threshold 6)
[8.976s][info ][gc,heap      ] GC(62) ParNew: 241381K->454K(270976K)
[8.976s][info ][gc,heap      ] GC(62) CMS: 120657K->120724K(602112K)
[8.976s][info ][gc,metaspace ] GC(62) Metaspace: 36653K->36653K(1083392K)
[8.976s][info ][gc           ] GC(62) Pause Young (Allocation Failure) 353M->118M(852M) 9.019ms
[8.976s][info ][gc,cpu       ] GC(62) User=0.01s Sys=0.00s Real=0.01s
[8.976s][info ][safepoint    ] Leaving safepoint region
[8.976s][info ][safepoint    ] Total time for which application threads were stopped: 0.0093228 seconds, Stopping threads took: 0.0001345 seconds
[9.035s][info ][safepoint    ] Application time: 0.0588053 seconds
[9.035s][info ][safepoint    ] Entering safepoint region: GenCollectForAllocation
[9.035s][info ][gc,start     ] GC(63) Pause Young (Allocation Failure)
[9.035s][info ][gc,task      ] GC(63) Using 4 workers of 4 for evacuation
[9.037s][debug][gc,ref       ] GC(63) Skipped phase1 of Reference Processing due to unavailable references
[9.037s][debug][gc,ref       ] GC(63) Skipped phase2 of Reference Processing due to unavailable references
[9.037s][debug][gc,ref       ] GC(63) Skipped phase3 of Reference Processing due to unavailable references
[9.037s][debug][gc,ref       ] GC(63) Skipped phase4 of Reference Processing due to unavailable references
[9.037s][debug][gc,age       ] GC(63) Desired survivor size 15400960 bytes, new threshold 6 (max threshold 6)
[9.037s][info ][gc,heap      ] GC(63) ParNew: 241350K->579K(270976K)
[9.037s][info ][gc,heap      ] GC(63) CMS: 120724K->120759K(602112K)
[9.037s][info ][gc,metaspace ] GC(63) Metaspace: 36653K->36653K(1083392K)
[9.037s][info ][gc           ] GC(63) Pause Young (Allocation Failure) 353M->118M(852M) 2.217ms
[9.037s][info ][gc,cpu       ] GC(63) User=0.00s Sys=0.00s Real=0.01s
[9.038s][info ][safepoint    ] Leaving safepoint region
[9.038s][info ][safepoint    ] Total time for which application threads were stopped: 0.0027470 seconds, Stopping threads took: 0.0003606 seconds
[9.078s][info ][safepoint    ] Application time: 0.0408226 seconds
[9.082s][info ][safepoint    ] Entering safepoint region: GenCollectForAllocation
[9.082s][info ][gc,start     ] GC(64) Pause Young (Allocation Failure)
[9.082s][info ][gc,task      ] GC(64) Using 4 workers of 4 for evacuation
[9.084s][debug][gc,ref       ] GC(64) Skipped phase1 of Reference Processing due to unavailable references
[9.084s][debug][gc,ref       ] GC(64) Skipped phase2 of Reference Processing due to unavailable references
[9.084s][debug][gc,ref       ] GC(64) Skipped phase3 of Reference Processing due to unavailable references
[9.084s][debug][gc,ref       ] GC(64) Skipped phase4 of Reference Processing due to unavailable references
[9.084s][debug][gc,age       ] GC(64) Desired survivor size 15400960 bytes, new threshold 6 (max threshold 6)
[9.084s][info ][gc,heap      ] GC(64) ParNew: 241475K->510K(270976K)
[9.084s][info ][gc,heap      ] GC(64) CMS: 120759K->120831K(602112K)
[9.084s][info ][gc,metaspace ] GC(64) Metaspace: 36653K->36653K(1083392K)
[9.084s][info ][gc           ] GC(64) Pause Young (Allocation Failure) 353M->118M(852M) 2.295ms
[9.084s][info ][gc,cpu       ] GC(64) User=0.01s Sys=0.00s Real=0.00s
[9.084s][info ][safepoint    ] Leaving safepoint region
[9.084s][info ][safepoint    ] Total time for which application threads were stopped: 0.0056597 seconds, Stopping threads took: 0.0031542 seconds
[9.141s][info ][safepoint    ] Application time: 0.0567385 seconds
[9.141s][info ][safepoint    ] Entering safepoint region: GenCollectForAllocation
[9.141s][info ][gc,start     ] GC(65) Pause Young (Allocation Failure)
[9.141s][info ][gc,task      ] GC(65) Using 4 workers of 4 for evacuation
[9.143s][debug][gc,ref       ] GC(65) Skipped phase1 of Reference Processing due to unavailable references
[9.143s][debug][gc,ref       ] GC(65) Skipped phase2 of Reference Processing due to unavailable references
[9.143s][debug][gc,ref       ] GC(65) Skipped phase3 of Reference Processing due to unavailable references
[9.143s][debug][gc,ref       ] GC(65) Skipped phase4 of Reference Processing due to unavailable references
[9.143s][debug][gc,age       ] GC(65) Desired survivor size 15400960 bytes, new threshold 6 (max threshold 6)
[9.143s][info ][gc,heap      ] GC(65) ParNew: 241406K->704K(270976K)
[9.143s][info ][gc,heap      ] GC(65) CMS: 120831K->120871K(602112K)
[9.143s][info ][gc,metaspace ] GC(65) Metaspace: 36660K->36660K(1083392K)
[9.143s][info ][gc           ] GC(65) Pause Young (Allocation Failure) 353M->118M(852M) 2.231ms
[9.143s][info ][gc,cpu       ] GC(65) User=0.01s Sys=0.00s Real=0.00s
[9.143s][info ][safepoint    ] Leaving safepoint region
[9.143s][info ][safepoint    ] Total time for which application threads were stopped: 0.0025262 seconds, Stopping threads took: 0.0001333 seconds
[9.185s][info ][safepoint    ] Application time: 0.0417169 seconds
[9.185s][info ][safepoint    ] Entering safepoint region: GenCollectForAllocation
[9.186s][info ][gc,start     ] GC(66) Pause Young (Allocation Failure)
[9.186s][info ][gc,task      ] GC(66) Using 4 workers of 4 for evacuation
[9.187s][debug][gc,ref       ] GC(66) Skipped phase1 of Reference Processing due to unavailable references
[9.187s][debug][gc,ref       ] GC(66) Skipped phase2 of Reference Processing due to unavailable references
[9.187s][debug][gc,ref       ] GC(66) Skipped phase3 of Reference Processing due to unavailable references
[9.187s][debug][gc,ref       ] GC(66) Skipped phase4 of Reference Processing due to unavailable references
[9.187s][debug][gc,age       ] GC(66) Desired survivor size 15400960 bytes, new threshold 6 (max threshold 6)
[9.188s][info ][gc,heap      ] GC(66) ParNew: 241600K->635K(270976K)
[9.188s][info ][gc,heap      ] GC(66) CMS: 120871K->120934K(602112K)
[9.188s][info ][gc,metaspace ] GC(66) Metaspace: 36660K->36660K(1083392K)
[9.188s][info ][gc           ] GC(66) Pause Young (Allocation Failure) 353M->118M(852M) 2.011ms
[9.188s][info ][gc,cpu       ] GC(66) User=0.01s Sys=0.00s Real=0.00s
[9.188s][info ][safepoint    ] Leaving safepoint region
[9.188s][info ][safepoint    ] Total time for which application threads were stopped: 0.0024600 seconds, Stopping threads took: 0.0002779 seconds
[9.245s][info ][safepoint    ] Application time: 0.0573457 seconds
[9.245s][info ][safepoint    ] Entering safepoint region: GenCollectForAllocation
[9.245s][info ][gc,start     ] GC(67) Pause Young (Allocation Failure)
[9.245s][info ][gc,task      ] GC(67) Using 4 workers of 4 for evacuation
[9.247s][debug][gc,ref       ] GC(67) Skipped phase1 of Reference Processing due to unavailable references
[9.247s][debug][gc,ref       ] GC(67) Skipped phase2 of Reference Processing due to unavailable references
[9.247s][debug][gc,ref       ] GC(67) Skipped phase3 of Reference Processing due to unavailable references
[9.247s][debug][gc,ref       ] GC(67) Skipped phase4 of Reference Processing due to unavailable references
[9.247s][debug][gc,age       ] GC(67) Desired survivor size 15400960 bytes, new threshold 6 (max threshold 6)
[9.247s][info ][gc,heap      ] GC(67) ParNew: 241531K->635K(270976K)
[9.247s][info ][gc,heap      ] GC(67) CMS: 120934K->120990K(602112K)
[9.247s][info ][gc,metaspace ] GC(67) Metaspace: 36660K->36660K(1083392K)
[9.247s][info ][gc           ] GC(67) Pause Young (Allocation Failure) 353M->118M(852M) 1.986ms
[9.247s][info ][gc,cpu       ] GC(67) User=0.01s Sys=0.00s Real=0.00s
[9.247s][info ][safepoint    ] Leaving safepoint region
[9.247s][info ][safepoint    ] Total time for which application threads were stopped: 0.0022165 seconds, Stopping threads took: 0.0000678 seconds
[9.310s][info ][safepoint    ] Application time: 0.0630117 seconds
[9.310s][info ][safepoint    ] Entering safepoint region: GenCollectForAllocation
[9.310s][info ][gc,start     ] GC(68) Pause Young (Allocation Failure)
[9.311s][info ][gc,task      ] GC(68) Using 4 workers of 4 for evacuation
[9.312s][debug][gc,ref       ] GC(68) Skipped phase1 of Reference Processing due to unavailable references
[9.312s][debug][gc,ref       ] GC(68) Skipped phase2 of Reference Processing due to unavailable references
[9.312s][debug][gc,ref       ] GC(68) Skipped phase3 of Reference Processing due to unavailable references
[9.312s][debug][gc,ref       ] GC(68) Skipped phase4 of Reference Processing due to unavailable references
[9.313s][debug][gc,age       ] GC(68) Desired survivor size 15400960 bytes, new threshold 6 (max threshold 6)
[9.313s][info ][gc,heap      ] GC(68) ParNew: 241531K->712K(270976K)
[9.313s][info ][gc,heap      ] GC(68) CMS: 120990K->121048K(602112K)
[9.313s][info ][gc,metaspace ] GC(68) Metaspace: 36660K->36660K(1083392K)
[9.313s][info ][gc           ] GC(68) Pause Young (Allocation Failure) 354M->118M(852M) 2.092ms
[9.313s][info ][gc,cpu       ] GC(68) User=0.01s Sys=0.00s Real=0.00s
[9.313s][info ][safepoint    ] Leaving safepoint region
[9.313s][info ][safepoint    ] Total time for which application threads were stopped: 0.0023851 seconds, Stopping threads took: 0.0000844 seconds
[9.370s][info ][safepoint    ] Application time: 0.0577774 seconds
[9.371s][info ][safepoint    ] Entering safepoint region: GenCollectForAllocation
[9.371s][info ][gc,start     ] GC(69) Pause Young (Allocation Failure)
[9.371s][info ][gc,task      ] GC(69) Using 4 workers of 4 for evacuation
[9.373s][debug][gc,ref       ] GC(69) Skipped phase1 of Reference Processing due to unavailable references
[9.373s][debug][gc,ref       ] GC(69) Skipped phase2 of Reference Processing due to unavailable references
[9.373s][debug][gc,ref       ] GC(69) Skipped phase3 of Reference Processing due to unavailable references
[9.373s][debug][gc,ref       ] GC(69) Skipped phase4 of Reference Processing due to unavailable references
[9.373s][debug][gc,age       ] GC(69) Desired survivor size 15400960 bytes, new threshold 6 (max threshold 6)
[9.373s][info ][gc,heap      ] GC(69) ParNew: 241608K->520K(270976K)
[9.373s][info ][gc,heap      ] GC(69) CMS: 121048K->121120K(602112K)
[9.373s][info ][gc,metaspace ] GC(69) Metaspace: 36660K->36660K(1083392K)
[9.373s][info ][gc           ] GC(69) Pause Young (Allocation Failure) 354M->118M(852M) 2.028ms
[9.373s][info ][gc,cpu       ] GC(69) User=0.01s Sys=0.00s Real=0.00s
[9.373s][info ][safepoint    ] Leaving safepoint region
[9.373s][info ][safepoint    ] Total time for which application threads were stopped: 0.0023066 seconds, Stopping threads took: 0.0001297 seconds
[9.418s][info ][safepoint    ] Application time: 0.0451977 seconds
[9.423s][info ][safepoint    ] Entering safepoint region: GenCollectForAllocation
[9.423s][info ][gc,start     ] GC(70) Pause Young (Allocation Failure)
[9.423s][info ][gc,task      ] GC(70) Using 4 workers of 4 for evacuation
[9.425s][debug][gc,ref       ] GC(70) Skipped phase1 of Reference Processing due to unavailable references
[9.425s][debug][gc,ref       ] GC(70) Skipped phase2 of Reference Processing due to unavailable references
[9.425s][debug][gc,ref       ] GC(70) Skipped phase3 of Reference Processing due to unavailable references
[9.425s][debug][gc,ref       ] GC(70) Skipped phase4 of Reference Processing due to unavailable references
[9.425s][debug][gc,age       ] GC(70) Desired survivor size 15400960 bytes, new threshold 6 (max threshold 6)
[9.425s][info ][gc,heap      ] GC(70) ParNew: 241416K->644K(270976K)
[9.425s][info ][gc,heap      ] GC(70) CMS: 121120K->121156K(602112K)
[9.425s][info ][gc,metaspace ] GC(70) Metaspace: 36660K->36660K(1083392K)
[9.425s][info ][gc           ] GC(70) Pause Young (Allocation Failure) 354M->118M(852M) 2.021ms
[9.425s][info ][gc,cpu       ] GC(70) User=0.01s Sys=0.00s Real=0.00s
[9.425s][info ][safepoint    ] Leaving safepoint region
[9.425s][info ][safepoint    ] Total time for which application threads were stopped: 0.0071323 seconds, Stopping threads took: 0.0049472 seconds
[9.475s][info ][safepoint    ] Application time: 0.0502321 seconds
[9.475s][info ][safepoint    ] Entering safepoint region: GenCollectForAllocation
[9.476s][info ][gc,start     ] GC(71) Pause Young (Allocation Failure)
[9.476s][info ][gc,task      ] GC(71) Using 4 workers of 4 for evacuation
[9.478s][debug][gc,ref       ] GC(71) Skipped phase1 of Reference Processing due to unavailable references
[9.478s][debug][gc,ref       ] GC(71) Skipped phase2 of Reference Processing due to unavailable references
[9.478s][debug][gc,ref       ] GC(71) Skipped phase3 of Reference Processing due to unavailable references
[9.478s][debug][gc,ref       ] GC(71) Skipped phase4 of Reference Processing due to unavailable references
[9.478s][debug][gc,age       ] GC(71) Desired survivor size 15400960 bytes, new threshold 6 (max threshold 6)
[9.478s][info ][gc,heap      ] GC(71) ParNew: 241540K->647K(270976K)
[9.478s][info ][gc,heap      ] GC(71) CMS: 121156K->121235K(602112K)
[9.478s][info ][gc,metaspace ] GC(71) Metaspace: 36660K->36660K(1083392K)
[9.478s][info ][gc           ] GC(71) Pause Young (Allocation Failure) 354M->119M(852M) 2.135ms
[9.478s][info ][gc,cpu       ] GC(71) User=0.01s Sys=0.00s Real=0.01s
[9.478s][info ][safepoint    ] Leaving safepoint region
[9.478s][info ][safepoint    ] Total time for which application threads were stopped: 0.0023747 seconds, Stopping threads took: 0.0000834 seconds
[9.518s][info ][safepoint    ] Application time: 0.0405741 seconds
[9.519s][info ][safepoint    ] Entering safepoint region: GenCollectForAllocation
[9.519s][info ][gc,start     ] GC(72) Pause Young (Allocation Failure)
[9.519s][info ][gc,task      ] GC(72) Using 4 workers of 4 for evacuation
[9.521s][debug][gc,ref       ] GC(72) Skipped phase1 of Reference Processing due to unavailable references
[9.521s][debug][gc,ref       ] GC(72) Skipped phase2 of Reference Processing due to unavailable references
[9.521s][debug][gc,ref       ] GC(72) Skipped phase3 of Reference Processing due to unavailable references
[9.521s][debug][gc,ref       ] GC(72) Skipped phase4 of Reference Processing due to unavailable references
[9.521s][debug][gc,age       ] GC(72) Desired survivor size 15400960 bytes, new threshold 6 (max threshold 6)
[9.521s][info ][gc,heap      ] GC(72) ParNew: 241543K->875K(270976K)
[9.521s][info ][gc,heap      ] GC(72) CMS: 121235K->121291K(602112K)
[9.521s][info ][gc,metaspace ] GC(72) Metaspace: 36664K->36664K(1083392K)
[9.521s][info ][gc           ] GC(72) Pause Young (Allocation Failure) 354M->119M(852M) 2.488ms
[9.521s][info ][gc,cpu       ] GC(72) User=0.01s Sys=0.00s Real=0.00s
[9.521s][info ][safepoint    ] Leaving safepoint region
[9.521s][info ][safepoint    ] Total time for which application threads were stopped: 0.0028841 seconds, Stopping threads took: 0.0001811 seconds
[9.573s][info ][safepoint    ] Application time: 0.0515378 seconds
[9.573s][info ][safepoint    ] Entering safepoint region: GenCollectForAllocation
[9.573s][info ][gc,start     ] GC(73) Pause Young (Allocation Failure)
[9.573s][info ][gc,task      ] GC(73) Using 4 workers of 4 for evacuation
[9.577s][debug][gc,ref       ] GC(73) Skipped phase1 of Reference Processing due to unavailable references
[9.577s][debug][gc,ref       ] GC(73) Skipped phase2 of Reference Processing due to unavailable references
[9.577s][debug][gc,ref       ] GC(73) Skipped phase3 of Reference Processing due to unavailable references
[9.577s][debug][gc,ref       ] GC(73) Skipped phase4 of Reference Processing due to unavailable references
[9.577s][debug][gc,age       ] GC(73) Desired survivor size 15400960 bytes, new threshold 6 (max threshold 6)
[9.577s][info ][gc,heap      ] GC(73) ParNew: 241771K->1795K(270976K)
[9.577s][info ][gc,heap      ] GC(73) CMS: 121291K->121355K(602112K)
[9.577s][info ][gc,metaspace ] GC(73) Metaspace: 36664K->36664K(1083392K)
[9.577s][info ][gc           ] GC(73) Pause Young (Allocation Failure) 354M->120M(852M) 4.214ms
[9.577s][info ][gc,cpu       ] GC(73) User=0.02s Sys=0.00s Real=0.01s
[9.577s][info ][safepoint    ] Leaving safepoint region
[9.577s][info ][safepoint    ] Total time for which application threads were stopped: 0.0044898 seconds, Stopping threads took: 0.0001023 seconds
[9.624s][info ][safepoint    ] Application time: 0.0470871 seconds
[9.625s][info ][safepoint    ] Entering safepoint region: GenCollectForAllocation
[9.625s][info ][gc,start     ] GC(74) Pause Young (Allocation Failure)
[9.625s][info ][gc,task      ] GC(74) Using 4 workers of 4 for evacuation
[9.637s][debug][gc,ref       ] GC(74) Skipped phase1 of Reference Processing due to unavailable references
[9.637s][debug][gc,ref       ] GC(74) Skipped phase2 of Reference Processing due to unavailable references
[9.637s][debug][gc,ref       ] GC(74) Skipped phase3 of Reference Processing due to unavailable references
[9.637s][debug][gc,ref       ] GC(74) Skipped phase4 of Reference Processing due to unavailable references
[9.637s][debug][gc,age       ] GC(74) Desired survivor size 15400960 bytes, new threshold 6 (max threshold 6)
[9.637s][info ][gc,heap      ] GC(74) ParNew: 242691K->2264K(270976K)
[9.637s][info ][gc,heap      ] GC(74) CMS: 121355K->121429K(602112K)
[9.637s][info ][gc,metaspace ] GC(74) Metaspace: 36664K->36664K(1083392K)
[9.638s][info ][gc           ] GC(74) Pause Young (Allocation Failure) 355M->120M(852M) 12.595ms
[9.638s][info ][gc,cpu       ] GC(74) User=0.02s Sys=0.00s Real=0.02s
[9.638s][info ][safepoint    ] Leaving safepoint region
[9.638s][info ][safepoint    ] Total time for which application threads were stopped: 0.0130392 seconds, Stopping threads took: 0.0001468 seconds
[9.682s][info ][safepoint    ] Application time: 0.0439783 seconds
[9.682s][info ][safepoint    ] Entering safepoint region: GenCollectForAllocation
[9.682s][info ][gc,start     ] GC(75) Pause Young (Allocation Failure)
[9.682s][info ][gc,task      ] GC(75) Using 4 workers of 4 for evacuation
[9.685s][debug][gc,ref       ] GC(75) Skipped phase1 of Reference Processing due to unavailable references
[9.685s][debug][gc,ref       ] GC(75) Skipped phase2 of Reference Processing due to unavailable references
[9.685s][debug][gc,ref       ] GC(75) Skipped phase3 of Reference Processing due to unavailable references
[9.685s][debug][gc,ref       ] GC(75) Skipped phase4 of Reference Processing due to unavailable references
[9.686s][debug][gc,age       ] GC(75) Desired survivor size 15400960 bytes, new threshold 6 (max threshold 6)
[9.686s][info ][gc,heap      ] GC(75) ParNew: 243160K->2560K(270976K)
[9.686s][info ][gc,heap      ] GC(75) CMS: 121429K->121484K(602112K)
[9.686s][info ][gc,metaspace ] GC(75) Metaspace: 36664K->36664K(1083392K)
[9.686s][info ][gc           ] GC(75) Pause Young (Allocation Failure) 356M->121M(852M) 3.759ms
[9.686s][info ][gc,cpu       ] GC(75) User=0.01s Sys=0.00s Real=0.00s
[9.686s][info ][safepoint    ] Leaving safepoint region
[9.686s][info ][safepoint    ] Total time for which application threads were stopped: 0.0040572 seconds, Stopping threads took: 0.0001431 seconds
[9.736s][info ][safepoint    ] Application time: 0.0502487 seconds
[9.736s][info ][safepoint    ] Entering safepoint region: GenCollectForAllocation
[9.736s][info ][gc,start     ] GC(76) Pause Young (Allocation Failure)
[9.736s][info ][gc,task      ] GC(76) Using 4 workers of 4 for evacuation
[9.739s][debug][gc,ref       ] GC(76) Skipped phase1 of Reference Processing due to unavailable references
[9.739s][debug][gc,ref       ] GC(76) Skipped phase2 of Reference Processing due to unavailable references
[9.739s][debug][gc,ref       ] GC(76) Skipped phase3 of Reference Processing due to unavailable references
[9.740s][debug][gc,ref       ] GC(76) Skipped phase4 of Reference Processing due to unavailable references
[9.740s][debug][gc,age       ] GC(76) Desired survivor size 15400960 bytes, new threshold 6 (max threshold 6)
[9.740s][info ][gc,heap      ] GC(76) ParNew: 243456K->1881K(270976K)
[9.740s][info ][gc,heap      ] GC(76) CMS: 121484K->121539K(602112K)
[9.740s][info ][gc,metaspace ] GC(76) Metaspace: 36664K->36664K(1083392K)
[9.740s][info ][gc           ] GC(76) Pause Young (Allocation Failure) 356M->120M(852M) 3.496ms
[9.740s][info ][gc,cpu       ] GC(76) User=0.02s Sys=0.00s Real=0.01s
[9.740s][info ][safepoint    ] Leaving safepoint region
[9.740s][info ][safepoint    ] Total time for which application threads were stopped: 0.0037405 seconds, Stopping threads took: 0.0000863 seconds
[9.787s][info ][safepoint    ] Application time: 0.0474637 seconds
[9.787s][info ][safepoint    ] Entering safepoint region: GenCollectForAllocation
[9.787s][info ][gc,start     ] GC(77) Pause Young (Allocation Failure)
[9.787s][info ][gc,task      ] GC(77) Using 4 workers of 4 for evacuation
[9.791s][debug][gc,ref       ] GC(77) Skipped phase1 of Reference Processing due to unavailable references
[9.791s][debug][gc,ref       ] GC(77) Skipped phase2 of Reference Processing due to unavailable references
[9.791s][debug][gc,ref       ] GC(77) Skipped phase3 of Reference Processing due to unavailable references
[9.791s][debug][gc,ref       ] GC(77) Skipped phase4 of Reference Processing due to unavailable references
[9.791s][debug][gc,age       ] GC(77) Desired survivor size 15400960 bytes, new threshold 6 (max threshold 6)
[9.791s][info ][gc,heap      ] GC(77) ParNew: 242777K->2795K(270976K)
[9.791s][info ][gc,heap      ] GC(77) CMS: 121539K->121611K(602112K)
[9.791s][info ][gc,metaspace ] GC(77) Metaspace: 36664K->36664K(1083392K)
[9.791s][info ][gc           ] GC(77) Pause Young (Allocation Failure) 355M->121M(852M) 3.539ms
[9.791s][info ][gc,cpu       ] GC(77) User=0.02s Sys=0.00s Real=0.01s
[9.791s][info ][safepoint    ] Leaving safepoint region
[9.791s][info ][safepoint    ] Total time for which application threads were stopped: 0.0037983 seconds, Stopping threads took: 0.0000987 seconds
[9.841s][info ][safepoint    ] Application time: 0.0503424 seconds
[9.842s][info ][safepoint    ] Entering safepoint region: GenCollectForAllocation
[9.842s][info ][gc,start     ] GC(78) Pause Young (Allocation Failure)
[9.842s][info ][gc,task      ] GC(78) Using 4 workers of 4 for evacuation
[9.845s][debug][gc,ref       ] GC(78) Skipped phase1 of Reference Processing due to unavailable references
[9.845s][debug][gc,ref       ] GC(78) Skipped phase2 of Reference Processing due to unavailable references
[9.845s][debug][gc,ref       ] GC(78) Skipped phase3 of Reference Processing due to unavailable references
[9.846s][debug][gc,ref       ] GC(78) Skipped phase4 of Reference Processing due to unavailable references
[9.846s][debug][gc,age       ] GC(78) Desired survivor size 15400960 bytes, new threshold 6 (max threshold 6)
[9.846s][info ][gc,heap      ] GC(78) ParNew: 243691K->1867K(270976K)
[9.846s][info ][gc,heap      ] GC(78) CMS: 121611K->121876K(602112K)
[9.846s][info ][gc,metaspace ] GC(78) Metaspace: 36664K->36664K(1083392K)
[9.846s][info ][gc           ] GC(78) Pause Young (Allocation Failure) 356M->120M(852M) 4.017ms
[9.846s][info ][gc,cpu       ] GC(78) User=0.02s Sys=0.00s Real=0.00s
[9.846s][info ][safepoint    ] Leaving safepoint region
[9.846s][info ][safepoint    ] Total time for which application threads were stopped: 0.0043210 seconds, Stopping threads took: 0.0001367 seconds
[9.890s][info ][safepoint    ] Application time: 0.0442291 seconds
[9.890s][info ][safepoint    ] Entering safepoint region: GenCollectForAllocation
[9.890s][info ][gc,start     ] GC(79) Pause Young (Allocation Failure)
[9.890s][info ][gc,task      ] GC(79) Using 4 workers of 4 for evacuation
[9.894s][debug][gc,ref       ] GC(79) Skipped phase1 of Reference Processing due to unavailable references
[9.894s][debug][gc,ref       ] GC(79) Skipped phase2 of Reference Processing due to unavailable references
[9.894s][debug][gc,ref       ] GC(79) Skipped phase3 of Reference Processing due to unavailable references
[9.894s][debug][gc,ref       ] GC(79) Skipped phase4 of Reference Processing due to unavailable references
[9.894s][debug][gc,age       ] GC(79) Desired survivor size 15400960 bytes, new threshold 6 (max threshold 6)
[9.894s][info ][gc,heap      ] GC(79) ParNew: 242763K->1271K(270976K)
[9.894s][info ][gc,heap      ] GC(79) CMS: 121876K->122865K(602112K)
[9.894s][info ][gc,metaspace ] GC(79) Metaspace: 36664K->36664K(1083392K)
[9.894s][info ][gc           ] GC(79) Pause Young (Allocation Failure) 356M->121M(852M) 3.925ms
[9.894s][info ][gc,cpu       ] GC(79) User=0.02s Sys=0.00s Real=0.00s
[9.894s][info ][safepoint    ] Leaving safepoint region
[9.894s][info ][safepoint    ] Total time for which application threads were stopped: 0.0041653 seconds, Stopping threads took: 0.0000855 seconds
[9.943s][info ][safepoint    ] Application time: 0.0492599 seconds
[9.944s][info ][safepoint    ] Entering safepoint region: GenCollectForAllocation
[9.944s][info ][gc,start     ] GC(80) Pause Young (Allocation Failure)
[9.944s][info ][gc,task      ] GC(80) Using 4 workers of 4 for evacuation
[9.946s][debug][gc,ref       ] GC(80) Skipped phase1 of Reference Processing due to unavailable references
[9.946s][debug][gc,ref       ] GC(80) Skipped phase2 of Reference Processing due to unavailable references
[9.946s][debug][gc,ref       ] GC(80) Skipped phase3 of Reference Processing due to unavailable references
[9.946s][debug][gc,ref       ] GC(80) Skipped phase4 of Reference Processing due to unavailable references
[9.946s][debug][gc,age       ] GC(80) Desired survivor size 15400960 bytes, new threshold 6 (max threshold 6)
[9.946s][info ][gc,heap      ] GC(80) ParNew: 242167K->887K(270976K)
[9.946s][info ][gc,heap      ] GC(80) CMS: 122865K->122934K(602112K)
[9.946s][info ][gc,metaspace ] GC(80) Metaspace: 36664K->36664K(1083392K)
[9.946s][info ][gc           ] GC(80) Pause Young (Allocation Failure) 356M->120M(852M) 2.204ms
[9.946s][info ][gc,cpu       ] GC(80) User=0.01s Sys=0.00s Real=0.00s
[9.946s][info ][safepoint    ] Leaving safepoint region
[9.946s][info ][safepoint    ] Total time for which application threads were stopped: 0.0025103 seconds, Stopping threads took: 0.0001340 seconds
[10.009s][info ][safepoint    ] Application time: 0.0631903 seconds
[10.009s][info ][safepoint    ] Entering safepoint region: GenCollectForAllocation
[10.009s][info ][gc,start     ] GC(81) Pause Young (Allocation Failure)
[10.009s][info ][gc,task      ] GC(81) Using 4 workers of 4 for evacuation
[10.012s][debug][gc,ref       ] GC(81) Skipped phase1 of Reference Processing due to unavailable references
[10.012s][debug][gc,ref       ] GC(81) Skipped phase2 of Reference Processing due to unavailable references
[10.012s][debug][gc,ref       ] GC(81) Skipped phase3 of Reference Processing due to unavailable references
[10.012s][debug][gc,ref       ] GC(81) Skipped phase4 of Reference Processing due to unavailable references
[10.012s][debug][gc,age       ] GC(81) Desired survivor size 15400960 bytes, new threshold 6 (max threshold 6)
[10.012s][info ][gc,heap      ] GC(81) ParNew: 241783K->958K(270976K)
[10.012s][info ][gc,heap      ] GC(81) CMS: 122934K->123009K(602112K)
[10.012s][info ][gc,metaspace ] GC(81) Metaspace: 36664K->36664K(1083392K)
[10.012s][info ][gc           ] GC(81) Pause Young (Allocation Failure) 356M->121M(852M) 2.444ms
[10.012s][info ][gc,cpu       ] GC(81) User=0.01s Sys=0.00s Real=0.00s
[10.012s][info ][safepoint    ] Leaving safepoint region
[10.012s][info ][safepoint    ] Total time for which application threads were stopped: 0.0027831 seconds, Stopping threads took: 0.0001323 seconds
[10.056s][info ][safepoint    ] Application time: 0.0436952 seconds
[10.056s][info ][safepoint    ] Entering safepoint region: GenCollectForAllocation
[10.056s][info ][gc,start     ] GC(82) Pause Young (Allocation Failure)
[10.056s][info ][gc,task      ] GC(82) Using 4 workers of 4 for evacuation
[10.059s][debug][gc,ref       ] GC(82) Skipped phase1 of Reference Processing due to unavailable references
[10.059s][debug][gc,ref       ] GC(82) Skipped phase2 of Reference Processing due to unavailable references
[10.059s][debug][gc,ref       ] GC(82) Skipped phase3 of Reference Processing due to unavailable references
[10.059s][debug][gc,ref       ] GC(82) Skipped phase4 of Reference Processing due to unavailable references
[10.059s][debug][gc,age       ] GC(82) Desired survivor size 15400960 bytes, new threshold 6 (max threshold 6)
[10.059s][info ][gc,heap      ] GC(82) ParNew: 241854K->1261K(270976K)
[10.059s][info ][gc,heap      ] GC(82) CMS: 123009K->123084K(602112K)
[10.059s][info ][gc,metaspace ] GC(82) Metaspace: 36664K->36664K(1083392K)
[10.059s][info ][gc           ] GC(82) Pause Young (Allocation Failure) 356M->121M(852M) 2.918ms
[10.059s][info ][gc,cpu       ] GC(82) User=0.01s Sys=0.00s Real=0.01s
[10.059s][info ][safepoint    ] Leaving safepoint region
[10.059s][info ][safepoint    ] Total time for which application threads were stopped: 0.0032544 seconds, Stopping threads took: 0.0001468 seconds
[10.102s][info ][safepoint    ] Application time: 0.0431304 seconds
[10.102s][info ][safepoint    ] Entering safepoint region: GenCollectForAllocation
[10.102s][info ][gc,start     ] GC(83) Pause Young (Allocation Failure)
[10.102s][info ][gc,task      ] GC(83) Using 4 workers of 4 for evacuation
[10.106s][debug][gc,ref       ] GC(83) Skipped phase1 of Reference Processing due to unavailable references
[10.106s][debug][gc,ref       ] GC(83) Skipped phase2 of Reference Processing due to unavailable references
[10.106s][debug][gc,ref       ] GC(83) Skipped phase3 of Reference Processing due to unavailable references
[10.106s][debug][gc,ref       ] GC(83) Skipped phase4 of Reference Processing due to unavailable references
[10.106s][debug][gc,age       ] GC(83) Desired survivor size 15400960 bytes, new threshold 6 (max threshold 6)
[10.106s][info ][gc,heap      ] GC(83) ParNew: 242157K->1727K(270976K)
[10.106s][info ][gc,heap      ] GC(83) CMS: 123084K->123161K(602112K)
[10.106s][info ][gc,metaspace ] GC(83) Metaspace: 36664K->36664K(1083392K)
[10.106s][info ][gc           ] GC(83) Pause Young (Allocation Failure) 356M->121M(852M) 3.569ms
[10.106s][info ][gc,cpu       ] GC(83) User=0.02s Sys=0.00s Real=0.00s
[10.106s][info ][safepoint    ] Leaving safepoint region
[10.106s][info ][safepoint    ] Total time for which application threads were stopped: 0.0038415 seconds, Stopping threads took: 0.0001080 seconds
[10.157s][info ][safepoint    ] Application time: 0.0511578 seconds
[10.157s][info ][safepoint    ] Entering safepoint region: GenCollectForAllocation
[10.157s][info ][gc,start     ] GC(84) Pause Young (Allocation Failure)
[10.157s][info ][gc,task      ] GC(84) Using 4 workers of 4 for evacuation
[10.162s][debug][gc,ref       ] GC(84) Skipped phase1 of Reference Processing due to unavailable references
[10.162s][debug][gc,ref       ] GC(84) Skipped phase2 of Reference Processing due to unavailable references
[10.162s][debug][gc,ref       ] GC(84) Skipped phase3 of Reference Processing due to unavailable references
[10.162s][debug][gc,ref       ] GC(84) Skipped phase4 of Reference Processing due to unavailable references
[10.162s][debug][gc,age       ] GC(84) Desired survivor size 15400960 bytes, new threshold 6 (max threshold 6)
[10.162s][info ][gc,heap      ] GC(84) ParNew: 242623K->2570K(270976K)
[10.162s][info ][gc,heap      ] GC(84) CMS: 123161K->123241K(602112K)
[10.162s][info ][gc,metaspace ] GC(84) Metaspace: 36664K->36664K(1083392K)
[10.162s][info ][gc           ] GC(84) Pause Young (Allocation Failure) 357M->122M(852M) 4.830ms
[10.162s][info ][gc,cpu       ] GC(84) User=0.02s Sys=0.00s Real=0.00s
[10.162s][info ][safepoint    ] Leaving safepoint region
[10.162s][info ][safepoint    ] Total time for which application threads were stopped: 0.0051034 seconds, Stopping threads took: 0.0001015 seconds
[10.231s][info ][safepoint    ] Application time: 0.0687530 seconds
[10.231s][info ][safepoint    ] Entering safepoint region: GenCollectForAllocation
[10.231s][info ][gc,start     ] GC(85) Pause Young (Allocation Failure)
[10.231s][info ][gc,task      ] GC(85) Using 4 workers of 4 for evacuation
[10.236s][debug][gc,ref       ] GC(85) Skipped phase1 of Reference Processing due to unavailable references
[10.236s][debug][gc,ref       ] GC(85) Skipped phase2 of Reference Processing due to unavailable references
[10.236s][debug][gc,ref       ] GC(85) Skipped phase3 of Reference Processing due to unavailable references
[10.236s][debug][gc,ref       ] GC(85) Skipped phase4 of Reference Processing due to unavailable references
[10.236s][debug][gc,age       ] GC(85) Desired survivor size 15400960 bytes, new threshold 6 (max threshold 6)
[10.236s][info ][gc,heap      ] GC(85) ParNew: 243466K->3784K(270976K)
[10.236s][info ][gc,heap      ] GC(85) CMS: 123241K->123310K(602112K)
[10.236s][info ][gc,metaspace ] GC(85) Metaspace: 36664K->36664K(1083392K)
[10.236s][info ][gc           ] GC(85) Pause Young (Allocation Failure) 358M->124M(852M) 4.608ms
[10.236s][info ][gc,cpu       ] GC(85) User=0.01s Sys=0.00s Real=0.00s
[10.236s][info ][safepoint    ] Leaving safepoint region
[10.236s][info ][safepoint    ] Total time for which application threads were stopped: 0.0048494 seconds, Stopping threads took: 0.0000820 seconds
[10.300s][info ][safepoint    ] Application time: 0.0638879 seconds
[10.303s][info ][safepoint    ] Entering safepoint region: GenCollectForAllocation
[10.303s][info ][gc,start     ] GC(86) Pause Young (Allocation Failure)
[10.303s][info ][gc,task      ] GC(86) Using 4 workers of 4 for evacuation
[10.308s][debug][gc,ref       ] GC(86) Skipped phase1 of Reference Processing due to unavailable references
[10.308s][debug][gc,ref       ] GC(86) Skipped phase2 of Reference Processing due to unavailable references
[10.308s][debug][gc,ref       ] GC(86) Skipped phase3 of Reference Processing due to unavailable references
[10.308s][debug][gc,ref       ] GC(86) Skipped phase4 of Reference Processing due to unavailable references
[10.308s][debug][gc,age       ] GC(86) Desired survivor size 15400960 bytes, new threshold 6 (max threshold 6)
[10.308s][info ][gc,heap      ] GC(86) ParNew: 244680K->4868K(270976K)
[10.308s][info ][gc,heap      ] GC(86) CMS: 123310K->123471K(602112K)
[10.308s][info ][gc,metaspace ] GC(86) Metaspace: 36664K->36664K(1083392K)
[10.308s][info ][gc           ] GC(86) Pause Young (Allocation Failure) 359M->125M(852M) 5.017ms
[10.308s][info ][gc,cpu       ] GC(86) User=0.02s Sys=0.00s Real=0.01s
[10.308s][info ][safepoint    ] Leaving safepoint region
[10.308s][info ][safepoint    ] Total time for which application threads were stopped: 0.0086237 seconds, Stopping threads took: 0.0034164 seconds
[10.361s][info ][safepoint    ] Application time: 0.0525935 seconds
[10.361s][info ][safepoint    ] Entering safepoint region: GenCollectForAllocation
[10.361s][info ][gc,start     ] GC(87) Pause Young (Allocation Failure)
[10.361s][info ][gc,task      ] GC(87) Using 4 workers of 4 for evacuation
[10.368s][debug][gc,ref       ] GC(87) Skipped phase1 of Reference Processing due to unavailable references
[10.368s][debug][gc,ref       ] GC(87) Skipped phase2 of Reference Processing due to unavailable references
[10.368s][debug][gc,ref       ] GC(87) Skipped phase3 of Reference Processing due to unavailable references
[10.368s][debug][gc,ref       ] GC(87) Skipped phase4 of Reference Processing due to unavailable references
[10.368s][debug][gc,age       ] GC(87) Desired survivor size 15400960 bytes, new threshold 6 (max threshold 6)
[10.368s][info ][gc,heap      ] GC(87) ParNew: 245764K->3671K(270976K)
[10.368s][info ][gc,heap      ] GC(87) CMS: 123471K->123611K(602112K)
[10.368s][info ][gc,metaspace ] GC(87) Metaspace: 36664K->36664K(1083392K)
[10.368s][info ][gc           ] GC(87) Pause Young (Allocation Failure) 360M->124M(852M) 6.757ms
[10.368s][info ][gc,cpu       ] GC(87) User=0.02s Sys=0.00s Real=0.00s
[10.368s][info ][safepoint    ] Leaving safepoint region
[10.368s][info ][safepoint    ] Total time for which application threads were stopped: 0.0070950 seconds, Stopping threads took: 0.0001313 seconds
[10.448s][info ][safepoint    ] Application time: 0.0794481 seconds
[10.448s][info ][safepoint    ] Entering safepoint region: GenCollectForAllocation
[10.448s][info ][gc,start     ] GC(88) Pause Young (Allocation Failure)
[10.448s][info ][gc,task      ] GC(88) Using 4 workers of 4 for evacuation
[10.459s][debug][gc,ref       ] GC(88) Skipped phase1 of Reference Processing due to unavailable references
[10.459s][debug][gc,ref       ] GC(88) Skipped phase2 of Reference Processing due to unavailable references
[10.459s][debug][gc,ref       ] GC(88) Skipped phase3 of Reference Processing due to unavailable references
[10.459s][debug][gc,ref       ] GC(88) Skipped phase4 of Reference Processing due to unavailable references
[10.459s][debug][gc,age       ] GC(88) Desired survivor size 15400960 bytes, new threshold 6 (max threshold 6)
[10.459s][info ][gc,heap      ] GC(88) ParNew: 244567K->8646K(270976K)
[10.459s][info ][gc,heap      ] GC(88) CMS: 123611K->123969K(602112K)
[10.459s][info ][gc,metaspace ] GC(88) Metaspace: 36664K->36664K(1083392K)
[10.459s][info ][gc           ] GC(88) Pause Young (Allocation Failure) 359M->129M(852M) 10.871ms
[10.459s][info ][gc,cpu       ] GC(88) User=0.04s Sys=0.00s Real=0.02s
[10.459s][info ][safepoint    ] Leaving safepoint region
[10.459s][info ][safepoint    ] Total time for which application threads were stopped: 0.0111541 seconds, Stopping threads took: 0.0000946 seconds
[10.513s][info ][safepoint    ] Application time: 0.0542172 seconds
[10.513s][info ][safepoint    ] Entering safepoint region: GenCollectForAllocation
[10.514s][info ][gc,start     ] GC(89) Pause Young (Allocation Failure)
[10.514s][info ][gc,task      ] GC(89) Using 4 workers of 4 for evacuation
[10.524s][debug][gc,ref       ] GC(89) Skipped phase1 of Reference Processing due to unavailable references
[10.524s][debug][gc,ref       ] GC(89) Skipped phase2 of Reference Processing due to unavailable references
[10.524s][debug][gc,ref       ] GC(89) Skipped phase3 of Reference Processing due to unavailable references
[10.524s][debug][gc,ref       ] GC(89) Skipped phase4 of Reference Processing due to unavailable references
[10.524s][debug][gc,age       ] GC(89) Desired survivor size 15400960 bytes, new threshold 6 (max threshold 6)
[10.524s][info ][gc,heap      ] GC(89) ParNew: 249542K->10575K(270976K)
[10.524s][info ][gc,heap      ] GC(89) CMS: 123969K->124563K(602112K)
[10.524s][info ][gc,metaspace ] GC(89) Metaspace: 36664K->36664K(1083392K)
[10.524s][info ][gc           ] GC(89) Pause Young (Allocation Failure) 364M->131M(852M) 10.594ms
[10.524s][info ][gc,cpu       ] GC(89) User=0.04s Sys=0.00s Real=0.01s
[10.524s][info ][safepoint    ] Leaving safepoint region
[10.524s][info ][safepoint    ] Total time for which application threads were stopped: 0.0110335 seconds, Stopping threads took: 0.0002564 seconds
[10.585s][info ][safepoint    ] Application time: 0.0612956 seconds
[10.586s][info ][safepoint    ] Entering safepoint region: GenCollectForAllocation
[10.586s][info ][gc,start     ] GC(90) Pause Young (Allocation Failure)
[10.586s][info ][gc,task      ] GC(90) Using 4 workers of 4 for evacuation
[10.594s][debug][gc,ref       ] GC(90) Skipped phase1 of Reference Processing due to unavailable references
[10.594s][debug][gc,ref       ] GC(90) Skipped phase2 of Reference Processing due to unavailable references
[10.594s][debug][gc,ref       ] GC(90) Skipped phase3 of Reference Processing due to unavailable references
[10.594s][debug][gc,ref       ] GC(90) Skipped phase4 of Reference Processing due to unavailable references
[10.594s][debug][gc,age       ] GC(90) Desired survivor size 15400960 bytes, new threshold 6 (max threshold 6)
[10.594s][info ][gc,heap      ] GC(90) ParNew: 251471K->6637K(270976K)
[10.594s][info ][gc,heap      ] GC(90) CMS: 124563K->125358K(602112K)
[10.594s][info ][gc,metaspace ] GC(90) Metaspace: 36664K->36664K(1083392K)
[10.594s][info ][gc           ] GC(90) Pause Young (Allocation Failure) 367M->128M(852M) 8.142ms
[10.594s][info ][gc,cpu       ] GC(90) User=0.03s Sys=0.00s Real=0.01s
[10.594s][info ][safepoint    ] Leaving safepoint region
[10.594s][info ][safepoint    ] Total time for which application threads were stopped: 0.0086570 seconds, Stopping threads took: 0.0003535 seconds
[10.659s][info ][safepoint    ] Application time: 0.0643212 seconds
[10.659s][info ][safepoint    ] Entering safepoint region: GenCollectForAllocation
[10.659s][info ][gc,start     ] GC(91) Pause Young (Allocation Failure)
[10.659s][info ][gc,task      ] GC(91) Using 4 workers of 4 for evacuation
[10.667s][debug][gc,ref       ] GC(91) Skipped phase1 of Reference Processing due to unavailable references
[10.667s][debug][gc,ref       ] GC(91) Skipped phase2 of Reference Processing due to unavailable references
[10.667s][debug][gc,ref       ] GC(91) Skipped phase3 of Reference Processing due to unavailable references
[10.667s][debug][gc,ref       ] GC(91) Skipped phase4 of Reference Processing due to unavailable references
[10.667s][debug][gc,age       ] GC(91) Desired survivor size 15400960 bytes, new threshold 6 (max threshold 6)
[10.667s][info ][gc,heap      ] GC(91) ParNew: 247533K->6302K(270976K)
[10.667s][info ][gc,heap      ] GC(91) CMS: 125358K->125999K(602112K)
[10.667s][info ][gc,metaspace ] GC(91) Metaspace: 36664K->36664K(1083392K)
[10.667s][info ][gc           ] GC(91) Pause Young (Allocation Failure) 364M->129M(852M) 8.212ms
[10.667s][info ][gc,cpu       ] GC(91) User=0.03s Sys=0.00s Real=0.00s
[10.667s][info ][safepoint    ] Leaving safepoint region
[10.667s][info ][safepoint    ] Total time for which application threads were stopped: 0.0085051 seconds, Stopping threads took: 0.0001178 seconds
[10.729s][info ][safepoint    ] Application time: 0.0624043 seconds
[10.730s][info ][safepoint    ] Entering safepoint region: GenCollectForAllocation
[10.730s][info ][gc,start     ] GC(92) Pause Young (Allocation Failure)
[10.730s][info ][gc,task      ] GC(92) Using 4 workers of 4 for evacuation
[10.736s][debug][gc,ref       ] GC(92) Skipped phase1 of Reference Processing due to unavailable references
[10.736s][debug][gc,ref       ] GC(92) Skipped phase2 of Reference Processing due to unavailable references
[10.736s][debug][gc,ref       ] GC(92) Skipped phase3 of Reference Processing due to unavailable references
[10.736s][debug][gc,ref       ] GC(92) Skipped phase4 of Reference Processing due to unavailable references
[10.737s][debug][gc,age       ] GC(92) Desired survivor size 15400960 bytes, new threshold 6 (max threshold 6)
[10.737s][info ][gc,heap      ] GC(92) ParNew: 247198K->7316K(270976K)
[10.737s][info ][gc,heap      ] GC(92) CMS: 125999K->126254K(602112K)
[10.737s][info ][gc,metaspace ] GC(92) Metaspace: 36664K->36664K(1083392K)
[10.737s][info ][gc           ] GC(92) Pause Young (Allocation Failure) 364M->130M(852M) 6.897ms
[10.737s][info ][gc,cpu       ] GC(92) User=0.03s Sys=0.00s Real=0.01s
[10.737s][info ][safepoint    ] Leaving safepoint region
[10.737s][info ][safepoint    ] Total time for which application threads were stopped: 0.0072041 seconds, Stopping threads took: 0.0001508 seconds
[10.797s][info ][safepoint    ] Application time: 0.0600479 seconds
[10.797s][info ][safepoint    ] Entering safepoint region: GenCollectForAllocation
[10.797s][info ][gc,start     ] GC(93) Pause Young (Allocation Failure)
[10.797s][info ][gc,task      ] GC(93) Using 4 workers of 4 for evacuation
[10.804s][debug][gc,ref       ] GC(93) Skipped phase1 of Reference Processing due to unavailable references
[10.804s][debug][gc,ref       ] GC(93) Skipped phase2 of Reference Processing due to unavailable references
[10.804s][debug][gc,ref       ] GC(93) Skipped phase3 of Reference Processing due to unavailable references
[10.804s][debug][gc,ref       ] GC(93) Skipped phase4 of Reference Processing due to unavailable references
[10.804s][debug][gc,age       ] GC(93) Desired survivor size 15400960 bytes, new threshold 6 (max threshold 6)
[10.804s][info ][gc,heap      ] GC(93) ParNew: 248212K->7055K(270976K)
[10.804s][info ][gc,heap      ] GC(93) CMS: 126254K->126431K(602112K)
[10.804s][info ][gc,metaspace ] GC(93) Metaspace: 36664K->36664K(1083392K)
[10.804s][info ][gc           ] GC(93) Pause Young (Allocation Failure) 365M->130M(852M) 6.827ms
[10.804s][info ][gc,cpu       ] GC(93) User=0.03s Sys=0.00s Real=0.00s
[10.804s][info ][safepoint    ] Leaving safepoint region
[10.804s][info ][safepoint    ] Total time for which application threads were stopped: 0.0071349 seconds, Stopping threads took: 0.0001001 seconds
[10.880s][info ][safepoint    ] Application time: 0.0755927 seconds
[10.880s][info ][safepoint    ] Entering safepoint region: GenCollectForAllocation
[10.880s][info ][gc,start     ] GC(94) Pause Young (Allocation Failure)
[10.880s][info ][gc,task      ] GC(94) Using 4 workers of 4 for evacuation
[10.892s][debug][gc,ref       ] GC(94) Skipped phase1 of Reference Processing due to unavailable references
[10.892s][debug][gc,ref       ] GC(94) Skipped phase2 of Reference Processing due to unavailable references
[10.892s][debug][gc,ref       ] GC(94) Skipped phase3 of Reference Processing due to unavailable references
[10.892s][debug][gc,ref       ] GC(94) Skipped phase4 of Reference Processing due to unavailable references
[10.892s][debug][gc,age       ] GC(94) Desired survivor size 15400960 bytes, new threshold 6 (max threshold 6)
[10.892s][info ][gc,heap      ] GC(94) ParNew: 247951K->5583K(270976K)
[10.892s][info ][gc,heap      ] GC(94) CMS: 126431K->131442K(602112K)
[10.892s][info ][gc,metaspace ] GC(94) Metaspace: 36664K->36664K(1083392K)
[10.892s][info ][gc           ] GC(94) Pause Young (Allocation Failure) 365M->133M(852M) 12.143ms
[10.892s][info ][gc,cpu       ] GC(94) User=0.04s Sys=0.00s Real=0.01s
[10.892s][info ][safepoint    ] Leaving safepoint region
[10.892s][info ][safepoint    ] Total time for which application threads were stopped: 0.0127427 seconds, Stopping threads took: 0.0004409 seconds
[10.969s][info ][safepoint    ] Application time: 0.0771110 seconds
[10.970s][info ][safepoint    ] Entering safepoint region: GenCollectForAllocation
[10.970s][info ][gc,start     ] GC(95) Pause Young (Allocation Failure)
[10.970s][info ][gc,task      ] GC(95) Using 4 workers of 4 for evacuation
[10.972s][debug][gc,ref       ] GC(95) Skipped phase1 of Reference Processing due to unavailable references
[10.972s][debug][gc,ref       ] GC(95) Skipped phase2 of Reference Processing due to unavailable references
[10.972s][debug][gc,ref       ] GC(95) Skipped phase3 of Reference Processing due to unavailable references
[10.972s][debug][gc,ref       ] GC(95) Skipped phase4 of Reference Processing due to unavailable references
[10.972s][debug][gc,age       ] GC(95) Desired survivor size 15400960 bytes, new threshold 6 (max threshold 6)
[10.973s][info ][gc,heap      ] GC(95) ParNew: 246479K->1575K(270976K)
[10.973s][info ][gc,heap      ] GC(95) CMS: 131442K->131606K(602112K)
[10.973s][info ][gc,metaspace ] GC(95) Metaspace: 36664K->36664K(1083392K)
[10.973s][info ][gc           ] GC(95) Pause Young (Allocation Failure) 369M->130M(852M) 2.788ms
[10.973s][info ][gc,cpu       ] GC(95) User=0.01s Sys=0.01s Real=0.00s
[10.973s][info ][safepoint    ] Leaving safepoint region
[10.973s][info ][safepoint    ] Total time for which application threads were stopped: 0.0031118 seconds, Stopping threads took: 0.0001536 seconds
[11.067s][info ][safepoint    ] Application time: 0.0947502 seconds
[11.068s][info ][safepoint    ] Entering safepoint region: GenCollectForAllocation
[11.068s][info ][gc,start     ] GC(96) Pause Young (Allocation Failure)
[11.068s][info ][gc,task      ] GC(96) Using 4 workers of 4 for evacuation
[11.071s][debug][gc,ref       ] GC(96) Skipped phase1 of Reference Processing due to unavailable references
[11.071s][debug][gc,ref       ] GC(96) Skipped phase3 of Reference Processing due to unavailable references
[11.072s][debug][gc,age       ] GC(96) Desired survivor size 15400960 bytes, new threshold 6 (max threshold 6)
[11.072s][info ][gc,heap      ] GC(96) ParNew: 242471K->2451K(270976K)
[11.072s][info ][gc,heap      ] GC(96) CMS: 131606K->131719K(602112K)
[11.072s][info ][gc,metaspace ] GC(96) Metaspace: 36816K->36816K(1083392K)
[11.072s][info ][gc           ] GC(96) Pause Young (Allocation Failure) 365M->131M(852M) 3.739ms
[11.072s][info ][gc,cpu       ] GC(96) User=0.01s Sys=0.00s Real=0.01s
[11.072s][info ][safepoint    ] Leaving safepoint region
[11.072s][info ][safepoint    ] Total time for which application threads were stopped: 0.0042195 seconds, Stopping threads took: 0.0002935 seconds
[11.101s][info ][safepoint    ] Application time: 0.0297819 seconds
[11.101s][info ][safepoint    ] Entering safepoint region: RevokeBias
[11.102s][info ][safepoint    ] Leaving safepoint region
[11.102s][info ][safepoint    ] Total time for which application threads were stopped: 0.0001881 seconds, Stopping threads took: 0.0001005 seconds
[11.155s][info ][safepoint    ] Application time: 0.0532392 seconds
[11.155s][info ][safepoint    ] Entering safepoint region: RevokeBias
[11.155s][info ][safepoint    ] Leaving safepoint region
[11.155s][info ][safepoint    ] Total time for which application threads were stopped: 0.0001958 seconds, Stopping threads took: 0.0000770 seconds
[11.577s][info ][safepoint    ] Application time: 0.4220985 seconds
[11.577s][info ][safepoint    ] Entering safepoint region: RevokeBias
[11.577s][info ][safepoint    ] Leaving safepoint region
[11.577s][info ][safepoint    ] Total time for which application threads were stopped: 0.0001830 seconds, Stopping threads took: 0.0000140 seconds
[11.749s][info ][safepoint    ] Application time: 0.1717662 seconds
[11.749s][info ][safepoint    ] Entering safepoint region: GenCollectForAllocation
[11.749s][info ][gc,start     ] GC(97) Pause Young (Allocation Failure)
[11.749s][info ][gc,task      ] GC(97) Using 4 workers of 4 for evacuation
[11.762s][debug][gc,ref       ] GC(97) Skipped phase1 of Reference Processing due to unavailable references
[11.762s][debug][gc,ref       ] GC(97) Skipped phase3 of Reference Processing due to unavailable references
[11.762s][debug][gc,age       ] GC(97) Desired survivor size 15400960 bytes, new threshold 6 (max threshold 6)
[11.762s][info ][gc,heap      ] GC(97) ParNew: 243347K->13122K(270976K)
[11.762s][info ][gc,heap      ] GC(97) CMS: 131719K->131854K(602112K)
[11.762s][info ][gc,metaspace ] GC(97) Metaspace: 38874K->38874K(1085440K)
[11.762s][info ][gc           ] GC(97) Pause Young (Allocation Failure) 366M->141M(852M) 12.733ms
[11.762s][info ][gc,cpu       ] GC(97) User=0.06s Sys=0.01s Real=0.01s
[11.762s][info ][safepoint    ] Leaving safepoint region
[11.762s][info ][safepoint    ] Total time for which application threads were stopped: 0.0129220 seconds, Stopping threads took: 0.0000146 seconds
[11.859s][info ][safepoint    ] Application time: 0.0967400 seconds
[11.859s][info ][safepoint    ] Entering safepoint region: RevokeBias
[11.859s][info ][safepoint    ] Leaving safepoint region
[11.859s][info ][safepoint    ] Total time for which application threads were stopped: 0.0000983 seconds, Stopping threads took: 0.0000151 seconds
[11.874s][info ][safepoint    ] Application time: 0.0147048 seconds
[11.874s][info ][safepoint    ] Entering safepoint region: RevokeBias
[11.874s][info ][safepoint    ] Leaving safepoint region
[11.874s][info ][safepoint    ] Total time for which application threads were stopped: 0.0000786 seconds, Stopping threads took: 0.0000283 seconds
[11.890s][info ][safepoint    ] Application time: 0.0158767 seconds
[11.890s][info ][safepoint    ] Entering safepoint region: Deoptimize
[11.890s][info ][safepoint    ] Leaving safepoint region
[11.890s][info ][safepoint    ] Total time for which application threads were stopped: 0.0006470 seconds, Stopping threads took: 0.0000138 seconds
[11.901s][info ][safepoint    ] Application time: 0.0107007 seconds
[11.901s][info ][safepoint    ] Entering safepoint region: RevokeBias
[11.901s][info ][safepoint    ] Leaving safepoint region
[11.901s][info ][safepoint    ] Total time for which application threads were stopped: 0.0001005 seconds, Stopping threads took: 0.0000519 seconds
[11.902s][info ][safepoint    ] Application time: 0.0008847 seconds
[11.902s][info ][safepoint    ] Entering safepoint region: RevokeBias
[11.902s][info ][safepoint    ] Leaving safepoint region
[11.902s][info ][safepoint    ] Total time for which application threads were stopped: 0.0000319 seconds, Stopping threads took: 0.0000079 seconds
[11.902s][info ][safepoint    ] Application time: 0.0000599 seconds
[11.902s][info ][safepoint    ] Entering safepoint region: BulkRevokeBias
[11.902s][info ][safepoint    ] Leaving safepoint region
[11.902s][info ][safepoint    ] Total time for which application threads were stopped: 0.0001036 seconds, Stopping threads took: 0.0000062 seconds
[11.903s][info ][safepoint    ] Application time: 0.0005327 seconds
[11.903s][info ][safepoint    ] Entering safepoint region: Deoptimize
[11.903s][info ][safepoint    ] Leaving safepoint region
[11.904s][info ][safepoint    ] Total time for which application threads were stopped: 0.0006333 seconds, Stopping threads took: 0.0000342 seconds
[11.905s][info ][safepoint    ] Application time: 0.0015865 seconds
[11.905s][info ][safepoint    ] Entering safepoint region: RevokeBias
[11.905s][info ][safepoint    ] Leaving safepoint region
[11.905s][info ][safepoint    ] Total time for which application threads were stopped: 0.0000371 seconds, Stopping threads took: 0.0000093 seconds
[11.937s][info ][safepoint    ] Application time: 0.0313804 seconds
[11.937s][info ][safepoint    ] Entering safepoint region: Deoptimize
[11.937s][info ][safepoint    ] Leaving safepoint region
[11.937s][info ][safepoint    ] Total time for which application threads were stopped: 0.0006575 seconds, Stopping threads took: 0.0000137 seconds
[12.010s][info ][safepoint    ] Application time: 0.0725503 seconds
[12.010s][info ][safepoint    ] Entering safepoint region: Deoptimize
[12.010s][info ][safepoint    ] Leaving safepoint region
[12.011s][info ][safepoint    ] Total time for which application threads were stopped: 0.0006848 seconds, Stopping threads took: 0.0000178 seconds
[12.062s][info ][safepoint    ] Application time: 0.0517077 seconds
[12.062s][info ][safepoint    ] Entering safepoint region: RevokeBias
[12.062s][info ][safepoint    ] Leaving safepoint region
[12.062s][info ][safepoint    ] Total time for which application threads were stopped: 0.0001720 seconds, Stopping threads took: 0.0000777 seconds
[12.062s][info ][safepoint    ] Application time: 0.0000600 seconds
[12.063s][info ][safepoint    ] Entering safepoint region: RevokeBias
[12.063s][info ][safepoint    ] Leaving safepoint region
[12.063s][info ][safepoint    ] Total time for which application threads were stopped: 0.0001248 seconds, Stopping threads took: 0.0000915 seconds
[12.379s][info ][safepoint    ] Application time: 0.3160802 seconds
[12.379s][info ][safepoint    ] Entering safepoint region: ICBufferFull
[12.379s][info ][safepoint    ] Leaving safepoint region
[12.379s][info ][safepoint    ] Total time for which application threads were stopped: 0.0001985 seconds, Stopping threads took: 0.0000373 seconds
[12.605s][info ][safepoint    ] Application time: 0.2261116 seconds
[12.605s][info ][safepoint    ] Entering safepoint region: RevokeBias
[12.605s][info ][safepoint    ] Leaving safepoint region
[12.605s][info ][safepoint    ] Total time for which application threads were stopped: 0.0001375 seconds, Stopping threads took: 0.0000152 seconds
[12.799s][info ][safepoint    ] Application time: 0.1936245 seconds
[12.799s][info ][safepoint    ] Entering safepoint region: ICBufferFull
[12.799s][info ][safepoint    ] Leaving safepoint region
[12.799s][info ][safepoint    ] Total time for which application threads were stopped: 0.0001777 seconds, Stopping threads took: 0.0000299 seconds
[12.898s][info ][safepoint    ] Application time: 0.0989573 seconds
[12.898s][info ][safepoint    ] Entering safepoint region: ICBufferFull
[12.898s][info ][safepoint    ] Leaving safepoint region
[12.898s][info ][safepoint    ] Total time for which application threads were stopped: 0.0002159 seconds, Stopping threads took: 0.0000546 seconds
[13.034s][info ][safepoint    ] Application time: 0.1358889 seconds
[13.034s][info ][safepoint    ] Entering safepoint region: RevokeBias
[13.034s][info ][safepoint    ] Leaving safepoint region
[13.034s][info ][safepoint    ] Total time for which application threads were stopped: 0.0001130 seconds, Stopping threads took: 0.0000150 seconds
[13.063s][info ][safepoint    ] Application time: 0.0281693 seconds
[13.063s][info ][safepoint    ] Entering safepoint region: RevokeBias
[13.063s][info ][safepoint    ] Leaving safepoint region
[13.063s][info ][safepoint    ] Total time for which application threads were stopped: 0.0002274 seconds, Stopping threads took: 0.0001041 seconds
[13.153s][info ][safepoint    ] Application time: 0.0901181 seconds
[13.153s][info ][safepoint    ] Entering safepoint region: GenCollectForAllocation
[13.153s][info ][gc,start     ] GC(98) Pause Young (Allocation Failure)
[13.153s][info ][gc,task      ] GC(98) Using 4 workers of 4 for evacuation
[13.291s][debug][gc,ref       ] GC(98) Skipped phase1 of Reference Processing due to unavailable references
[13.291s][debug][gc,ref       ] GC(98) Skipped phase3 of Reference Processing due to unavailable references
[13.291s][debug][gc,age       ] GC(98) Desired survivor size 15400960 bytes, new threshold 1 (max threshold 6)
[13.291s][info ][gc,heap      ] GC(98) ParNew: 254018K->30080K(270976K)
[13.291s][info ][gc,heap      ] GC(98) CMS: 131854K->198965K(602112K)
[13.291s][info ][gc,metaspace ] GC(98) Metaspace: 42619K->42619K(1087488K)
[13.291s][info ][gc           ] GC(98) Pause Young (Allocation Failure) 376M->223M(852M) 137.997ms
[13.291s][info ][gc,cpu       ] GC(98) User=0.45s Sys=0.02s Real=0.14s
[13.291s][info ][safepoint    ] Leaving safepoint region
[13.291s][info ][safepoint    ] Total time for which application threads were stopped: 0.1382650 seconds, Stopping threads took: 0.0000752 seconds
[13.470s][info ][safepoint    ] Application time: 0.1790477 seconds
[13.470s][info ][safepoint    ] Entering safepoint region: CollectForMetadataAllocation
[13.471s][info ][safepoint    ] Leaving safepoint region
[13.471s][info ][safepoint    ] Total time for which application threads were stopped: 0.0003460 seconds, Stopping threads took: 0.0001302 seconds
[13.524s][info ][safepoint    ] Application time: 0.0537028 seconds
[13.524s][info ][safepoint    ] Entering safepoint region: CollectForMetadataAllocation
[13.525s][info ][safepoint    ] Leaving safepoint region
[13.525s][info ][safepoint    ] Total time for which application threads were stopped: 0.0002067 seconds, Stopping threads took: 0.0000900 seconds
[13.584s][info ][safepoint    ] Application time: 0.0598135 seconds
[13.584s][info ][safepoint    ] Entering safepoint region: Deoptimize
[13.585s][info ][safepoint    ] Leaving safepoint region
[13.585s][info ][safepoint    ] Total time for which application threads were stopped: 0.0008808 seconds, Stopping threads took: 0.0000279 seconds
[13.597s][info ][safepoint    ] Application time: 0.0112399 seconds
[13.597s][info ][safepoint    ] Entering safepoint region: CollectForMetadataAllocation
[13.597s][info ][safepoint    ] Leaving safepoint region
[13.597s][info ][safepoint    ] Total time for which application threads were stopped: 0.0001254 seconds, Stopping threads took: 0.0000148 seconds
[13.679s][info ][safepoint    ] Application time: 0.0823234 seconds
[13.679s][info ][safepoint    ] Entering safepoint region: CollectForMetadataAllocation
[13.679s][info ][safepoint    ] Leaving safepoint region
[13.679s][info ][safepoint    ] Total time for which application threads were stopped: 0.0001433 seconds, Stopping threads took: 0.0000163 seconds
[13.682s][info ][safepoint    ] Application time: 0.0029244 seconds
[13.682s][info ][safepoint    ] Entering safepoint region: RevokeBias
[13.682s][info ][safepoint    ] Leaving safepoint region
[13.682s][info ][safepoint    ] Total time for which application threads were stopped: 0.0000659 seconds, Stopping threads took: 0.0000129 seconds
[13.682s][info ][safepoint    ] Application time: 0.0000603 seconds
[13.682s][info ][safepoint    ] Entering safepoint region: RevokeBias
[13.682s][info ][safepoint    ] Leaving safepoint region
[13.682s][info ][safepoint    ] Total time for which application threads were stopped: 0.0000288 seconds, Stopping threads took: 0.0000075 seconds
[13.685s][info ][safepoint    ] Application time: 0.0022228 seconds
[13.685s][info ][safepoint    ] Entering safepoint region: RevokeBias
[13.685s][info ][safepoint    ] Leaving safepoint region
[13.685s][info ][safepoint    ] Total time for which application threads were stopped: 0.0000435 seconds, Stopping threads took: 0.0000095 seconds
[13.685s][info ][safepoint    ] Application time: 0.0000663 seconds
[13.685s][info ][safepoint    ] Entering safepoint region: RevokeBias
[13.685s][info ][safepoint    ] Leaving safepoint region
[13.685s][info ][safepoint    ] Total time for which application threads were stopped: 0.0000286 seconds, Stopping threads took: 0.0000070 seconds
[13.686s][info ][safepoint    ] Application time: 0.0009418 seconds
[13.686s][info ][safepoint    ] Entering safepoint region: RevokeBias
[13.686s][info ][safepoint    ] Leaving safepoint region
[13.686s][info ][safepoint    ] Total time for which application threads were stopped: 0.0000433 seconds, Stopping threads took: 0.0000103 seconds
[13.686s][info ][safepoint    ] Application time: 0.0000704 seconds
[13.686s][info ][safepoint    ] Entering safepoint region: RevokeBias
[13.686s][info ][safepoint    ] Leaving safepoint region
[13.686s][info ][safepoint    ] Total time for which application threads were stopped: 0.0000301 seconds, Stopping threads took: 0.0000074 seconds
[13.737s][info ][safepoint    ] Application time: 0.0509108 seconds
[13.737s][info ][safepoint    ] Entering safepoint region: CollectForMetadataAllocation
[13.737s][info ][safepoint    ] Leaving safepoint region
[13.737s][info ][safepoint    ] Total time for which application threads were stopped: 0.0001868 seconds, Stopping threads took: 0.0000172 seconds
[13.738s][info ][safepoint    ] Application time: 0.0012239 seconds
[13.738s][info ][safepoint    ] Entering safepoint region: Deoptimize
[13.739s][info ][safepoint    ] Leaving safepoint region
[13.739s][info ][safepoint    ] Total time for which application threads were stopped: 0.0008778 seconds, Stopping threads took: 0.0000101 seconds
[13.829s][info ][safepoint    ] Application time: 0.0900677 seconds
[13.829s][info ][safepoint    ] Entering safepoint region: Deoptimize
[13.830s][info ][safepoint    ] Leaving safepoint region
[13.830s][info ][safepoint    ] Total time for which application threads were stopped: 0.0009921 seconds, Stopping threads took: 0.0000732 seconds
[13.913s][info ][safepoint    ] Application time: 0.0826065 seconds
[13.913s][info ][safepoint    ] Entering safepoint region: CollectForMetadataAllocation
[13.913s][info ][safepoint    ] Leaving safepoint region
[13.913s][info ][safepoint    ] Total time for which application threads were stopped: 0.0001879 seconds, Stopping threads took: 0.0000192 seconds
[14.051s][info ][safepoint    ] Application time: 0.1377321 seconds
[14.051s][info ][safepoint    ] Entering safepoint region: ICBufferFull
[14.051s][info ][safepoint    ] Leaving safepoint region
[14.051s][info ][safepoint    ] Total time for which application threads were stopped: 0.0002295 seconds, Stopping threads took: 0.0000554 seconds
[14.081s][info ][safepoint    ] Application time: 0.0303643 seconds
[14.082s][info ][safepoint    ] Entering safepoint region: CollectForMetadataAllocation
[14.082s][info ][safepoint    ] Leaving safepoint region
[14.082s][info ][safepoint    ] Total time for which application threads were stopped: 0.0002640 seconds, Stopping threads took: 0.0000615 seconds
[14.169s][info ][safepoint    ] Application time: 0.0870502 seconds
[14.169s][info ][safepoint    ] Entering safepoint region: ICBufferFull
[14.169s][info ][safepoint    ] Leaving safepoint region
[14.169s][info ][safepoint    ] Total time for which application threads were stopped: 0.0002167 seconds, Stopping threads took: 0.0000684 seconds
[14.262s][info ][safepoint    ] Application time: 0.0928166 seconds
[14.262s][info ][safepoint    ] Entering safepoint region: ICBufferFull
[14.262s][info ][safepoint    ] Leaving safepoint region
[14.262s][info ][safepoint    ] Total time for which application threads were stopped: 0.0002228 seconds, Stopping threads took: 0.0000753 seconds
[14.374s][info ][safepoint    ] Application time: 0.1117255 seconds
[14.374s][info ][safepoint    ] Entering safepoint region: ICBufferFull
[14.374s][info ][safepoint    ] Leaving safepoint region
[14.374s][info ][safepoint    ] Total time for which application threads were stopped: 0.0002228 seconds, Stopping threads took: 0.0000535 seconds
[14.563s][info ][safepoint    ] Application time: 0.1892280 seconds
[14.564s][info ][safepoint    ] Entering safepoint region: ICBufferFull
[14.564s][info ][safepoint    ] Leaving safepoint region
[14.564s][info ][safepoint    ] Total time for which application threads were stopped: 0.0002599 seconds, Stopping threads took: 0.0000836 seconds
[14.570s][info ][safepoint    ] Application time: 0.0066826 seconds
[14.570s][info ][safepoint    ] Entering safepoint region: ICBufferFull
[14.571s][info ][safepoint    ] Leaving safepoint region
[14.571s][info ][safepoint    ] Total time for which application threads were stopped: 0.0002046 seconds, Stopping threads took: 0.0000137 seconds
[14.627s][info ][safepoint    ] Application time: 0.0561623 seconds
[14.627s][info ][safepoint    ] Entering safepoint region: ICBufferFull
[14.627s][info ][safepoint    ] Leaving safepoint region
[14.627s][info ][safepoint    ] Total time for which application threads were stopped: 0.0002224 seconds, Stopping threads took: 0.0000172 seconds
[14.715s][info ][safepoint    ] Application time: 0.0876962 seconds
[14.715s][info ][safepoint    ] Entering safepoint region: ICBufferFull
[14.715s][info ][safepoint    ] Leaving safepoint region
[14.715s][info ][safepoint    ] Total time for which application threads were stopped: 0.0002175 seconds, Stopping threads took: 0.0000158 seconds
[15.026s][info ][safepoint    ] Application time: 0.3107657 seconds
[15.026s][info ][safepoint    ] Entering safepoint region: ICBufferFull
[15.026s][info ][safepoint    ] Leaving safepoint region
[15.026s][info ][safepoint    ] Total time for which application threads were stopped: 0.0001953 seconds, Stopping threads took: 0.0000162 seconds
[15.291s][info ][safepoint    ] Application time: 0.2651683 seconds
[15.291s][info ][safepoint    ] Entering safepoint region: CMS_Initial_Mark
[15.291s][info ][gc,start     ] GC(99) Pause Initial Mark
[15.321s][info ][gc           ] GC(99) Pause Initial Mark 363M->363M(852M) 30.051ms
[15.321s][info ][gc,cpu       ] GC(99) User=0.12s Sys=0.00s Real=0.03s
[15.322s][info ][safepoint    ] Leaving safepoint region
[15.322s][info ][safepoint    ] Total time for which application threads were stopped: 0.0303262 seconds, Stopping threads took: 0.0000305 seconds
[15.322s][info ][gc           ] GC(99) Concurrent Mark
[15.568s][info ][gc           ] GC(99) Concurrent Mark 246.268ms
[15.568s][info ][gc,cpu       ] GC(99) User=0.58s Sys=0.01s Real=0.24s
[15.568s][info ][gc           ] GC(99) Concurrent Preclean
[15.568s][debug][gc,ref       ] GC(99) Preclean SoftReferences 0.001ms
[15.568s][debug][gc,ref       ] GC(99) Preclean WeakReferences 0.023ms
[15.568s][debug][gc,ref       ] GC(99) Preclean FinalReferences 0.003ms
[15.568s][debug][gc,ref       ] GC(99) Preclean PhantomReferences 0.002ms
[15.575s][info ][gc           ] GC(99) Concurrent Preclean 7.001ms
[15.575s][info ][gc,cpu       ] GC(99) User=0.03s Sys=0.00s Real=0.01s
[15.575s][info ][gc           ] GC(99) Concurrent Abortable Preclean
[15.626s][info ][safepoint    ] Application time: 0.3047862 seconds
[15.626s][info ][safepoint    ] Entering safepoint region: CollectForMetadataAllocation
[15.627s][info ][safepoint    ] Leaving safepoint region
[15.627s][info ][safepoint    ] Total time for which application threads were stopped: 0.0002435 seconds, Stopping threads took: 0.0000703 seconds
[15.920s][info ][safepoint    ] Application time: 0.2935273 seconds
[15.920s][info ][safepoint    ] Entering safepoint region: ICBufferFull
[15.920s][info ][safepoint    ] Leaving safepoint region
[15.920s][info ][safepoint    ] Total time for which application threads were stopped: 0.0002750 seconds, Stopping threads took: 0.0000628 seconds
[16.325s][info ][safepoint    ] Application time: 0.4044058 seconds
[16.325s][info ][safepoint    ] Entering safepoint region: ICBufferFull
[16.325s][info ][safepoint    ] Leaving safepoint region
[16.325s][info ][safepoint    ] Total time for which application threads were stopped: 0.0002268 seconds, Stopping threads took: 0.0000376 seconds
[16.661s][info ][safepoint    ] Application time: 0.3354554 seconds
[16.661s][info ][safepoint    ] Entering safepoint region: ICBufferFull
[16.661s][info ][safepoint    ] Leaving safepoint region
[16.661s][info ][safepoint    ] Total time for which application threads were stopped: 0.0002352 seconds, Stopping threads took: 0.0000167 seconds
[16.829s][info ][safepoint    ] Application time: 0.1677492 seconds
[16.829s][info ][safepoint    ] Entering safepoint region: GenCollectForAllocation
[16.829s][info ][gc,start     ] GC(100) Pause Young (Allocation Failure)
[16.829s][info ][gc,task      ] GC(100) Using 4 workers of 4 for evacuation
[16.866s][debug][gc,ref       ] GC(100) Skipped phase1 of Reference Processing due to unavailable references
[16.866s][debug][gc,ref       ] GC(100) Skipped phase3 of Reference Processing due to unavailable references
[16.866s][debug][gc,age       ] GC(100) Desired survivor size 15400960 bytes, new threshold 6 (max threshold 6)
[16.866s][info ][gc,heap      ] GC(100) ParNew: 270976K->24981K(270976K)
[16.866s][info ][gc,heap      ] GC(100) CMS: 198965K->222482K(602112K)
[16.866s][info ][gc,metaspace ] GC(100) Metaspace: 45884K->45884K(1091584K)
[16.866s][info ][gc           ] GC(100) Pause Young (Allocation Failure) 458M->241M(852M) 37.609ms
[16.866s][info ][gc,cpu       ] GC(100) User=0.14s Sys=0.00s Real=0.03s
[16.867s][info ][safepoint    ] Leaving safepoint region
[16.867s][info ][safepoint    ] Total time for which application threads were stopped: 0.0378827 seconds, Stopping threads took: 0.0000167 seconds
[16.870s][info ][safepoint    ] Application time: 0.0039391 seconds
[16.871s][info ][safepoint    ] Entering safepoint region: CollectForMetadataAllocation
[16.871s][info ][safepoint    ] Leaving safepoint region
[16.871s][info ][safepoint    ] Total time for which application threads were stopped: 0.0001644 seconds, Stopping threads took: 0.0000566 seconds
[17.370s][info ][safepoint    ] Application time: 0.4989066 seconds
[17.370s][info ][safepoint    ] Entering safepoint region: ICBufferFull
[17.370s][info ][safepoint    ] Leaving safepoint region
[17.370s][info ][safepoint    ] Total time for which application threads were stopped: 0.0002080 seconds, Stopping threads took: 0.0000271 seconds
[17.861s][info ][safepoint    ] Application time: 0.4908497 seconds
[17.861s][info ][safepoint    ] Entering safepoint region: ICBufferFull
[17.861s][info ][safepoint    ] Leaving safepoint region
[17.861s][info ][safepoint    ] Total time for which application threads were stopped: 0.0002609 seconds, Stopping threads took: 0.0000899 seconds
[18.818s][info ][safepoint    ] Application time: 0.9567331 seconds
[18.818s][info ][safepoint    ] Entering safepoint region: ICBufferFull
[18.818s][info ][safepoint    ] Leaving safepoint region
[18.818s][info ][safepoint    ] Total time for which application threads were stopped: 0.0002206 seconds, Stopping threads took: 0.0000165 seconds
[19.797s][info ][gc           ] GC(99) Concurrent Abortable Preclean 4221.947ms
[19.797s][info ][gc,cpu       ] GC(99) User=6.59s Sys=0.15s Real=4.23s
[19.797s][info ][safepoint    ] Application time: 0.9791503 seconds
[19.797s][info ][safepoint    ] Entering safepoint region: CMS_Final_Remark
[19.797s][info ][gc,start     ] GC(99) Pause Remark
[19.821s][debug][gc,phases    ] GC(99) Rescan (parallel) 23.308ms
[19.821s][debug][gc,ref       ] GC(99) Skipped phase1 of Reference Processing due to unavailable references
[19.821s][debug][gc,ref       ] GC(99) Skipped phase2 of Reference Processing due to unavailable references
[19.821s][debug][gc,ref       ] GC(99) Skipped phase3 of Reference Processing due to unavailable references
[19.821s][debug][gc,ref       ] GC(99) Skipped phase4 of Reference Processing due to unavailable references
[19.821s][debug][gc,phases    ] GC(99) Reference Processing 0.034ms
[19.821s][debug][gc,phases    ] GC(99) Weak Processing 0.103ms
[19.822s][debug][gc,phases    ] GC(99) ClassLoaderData 0.910ms
[19.822s][debug][gc,phases    ] GC(99) Dictionary 0.018ms
[19.822s][debug][gc,phases    ] GC(99) ProtectionDomainCacheTable 0.003ms
[19.822s][debug][gc,phases    ] GC(99) ResolvedMethodTable 0.129ms
[19.845s][debug][gc,phases    ] GC(99) Class Unloading 24.175ms
[19.848s][debug][gc,phases    ] GC(99) Scrub Symbol Table 3.120ms
[19.849s][debug][gc,phases    ] GC(99) Scrub String Table 0.459ms
[19.849s][info ][gc           ] GC(99) Pause Remark 364M->364M(852M) 51.976ms
[19.849s][info ][gc,cpu       ] GC(99) User=0.12s Sys=0.00s Real=0.05s
[19.849s][info ][safepoint    ] Leaving safepoint region
[19.849s][info ][safepoint    ] Total time for which application threads were stopped: 0.0521827 seconds, Stopping threads took: 0.0000197 seconds
[19.849s][info ][gc           ] GC(99) Concurrent Sweep
[19.853s][info ][safepoint    ] Application time: 0.0039008 seconds
[19.853s][info ][safepoint    ] Entering safepoint region: ICBufferFull
[19.853s][info ][safepoint    ] Leaving safepoint region
[19.853s][info ][safepoint    ] Total time for which application threads were stopped: 0.0002280 seconds, Stopping threads took: 0.0000147 seconds
[19.968s][info ][gc           ] GC(99) Concurrent Sweep 118.963ms
[19.968s][info ][gc,cpu       ] GC(99) User=0.19s Sys=0.00s Real=0.12s
[19.968s][info ][gc           ] GC(99) Concurrent Reset
[19.979s][info ][gc           ] GC(99) Concurrent Reset 10.812ms
[19.979s][info ][gc,cpu       ] GC(99) User=0.02s Sys=0.00s Real=0.01s
[19.979s][info ][gc,heap      ] GC(99) Old: 198965K->184763K(602112K)
[20.010s][info ][safepoint    ] Application time: 0.1566227 seconds
[20.010s][info ][safepoint    ] Entering safepoint region: ICBufferFull
[20.011s][info ][safepoint    ] Leaving safepoint region
[20.011s][info ][safepoint    ] Total time for which application threads were stopped: 0.0005484 seconds, Stopping threads took: 0.0000669 seconds
[21.011s][info ][safepoint    ] Application time: 1.0001677 seconds
[21.011s][info ][safepoint    ] Entering safepoint region: Cleanup
[21.011s][info ][safepoint    ] Leaving safepoint region
[21.011s][info ][safepoint    ] Total time for which application threads were stopped: 0.0002344 seconds, Stopping threads took: 0.0000388 seconds
[22.012s][info ][safepoint    ] Application time: 1.0006466 seconds
[22.012s][info ][safepoint    ] Entering safepoint region: Cleanup
[22.012s][info ][safepoint    ] Leaving safepoint region
[22.012s][info ][safepoint    ] Total time for which application threads were stopped: 0.0002183 seconds, Stopping threads took: 0.0000504 seconds
[23.012s][info ][safepoint    ] Application time: 1.0001316 seconds
[23.012s][info ][safepoint    ] Entering safepoint region: Cleanup
[23.012s][info ][safepoint    ] Leaving safepoint region
[23.012s][info ][safepoint    ] Total time for which application threads were stopped: 0.0002018 seconds, Stopping threads took: 0.0000529 seconds
[23.465s][info ][safepoint    ] Application time: 0.4526296 seconds
[23.465s][info ][safepoint    ] Entering safepoint region: GenCollectForAllocation
[23.465s][info ][gc,start     ] GC(101) Pause Young (Allocation Failure)
[23.465s][info ][gc,task      ] GC(101) Using 4 workers of 4 for evacuation
[23.471s][debug][gc,ref       ] GC(101) Skipped phase1 of Reference Processing due to unavailable references
[23.471s][debug][gc,ref       ] GC(101) Skipped phase3 of Reference Processing due to unavailable references
[23.472s][debug][gc,age       ] GC(101) Desired survivor size 15400960 bytes, new threshold 6 (max threshold 6)
[23.472s][info ][gc,heap      ] GC(101) ParNew: 265877K->9951K(270976K)
[23.472s][info ][gc,heap      ] GC(101) CMS: 184763K->184763K(602112K)
[23.472s][info ][gc,metaspace ] GC(101) Metaspace: 46038K->46038K(1091584K)
[23.472s][info ][gc           ] GC(101) Pause Young (Allocation Failure) 440M->190M(852M) 6.415ms
[23.472s][info ][gc,cpu       ] GC(101) User=0.02s Sys=0.00s Real=0.01s
[23.472s][info ][safepoint    ] Leaving safepoint region
[23.472s][info ][safepoint    ] Total time for which application threads were stopped: 0.0065710 seconds, Stopping threads took: 0.0000163 seconds
[23.678s][info ][safepoint    ] Application time: 0.2064404 seconds
[23.678s][info ][safepoint    ] Entering safepoint region: RevokeBias
[23.678s][info ][safepoint    ] Leaving safepoint region
[23.678s][info ][safepoint    ] Total time for which application threads were stopped: 0.0000862 seconds, Stopping threads took: 0.0000155 seconds
[24.075s][info ][safepoint    ] Application time: 0.3967787 seconds
[24.075s][info ][safepoint    ] Entering safepoint region: RevokeBias
[24.075s][info ][safepoint    ] Leaving safepoint region
[24.075s][info ][safepoint    ] Total time for which application threads were stopped: 0.0001157 seconds, Stopping threads took: 0.0000151 seconds
[24.077s][info ][safepoint    ] Application time: 0.0020446 seconds
[24.077s][info ][safepoint    ] Entering safepoint region: RevokeBias
[24.077s][info ][safepoint    ] Leaving safepoint region
[24.077s][info ][safepoint    ] Total time for which application threads were stopped: 0.0000971 seconds, Stopping threads took: 0.0000459 seconds
[24.084s][info ][safepoint    ] Application time: 0.0064569 seconds
[24.084s][info ][safepoint    ] Entering safepoint region: RevokeBias
[24.084s][info ][safepoint    ] Leaving safepoint region
[24.084s][info ][safepoint    ] Total time for which application threads were stopped: 0.0000861 seconds, Stopping threads took: 0.0000118 seconds
[24.084s][info ][safepoint    ] Application time: 0.0004867 seconds
[24.084s][info ][safepoint    ] Entering safepoint region: RevokeBias
[24.084s][info ][safepoint    ] Leaving safepoint region
[24.084s][info ][safepoint    ] Total time for which application threads were stopped: 0.0000377 seconds, Stopping threads took: 0.0000072 seconds
[24.124s][info ][safepoint    ] Application time: 0.0392125 seconds
[24.124s][info ][safepoint    ] Entering safepoint region: Deoptimize
[24.125s][info ][safepoint    ] Leaving safepoint region
[24.125s][info ][safepoint    ] Total time for which application threads were stopped: 0.0011260 seconds, Stopping threads took: 0.0000157 seconds
[24.251s][info ][safepoint    ] Application time: 0.1259261 seconds
[24.251s][info ][safepoint    ] Entering safepoint region: RevokeBias
[24.251s][info ][safepoint    ] Leaving safepoint region
[24.251s][info ][safepoint    ] Total time for which application threads were stopped: 0.0001178 seconds, Stopping threads took: 0.0000163 seconds
[24.269s][info ][safepoint    ] Application time: 0.0181769 seconds
[24.269s][info ][safepoint    ] Entering safepoint region: RevokeBias
[24.269s][info ][safepoint    ] Leaving safepoint region
[24.269s][info ][safepoint    ] Total time for which application threads were stopped: 0.0001032 seconds, Stopping threads took: 0.0000156 seconds
[24.271s][info ][safepoint    ] Application time: 0.0018287 seconds
[24.271s][info ][safepoint    ] Entering safepoint region: RevokeBias
[24.271s][info ][safepoint    ] Leaving safepoint region
[24.271s][info ][safepoint    ] Total time for which application threads were stopped: 0.0000484 seconds, Stopping threads took: 0.0000103 seconds
[25.271s][info ][safepoint    ] Application time: 1.0001129 seconds
[25.271s][info ][safepoint    ] Entering safepoint region: Cleanup
[25.271s][info ][safepoint    ] Leaving safepoint region
[25.271s][info ][safepoint    ] Total time for which application threads were stopped: 0.0001004 seconds, Stopping threads took: 0.0000186 seconds
[26.042s][info ][safepoint    ] Application time: 0.7704108 seconds
[26.042s][info ][safepoint    ] Entering safepoint region: RevokeBias
[26.042s][info ][safepoint    ] Leaving safepoint region
[26.042s][info ][safepoint    ] Total time for which application threads were stopped: 0.0001712 seconds, Stopping threads took: 0.0000150 seconds
[26.043s][info ][safepoint    ] Application time: 0.0010670 seconds
[26.043s][info ][safepoint    ] Entering safepoint region: RevokeBias
[26.043s][info ][safepoint    ] Leaving safepoint region
[26.043s][info ][safepoint    ] Total time for which application threads were stopped: 0.0000888 seconds, Stopping threads took: 0.0000105 seconds
[26.062s][info ][safepoint    ] Application time: 0.0190716 seconds
[26.062s][info ][safepoint    ] Entering safepoint region: Deoptimize
[26.063s][info ][safepoint    ] Leaving safepoint region
[26.063s][info ][safepoint    ] Total time for which application threads were stopped: 0.0011777 seconds, Stopping threads took: 0.0000413 seconds
[26.064s][info ][safepoint    ] Application time: 0.0008314 seconds
[26.064s][info ][safepoint    ] Entering safepoint region: RevokeBias
[26.064s][info ][safepoint    ] Leaving safepoint region
[26.064s][info ][safepoint    ] Total time for which application threads were stopped: 0.0001307 seconds, Stopping threads took: 0.0000758 seconds
[26.065s][info ][safepoint    ] Application time: 0.0000569 seconds
[26.065s][info ][safepoint    ] Entering safepoint region: RevokeBias
[26.065s][info ][safepoint    ] Leaving safepoint region
[26.065s][info ][safepoint    ] Total time for which application threads were stopped: 0.0000737 seconds, Stopping threads took: 0.0000440 seconds
[26.065s][info ][safepoint    ] Application time: 0.0000602 seconds
[26.065s][info ][safepoint    ] Entering safepoint region: RevokeBias
[26.065s][info ][safepoint    ] Leaving safepoint region
[26.065s][info ][safepoint    ] Total time for which application threads were stopped: 0.0000765 seconds, Stopping threads took: 0.0000478 seconds
[26.065s][info ][safepoint    ] Application time: 0.0000503 seconds
[26.065s][info ][safepoint    ] Entering safepoint region: RevokeBias
[26.065s][info ][safepoint    ] Leaving safepoint region
[26.065s][info ][safepoint    ] Total time for which application threads were stopped: 0.0000743 seconds, Stopping threads took: 0.0000419 seconds
[26.071s][info ][safepoint    ] Application time: 0.0056098 seconds
[26.071s][info ][safepoint    ] Entering safepoint region: RevokeBias
[26.071s][info ][safepoint    ] Leaving safepoint region
[26.071s][info ][safepoint    ] Total time for which application threads were stopped: 0.0000627 seconds, Stopping threads took: 0.0000126 seconds
[26.076s][info ][safepoint    ] Application time: 0.0056454 seconds
[26.076s][info ][safepoint    ] Entering safepoint region: RevokeBias
[26.076s][info ][safepoint    ] Leaving safepoint region
[26.076s][info ][safepoint    ] Total time for which application threads were stopped: 0.0000992 seconds, Stopping threads took: 0.0000125 seconds
[26.097s][info ][safepoint    ] Application time: 0.0205324 seconds
[26.097s][info ][safepoint    ] Entering safepoint region: RevokeBias
[26.097s][info ][safepoint    ] Leaving safepoint region
[26.097s][info ][safepoint    ] Total time for which application threads were stopped: 0.0000989 seconds, Stopping threads took: 0.0000152 seconds
[26.097s][info ][safepoint    ] Application time: 0.0000941 seconds
[26.097s][info ][safepoint    ] Entering safepoint region: RevokeBias
[26.097s][info ][safepoint    ] Leaving safepoint region
[26.097s][info ][safepoint    ] Total time for which application threads were stopped: 0.0000298 seconds, Stopping threads took: 0.0000065 seconds
[26.141s][info ][safepoint    ] Application time: 0.0441760 seconds
[26.141s][info ][safepoint    ] Entering safepoint region: Deoptimize
[26.143s][info ][safepoint    ] Leaving safepoint region
[26.143s][info ][safepoint    ] Total time for which application threads were stopped: 0.0012244 seconds, Stopping threads took: 0.0000178 seconds
[26.204s][info ][safepoint    ] Application time: 0.0614143 seconds
[26.204s][info ][safepoint    ] Entering safepoint region: Deoptimize
[26.205s][info ][safepoint    ] Leaving safepoint region
[26.205s][info ][safepoint    ] Total time for which application threads were stopped: 0.0012372 seconds, Stopping threads took: 0.0000306 seconds
[26.225s][info ][safepoint    ] Application time: 0.0192615 seconds
[26.225s][info ][safepoint    ] Entering safepoint region: RevokeBias
[26.225s][info ][safepoint    ] Leaving safepoint region
[26.225s][info ][safepoint    ] Total time for which application threads were stopped: 0.0001354 seconds, Stopping threads took: 0.0000174 seconds
[26.328s][info ][safepoint    ] Application time: 0.1028236 seconds
[26.328s][info ][safepoint    ] Entering safepoint region: RevokeBias
[26.328s][info ][safepoint    ] Leaving safepoint region
[26.328s][info ][safepoint    ] Total time for which application threads were stopped: 0.0002470 seconds, Stopping threads took: 0.0000932 seconds
[26.439s][info ][safepoint    ] Application time: 0.1108310 seconds
[26.439s][info ][safepoint    ] Entering safepoint region: Deoptimize
[26.440s][info ][safepoint    ] Leaving safepoint region
[26.440s][info ][safepoint    ] Total time for which application threads were stopped: 0.0012418 seconds, Stopping threads took: 0.0000189 seconds
[26.440s][info ][safepoint    ] Application time: 0.0003480 seconds
[26.440s][info ][safepoint    ] Entering safepoint region: Deoptimize
[26.441s][info ][safepoint    ] Leaving safepoint region
[26.441s][info ][safepoint    ] Total time for which application threads were stopped: 0.0004974 seconds, Stopping threads took: 0.0000112 seconds
[26.442s][info ][safepoint    ] Application time: 0.0010345 seconds
[26.442s][info ][safepoint    ] Entering safepoint region: RevokeBias
[26.442s][info ][safepoint    ] Leaving safepoint region
[26.442s][info ][safepoint    ] Total time for which application threads were stopped: 0.0000564 seconds, Stopping threads took: 0.0000113 seconds
[26.443s][info ][safepoint    ] Application time: 0.0007208 seconds
[26.443s][info ][safepoint    ] Entering safepoint region: Deoptimize
[26.443s][info ][safepoint    ] Leaving safepoint region
[26.443s][info ][safepoint    ] Total time for which application threads were stopped: 0.0007829 seconds, Stopping threads took: 0.0000080 seconds
[26.447s][info ][safepoint    ] Application time: 0.0037658 seconds
[26.447s][info ][safepoint    ] Entering safepoint region: RevokeBias
[26.447s][info ][safepoint    ] Leaving safepoint region
[26.447s][info ][safepoint    ] Total time for which application threads were stopped: 0.0000651 seconds, Stopping threads took: 0.0000115 seconds
[26.467s][info ][safepoint    ] Application time: 0.0199079 seconds
[26.467s][info ][safepoint    ] Entering safepoint region: RevokeBias
[26.467s][info ][safepoint    ] Leaving safepoint region
[26.467s][info ][safepoint    ] Total time for which application threads were stopped: 0.0001049 seconds, Stopping threads took: 0.0000309 seconds
[26.474s][info ][safepoint    ] Application time: 0.0067439 seconds
[26.474s][info ][safepoint    ] Entering safepoint region: Deoptimize
[26.475s][info ][safepoint    ] Leaving safepoint region
[26.475s][info ][safepoint    ] Total time for which application threads were stopped: 0.0012186 seconds, Stopping threads took: 0.0000279 seconds
[26.728s][info ][safepoint    ] Application time: 0.2521111 seconds
[26.728s][info ][safepoint    ] Entering safepoint region: RevokeBias
[26.728s][info ][safepoint    ] Leaving safepoint region
[26.728s][info ][safepoint    ] Total time for which application threads were stopped: 0.0002918 seconds, Stopping threads took: 0.0000809 seconds
[26.729s][info ][safepoint    ] Application time: 0.0013119 seconds
[26.729s][info ][safepoint    ] Entering safepoint region: RevokeBias
[26.729s][info ][safepoint    ] Leaving safepoint region
[26.729s][info ][safepoint    ] Total time for which application threads were stopped: 0.0001665 seconds, Stopping threads took: 0.0001005 seconds
[26.779s][info ][safepoint    ] Application time: 0.0491830 seconds
[26.779s][info ][safepoint    ] Entering safepoint region: RevokeBias
[26.779s][info ][safepoint    ] Leaving safepoint region
[26.779s][info ][safepoint    ] Total time for which application threads were stopped: 0.0002873 seconds, Stopping threads took: 0.0000970 seconds
[26.780s][info ][safepoint    ] Application time: 0.0006733 seconds
[26.780s][info ][safepoint    ] Entering safepoint region: RevokeBias
[26.780s][info ][safepoint    ] Leaving safepoint region
[26.780s][info ][safepoint    ] Total time for which application threads were stopped: 0.0000732 seconds, Stopping threads took: 0.0000263 seconds
[26.818s][info ][safepoint    ] Application time: 0.0383656 seconds
[26.818s][info ][safepoint    ] Entering safepoint region: Deoptimize
[26.819s][info ][safepoint    ] Leaving safepoint region
[26.819s][info ][safepoint    ] Total time for which application threads were stopped: 0.0013524 seconds, Stopping threads took: 0.0000596 seconds
[26.822s][info ][safepoint    ] Application time: 0.0024814 seconds
[26.822s][info ][safepoint    ] Entering safepoint region: RevokeBias
[26.822s][info ][safepoint    ] Leaving safepoint region
[26.822s][info ][safepoint    ] Total time for which application threads were stopped: 0.0000923 seconds, Stopping threads took: 0.0000331 seconds
[26.987s][info ][safepoint    ] Application time: 0.1649790 seconds
[26.987s][info ][safepoint    ] Entering safepoint region: ICBufferFull
[26.987s][info ][safepoint    ] Leaving safepoint region
[26.987s][info ][safepoint    ] Total time for which application threads were stopped: 0.0002958 seconds, Stopping threads took: 0.0000836 seconds
[26.989s][info ][safepoint    ] Application time: 0.0013477 seconds
[26.989s][info ][safepoint    ] Entering safepoint region: Deoptimize
[26.990s][info ][safepoint    ] Leaving safepoint region
[26.990s][info ][safepoint    ] Total time for which application threads were stopped: 0.0013106 seconds, Stopping threads took: 0.0000323 seconds
[27.014s][info ][safepoint    ] Application time: 0.0241252 seconds
[27.014s][info ][safepoint    ] Entering safepoint region: RevokeBias
[27.014s][info ][safepoint    ] Leaving safepoint region
[27.014s][info ][safepoint    ] Total time for which application threads were stopped: 0.0001484 seconds, Stopping threads took: 0.0000140 seconds
[27.200s][info ][safepoint    ] Application time: 0.1855995 seconds
[27.200s][info ][safepoint    ] Entering safepoint region: ICBufferFull
[27.200s][info ][safepoint    ] Leaving safepoint region
[27.200s][info ][safepoint    ] Total time for which application threads were stopped: 0.0002173 seconds, Stopping threads took: 0.0000175 seconds
[27.217s][info ][safepoint    ] Application time: 0.0163551 seconds
[27.217s][info ][safepoint    ] Entering safepoint region: GenCollectForAllocation
[27.217s][info ][gc,start     ] GC(102) Pause Young (Allocation Failure)
[27.217s][info ][gc,task      ] GC(102) Using 4 workers of 4 for evacuation
[27.233s][debug][gc,ref       ] GC(102) Skipped phase1 of Reference Processing due to unavailable references
[27.234s][debug][gc,age       ] GC(102) Desired survivor size 15400960 bytes, new threshold 1 (max threshold 6)
[27.234s][info ][gc,heap      ] GC(102) ParNew: 250847K->30080K(270976K)
[27.234s][info ][gc,heap      ] GC(102) CMS: 184763K->190582K(602112K)
[27.234s][info ][gc,metaspace ] GC(102) Metaspace: 55019K->55019K(1099776K)
[27.234s][info ][gc           ] GC(102) Pause Young (Allocation Failure) 425M->215M(852M) 17.147ms
[27.234s][info ][gc,cpu       ] GC(102) User=0.06s Sys=0.00s Real=0.01s
[27.234s][info ][safepoint    ] Leaving safepoint region
[27.234s][info ][safepoint    ] Total time for which application threads were stopped: 0.0173419 seconds, Stopping threads took: 0.0000185 seconds
[27.552s][info ][safepoint    ] Application time: 0.3177476 seconds
[27.552s][info ][safepoint    ] Entering safepoint region: ICBufferFull
[27.552s][info ][safepoint    ] Leaving safepoint region
[27.552s][info ][safepoint    ] Total time for which application threads were stopped: 0.0002502 seconds, Stopping threads took: 0.0000380 seconds
[27.944s][info ][safepoint    ] Application time: 0.3923522 seconds
[27.944s][info ][safepoint    ] Entering safepoint region: Deoptimize
[27.946s][info ][safepoint    ] Leaving safepoint region
[27.946s][info ][safepoint    ] Total time for which application threads were stopped: 0.0015052 seconds, Stopping threads took: 0.0000953 seconds
[28.071s][info ][safepoint    ] Application time: 0.1248420 seconds
[28.071s][info ][safepoint    ] Entering safepoint region: ICBufferFull
[28.071s][info ][safepoint    ] Leaving safepoint region
[28.071s][info ][safepoint    ] Total time for which application threads were stopped: 0.0002814 seconds, Stopping threads took: 0.0000744 seconds
[28.292s][info ][safepoint    ] Application time: 0.2205532 seconds
[28.292s][info ][safepoint    ] Entering safepoint region: GenCollectForAllocation
[28.292s][info ][safepoint    ] Leaving safepoint region
[28.292s][info ][safepoint    ] Total time for which application threads were stopped: 0.0002173 seconds, Stopping threads took: 0.0000747 seconds
[28.292s][info ][safepoint    ] Application time: 0.0001808 seconds
[28.292s][info ][safepoint    ] Entering safepoint region: GenCollectFull
[28.292s][info ][gc,start     ] GC(103) Pause Young (GCLocker Initiated GC)
[28.292s][info ][gc,task      ] GC(103) Using 4 workers of 4 for evacuation
[28.315s][debug][gc,ref       ] GC(103) Skipped phase1 of Reference Processing due to unavailable references
[28.315s][debug][gc,ref       ] GC(103) Skipped phase3 of Reference Processing due to unavailable references
[28.315s][debug][gc,age       ] GC(103) Desired survivor size 15400960 bytes, new threshold 1 (max threshold 6)
[28.315s][info ][gc,heap      ] GC(103) ParNew: 270976K->24103K(270976K)
[28.315s][info ][gc,heap      ] GC(103) CMS: 190582K->218973K(602112K)
[28.315s][info ][gc,metaspace ] GC(103) Metaspace: 55520K->55520K(1099776K)
[28.315s][info ][gc           ] GC(103) Pause Young (GCLocker Initiated GC) 450M->237M(852M) 22.830ms
[28.315s][info ][gc,cpu       ] GC(103) User=0.09s Sys=0.00s Real=0.02s
[28.315s][info ][safepoint    ] Leaving safepoint region
[28.315s][info ][safepoint    ] Total time for which application threads were stopped: 0.0230186 seconds, Stopping threads took: 0.0000779 seconds
[28.384s][info ][safepoint    ] Application time: 0.0687612 seconds
[28.384s][info ][safepoint    ] Entering safepoint region: Deoptimize
[28.385s][info ][safepoint    ] Leaving safepoint region
[28.385s][info ][safepoint    ] Total time for which application threads were stopped: 0.0013914 seconds, Stopping threads took: 0.0000172 seconds
[28.917s][info ][safepoint    ] Application time: 0.5319241 seconds
[28.917s][info ][safepoint    ] Entering safepoint region: ICBufferFull
[28.917s][info ][safepoint    ] Leaving safepoint region
[28.917s][info ][safepoint    ] Total time for which application threads were stopped: 0.0002784 seconds, Stopping threads took: 0.0000832 seconds
[29.361s][info ][safepoint    ] Application time: 0.4430856 seconds
[29.361s][info ][safepoint    ] Entering safepoint region: ICBufferFull
[29.361s][info ][safepoint    ] Leaving safepoint region
[29.361s][info ][safepoint    ] Total time for which application threads were stopped: 0.0001998 seconds, Stopping threads took: 0.0000178 seconds
[30.358s][info ][safepoint    ] Application time: 0.9972345 seconds
[30.358s][info ][safepoint    ] Entering safepoint region: ICBufferFull
[30.358s][info ][safepoint    ] Leaving safepoint region
[30.358s][info ][safepoint    ] Total time for which application threads were stopped: 0.0002082 seconds, Stopping threads took: 0.0000165 seconds
[30.369s][info ][safepoint    ] Application time: 0.0106817 seconds
[30.369s][info ][safepoint    ] Entering safepoint region: ICBufferFull
[30.369s][info ][safepoint    ] Leaving safepoint region
[30.369s][info ][safepoint    ] Total time for which application threads were stopped: 0.0002886 seconds, Stopping threads took: 0.0000383 seconds
[30.569s][info ][safepoint    ] Application time: 0.1992973 seconds
[30.569s][info ][safepoint    ] Entering safepoint region: ICBufferFull
[30.569s][info ][safepoint    ] Leaving safepoint region
[30.569s][info ][safepoint    ] Total time for which application threads were stopped: 0.0002168 seconds, Stopping threads took: 0.0000318 seconds
[31.113s][info ][safepoint    ] Application time: 0.5442405 seconds
[31.113s][info ][safepoint    ] Entering safepoint region: GenCollectForAllocation
[31.113s][info ][gc,start     ] GC(104) Pause Young (Allocation Failure)
[31.113s][info ][gc,task      ] GC(104) Using 4 workers of 4 for evacuation
[31.130s][debug][gc,ref       ] GC(104) Skipped phase1 of Reference Processing due to unavailable references
[31.130s][debug][gc,ref       ] GC(104) Skipped phase3 of Reference Processing due to unavailable references
[31.130s][debug][gc,age       ] GC(104) Desired survivor size 15400960 bytes, new threshold 6 (max threshold 6)
[31.130s][info ][gc,heap      ] GC(104) ParNew: 264999K->16993K(270976K)
[31.130s][info ][gc,heap      ] GC(104) CMS: 218973K->234371K(602112K)
[31.130s][info ][gc,metaspace ] GC(104) Metaspace: 55828K->55828K(1099776K)
[31.130s][info ][gc           ] GC(104) Pause Young (Allocation Failure) 472M->245M(852M) 16.988ms
[31.130s][info ][gc,cpu       ] GC(104) User=0.05s Sys=0.01s Real=0.02s
[31.130s][info ][safepoint    ] Leaving safepoint region
[31.130s][info ][safepoint    ] Total time for which application threads were stopped: 0.0173506 seconds, Stopping threads took: 0.0000889 seconds
[31.443s][info ][safepoint    ] Application time: 0.3121955 seconds
[31.443s][info ][safepoint    ] Entering safepoint region: RevokeBias
[31.443s][info ][safepoint    ] Leaving safepoint region
[31.443s][info ][safepoint    ] Total time for which application threads were stopped: 0.0002201 seconds, Stopping threads took: 0.0000629 seconds
[31.443s][info ][safepoint    ] Application time: 0.0002996 seconds
[31.443s][info ][safepoint    ] Entering safepoint region: RevokeBias
[31.443s][info ][safepoint    ] Leaving safepoint region
[31.443s][info ][safepoint    ] Total time for which application threads were stopped: 0.0000833 seconds, Stopping threads took: 0.0000481 seconds
[32.066s][info ][safepoint    ] Application time: 0.6225603 seconds
[32.066s][info ][safepoint    ] Entering safepoint region: ICBufferFull
[32.066s][info ][safepoint    ] Leaving safepoint region
[32.066s][info ][safepoint    ] Total time for which application threads were stopped: 0.0002197 seconds, Stopping threads took: 0.0000165 seconds
[33.063s][info ][safepoint    ] Application time: 0.9968282 seconds
[33.063s][info ][safepoint    ] Entering safepoint region: ICBufferFull
[33.063s][info ][safepoint    ] Leaving safepoint region
[33.063s][info ][safepoint    ] Total time for which application threads were stopped: 0.0002379 seconds, Stopping threads took: 0.0000175 seconds
[33.811s][info ][safepoint    ] Application time: 0.7480615 seconds
[33.811s][info ][safepoint    ] Entering safepoint region: ICBufferFull
[33.812s][info ][safepoint    ] Leaving safepoint region
[33.812s][info ][safepoint    ] Total time for which application threads were stopped: 0.0003083 seconds, Stopping threads took: 0.0000529 seconds
[33.967s][info ][safepoint    ] Application time: 0.1555279 seconds
[33.967s][info ][safepoint    ] Entering safepoint region: GenCollectForAllocation
[33.967s][info ][gc,start     ] GC(105) Pause Young (Allocation Failure)
[33.967s][info ][gc,task      ] GC(105) Using 4 workers of 4 for evacuation
[33.972s][debug][gc,ref       ] GC(105) Skipped phase1 of Reference Processing due to unavailable references
[33.972s][debug][gc,ref       ] GC(105) Skipped phase3 of Reference Processing due to unavailable references
[33.972s][debug][gc,age       ] GC(105) Desired survivor size 15400960 bytes, new threshold 6 (max threshold 6)
[33.972s][info ][gc,heap      ] GC(105) ParNew: 257889K->8159K(270976K)
[33.972s][info ][gc,heap      ] GC(105) CMS: 234371K->234371K(602112K)
[33.972s][info ][gc,metaspace ] GC(105) Metaspace: 56070K->56070K(1099776K)
[33.972s][info ][gc           ] GC(105) Pause Young (Allocation Failure) 480M->236M(852M) 4.955ms
[33.972s][info ][gc,cpu       ] GC(105) User=0.03s Sys=0.00s Real=0.01s
[33.972s][info ][safepoint    ] Leaving safepoint region
[33.972s][info ][safepoint    ] Total time for which application threads were stopped: 0.0051350 seconds, Stopping threads took: 0.0000162 seconds
[34.973s][info ][safepoint    ] Application time: 1.0001307 seconds
[34.973s][info ][safepoint    ] Entering safepoint region: Cleanup
[34.973s][info ][safepoint    ] Leaving safepoint region
[34.973s][info ][safepoint    ] Total time for which application threads were stopped: 0.0001744 seconds, Stopping threads took: 0.0000448 seconds
[35.973s][info ][safepoint    ] Application time: 1.0000631 seconds
[35.973s][info ][safepoint    ] Entering safepoint region: Cleanup
[35.973s][info ][safepoint    ] Leaving safepoint region
[35.973s][info ][safepoint    ] Total time for which application threads were stopped: 0.0002633 seconds, Stopping threads took: 0.0000873 seconds
[36.444s][info ][safepoint    ] Application time: 0.4704597 seconds
[36.444s][info ][safepoint    ] Entering safepoint region: RevokeBias
[36.444s][info ][safepoint    ] Leaving safepoint region
[36.444s][info ][safepoint    ] Total time for which application threads were stopped: 0.0001203 seconds, Stopping threads took: 0.0000185 seconds
[36.445s][info ][safepoint    ] Application time: 0.0009772 seconds
[36.445s][info ][safepoint    ] Entering safepoint region: RevokeBias
[36.445s][info ][safepoint    ] Leaving safepoint region
[36.445s][info ][safepoint    ] Total time for which application threads were stopped: 0.0000588 seconds, Stopping threads took: 0.0000096 seconds
[36.445s][info ][safepoint    ] Application time: 0.0002133 seconds
[36.445s][info ][safepoint    ] Entering safepoint region: RevokeBias
[36.445s][info ][safepoint    ] Leaving safepoint region
[36.445s][info ][safepoint    ] Total time for which application threads were stopped: 0.0000278 seconds, Stopping threads took: 0.0000068 seconds
[36.448s][info ][safepoint    ] Application time: 0.0024064 seconds
[36.448s][info ][safepoint    ] Entering safepoint region: RevokeBias
[36.448s][info ][safepoint    ] Leaving safepoint region
[36.448s][info ][safepoint    ] Total time for which application threads were stopped: 0.0000351 seconds, Stopping threads took: 0.0000091 seconds
[36.448s][info ][safepoint    ] Application time: 0.0001061 seconds
[36.448s][info ][safepoint    ] Entering safepoint region: RevokeBias
[36.448s][info ][safepoint    ] Leaving safepoint region
[36.448s][info ][safepoint    ] Total time for which application threads were stopped: 0.0000269 seconds, Stopping threads took: 0.0000066 seconds
[36.448s][info ][safepoint    ] Application time: 0.0001551 seconds
[36.448s][info ][safepoint    ] Entering safepoint region: RevokeBias
[36.448s][info ][safepoint    ] Leaving safepoint region
[36.448s][info ][safepoint    ] Total time for which application threads were stopped: 0.0000286 seconds, Stopping threads took: 0.0000064 seconds
[37.235s][info ][safepoint    ] Application time: 0.7868980 seconds
[37.235s][info ][safepoint    ] Entering safepoint region: GenCollectForAllocation
[37.235s][info ][gc,start     ] GC(106) Pause Young (Allocation Failure)
[37.235s][info ][gc,task      ] GC(106) Using 4 workers of 4 for evacuation
[37.243s][debug][gc,ref       ] GC(106) Skipped phase1 of Reference Processing due to unavailable references
[37.243s][debug][gc,ref       ] GC(106) Skipped phase3 of Reference Processing due to unavailable references
[37.243s][debug][gc,age       ] GC(106) Desired survivor size 15400960 bytes, new threshold 6 (max threshold 6)
[37.243s][info ][gc,heap      ] GC(106) ParNew: 249055K->8224K(270976K)
[37.243s][info ][gc,heap      ] GC(106) CMS: 234371K->234371K(602112K)
[37.243s][info ][gc,metaspace ] GC(106) Metaspace: 56146K->56146K(1099776K)
[37.243s][info ][gc           ] GC(106) Pause Young (Allocation Failure) 472M->236M(852M) 8.443ms
[37.243s][info ][gc,cpu       ] GC(106) User=0.04s Sys=0.00s Real=0.01s
[37.244s][info ][safepoint    ] Leaving safepoint region
[37.244s][info ][safepoint    ] Total time for which application threads were stopped: 0.0086457 seconds, Stopping threads took: 0.0000183 seconds
[37.536s][info ][safepoint    ] Application time: 0.2921036 seconds
[37.536s][info ][safepoint    ] Entering safepoint region: ICBufferFull
[37.536s][info ][safepoint    ] Leaving safepoint region
[37.536s][info ][safepoint    ] Total time for which application threads were stopped: 0.0002414 seconds, Stopping threads took: 0.0000209 seconds
[38.536s][info ][safepoint    ] Application time: 1.0002071 seconds
[38.536s][info ][safepoint    ] Entering safepoint region: Cleanup
[38.537s][info ][safepoint    ] Leaving safepoint region
[38.537s][info ][safepoint    ] Total time for which application threads were stopped: 0.0003799 seconds, Stopping threads took: 0.0000191 seconds
[39.537s][info ][safepoint    ] Application time: 1.0000989 seconds
[39.537s][info ][safepoint    ] Entering safepoint region: Cleanup
[39.537s][info ][safepoint    ] Leaving safepoint region
[39.537s][info ][safepoint    ] Total time for which application threads were stopped: 0.0002086 seconds, Stopping threads took: 0.0000971 seconds
[40.515s][info ][safepoint    ] Application time: 0.9784653 seconds
[40.515s][info ][safepoint    ] Entering safepoint region: GenCollectForAllocation
[40.516s][info ][gc,start     ] GC(107) Pause Young (Allocation Failure)
[40.516s][info ][gc,task      ] GC(107) Using 4 workers of 4 for evacuation
[40.521s][debug][gc,ref       ] GC(107) Skipped phase1 of Reference Processing due to unavailable references
[40.521s][debug][gc,ref       ] GC(107) Skipped phase3 of Reference Processing due to unavailable references
[40.521s][debug][gc,age       ] GC(107) Desired survivor size 15400960 bytes, new threshold 6 (max threshold 6)
[40.521s][info ][gc,heap      ] GC(107) ParNew: 249120K->8465K(270976K)
[40.521s][info ][gc,heap      ] GC(107) CMS: 234371K->234371K(602112K)
[40.521s][info ][gc,metaspace ] GC(107) Metaspace: 56272K->56272K(1099776K)
[40.521s][info ][gc           ] GC(107) Pause Young (Allocation Failure) 472M->237M(852M) 5.173ms
[40.521s][info ][gc,cpu       ] GC(107) User=0.02s Sys=0.00s Real=0.01s
[40.521s][info ][safepoint    ] Leaving safepoint region
[40.521s][info ][safepoint    ] Total time for which application threads were stopped: 0.0053887 seconds, Stopping threads took: 0.0000167 seconds
[41.521s][info ][safepoint    ] Application time: 1.0001010 seconds
[41.521s][info ][safepoint    ] Entering safepoint region: Cleanup
[41.521s][info ][safepoint    ] Leaving safepoint region
[41.521s][info ][safepoint    ] Total time for which application threads were stopped: 0.0002817 seconds, Stopping threads took: 0.0001495 seconds
[42.521s][info ][safepoint    ] Application time: 1.0000902 seconds
[42.521s][info ][safepoint    ] Entering safepoint region: Cleanup
[42.522s][info ][safepoint    ] Leaving safepoint region
[42.522s][info ][safepoint    ] Total time for which application threads were stopped: 0.0001380 seconds, Stopping threads took: 0.0000413 seconds
[43.522s][info ][safepoint    ] Application time: 1.0001118 seconds
[43.522s][info ][safepoint    ] Entering safepoint region: Cleanup
[43.522s][info ][safepoint    ] Leaving safepoint region
[43.522s][info ][safepoint    ] Total time for which application threads were stopped: 0.0001116 seconds, Stopping threads took: 0.0000447 seconds
[43.870s][info ][safepoint    ] Application time: 0.3485968 seconds
[43.870s][info ][safepoint    ] Entering safepoint region: GenCollectForAllocation
[43.871s][info ][gc,start     ] GC(108) Pause Young (Allocation Failure)
[43.871s][info ][gc,task      ] GC(108) Using 4 workers of 4 for evacuation
[43.875s][debug][gc,ref       ] GC(108) Skipped phase1 of Reference Processing due to unavailable references
[43.875s][debug][gc,ref       ] GC(108) Skipped phase3 of Reference Processing due to unavailable references
[43.875s][debug][gc,ref       ] GC(108) Skipped phase4 of Reference Processing due to unavailable references
[43.876s][debug][gc,age       ] GC(108) Desired survivor size 15400960 bytes, new threshold 6 (max threshold 6)
[43.876s][info ][gc,heap      ] GC(108) ParNew: 249361K->8930K(270976K)
[43.876s][info ][gc,heap      ] GC(108) CMS: 234371K->234371K(602112K)
[43.876s][info ][gc,metaspace ] GC(108) Metaspace: 56295K->56295K(1099776K)
[43.876s][info ][gc           ] GC(108) Pause Young (Allocation Failure) 472M->237M(852M) 5.009ms
[43.876s][info ][gc,cpu       ] GC(108) User=0.03s Sys=0.00s Real=0.00s
[43.876s][info ][safepoint    ] Leaving safepoint region
[43.876s][info ][safepoint    ] Total time for which application threads were stopped: 0.0051846 seconds, Stopping threads took: 0.0000178 seconds
[44.876s][info ][safepoint    ] Application time: 1.0000878 seconds
[44.876s][info ][safepoint    ] Entering safepoint region: Cleanup
[44.876s][info ][safepoint    ] Leaving safepoint region
[44.876s][info ][safepoint    ] Total time for which application threads were stopped: 0.0001118 seconds, Stopping threads took: 0.0000175 seconds
[45.876s][info ][safepoint    ] Application time: 1.0001216 seconds
[45.876s][info ][safepoint    ] Entering safepoint region: Cleanup
[45.876s][info ][safepoint    ] Leaving safepoint region
[45.876s][info ][safepoint    ] Total time for which application threads were stopped: 0.0000948 seconds, Stopping threads took: 0.0000174 seconds
[46.876s][info ][safepoint    ] Application time: 1.0000971 seconds
[46.876s][info ][safepoint    ] Entering safepoint region: Cleanup
[46.876s][info ][safepoint    ] Leaving safepoint region
[46.876s][info ][safepoint    ] Total time for which application threads were stopped: 0.0001442 seconds, Stopping threads took: 0.0000163 seconds
[47.163s][info ][safepoint    ] Application time: 0.2870383 seconds
[47.163s][info ][safepoint    ] Entering safepoint region: GenCollectForAllocation
[47.164s][info ][gc,start     ] GC(109) Pause Young (Allocation Failure)
[47.164s][info ][gc,task      ] GC(109) Using 4 workers of 4 for evacuation
[47.169s][debug][gc,ref       ] GC(109) Skipped phase1 of Reference Processing due to unavailable references
[47.169s][debug][gc,ref       ] GC(109) Skipped phase3 of Reference Processing due to unavailable references
[47.169s][debug][gc,age       ] GC(109) Desired survivor size 15400960 bytes, new threshold 6 (max threshold 6)
[47.169s][info ][gc,heap      ] GC(109) ParNew: 249826K->9118K(270976K)
[47.169s][info ][gc,heap      ] GC(109) CMS: 234371K->234371K(602112K)
[47.169s][info ][gc,metaspace ] GC(109) Metaspace: 56331K->56331K(1099776K)
[47.169s][info ][gc           ] GC(109) Pause Young (Allocation Failure) 472M->237M(852M) 5.265ms
[47.169s][info ][gc,cpu       ] GC(109) User=0.02s Sys=0.00s Real=0.01s
[47.169s][info ][safepoint    ] Leaving safepoint region
[47.169s][info ][safepoint    ] Total time for which application threads were stopped: 0.0054650 seconds, Stopping threads took: 0.0000157 seconds
[48.169s][info ][safepoint    ] Application time: 1.0001111 seconds
[48.169s][info ][safepoint    ] Entering safepoint region: Cleanup
[48.169s][info ][safepoint    ] Leaving safepoint region
[48.169s][info ][safepoint    ] Total time for which application threads were stopped: 0.0001399 seconds, Stopping threads took: 0.0000402 seconds
[49.169s][info ][safepoint    ] Application time: 1.0001007 seconds
[49.169s][info ][safepoint    ] Entering safepoint region: Cleanup
[49.169s][info ][safepoint    ] Leaving safepoint region
[49.169s][info ][safepoint    ] Total time for which application threads were stopped: 0.0001686 seconds, Stopping threads took: 0.0000678 seconds
[50.170s][info ][safepoint    ] Application time: 1.0000941 seconds
[50.170s][info ][safepoint    ] Entering safepoint region: Cleanup
[50.170s][info ][safepoint    ] Leaving safepoint region
[50.170s][info ][safepoint    ] Total time for which application threads were stopped: 0.0001752 seconds, Stopping threads took: 0.0000952 seconds
[50.470s][info ][safepoint    ] Application time: 0.3004603 seconds
[50.470s][info ][safepoint    ] Entering safepoint region: GenCollectForAllocation
[50.470s][info ][gc,start     ] GC(110) Pause Young (Allocation Failure)
[50.470s][info ][gc,task      ] GC(110) Using 4 workers of 4 for evacuation
[50.480s][debug][gc,ref       ] GC(110) Skipped phase1 of Reference Processing due to unavailable references
[50.480s][debug][gc,ref       ] GC(110) Skipped phase3 of Reference Processing due to unavailable references
[50.480s][debug][gc,ref       ] GC(110) Skipped phase4 of Reference Processing due to unavailable references
[50.480s][debug][gc,age       ] GC(110) Desired survivor size 15400960 bytes, new threshold 6 (max threshold 6)
[50.480s][info ][gc,heap      ] GC(110) ParNew: 250014K->6184K(270976K)
[50.480s][info ][gc,heap      ] GC(110) CMS: 234371K->238572K(602112K)
[50.480s][info ][gc,metaspace ] GC(110) Metaspace: 56343K->56343K(1099776K)
[50.480s][info ][gc           ] GC(110) Pause Young (Allocation Failure) 473M->239M(852M) 9.364ms
[50.480s][info ][gc,cpu       ] GC(110) User=0.03s Sys=0.00s Real=0.01s
[50.480s][info ][safepoint    ] Leaving safepoint region
[50.480s][info ][safepoint    ] Total time for which application threads were stopped: 0.0095288 seconds, Stopping threads took: 0.0000171 seconds
[51.480s][info ][safepoint    ] Application time: 1.0001518 seconds
[51.480s][info ][safepoint    ] Entering safepoint region: Cleanup
[51.480s][info ][safepoint    ] Leaving safepoint region
[51.480s][info ][safepoint    ] Total time for which application threads were stopped: 0.0000830 seconds, Stopping threads took: 0.0000184 seconds
[52.480s][info ][safepoint    ] Application time: 1.0000856 seconds
[52.480s][info ][safepoint    ] Entering safepoint region: Cleanup
[52.480s][info ][safepoint    ] Leaving safepoint region
[52.480s][info ][safepoint    ] Total time for which application threads were stopped: 0.0001236 seconds, Stopping threads took: 0.0000192 seconds
[53.480s][info ][safepoint    ] Application time: 1.0000918 seconds
[53.481s][info ][safepoint    ] Entering safepoint region: Cleanup
[53.481s][info ][safepoint    ] Leaving safepoint region
[53.481s][info ][safepoint    ] Total time for which application threads were stopped: 0.0000993 seconds, Stopping threads took: 0.0000186 seconds
[53.776s][info ][safepoint    ] Application time: 0.2949121 seconds
[53.776s][info ][safepoint    ] Entering safepoint region: GenCollectForAllocation
[53.776s][info ][gc,start     ] GC(111) Pause Young (Allocation Failure)
[53.776s][info ][gc,task      ] GC(111) Using 4 workers of 4 for evacuation
[53.779s][debug][gc,ref       ] GC(111) Skipped phase1 of Reference Processing due to unavailable references
[53.779s][debug][gc,ref       ] GC(111) Skipped phase3 of Reference Processing due to unavailable references
[53.779s][debug][gc,ref       ] GC(111) Skipped phase4 of Reference Processing due to unavailable references
[53.779s][debug][gc,age       ] GC(111) Desired survivor size 15400960 bytes, new threshold 6 (max threshold 6)
[53.779s][info ][gc,heap      ] GC(111) ParNew: 247080K->3263K(270976K)
[53.779s][info ][gc,heap      ] GC(111) CMS: 238572K->238920K(602112K)
[53.779s][info ][gc,metaspace ] GC(111) Metaspace: 56360K->56360K(1099776K)
[53.779s][info ][gc           ] GC(111) Pause Young (Allocation Failure) 474M->236M(852M) 3.674ms
[53.779s][info ][gc,cpu       ] GC(111) User=0.01s Sys=0.00s Real=0.01s
[53.779s][info ][safepoint    ] Leaving safepoint region
[53.779s][info ][safepoint    ] Total time for which application threads were stopped: 0.0038445 seconds, Stopping threads took: 0.0000164 seconds
[54.780s][info ][safepoint    ] Application time: 1.0000895 seconds
[54.780s][info ][safepoint    ] Entering safepoint region: Cleanup
[54.780s][info ][safepoint    ] Leaving safepoint region
[54.780s][info ][safepoint    ] Total time for which application threads were stopped: 0.0000969 seconds, Stopping threads took: 0.0000182 seconds
[55.780s][info ][safepoint    ] Application time: 1.0000888 seconds
[55.780s][info ][safepoint    ] Entering safepoint region: Cleanup
[55.780s][info ][safepoint    ] Leaving safepoint region
[55.780s][info ][safepoint    ] Total time for which application threads were stopped: 0.0001036 seconds, Stopping threads took: 0.0000187 seconds
[56.780s][info ][safepoint    ] Application time: 1.0001319 seconds
[56.780s][info ][safepoint    ] Entering safepoint region: Cleanup
[56.780s][info ][safepoint    ] Leaving safepoint region
[56.780s][info ][safepoint    ] Total time for which application threads were stopped: 0.0000831 seconds, Stopping threads took: 0.0000166 seconds
[57.313s][info ][safepoint    ] Application time: 0.5332154 seconds
[57.313s][info ][safepoint    ] Entering safepoint region: GenCollectForAllocation
[57.314s][info ][gc,start     ] GC(112) Pause Young (Allocation Failure)
[57.314s][info ][gc,task      ] GC(112) Using 4 workers of 4 for evacuation
[57.317s][debug][gc,ref       ] GC(112) Skipped phase1 of Reference Processing due to unavailable references
[57.317s][debug][gc,ref       ] GC(112) Skipped phase3 of Reference Processing due to unavailable references
[57.317s][debug][gc,ref       ] GC(112) Skipped phase4 of Reference Processing due to unavailable references
[57.317s][debug][gc,age       ] GC(112) Desired survivor size 15400960 bytes, new threshold 6 (max threshold 6)
[57.317s][info ][gc,heap      ] GC(112) ParNew: 244159K->2440K(270976K)
[57.317s][info ][gc,heap      ] GC(112) CMS: 238920K->239123K(602112K)
[57.317s][info ][gc,metaspace ] GC(112) Metaspace: 56372K->56372K(1099776K)
[57.317s][info ][gc           ] GC(112) Pause Young (Allocation Failure) 471M->235M(852M) 3.624ms
[57.317s][info ][gc,cpu       ] GC(112) User=0.02s Sys=0.00s Real=0.01s
[57.317s][info ][safepoint    ] Leaving safepoint region
[57.317s][info ][safepoint    ] Total time for which application threads were stopped: 0.0038046 seconds, Stopping threads took: 0.0000168 seconds
[58.318s][info ][safepoint    ] Application time: 1.0003645 seconds
[58.318s][info ][safepoint    ] Entering safepoint region: Cleanup
[58.318s][info ][safepoint    ] Leaving safepoint region
[58.318s][info ][safepoint    ] Total time for which application threads were stopped: 0.0001330 seconds, Stopping threads took: 0.0000445 seconds
[59.318s][info ][safepoint    ] Application time: 1.0001073 seconds
[59.318s][info ][safepoint    ] Entering safepoint region: Cleanup
[59.318s][info ][safepoint    ] Leaving safepoint region
[59.318s][info ][safepoint    ] Total time for which application threads were stopped: 0.0001321 seconds, Stopping threads took: 0.0000547 seconds
[60.318s][info ][safepoint    ] Application time: 1.0001029 seconds
[60.318s][info ][safepoint    ] Entering safepoint region: Cleanup
[60.318s][info ][safepoint    ] Leaving safepoint region
[60.318s][info ][safepoint    ] Total time for which application threads were stopped: 0.0001653 seconds, Stopping threads took: 0.0000464 seconds
[60.461s][info ][safepoint    ] Application time: 0.1426626 seconds
[60.461s][info ][safepoint    ] Entering safepoint region: GenCollectForAllocation
[60.461s][info ][gc,start     ] GC(113) Pause Young (Allocation Failure)
[60.461s][info ][gc,task      ] GC(113) Using 4 workers of 4 for evacuation
[60.465s][debug][gc,ref       ] GC(113) Skipped phase1 of Reference Processing due to unavailable references
[60.465s][debug][gc,ref       ] GC(113) Skipped phase3 of Reference Processing due to unavailable references
[60.465s][debug][gc,ref       ] GC(113) Skipped phase4 of Reference Processing due to unavailable references
[60.465s][debug][gc,age       ] GC(113) Desired survivor size 15400960 bytes, new threshold 6 (max threshold 6)
[60.465s][info ][gc,heap      ] GC(113) ParNew: 243336K->1932K(270976K)
[60.465s][info ][gc,heap      ] GC(113) CMS: 239123K->239418K(602112K)
[60.465s][info ][gc,metaspace ] GC(113) Metaspace: 56376K->56376K(1099776K)
[60.465s][info ][gc           ] GC(113) Pause Young (Allocation Failure) 471M->235M(852M) 3.502ms
[60.465s][info ][gc,cpu       ] GC(113) User=0.01s Sys=0.00s Real=0.00s
[60.465s][info ][safepoint    ] Leaving safepoint region
[60.465s][info ][safepoint    ] Total time for which application threads were stopped: 0.0036761 seconds, Stopping threads took: 0.0000405 seconds
[61.465s][info ][safepoint    ] Application time: 1.0001064 seconds
[61.465s][info ][safepoint    ] Entering safepoint region: Cleanup
[61.465s][info ][safepoint    ] Leaving safepoint region
[61.465s][info ][safepoint    ] Total time for which application threads were stopped: 0.0001853 seconds, Stopping threads took: 0.0000833 seconds
[62.465s][info ][safepoint    ] Application time: 1.0000989 seconds
[62.465s][info ][safepoint    ] Entering safepoint region: Cleanup
[62.465s][info ][safepoint    ] Leaving safepoint region
[62.465s][info ][safepoint    ] Total time for which application threads were stopped: 0.0001315 seconds, Stopping threads took: 0.0000394 seconds
[63.465s][info ][safepoint    ] Application time: 1.0001096 seconds
[63.466s][info ][safepoint    ] Entering safepoint region: Cleanup
[63.466s][info ][safepoint    ] Leaving safepoint region
[63.466s][info ][safepoint    ] Total time for which application threads were stopped: 0.0001196 seconds, Stopping threads took: 0.0000424 seconds
[63.714s][info ][safepoint    ] Application time: 0.2478545 seconds
[63.714s][info ][safepoint    ] Entering safepoint region: GenCollectForAllocation
[63.714s][info ][gc,start     ] GC(114) Pause Young (Allocation Failure)
[63.714s][info ][gc,task      ] GC(114) Using 4 workers of 4 for evacuation
[63.717s][debug][gc,ref       ] GC(114) Skipped phase1 of Reference Processing due to unavailable references
[63.717s][debug][gc,ref       ] GC(114) Skipped phase3 of Reference Processing due to unavailable references
[63.717s][debug][gc,ref       ] GC(114) Skipped phase4 of Reference Processing due to unavailable references
[63.717s][debug][gc,age       ] GC(114) Desired survivor size 15400960 bytes, new threshold 6 (max threshold 6)
[63.717s][info ][gc,heap      ] GC(114) ParNew: 242828K->2355K(270976K)
[63.717s][info ][gc,heap      ] GC(114) CMS: 239418K->239451K(602112K)
[63.717s][info ][gc,metaspace ] GC(114) Metaspace: 56396K->56396K(1099776K)
[63.717s][info ][gc           ] GC(114) Pause Young (Allocation Failure) 470M->236M(852M) 3.218ms
[63.717s][info ][gc,cpu       ] GC(114) User=0.01s Sys=0.00s Real=0.01s
[63.717s][info ][safepoint    ] Leaving safepoint region
[63.717s][info ][safepoint    ] Total time for which application threads were stopped: 0.0034042 seconds, Stopping threads took: 0.0000441 seconds
[64.717s][info ][safepoint    ] Application time: 1.0001150 seconds
[64.717s][info ][safepoint    ] Entering safepoint region: Cleanup
[64.717s][info ][safepoint    ] Leaving safepoint region
[64.717s][info ][safepoint    ] Total time for which application threads were stopped: 0.0001832 seconds, Stopping threads took: 0.0001152 seconds
[65.717s][info ][safepoint    ] Application time: 1.0001032 seconds
[65.717s][info ][safepoint    ] Entering safepoint region: Cleanup
[65.718s][info ][safepoint    ] Leaving safepoint region
[65.718s][info ][safepoint    ] Total time for which application threads were stopped: 0.0001617 seconds, Stopping threads took: 0.0000449 seconds
[66.718s][info ][safepoint    ] Application time: 1.0000979 seconds
[66.718s][info ][safepoint    ] Entering safepoint region: Cleanup
[66.718s][info ][safepoint    ] Leaving safepoint region
[66.718s][info ][safepoint    ] Total time for which application threads were stopped: 0.0001651 seconds, Stopping threads took: 0.0000876 seconds
[67.267s][info ][safepoint    ] Application time: 0.5494959 seconds
[67.267s][info ][safepoint    ] Entering safepoint region: GenCollectForAllocation
[67.268s][info ][gc,start     ] GC(115) Pause Young (Allocation Failure)
[67.268s][info ][gc,task      ] GC(115) Using 4 workers of 4 for evacuation
[67.271s][debug][gc,ref       ] GC(115) Skipped phase1 of Reference Processing due to unavailable references
[67.271s][debug][gc,ref       ] GC(115) Skipped phase3 of Reference Processing due to unavailable references
[67.271s][debug][gc,ref       ] GC(115) Skipped phase4 of Reference Processing due to unavailable references
[67.271s][debug][gc,age       ] GC(115) Desired survivor size 15400960 bytes, new threshold 6 (max threshold 6)
[67.271s][info ][gc,heap      ] GC(115) ParNew: 243251K->2242K(270976K)
[67.271s][info ][gc,heap      ] GC(115) CMS: 239451K->239574K(602112K)
[67.271s][info ][gc,metaspace ] GC(115) Metaspace: 56408K->56408K(1099776K)
[67.271s][info ][gc           ] GC(115) Pause Young (Allocation Failure) 471M->236M(852M) 3.353ms
[67.271s][info ][gc,cpu       ] GC(115) User=0.01s Sys=0.00s Real=0.01s
[67.271s][info ][safepoint    ] Leaving safepoint region
[67.271s][info ][safepoint    ] Total time for which application threads were stopped: 0.0035266 seconds, Stopping threads took: 0.0000171 seconds
[68.271s][info ][safepoint    ] Application time: 1.0001470 seconds
[68.271s][info ][safepoint    ] Entering safepoint region: Cleanup
[68.271s][info ][safepoint    ] Leaving safepoint region
[68.271s][info ][safepoint    ] Total time for which application threads were stopped: 0.0001369 seconds, Stopping threads took: 0.0000433 seconds
[69.271s][info ][safepoint    ] Application time: 1.0001053 seconds
[69.272s][info ][safepoint    ] Entering safepoint region: Cleanup
[69.272s][info ][safepoint    ] Leaving safepoint region
[69.272s][info ][safepoint    ] Total time for which application threads were stopped: 0.0001672 seconds, Stopping threads took: 0.0000879 seconds
[70.272s][info ][safepoint    ] Application time: 1.0000989 seconds
[70.272s][info ][safepoint    ] Entering safepoint region: Cleanup
[70.272s][info ][safepoint    ] Leaving safepoint region
[70.272s][info ][safepoint    ] Total time for which application threads were stopped: 0.0001411 seconds, Stopping threads took: 0.0000434 seconds
[70.616s][info ][safepoint    ] Application time: 0.3442074 seconds
[70.616s][info ][safepoint    ] Entering safepoint region: GenCollectForAllocation
[70.616s][info ][gc,start     ] GC(116) Pause Young (Allocation Failure)
[70.616s][info ][gc,task      ] GC(116) Using 4 workers of 4 for evacuation
[70.619s][debug][gc,ref       ] GC(116) Skipped phase1 of Reference Processing due to unavailable references
[70.620s][debug][gc,ref       ] GC(116) Skipped phase3 of Reference Processing due to unavailable references
[70.620s][debug][gc,ref       ] GC(116) Skipped phase4 of Reference Processing due to unavailable references
[70.620s][debug][gc,age       ] GC(116) Desired survivor size 15400960 bytes, new threshold 6 (max threshold 6)
[70.620s][info ][gc,heap      ] GC(116) ParNew: 243138K->1975K(270976K)
[70.620s][info ][gc,heap      ] GC(116) CMS: 239574K->239644K(602112K)
[70.620s][info ][gc,metaspace ] GC(116) Metaspace: 56468K->56468K(1101824K)
[70.620s][info ][gc           ] GC(116) Pause Young (Allocation Failure) 471M->235M(852M) 3.373ms
[70.620s][info ][gc,cpu       ] GC(116) User=0.02s Sys=0.00s Real=0.01s
[70.620s][info ][safepoint    ] Leaving safepoint region
[70.620s][info ][safepoint    ] Total time for which application threads were stopped: 0.0035527 seconds, Stopping threads took: 0.0000170 seconds
[71.620s][info ][safepoint    ] Application time: 1.0001464 seconds
[71.620s][info ][safepoint    ] Entering safepoint region: Cleanup
[71.620s][info ][safepoint    ] Leaving safepoint region
[71.620s][info ][safepoint    ] Total time for which application threads were stopped: 0.0003478 seconds, Stopping threads took: 0.0002661 seconds
[72.620s][info ][safepoint    ] Application time: 1.0001479 seconds
[72.621s][info ][safepoint    ] Entering safepoint region: Cleanup
[72.621s][info ][safepoint    ] Leaving safepoint region
[72.621s][info ][safepoint    ] Total time for which application threads were stopped: 0.0001186 seconds, Stopping threads took: 0.0000449 seconds
[73.621s][info ][safepoint    ] Application time: 1.0001069 seconds
[73.621s][info ][safepoint    ] Entering safepoint region: Cleanup
[73.621s][info ][safepoint    ] Leaving safepoint region
[73.621s][info ][safepoint    ] Total time for which application threads were stopped: 0.0002434 seconds, Stopping threads took: 0.0000458 seconds
[73.673s][info ][safepoint    ] Application time: 0.0515217 seconds
[73.673s][info ][safepoint    ] Entering safepoint region: GenCollectForAllocation
[73.673s][info ][gc,start     ] GC(117) Pause Young (Allocation Failure)
[73.673s][info ][gc,task      ] GC(117) Using 4 workers of 4 for evacuation
[73.676s][debug][gc,ref       ] GC(117) Skipped phase1 of Reference Processing due to unavailable references
[73.676s][debug][gc,ref       ] GC(117) Skipped phase3 of Reference Processing due to unavailable references
[73.676s][debug][gc,ref       ] GC(117) Skipped phase4 of Reference Processing due to unavailable references
[73.676s][debug][gc,age       ] GC(117) Desired survivor size 15400960 bytes, new threshold 6 (max threshold 6)
[73.676s][info ][gc,heap      ] GC(117) ParNew: 242871K->2269K(270976K)
[73.676s][info ][gc,heap      ] GC(117) CMS: 239644K->239660K(602112K)
[73.676s][info ][gc,metaspace ] GC(117) Metaspace: 56490K->56490K(1101824K)
[73.676s][info ][gc           ] GC(117) Pause Young (Allocation Failure) 471M->236M(852M) 3.428ms
[73.676s][info ][gc,cpu       ] GC(117) User=0.01s Sys=0.00s Real=0.00s
[73.676s][info ][safepoint    ] Leaving safepoint region
[73.676s][info ][safepoint    ] Total time for which application threads were stopped: 0.0036108 seconds, Stopping threads took: 0.0000368 seconds
[74.038s][info ][safepoint    ] Application time: 0.3616925 seconds
[74.038s][info ][safepoint    ] Entering safepoint region: ICBufferFull
[74.038s][info ][safepoint    ] Leaving safepoint region
[74.038s][info ][safepoint    ] Total time for which application threads were stopped: 0.0002228 seconds, Stopping threads took: 0.0000381 seconds
[74.819s][info ][safepoint    ] Application time: 0.7811386 seconds
[74.819s][info ][safepoint    ] Entering safepoint region: ICBufferFull
[74.819s][info ][safepoint    ] Leaving safepoint region
[74.819s][info ][safepoint    ] Total time for which application threads were stopped: 0.0001888 seconds, Stopping threads took: 0.0000155 seconds
[75.121s][info ][safepoint    ] Application time: 0.3012291 seconds
[75.121s][info ][safepoint    ] Entering safepoint region: GenCollectForAllocation
[75.121s][info ][gc,start     ] GC(118) Pause Young (Allocation Failure)
[75.121s][info ][gc,task      ] GC(118) Using 4 workers of 4 for evacuation
[75.125s][debug][gc,ref       ] GC(118) Skipped phase1 of Reference Processing due to unavailable references
[75.126s][debug][gc,ref       ] GC(118) Skipped phase3 of Reference Processing due to unavailable references
[75.126s][debug][gc,age       ] GC(118) Desired survivor size 15400960 bytes, new threshold 6 (max threshold 6)
[75.126s][info ][gc,heap      ] GC(118) ParNew: 243165K->2554K(270976K)
[75.126s][info ][gc,heap      ] GC(118) CMS: 239660K->239698K(602112K)
[75.126s][info ][gc,metaspace ] GC(118) Metaspace: 56850K->56850K(1101824K)
[75.126s][info ][gc           ] GC(118) Pause Young (Allocation Failure) 471M->236M(852M) 4.796ms
[75.126s][info ][gc,cpu       ] GC(118) User=0.02s Sys=0.00s Real=0.00s
[75.126s][info ][safepoint    ] Leaving safepoint region
[75.126s][info ][safepoint    ] Total time for which application threads were stopped: 0.0050074 seconds, Stopping threads took: 0.0000414 seconds
[76.126s][info ][safepoint    ] Application time: 1.0001055 seconds
[76.126s][info ][safepoint    ] Entering safepoint region: Cleanup
[76.126s][info ][safepoint    ] Leaving safepoint region
[76.126s][info ][safepoint    ] Total time for which application threads were stopped: 0.0001176 seconds, Stopping threads took: 0.0000193 seconds
[77.126s][info ][safepoint    ] Application time: 1.0001197 seconds
[77.126s][info ][safepoint    ] Entering safepoint region: Cleanup
[77.126s][info ][safepoint    ] Leaving safepoint region
[77.126s][info ][safepoint    ] Total time for which application threads were stopped: 0.0001862 seconds, Stopping threads took: 0.0000727 seconds
[78.126s][info ][safepoint    ] Application time: 1.0000956 seconds
[78.127s][info ][safepoint    ] Entering safepoint region: Cleanup
[78.127s][info ][safepoint    ] Leaving safepoint region
[78.127s][info ][safepoint    ] Total time for which application threads were stopped: 0.0000895 seconds, Stopping threads took: 0.0000195 seconds
[78.211s][info ][safepoint    ] Application time: 0.0847155 seconds
[78.211s][info ][safepoint    ] Entering safepoint region: GenCollectForAllocation
[78.212s][info ][gc,start     ] GC(119) Pause Young (Allocation Failure)
[78.212s][info ][gc,task      ] GC(119) Using 4 workers of 4 for evacuation
[78.217s][debug][gc,ref       ] GC(119) Skipped phase1 of Reference Processing due to unavailable references
[78.217s][debug][gc,ref       ] GC(119) Skipped phase3 of Reference Processing due to unavailable references
[78.217s][debug][gc,ref       ] GC(119) Skipped phase4 of Reference Processing due to unavailable references
[78.217s][debug][gc,age       ] GC(119) Desired survivor size 15400960 bytes, new threshold 6 (max threshold 6)
[78.217s][info ][gc,heap      ] GC(119) ParNew: 243450K->2904K(270976K)
[78.217s][info ][gc,heap      ] GC(119) CMS: 239698K->239822K(602112K)
[78.217s][info ][gc,metaspace ] GC(119) Metaspace: 56868K->56868K(1101824K)
[78.217s][info ][gc           ] GC(119) Pause Young (Allocation Failure) 471M->237M(852M) 5.741ms
[78.217s][info ][gc,cpu       ] GC(119) User=0.01s Sys=0.00s Real=0.01s
[78.217s][info ][safepoint    ] Leaving safepoint region
[78.217s][info ][safepoint    ] Total time for which application threads were stopped: 0.0059547 seconds, Stopping threads took: 0.0000657 seconds
[79.218s][info ][safepoint    ] Application time: 1.0001656 seconds
[79.218s][info ][safepoint    ] Entering safepoint region: Cleanup
[79.218s][info ][safepoint    ] Leaving safepoint region
[79.218s][info ][safepoint    ] Total time for which application threads were stopped: 0.0001716 seconds, Stopping threads took: 0.0000641 seconds
[80.220s][info ][safepoint    ] Application time: 1.0026601 seconds
[80.220s][info ][safepoint    ] Entering safepoint region: Cleanup
[80.221s][info ][safepoint    ] Leaving safepoint region
[80.221s][info ][safepoint    ] Total time for which application threads were stopped: 0.0001541 seconds, Stopping threads took: 0.0000692 seconds
[81.221s][info ][safepoint    ] Application time: 1.0001099 seconds
[81.221s][info ][safepoint    ] Entering safepoint region: Cleanup
[81.221s][info ][safepoint    ] Leaving safepoint region
[81.221s][info ][safepoint    ] Total time for which application threads were stopped: 0.0001163 seconds, Stopping threads took: 0.0000444 seconds
[81.563s][info ][safepoint    ] Application time: 0.3416562 seconds
[81.563s][info ][safepoint    ] Entering safepoint region: GenCollectForAllocation
[81.563s][info ][gc,start     ] GC(120) Pause Young (Allocation Failure)
[81.563s][info ][gc,task      ] GC(120) Using 4 workers of 4 for evacuation
[81.567s][debug][gc,ref       ] GC(120) Skipped phase1 of Reference Processing due to unavailable references
[81.567s][debug][gc,ref       ] GC(120) Skipped phase3 of Reference Processing due to unavailable references
[81.567s][debug][gc,ref       ] GC(120) Skipped phase4 of Reference Processing due to unavailable references
[81.567s][debug][gc,age       ] GC(120) Desired survivor size 15400960 bytes, new threshold 6 (max threshold 6)
[81.567s][info ][gc,heap      ] GC(120) ParNew: 243800K->2661K(270976K)
[81.567s][info ][gc,heap      ] GC(120) CMS: 239822K->239930K(602112K)
[81.567s][info ][gc,metaspace ] GC(120) Metaspace: 56892K->56892K(1101824K)
[81.567s][info ][gc           ] GC(120) Pause Young (Allocation Failure) 472M->236M(852M) 4.314ms
[81.567s][info ][gc,cpu       ] GC(120) User=0.02s Sys=0.00s Real=0.00s
[81.567s][info ][safepoint    ] Leaving safepoint region
[81.567s][info ][safepoint    ] Total time for which application threads were stopped: 0.0045506 seconds, Stopping threads took: 0.0000932 seconds
[82.567s][info ][safepoint    ] Application time: 1.0001190 seconds
[82.567s][info ][safepoint    ] Entering safepoint region: Cleanup
[82.567s][info ][safepoint    ] Leaving safepoint region
[82.567s][info ][safepoint    ] Total time for which application threads were stopped: 0.0001628 seconds, Stopping threads took: 0.0000731 seconds
[83.568s][info ][safepoint    ] Application time: 1.0000924 seconds
[83.568s][info ][safepoint    ] Entering safepoint region: Cleanup
[83.568s][info ][safepoint    ] Leaving safepoint region
[83.568s][info ][safepoint    ] Total time for which application threads were stopped: 0.0001293 seconds, Stopping threads took: 0.0000503 seconds
[84.568s][info ][safepoint    ] Application time: 1.0001094 seconds
[84.568s][info ][safepoint    ] Entering safepoint region: Cleanup
[84.568s][info ][safepoint    ] Leaving safepoint region
[84.568s][info ][safepoint    ] Total time for which application threads were stopped: 0.0001236 seconds, Stopping threads took: 0.0000436 seconds
[84.912s][info ][safepoint    ] Application time: 0.3438000 seconds
[84.912s][info ][safepoint    ] Entering safepoint region: GenCollectForAllocation
[84.912s][info ][gc,start     ] GC(121) Pause Young (Allocation Failure)
[84.912s][info ][gc,task      ] GC(121) Using 4 workers of 4 for evacuation
[84.916s][debug][gc,ref       ] GC(121) Skipped phase1 of Reference Processing due to unavailable references
[84.916s][debug][gc,ref       ] GC(121) Skipped phase3 of Reference Processing due to unavailable references
[84.916s][debug][gc,ref       ] GC(121) Skipped phase4 of Reference Processing due to unavailable references
[84.916s][debug][gc,age       ] GC(121) Desired survivor size 15400960 bytes, new threshold 6 (max threshold 6)
[84.916s][info ][gc,heap      ] GC(121) ParNew: 243557K->2930K(270976K)
[84.916s][info ][gc,heap      ] GC(121) CMS: 239930K->240086K(602112K)
[84.916s][info ][gc,metaspace ] GC(121) Metaspace: 56896K->56896K(1101824K)
[84.916s][info ][gc           ] GC(121) Pause Young (Allocation Failure) 472M->237M(852M) 4.439ms
[84.916s][info ][gc,cpu       ] GC(121) User=0.02s Sys=0.00s Real=0.01s
[84.916s][info ][safepoint    ] Leaving safepoint region
[84.916s][info ][safepoint    ] Total time for which application threads were stopped: 0.0046342 seconds, Stopping threads took: 0.0000427 seconds
[85.917s][info ][safepoint    ] Application time: 1.0001239 seconds
[85.917s][info ][safepoint    ] Entering safepoint region: Cleanup
[85.917s][info ][safepoint    ] Leaving safepoint region
[85.917s][info ][safepoint    ] Total time for which application threads were stopped: 0.0001233 seconds, Stopping threads took: 0.0000511 seconds
[86.917s][info ][safepoint    ] Application time: 1.0000965 seconds
[86.917s][info ][safepoint    ] Entering safepoint region: Cleanup
[86.917s][info ][safepoint    ] Leaving safepoint region
[86.917s][info ][safepoint    ] Total time for which application threads were stopped: 0.0001435 seconds, Stopping threads took: 0.0000712 seconds
[87.917s][info ][safepoint    ] Application time: 1.0001316 seconds
[87.917s][info ][safepoint    ] Entering safepoint region: Cleanup
[87.917s][info ][safepoint    ] Leaving safepoint region
[87.917s][info ][safepoint    ] Total time for which application threads were stopped: 0.0001096 seconds, Stopping threads took: 0.0000438 seconds
[88.463s][info ][safepoint    ] Application time: 0.5453964 seconds
[88.463s][info ][safepoint    ] Entering safepoint region: GenCollectForAllocation
[88.463s][info ][gc,start     ] GC(122) Pause Young (Allocation Failure)
[88.463s][info ][gc,task      ] GC(122) Using 4 workers of 4 for evacuation
[88.467s][debug][gc,ref       ] GC(122) Skipped phase1 of Reference Processing due to unavailable references
[88.467s][debug][gc,ref       ] GC(122) Skipped phase3 of Reference Processing due to unavailable references
[88.467s][debug][gc,ref       ] GC(122) Skipped phase4 of Reference Processing due to unavailable references
[88.467s][debug][gc,age       ] GC(122) Desired survivor size 15400960 bytes, new threshold 6 (max threshold 6)
[88.467s][info ][gc,heap      ] GC(122) ParNew: 243826K->2110K(270976K)
[88.467s][info ][gc,heap      ] GC(122) CMS: 240086K->240219K(602112K)
[88.467s][info ][gc,metaspace ] GC(122) Metaspace: 56906K->56906K(1101824K)
[88.467s][info ][gc           ] GC(122) Pause Young (Allocation Failure) 472M->236M(852M) 4.282ms
[88.467s][info ][gc,cpu       ] GC(122) User=0.02s Sys=0.00s Real=0.00s
[88.467s][info ][safepoint    ] Leaving safepoint region
[88.467s][info ][safepoint    ] Total time for which application threads were stopped: 0.0044399 seconds, Stopping threads took: 0.0000173 seconds
[89.467s][info ][safepoint    ] Application time: 1.0000933 seconds
[89.467s][info ][safepoint    ] Entering safepoint region: Cleanup
[89.468s][info ][safepoint    ] Leaving safepoint region
[89.468s][info ][safepoint    ] Total time for which application threads were stopped: 0.0001880 seconds, Stopping threads took: 0.0000937 seconds
[90.468s][info ][safepoint    ] Application time: 1.0001270 seconds
[90.468s][info ][safepoint    ] Entering safepoint region: Cleanup
[90.468s][info ][safepoint    ] Leaving safepoint region
[90.468s][info ][safepoint    ] Total time for which application threads were stopped: 0.0001348 seconds, Stopping threads took: 0.0000638 seconds
[91.468s][info ][safepoint    ] Application time: 1.0000991 seconds
[91.468s][info ][safepoint    ] Entering safepoint region: Cleanup
[91.468s][info ][safepoint    ] Leaving safepoint region
[91.468s][info ][safepoint    ] Total time for which application threads were stopped: 0.0001918 seconds, Stopping threads took: 0.0000953 seconds
[91.785s][info ][safepoint    ] Application time: 0.3172144 seconds
[91.785s][info ][safepoint    ] Entering safepoint region: GenCollectForAllocation
[91.786s][info ][gc,start     ] GC(123) Pause Young (Allocation Failure)
[91.786s][info ][gc,task      ] GC(123) Using 4 workers of 4 for evacuation
[91.790s][debug][gc,ref       ] GC(123) Skipped phase1 of Reference Processing due to unavailable references
[91.790s][debug][gc,ref       ] GC(123) Skipped phase3 of Reference Processing due to unavailable references
[91.790s][debug][gc,age       ] GC(123) Desired survivor size 15400960 bytes, new threshold 6 (max threshold 6)
[91.790s][info ][gc,heap      ] GC(123) ParNew: 243006K->2279K(270976K)
[91.790s][info ][gc,heap      ] GC(123) CMS: 240219K->240496K(602112K)
[91.790s][info ][gc,metaspace ] GC(123) Metaspace: 56936K->56936K(1101824K)
[91.790s][info ][gc           ] GC(123) Pause Young (Allocation Failure) 471M->237M(852M) 4.384ms
[91.790s][info ][gc,cpu       ] GC(123) User=0.02s Sys=0.00s Real=0.01s
[91.790s][info ][safepoint    ] Leaving safepoint region
[91.790s][info ][safepoint    ] Total time for which application threads were stopped: 0.0045372 seconds, Stopping threads took: 0.0000185 seconds
[92.791s][info ][safepoint    ] Application time: 1.0011666 seconds
[92.791s][info ][safepoint    ] Entering safepoint region: Cleanup
[92.791s][info ][safepoint    ] Leaving safepoint region
[92.791s][info ][safepoint    ] Total time for which application threads were stopped: 0.0000979 seconds, Stopping threads took: 0.0000190 seconds
[94.792s][info ][safepoint    ] Application time: 2.0001845 seconds
[94.792s][info ][safepoint    ] Entering safepoint region: Cleanup
[94.792s][info ][safepoint    ] Leaving safepoint region
[94.792s][info ][safepoint    ] Total time for which application threads were stopped: 0.0001498 seconds, Stopping threads took: 0.0000746 seconds
[95.163s][info ][safepoint    ] Application time: 0.3711409 seconds
[95.163s][info ][safepoint    ] Entering safepoint region: GenCollectForAllocation
[95.163s][info ][gc,start     ] GC(124) Pause Young (Allocation Failure)
[95.163s][info ][gc,task      ] GC(124) Using 4 workers of 4 for evacuation
[95.167s][debug][gc,ref       ] GC(124) Skipped phase1 of Reference Processing due to unavailable references
[95.167s][debug][gc,ref       ] GC(124) Skipped phase3 of Reference Processing due to unavailable references
[95.167s][debug][gc,ref       ] GC(124) Skipped phase4 of Reference Processing due to unavailable references
[95.167s][debug][gc,age       ] GC(124) Desired survivor size 15400960 bytes, new threshold 6 (max threshold 6)
[95.167s][info ][gc,heap      ] GC(124) ParNew: 243175K->2151K(270976K)
[95.167s][info ][gc,heap      ] GC(124) CMS: 240496K->240783K(602112K)
[95.167s][info ][gc,metaspace ] GC(124) Metaspace: 56943K->56943K(1101824K)
[95.167s][info ][gc           ] GC(124) Pause Young (Allocation Failure) 472M->237M(852M) 4.246ms
[95.167s][info ][gc,cpu       ] GC(124) User=0.01s Sys=0.00s Real=0.00s
[95.167s][info ][safepoint    ] Leaving safepoint region
[95.167s][info ][safepoint    ] Total time for which application threads were stopped: 0.0043994 seconds, Stopping threads took: 0.0000172 seconds
[96.167s][info ][safepoint    ] Application time: 1.0001348 seconds
[96.168s][info ][safepoint    ] Entering safepoint region: Cleanup
[96.168s][info ][safepoint    ] Leaving safepoint region
[96.168s][info ][safepoint    ] Total time for which application threads were stopped: 0.0001127 seconds, Stopping threads took: 0.0000387 seconds
[97.168s][info ][safepoint    ] Application time: 1.0000946 seconds
[97.168s][info ][safepoint    ] Entering safepoint region: Cleanup
[97.168s][info ][safepoint    ] Leaving safepoint region
[97.168s][info ][safepoint    ] Total time for which application threads were stopped: 0.0001299 seconds, Stopping threads took: 0.0000430 seconds
[98.168s][info ][safepoint    ] Application time: 1.0000987 seconds
[98.168s][info ][safepoint    ] Entering safepoint region: Cleanup
[98.168s][info ][safepoint    ] Leaving safepoint region
[98.168s][info ][safepoint    ] Total time for which application threads were stopped: 0.0001483 seconds, Stopping threads took: 0.0000709 seconds
[98.771s][info ][safepoint    ] Application time: 0.6029733 seconds
[98.771s][info ][safepoint    ] Entering safepoint region: GenCollectForAllocation
[98.771s][info ][gc,start     ] GC(125) Pause Young (Allocation Failure)
[98.771s][info ][gc,task      ] GC(125) Using 4 workers of 4 for evacuation
[98.774s][debug][gc,ref       ] GC(125) Skipped phase1 of Reference Processing due to unavailable references
[98.774s][debug][gc,ref       ] GC(125) Skipped phase3 of Reference Processing due to unavailable references
[98.774s][debug][gc,ref       ] GC(125) Skipped phase4 of Reference Processing due to unavailable references
[98.774s][debug][gc,age       ] GC(125) Desired survivor size 15400960 bytes, new threshold 6 (max threshold 6)
[98.774s][info ][gc,heap      ] GC(125) ParNew: 243047K->1627K(270976K)
[98.774s][info ][gc,heap      ] GC(125) CMS: 240783K->240872K(602112K)
[98.774s][info ][gc,metaspace ] GC(125) Metaspace: 56945K->56945K(1101824K)
[98.774s][info ][gc           ] GC(125) Pause Young (Allocation Failure) 472M->236M(852M) 2.938ms
[98.774s][info ][gc,cpu       ] GC(125) User=0.01s Sys=0.00s Real=0.00s
[98.774s][info ][safepoint    ] Leaving safepoint region
[98.774s][info ][safepoint    ] Total time for which application threads were stopped: 0.0031157 seconds, Stopping threads took: 0.0000175 seconds
[99.774s][info ][safepoint    ] Application time: 1.0001419 seconds
[99.775s][info ][safepoint    ] Entering safepoint region: Cleanup
[99.775s][info ][safepoint    ] Leaving safepoint region
[99.775s][info ][safepoint    ] Total time for which application threads were stopped: 0.0000818 seconds, Stopping threads took: 0.0000178 seconds
[100.775s][info ][safepoint    ] Application time: 1.0001076 seconds
[100.775s][info ][safepoint    ] Entering safepoint region: Cleanup
[100.775s][info ][safepoint    ] Leaving safepoint region
[100.775s][info ][safepoint    ] Total time for which application threads were stopped: 0.0001038 seconds, Stopping threads took: 0.0000354 seconds
[101.775s][info ][safepoint    ] Application time: 1.0000913 seconds
[101.775s][info ][safepoint    ] Entering safepoint region: Cleanup
[101.775s][info ][safepoint    ] Leaving safepoint region
[101.775s][info ][safepoint    ] Total time for which application threads were stopped: 0.0000795 seconds, Stopping threads took: 0.0000167 seconds
[102.226s][info ][safepoint    ] Application time: 0.4511904 seconds
[102.226s][info ][safepoint    ] Entering safepoint region: GenCollectForAllocation
[102.226s][info ][gc,start     ] GC(126) Pause Young (Allocation Failure)
[102.227s][info ][gc,task      ] GC(126) Using 4 workers of 4 for evacuation
[102.229s][debug][gc,ref       ] GC(126) Skipped phase1 of Reference Processing due to unavailable references
[102.229s][debug][gc,ref       ] GC(126) Skipped phase3 of Reference Processing due to unavailable references
[102.229s][debug][gc,ref       ] GC(126) Skipped phase4 of Reference Processing due to unavailable references
[102.230s][debug][gc,age       ] GC(126) Desired survivor size 15400960 bytes, new threshold 6 (max threshold 6)
[102.230s][info ][gc,heap      ] GC(126) ParNew: 242523K->1641K(270976K)
[102.230s][info ][gc,heap      ] GC(126) CMS: 240872K->241024K(602112K)
[102.230s][info ][gc,metaspace ] GC(126) Metaspace: 56952K->56952K(1101824K)
[102.230s][info ][gc           ] GC(126) Pause Young (Allocation Failure) 472M->236M(852M) 3.156ms
[102.230s][info ][gc,cpu       ] GC(126) User=0.01s Sys=0.00s Real=0.01s
[102.230s][info ][safepoint    ] Leaving safepoint region
[102.230s][info ][safepoint    ] Total time for which application threads were stopped: 0.0033485 seconds, Stopping threads took: 0.0000328 seconds
[103.230s][info ][safepoint    ] Application time: 1.0000990 seconds
[103.230s][info ][safepoint    ] Entering safepoint region: Cleanup
[103.230s][info ][safepoint    ] Leaving safepoint region
[103.230s][info ][safepoint    ] Total time for which application threads were stopped: 0.0001601 seconds, Stopping threads took: 0.0000957 seconds
[104.230s][info ][safepoint    ] Application time: 1.0000943 seconds
[104.230s][info ][safepoint    ] Entering safepoint region: Cleanup
[104.230s][info ][safepoint    ] Leaving safepoint region
[104.230s][info ][safepoint    ] Total time for which application threads were stopped: 0.0001401 seconds, Stopping threads took: 0.0000744 seconds
[105.230s][info ][safepoint    ] Application time: 1.0000907 seconds
[105.230s][info ][safepoint    ] Entering safepoint region: Cleanup
[105.230s][info ][safepoint    ] Leaving safepoint region
[105.230s][info ][safepoint    ] Total time for which application threads were stopped: 0.0000936 seconds, Stopping threads took: 0.0000204 seconds
[105.710s][info ][safepoint    ] Application time: 0.4798439 seconds
[105.710s][info ][safepoint    ] Entering safepoint region: GenCollectForAllocation
[105.710s][info ][gc,start     ] GC(127) Pause Young (Allocation Failure)
[105.710s][info ][gc,task      ] GC(127) Using 4 workers of 4 for evacuation
[105.713s][debug][gc,ref       ] GC(127) Skipped phase1 of Reference Processing due to unavailable references
[105.713s][debug][gc,ref       ] GC(127) Skipped phase3 of Reference Processing due to unavailable references
[105.713s][debug][gc,ref       ] GC(127) Skipped phase4 of Reference Processing due to unavailable references
[105.714s][debug][gc,age       ] GC(127) Desired survivor size 15400960 bytes, new threshold 6 (max threshold 6)
[105.714s][info ][gc,heap      ] GC(127) ParNew: 242537K->1692K(270976K)
[105.714s][info ][gc,heap      ] GC(127) CMS: 241024K->241110K(602112K)
[105.714s][info ][gc,metaspace ] GC(127) Metaspace: 56961K->56961K(1101824K)
[105.714s][info ][gc           ] GC(127) Pause Young (Allocation Failure) 472M->237M(852M) 3.162ms
[105.714s][info ][gc,cpu       ] GC(127) User=0.01s Sys=0.00s Real=0.00s
[105.714s][info ][safepoint    ] Leaving safepoint region
[105.714s][info ][safepoint    ] Total time for which application threads were stopped: 0.0033085 seconds, Stopping threads took: 0.0000180 seconds
[107.714s][info ][safepoint    ] Application time: 2.0002149 seconds
[107.714s][info ][safepoint    ] Entering safepoint region: Cleanup
[107.714s][info ][safepoint    ] Leaving safepoint region
[107.714s][info ][safepoint    ] Total time for which application threads were stopped: 0.0001158 seconds, Stopping threads took: 0.0000407 seconds
[108.714s][info ][safepoint    ] Application time: 1.0000984 seconds
[108.714s][info ][safepoint    ] Entering safepoint region: Cleanup
[108.714s][info ][safepoint    ] Leaving safepoint region
[108.714s][info ][safepoint    ] Total time for which application threads were stopped: 0.0001463 seconds, Stopping threads took: 0.0000618 seconds
[109.064s][info ][safepoint    ] Application time: 0.3494814 seconds
[109.064s][info ][safepoint    ] Entering safepoint region: GenCollectForAllocation
[109.064s][info ][gc,start     ] GC(128) Pause Young (Allocation Failure)
[109.064s][info ][gc,task      ] GC(128) Using 4 workers of 4 for evacuation
[109.067s][debug][gc,ref       ] GC(128) Skipped phase1 of Reference Processing due to unavailable references
[109.067s][debug][gc,ref       ] GC(128) Skipped phase3 of Reference Processing due to unavailable references
[109.067s][debug][gc,ref       ] GC(128) Skipped phase4 of Reference Processing due to unavailable references
[109.067s][debug][gc,age       ] GC(128) Desired survivor size 15400960 bytes, new threshold 6 (max threshold 6)
[109.067s][info ][gc,heap      ] GC(128) ParNew: 242588K->1771K(270976K)
[109.067s][info ][gc,heap      ] GC(128) CMS: 241110K->241164K(602112K)
[109.067s][info ][gc,metaspace ] GC(128) Metaspace: 56974K->56974K(1101824K)
[109.067s][info ][gc           ] GC(128) Pause Young (Allocation Failure) 472M->237M(852M) 3.035ms
[109.067s][info ][gc,cpu       ] GC(128) User=0.01s Sys=0.00s Real=0.00s
[109.067s][info ][safepoint    ] Leaving safepoint region
[109.067s][info ][safepoint    ] Total time for which application threads were stopped: 0.0032462 seconds, Stopping threads took: 0.0000580 seconds
[111.068s][info ][safepoint    ] Application time: 2.0004187 seconds
[111.068s][info ][safepoint    ] Entering safepoint region: Cleanup
[111.068s][info ][safepoint    ] Leaving safepoint region
[111.068s][info ][safepoint    ] Total time for which application threads were stopped: 0.0001033 seconds, Stopping threads took: 0.0000403 seconds
[112.068s][info ][safepoint    ] Application time: 1.0001389 seconds
[112.068s][info ][safepoint    ] Entering safepoint region: Cleanup
[112.068s][info ][safepoint    ] Leaving safepoint region
[112.068s][info ][safepoint    ] Total time for which application threads were stopped: 0.0001094 seconds, Stopping threads took: 0.0000354 seconds
[112.572s][info ][safepoint    ] Application time: 0.5039925 seconds
[112.572s][info ][safepoint    ] Entering safepoint region: GenCollectForAllocation
[112.572s][info ][gc,start     ] GC(129) Pause Young (Allocation Failure)
[112.572s][info ][gc,task      ] GC(129) Using 4 workers of 4 for evacuation
[112.575s][debug][gc,ref       ] GC(129) Skipped phase1 of Reference Processing due to unavailable references
[112.575s][debug][gc,ref       ] GC(129) Skipped phase3 of Reference Processing due to unavailable references
[112.575s][debug][gc,ref       ] GC(129) Skipped phase4 of Reference Processing due to unavailable references
[112.575s][debug][gc,age       ] GC(129) Desired survivor size 15400960 bytes, new threshold 6 (max threshold 6)
[112.575s][info ][gc,heap      ] GC(129) ParNew: 242667K->1833K(270976K)
[112.575s][info ][gc,heap      ] GC(129) CMS: 241164K->241248K(602112K)
[112.575s][info ][gc,metaspace ] GC(129) Metaspace: 56978K->56978K(1101824K)
[112.575s][info ][gc           ] GC(129) Pause Young (Allocation Failure) 472M->237M(852M) 3.009ms
[112.575s][info ][gc,cpu       ] GC(129) User=0.01s Sys=0.00s Real=0.00s
[112.575s][info ][safepoint    ] Leaving safepoint region
[112.575s][info ][safepoint    ] Total time for which application threads were stopped: 0.0031676 seconds, Stopping threads took: 0.0000169 seconds
[113.575s][info ][safepoint    ] Application time: 1.0001056 seconds
[113.575s][info ][safepoint    ] Entering safepoint region: Cleanup
[113.575s][info ][safepoint    ] Leaving safepoint region
[113.575s][info ][safepoint    ] Total time for which application threads were stopped: 0.0000982 seconds, Stopping threads took: 0.0000313 seconds
[114.576s][info ][safepoint    ] Application time: 1.0000966 seconds
[114.576s][info ][safepoint    ] Entering safepoint region: Cleanup
[114.576s][info ][safepoint    ] Leaving safepoint region
[114.576s][info ][safepoint    ] Total time for which application threads were stopped: 0.0001350 seconds, Stopping threads took: 0.0000498 seconds
[115.576s][info ][safepoint    ] Application time: 1.0001036 seconds
[115.576s][info ][safepoint    ] Entering safepoint region: Cleanup
[115.576s][info ][safepoint    ] Leaving safepoint region
[115.576s][info ][safepoint    ] Total time for which application threads were stopped: 0.0001396 seconds, Stopping threads took: 0.0000789 seconds
[116.037s][info ][safepoint    ] Application time: 0.4608742 seconds
[116.037s][info ][safepoint    ] Entering safepoint region: GenCollectForAllocation
[116.037s][info ][gc,start     ] GC(130) Pause Young (Allocation Failure)
[116.037s][info ][gc,task      ] GC(130) Using 4 workers of 4 for evacuation
[116.040s][debug][gc,ref       ] GC(130) Skipped phase1 of Reference Processing due to unavailable references
[116.040s][debug][gc,ref       ] GC(130) Skipped phase3 of Reference Processing due to unavailable references
[116.040s][debug][gc,ref       ] GC(130) Skipped phase4 of Reference Processing due to unavailable references
[116.040s][debug][gc,age       ] GC(130) Desired survivor size 15400960 bytes, new threshold 6 (max threshold 6)
[116.040s][info ][gc,heap      ] GC(130) ParNew: 242729K->2291K(270976K)
[116.040s][info ][gc,heap      ] GC(130) CMS: 241248K->241281K(602112K)
[116.040s][info ][gc,metaspace ] GC(130) Metaspace: 56990K->56990K(1101824K)
[116.040s][info ][gc           ] GC(130) Pause Young (Allocation Failure) 472M->237M(852M) 3.227ms
[116.040s][info ][gc,cpu       ] GC(130) User=0.01s Sys=0.00s Real=0.00s
[116.040s][info ][safepoint    ] Leaving safepoint region
[116.040s][info ][safepoint    ] Total time for which application threads were stopped: 0.0034398 seconds, Stopping threads took: 0.0000307 seconds
[117.043s][info ][safepoint    ] Application time: 1.0023089 seconds
[117.043s][info ][safepoint    ] Entering safepoint region: Cleanup
[117.043s][info ][safepoint    ] Leaving safepoint region
[117.043s][info ][safepoint    ] Total time for which application threads were stopped: 0.0000837 seconds, Stopping threads took: 0.0000198 seconds
[118.043s][info ][safepoint    ] Application time: 1.0000930 seconds
[118.043s][info ][safepoint    ] Entering safepoint region: Cleanup
[118.043s][info ][safepoint    ] Leaving safepoint region
[118.043s][info ][safepoint    ] Total time for which application threads were stopped: 0.0001000 seconds, Stopping threads took: 0.0000200 seconds
[119.043s][info ][safepoint    ] Application time: 1.0000945 seconds
[119.043s][info ][safepoint    ] Entering safepoint region: Cleanup
[119.043s][info ][safepoint    ] Leaving safepoint region
[119.043s][info ][safepoint    ] Total time for which application threads were stopped: 0.0000810 seconds, Stopping threads took: 0.0000195 seconds
[119.568s][info ][safepoint    ] Application time: 0.5250111 seconds
[119.568s][info ][safepoint    ] Entering safepoint region: GenCollectForAllocation
[119.568s][info ][gc,start     ] GC(131) Pause Young (Allocation Failure)
[119.568s][info ][gc,task      ] GC(131) Using 4 workers of 4 for evacuation
[119.571s][debug][gc,ref       ] GC(131) Skipped phase1 of Reference Processing due to unavailable references
[119.571s][debug][gc,ref       ] GC(131) Skipped phase3 of Reference Processing due to unavailable references
[119.571s][debug][gc,age       ] GC(131) Desired survivor size 15400960 bytes, new threshold 6 (max threshold 6)
[119.571s][info ][gc,heap      ] GC(131) ParNew: 243187K->2197K(270976K)
[119.571s][info ][gc,heap      ] GC(131) CMS: 241281K->241331K(602112K)
[119.571s][info ][gc,metaspace ] GC(131) Metaspace: 57039K->57039K(1101824K)
[119.571s][info ][gc           ] GC(131) Pause Young (Allocation Failure) 473M->237M(852M) 3.008ms
[119.571s][info ][gc,cpu       ] GC(131) User=0.01s Sys=0.00s Real=0.00s
[119.571s][info ][safepoint    ] Leaving safepoint region
[119.571s][info ][safepoint    ] Total time for which application threads were stopped: 0.0031848 seconds, Stopping threads took: 0.0000189 seconds
[120.572s][info ][safepoint    ] Application time: 1.0001046 seconds
[120.572s][info ][safepoint    ] Entering safepoint region: Cleanup
[120.572s][info ][safepoint    ] Leaving safepoint region
[120.572s][info ][safepoint    ] Total time for which application threads were stopped: 0.0002218 seconds, Stopping threads took: 0.0000774 seconds
[121.220s][info ][safepoint    ] Application time: 0.6485222 seconds
[121.220s][info ][safepoint    ] Entering safepoint region: GenCollectForAllocation
[121.221s][info ][gc,start     ] GC(132) Pause Young (Allocation Failure)
[121.221s][info ][gc,task      ] GC(132) Using 4 workers of 4 for evacuation
[121.228s][debug][gc,ref       ] GC(132) Skipped phase1 of Reference Processing due to unavailable references
[121.228s][debug][gc,ref       ] GC(132) Skipped phase3 of Reference Processing due to unavailable references
[121.228s][debug][gc,age       ] GC(132) Desired survivor size 15400960 bytes, new threshold 6 (max threshold 6)
[121.228s][info ][gc,heap      ] GC(132) ParNew: 243093K->8498K(270976K)
[121.228s][info ][gc,heap      ] GC(132) CMS: 241331K->241374K(602112K)
[121.228s][info ][gc,metaspace ] GC(132) Metaspace: 57146K->57146K(1101824K)
[121.228s][info ][gc           ] GC(132) Pause Young (Allocation Failure) 473M->244M(852M) 7.274ms
[121.228s][info ][gc,cpu       ] GC(132) User=0.03s Sys=0.00s Real=0.00s
[121.228s][info ][safepoint    ] Leaving safepoint region
[121.228s][info ][safepoint    ] Total time for which application threads were stopped: 0.0074703 seconds, Stopping threads took: 0.0000171 seconds
[122.228s][info ][safepoint    ] Application time: 1.0001022 seconds
[122.228s][info ][safepoint    ] Entering safepoint region: Cleanup
[122.228s][info ][safepoint    ] Leaving safepoint region
[122.228s][info ][safepoint    ] Total time for which application threads were stopped: 0.0001514 seconds, Stopping threads took: 0.0000449 seconds
[122.588s][info ][safepoint    ] Application time: 0.3594788 seconds
[122.588s][info ][safepoint    ] Entering safepoint region: GenCollectForAllocation
[122.588s][info ][gc,start     ] GC(133) Pause Young (Allocation Failure)
[122.588s][info ][gc,task      ] GC(133) Using 4 workers of 4 for evacuation
[122.594s][debug][gc,ref       ] GC(133) Skipped phase1 of Reference Processing due to unavailable references
[122.594s][debug][gc,ref       ] GC(133) Skipped phase3 of Reference Processing due to unavailable references
[122.594s][debug][gc,ref       ] GC(133) Skipped phase4 of Reference Processing due to unavailable references
[122.594s][debug][gc,age       ] GC(133) Desired survivor size 15400960 bytes, new threshold 6 (max threshold 6)
[122.594s][info ][gc,heap      ] GC(133) ParNew: 249394K->12243K(270976K)
[122.594s][info ][gc,heap      ] GC(133) CMS: 241374K->241567K(602112K)
[122.594s][info ][gc,metaspace ] GC(133) Metaspace: 57188K->57188K(1101824K)
[122.595s][info ][gc           ] GC(133) Pause Young (Allocation Failure) 479M->247M(852M) 6.699ms
[122.595s][info ][gc,cpu       ] GC(133) User=0.02s Sys=0.00s Real=0.01s
[122.595s][info ][safepoint    ] Leaving safepoint region
[122.595s][info ][safepoint    ] Total time for which application threads were stopped: 0.0068594 seconds, Stopping threads took: 0.0000184 seconds
[123.595s][info ][safepoint    ] Application time: 1.0001079 seconds
[123.595s][info ][safepoint    ] Entering safepoint region: Cleanup
[123.595s][info ][safepoint    ] Leaving safepoint region
[123.595s][info ][safepoint    ] Total time for which application threads were stopped: 0.0000855 seconds, Stopping threads took: 0.0000184 seconds
[124.114s][info ][safepoint    ] Application time: 0.5189171 seconds
[124.114s][info ][safepoint    ] Entering safepoint region: GenCollectForAllocation
[124.114s][info ][gc,start     ] GC(134) Pause Young (Allocation Failure)
[124.114s][info ][gc,task      ] GC(134) Using 4 workers of 4 for evacuation
[124.121s][debug][gc,ref       ] GC(134) Skipped phase1 of Reference Processing due to unavailable references
[124.121s][debug][gc,ref       ] GC(134) Skipped phase3 of Reference Processing due to unavailable references
[124.121s][debug][gc,ref       ] GC(134) Skipped phase4 of Reference Processing due to unavailable references
[124.121s][debug][gc,age       ] GC(134) Desired survivor size 15400960 bytes, new threshold 6 (max threshold 6)
[124.121s][info ][gc,heap      ] GC(134) ParNew: 253139K->14373K(270976K)
[124.121s][info ][gc,heap      ] GC(134) CMS: 241567K->241697K(602112K)
[124.121s][info ][gc,metaspace ] GC(134) Metaspace: 57200K->57200K(1101824K)
[124.121s][info ][gc           ] GC(134) Pause Young (Allocation Failure) 483M->250M(852M) 6.941ms
[124.121s][info ][gc,cpu       ] GC(134) User=0.03s Sys=0.00s Real=0.01s
[124.121s][info ][safepoint    ] Leaving safepoint region
[124.121s][info ][safepoint    ] Total time for which application threads were stopped: 0.0070998 seconds, Stopping threads took: 0.0000165 seconds
[125.121s][info ][safepoint    ] Application time: 1.0001169 seconds
[125.121s][info ][safepoint    ] Entering safepoint region: Cleanup
[125.121s][info ][safepoint    ] Leaving safepoint region
[125.121s][info ][safepoint    ] Total time for which application threads were stopped: 0.0001295 seconds, Stopping threads took: 0.0000459 seconds
[125.628s][info ][safepoint    ] Application time: 0.5064831 seconds
[125.628s][info ][safepoint    ] Entering safepoint region: GenCollectForAllocation
[125.628s][info ][gc,start     ] GC(135) Pause Young (Allocation Failure)
[125.628s][info ][gc,task      ] GC(135) Using 4 workers of 4 for evacuation
[125.635s][debug][gc,ref       ] GC(135) Skipped phase1 of Reference Processing due to unavailable references
[125.635s][debug][gc,ref       ] GC(135) Skipped phase3 of Reference Processing due to unavailable references
[125.635s][debug][gc,ref       ] GC(135) Skipped phase4 of Reference Processing due to unavailable references
[125.635s][debug][gc,age       ] GC(135) Desired survivor size 15400960 bytes, new threshold 6 (max threshold 6)
[125.635s][info ][gc,heap      ] GC(135) ParNew: 255269K->13741K(270976K)
[125.635s][info ][gc,heap      ] GC(135) CMS: 241697K->241869K(602112K)
[125.635s][info ][gc,metaspace ] GC(135) Metaspace: 57200K->57200K(1101824K)
[125.635s][info ][gc           ] GC(135) Pause Young (Allocation Failure) 485M->249M(852M) 7.273ms
[125.635s][info ][gc,cpu       ] GC(135) User=0.02s Sys=0.00s Real=0.01s
[125.635s][info ][safepoint    ] Leaving safepoint region
[125.635s][info ][safepoint    ] Total time for which application threads were stopped: 0.0074557 seconds, Stopping threads took: 0.0000189 seconds
[127.179s][info ][safepoint    ] Application time: 1.5436322 seconds
[127.179s][info ][safepoint    ] Entering safepoint region: GenCollectForAllocation
[127.179s][info ][gc,start     ] GC(136) Pause Young (Allocation Failure)
[127.179s][info ][gc,task      ] GC(136) Using 4 workers of 4 for evacuation
[127.185s][debug][gc,ref       ] GC(136) Skipped phase1 of Reference Processing due to unavailable references
[127.185s][debug][gc,ref       ] GC(136) Skipped phase3 of Reference Processing due to unavailable references
[127.185s][debug][gc,ref       ] GC(136) Skipped phase4 of Reference Processing due to unavailable references
[127.186s][debug][gc,age       ] GC(136) Desired survivor size 15400960 bytes, new threshold 6 (max threshold 6)
[127.186s][info ][gc,heap      ] GC(136) ParNew: 254637K->14332K(270976K)
[127.186s][info ][gc,heap      ] GC(136) CMS: 241869K->242027K(602112K)
[127.186s][info ][gc,metaspace ] GC(136) Metaspace: 57204K->57204K(1101824K)
[127.186s][info ][gc           ] GC(136) Pause Young (Allocation Failure) 484M->250M(852M) 6.686ms
[127.186s][info ][gc,cpu       ] GC(136) User=0.02s Sys=0.00s Real=0.00s
[127.186s][info ][safepoint    ] Leaving safepoint region
[127.186s][info ][safepoint    ] Total time for which application threads were stopped: 0.0068686 seconds, Stopping threads took: 0.0000335 seconds
[128.186s][info ][safepoint    ] Application time: 1.0001069 seconds
[128.186s][info ][safepoint    ] Entering safepoint region: Cleanup
[128.186s][info ][safepoint    ] Leaving safepoint region
[128.186s][info ][safepoint    ] Total time for which application threads were stopped: 0.0000831 seconds, Stopping threads took: 0.0000208 seconds
[128.876s][info ][safepoint    ] Application time: 0.6897931 seconds
[128.876s][info ][safepoint    ] Entering safepoint region: GenCollectForAllocation
[128.876s][info ][gc,start     ] GC(137) Pause Young (Allocation Failure)
[128.876s][info ][gc,task      ] GC(137) Using 4 workers of 4 for evacuation
[128.882s][debug][gc,ref       ] GC(137) Skipped phase1 of Reference Processing due to unavailable references
[128.882s][debug][gc,ref       ] GC(137) Skipped phase2 of Reference Processing due to unavailable references
[128.882s][debug][gc,ref       ] GC(137) Skipped phase3 of Reference Processing due to unavailable references
[128.882s][debug][gc,ref       ] GC(137) Skipped phase4 of Reference Processing due to unavailable references
[128.882s][debug][gc,age       ] GC(137) Desired survivor size 15400960 bytes, new threshold 6 (max threshold 6)
[128.882s][info ][gc,heap      ] GC(137) ParNew: 255228K->14449K(270976K)
[128.882s][info ][gc,heap      ] GC(137) CMS: 242027K->242137K(602112K)
[128.882s][info ][gc,metaspace ] GC(137) Metaspace: 57205K->57205K(1101824K)
[128.882s][info ][gc           ] GC(137) Pause Young (Allocation Failure) 485M->250M(852M) 6.585ms
[128.882s][info ][gc,cpu       ] GC(137) User=0.03s Sys=0.00s Real=0.01s
[128.883s][info ][safepoint    ] Leaving safepoint region
[128.883s][info ][safepoint    ] Total time for which application threads were stopped: 0.0067488 seconds, Stopping threads took: 0.0000175 seconds
[129.883s][info ][safepoint    ] Application time: 1.0001126 seconds
[129.883s][info ][safepoint    ] Entering safepoint region: Cleanup
[129.883s][info ][safepoint    ] Leaving safepoint region
[129.883s][info ][safepoint    ] Total time for which application threads were stopped: 0.0001651 seconds, Stopping threads took: 0.0000176 seconds
[130.453s][info ][safepoint    ] Application time: 0.5703949 seconds
[130.453s][info ][safepoint    ] Entering safepoint region: GenCollectForAllocation
[130.453s][info ][gc,start     ] GC(138) Pause Young (Allocation Failure)
[130.453s][info ][gc,task      ] GC(138) Using 4 workers of 4 for evacuation
[130.467s][debug][gc,ref       ] GC(138) Skipped phase1 of Reference Processing due to unavailable references
[130.467s][debug][gc,ref       ] GC(138) Skipped phase3 of Reference Processing due to unavailable references
[130.467s][debug][gc,age       ] GC(138) Desired survivor size 15400960 bytes, new threshold 6 (max threshold 6)
[130.467s][info ][gc,heap      ] GC(138) ParNew: 255345K->9679K(270976K)
[130.467s][info ][gc,heap      ] GC(138) CMS: 242137K->247361K(602112K)
[130.467s][info ][gc,metaspace ] GC(138) Metaspace: 57243K->57243K(1101824K)
[130.467s][info ][gc           ] GC(138) Pause Young (Allocation Failure) 485M->251M(852M) 13.342ms
[130.467s][info ][gc,cpu       ] GC(138) User=0.05s Sys=0.01s Real=0.01s
[130.467s][info ][safepoint    ] Leaving safepoint region
[130.467s][info ][safepoint    ] Total time for which application threads were stopped: 0.0135505 seconds, Stopping threads took: 0.0000165 seconds
[131.467s][info ][safepoint    ] Application time: 1.0000769 seconds
[131.467s][info ][safepoint    ] Entering safepoint region: Cleanup
[131.467s][info ][safepoint    ] Leaving safepoint region
[131.467s][info ][safepoint    ] Total time for which application threads were stopped: 0.0002045 seconds, Stopping threads took: 0.0000871 seconds
[132.020s][info ][safepoint    ] Application time: 0.5524754 seconds
[132.020s][info ][safepoint    ] Entering safepoint region: ICBufferFull
[132.020s][info ][safepoint    ] Leaving safepoint region
[132.020s][info ][safepoint    ] Total time for which application threads were stopped: 0.0002946 seconds, Stopping threads took: 0.0000407 seconds
[132.067s][info ][safepoint    ] Application time: 0.0466880 seconds
[132.067s][info ][safepoint    ] Entering safepoint region: GenCollectForAllocation
[132.067s][info ][gc,start     ] GC(139) Pause Young (Allocation Failure)
[132.067s][info ][gc,task      ] GC(139) Using 4 workers of 4 for evacuation
[132.073s][debug][gc,ref       ] GC(139) Skipped phase1 of Reference Processing due to unavailable references
[132.073s][debug][gc,ref       ] GC(139) Skipped phase3 of Reference Processing due to unavailable references
[132.073s][debug][gc,ref       ] GC(139) Skipped phase4 of Reference Processing due to unavailable references
[132.073s][debug][gc,age       ] GC(139) Desired survivor size 15400960 bytes, new threshold 6 (max threshold 6)
[132.073s][info ][gc,heap      ] GC(139) ParNew: 250575K->9142K(270976K)
[132.073s][info ][gc,heap      ] GC(139) CMS: 247361K->248337K(602112K)
[132.073s][info ][gc,metaspace ] GC(139) Metaspace: 57277K->57277K(1101824K)
[132.073s][info ][gc           ] GC(139) Pause Young (Allocation Failure) 486M->251M(852M) 6.448ms
[132.073s][info ][gc,cpu       ] GC(139) User=0.02s Sys=0.00s Real=0.01s
[132.073s][info ][safepoint    ] Leaving safepoint region
[132.073s][info ][safepoint    ] Total time for which application threads were stopped: 0.0066356 seconds, Stopping threads took: 0.0000175 seconds
[133.073s][info ][safepoint    ] Application time: 1.0001027 seconds
[133.074s][info ][safepoint    ] Entering safepoint region: Cleanup
[133.074s][info ][safepoint    ] Leaving safepoint region
[133.074s][info ][safepoint    ] Total time for which application threads were stopped: 0.0002086 seconds, Stopping threads took: 0.0000479 seconds
[133.682s][info ][safepoint    ] Application time: 0.6079692 seconds
[133.682s][info ][safepoint    ] Entering safepoint region: Deoptimize
[133.683s][info ][safepoint    ] Leaving safepoint region
[133.683s][info ][safepoint    ] Total time for which application threads were stopped: 0.0015646 seconds, Stopping threads took: 0.0000162 seconds
[133.923s][info ][safepoint    ] Application time: 0.2397299 seconds
[133.923s][info ][safepoint    ] Entering safepoint region: GenCollectForAllocation
[133.923s][info ][gc,start     ] GC(140) Pause Young (Allocation Failure)
[133.923s][info ][gc,task      ] GC(140) Using 4 workers of 4 for evacuation
[133.929s][debug][gc,ref       ] GC(140) Skipped phase1 of Reference Processing due to unavailable references
[133.929s][debug][gc,ref       ] GC(140) Skipped phase3 of Reference Processing due to unavailable references
[133.929s][debug][gc,age       ] GC(140) Desired survivor size 15400960 bytes, new threshold 6 (max threshold 6)
[133.929s][info ][gc,heap      ] GC(140) ParNew: 250038K->8644K(270976K)
[133.929s][info ][gc,heap      ] GC(140) CMS: 248337K->249420K(602112K)
[133.929s][info ][gc,metaspace ] GC(140) Metaspace: 57305K->57305K(1101824K)
[133.929s][info ][gc           ] GC(140) Pause Young (Allocation Failure) 486M->252M(852M) 6.217ms
[133.929s][info ][gc,cpu       ] GC(140) User=0.02s Sys=0.00s Real=0.01s
[133.929s][info ][safepoint    ] Leaving safepoint region
[133.929s][info ][safepoint    ] Total time for which application threads were stopped: 0.0064270 seconds, Stopping threads took: 0.0000172 seconds
[134.930s][info ][safepoint    ] Application time: 1.0000776 seconds
[134.930s][info ][safepoint    ] Entering safepoint region: Cleanup
[134.930s][info ][safepoint    ] Leaving safepoint region
[134.930s][info ][safepoint    ] Total time for which application threads were stopped: 0.0003990 seconds, Stopping threads took: 0.0002508 seconds
[135.683s][info ][safepoint    ] Application time: 0.7531461 seconds
[135.683s][info ][safepoint    ] Entering safepoint region: GenCollectForAllocation
[135.683s][info ][gc,start     ] GC(141) Pause Young (Allocation Failure)
[135.683s][info ][gc,task      ] GC(141) Using 4 workers of 4 for evacuation
[135.689s][debug][gc,ref       ] GC(141) Skipped phase1 of Reference Processing due to unavailable references
[135.689s][debug][gc,ref       ] GC(141) Skipped phase3 of Reference Processing due to unavailable references
[135.689s][debug][gc,age       ] GC(141) Desired survivor size 15400960 bytes, new threshold 6 (max threshold 6)
[135.689s][info ][gc,heap      ] GC(141) ParNew: 249540K->7562K(270976K)
[135.689s][info ][gc,heap      ] GC(141) CMS: 249420K->250219K(602112K)
[135.689s][info ][gc,metaspace ] GC(141) Metaspace: 57345K->57345K(1101824K)
[135.689s][info ][gc           ] GC(141) Pause Young (Allocation Failure) 487M->251M(852M) 5.445ms
[135.689s][info ][gc,cpu       ] GC(141) User=0.02s Sys=0.00s Real=0.01s
[135.689s][info ][safepoint    ] Leaving safepoint region
[135.689s][info ][safepoint    ] Total time for which application threads were stopped: 0.0056816 seconds, Stopping threads took: 0.0000329 seconds
[136.689s][info ][safepoint    ] Application time: 1.0001365 seconds
[136.689s][info ][safepoint    ] Entering safepoint region: Cleanup
[136.689s][info ][safepoint    ] Leaving safepoint region
[136.689s][info ][safepoint    ] Total time for which application threads were stopped: 0.0000941 seconds, Stopping threads took: 0.0000190 seconds
[137.512s][info ][safepoint    ] Application time: 0.8229079 seconds
[137.512s][info ][safepoint    ] Entering safepoint region: GenCollectForAllocation
[137.512s][info ][gc,start     ] GC(142) Pause Young (Allocation Failure)
[137.512s][info ][gc,task      ] GC(142) Using 4 workers of 4 for evacuation
[137.518s][debug][gc,ref       ] GC(142) Skipped phase1 of Reference Processing due to unavailable references
[137.518s][debug][gc,ref       ] GC(142) Skipped phase3 of Reference Processing due to unavailable references
[137.518s][debug][gc,age       ] GC(142) Desired survivor size 15400960 bytes, new threshold 6 (max threshold 6)
[137.518s][info ][gc,heap      ] GC(142) ParNew: 248458K->9305K(270976K)
[137.518s][info ][gc,heap      ] GC(142) CMS: 250219K->250436K(602112K)
[137.518s][info ][gc,metaspace ] GC(142) Metaspace: 57383K->57383K(1101824K)
[137.518s][info ][gc           ] GC(142) Pause Young (Allocation Failure) 486M->253M(852M) 5.937ms
[137.518s][info ][gc,cpu       ] GC(142) User=0.02s Sys=0.00s Real=0.01s
[137.518s][info ][safepoint    ] Leaving safepoint region
[137.518s][info ][safepoint    ] Total time for which application threads were stopped: 0.0062222 seconds, Stopping threads took: 0.0000751 seconds
[138.518s][info ][safepoint    ] Application time: 1.0001052 seconds
[138.519s][info ][safepoint    ] Entering safepoint region: Cleanup
[138.519s][info ][safepoint    ] Leaving safepoint region
[138.519s][info ][safepoint    ] Total time for which application threads were stopped: 0.0001881 seconds, Stopping threads took: 0.0000543 seconds
[139.273s][info ][safepoint    ] Application time: 0.7542565 seconds
[139.273s][info ][safepoint    ] Entering safepoint region: GenCollectForAllocation
[139.273s][info ][gc,start     ] GC(143) Pause Young (Allocation Failure)
[139.273s][info ][gc,task      ] GC(143) Using 4 workers of 4 for evacuation
[139.279s][debug][gc,ref       ] GC(143) Skipped phase1 of Reference Processing due to unavailable references
[139.279s][debug][gc,ref       ] GC(143) Skipped phase3 of Reference Processing due to unavailable references
[139.279s][debug][gc,ref       ] GC(143) Skipped phase4 of Reference Processing due to unavailable references
[139.279s][debug][gc,age       ] GC(143) Desired survivor size 15400960 bytes, new threshold 6 (max threshold 6)
[139.279s][info ][gc,heap      ] GC(143) ParNew: 250201K->9365K(270976K)
[139.279s][info ][gc,heap      ] GC(143) CMS: 250436K->250627K(602112K)
[139.279s][info ][gc,metaspace ] GC(143) Metaspace: 57400K->57400K(1101824K)
[139.279s][info ][gc           ] GC(143) Pause Young (Allocation Failure) 488M->253M(852M) 5.896ms
[139.279s][info ][gc,cpu       ] GC(143) User=0.02s Sys=0.00s Real=0.01s
[139.279s][info ][safepoint    ] Leaving safepoint region
[139.279s][info ][safepoint    ] Total time for which application threads were stopped: 0.0060784 seconds, Stopping threads took: 0.0000177 seconds
[140.279s][info ][safepoint    ] Application time: 1.0001126 seconds
[140.279s][info ][safepoint    ] Entering safepoint region: Cleanup
[140.279s][info ][safepoint    ] Leaving safepoint region
[140.279s][info ][safepoint    ] Total time for which application threads were stopped: 0.0001399 seconds, Stopping threads took: 0.0000467 seconds
[141.161s][info ][safepoint    ] Application time: 0.8812439 seconds
[141.161s][info ][safepoint    ] Entering safepoint region: GenCollectForAllocation
[141.161s][info ][gc,start     ] GC(144) Pause Young (Allocation Failure)
[141.161s][info ][gc,task      ] GC(144) Using 4 workers of 4 for evacuation
[141.167s][debug][gc,ref       ] GC(144) Skipped phase1 of Reference Processing due to unavailable references
[141.167s][debug][gc,ref       ] GC(144) Skipped phase3 of Reference Processing due to unavailable references
[141.167s][debug][gc,ref       ] GC(144) Skipped phase4 of Reference Processing due to unavailable references
[141.167s][debug][gc,age       ] GC(144) Desired survivor size 15400960 bytes, new threshold 6 (max threshold 6)
[141.167s][info ][gc,heap      ] GC(144) ParNew: 250261K->6390K(270976K)
[141.167s][info ][gc,heap      ] GC(144) CMS: 250627K->251665K(602112K)
[141.167s][info ][gc,metaspace ] GC(144) Metaspace: 57407K->57407K(1101824K)
[141.167s][info ][gc           ] GC(144) Pause Young (Allocation Failure) 489M->252M(852M) 6.597ms
[141.167s][info ][gc,cpu       ] GC(144) User=0.03s Sys=0.00s Real=0.00s
[141.167s][info ][safepoint    ] Leaving safepoint region
[141.167s][info ][safepoint    ] Total time for which application threads were stopped: 0.0067782 seconds, Stopping threads took: 0.0000165 seconds
[142.168s][info ][safepoint    ] Application time: 1.0001309 seconds
[142.168s][info ][safepoint    ] Entering safepoint region: Cleanup
[142.168s][info ][safepoint    ] Leaving safepoint region
[142.168s][info ][safepoint    ] Total time for which application threads were stopped: 0.0001087 seconds, Stopping threads took: 0.0000436 seconds
[143.161s][info ][safepoint    ] Application time: 0.9937029 seconds
[143.161s][info ][safepoint    ] Entering safepoint region: GenCollectForAllocation
[143.162s][info ][gc,start     ] GC(145) Pause Young (Allocation Failure)
[143.162s][info ][gc,task      ] GC(145) Using 4 workers of 4 for evacuation
[143.168s][debug][gc,ref       ] GC(145) Skipped phase1 of Reference Processing due to unavailable references
[143.168s][debug][gc,ref       ] GC(145) Skipped phase3 of Reference Processing due to unavailable references
[143.168s][debug][gc,ref       ] GC(145) Skipped phase4 of Reference Processing due to unavailable references
[143.168s][debug][gc,age       ] GC(145) Desired survivor size 15400960 bytes, new threshold 6 (max threshold 6)
[143.168s][info ][gc,heap      ] GC(145) ParNew: 247286K->5731K(270976K)
[143.168s][info ][gc,heap      ] GC(145) CMS: 251665K->253943K(602112K)
[143.168s][info ][gc,metaspace ] GC(145) Metaspace: 57410K->57410K(1101824K)
[143.168s][info ][gc           ] GC(145) Pause Young (Allocation Failure) 487M->253M(852M) 6.167ms
[143.168s][info ][gc,cpu       ] GC(145) User=0.03s Sys=0.00s Real=0.00s
[143.168s][info ][safepoint    ] Leaving safepoint region
[143.168s][info ][safepoint    ] Total time for which application threads were stopped: 0.0063776 seconds, Stopping threads took: 0.0000414 seconds
[144.168s][info ][safepoint    ] Application time: 1.0000824 seconds
[144.168s][info ][safepoint    ] Entering safepoint region: Cleanup
[144.168s][info ][safepoint    ] Leaving safepoint region
[144.168s][info ][safepoint    ] Total time for which application threads were stopped: 0.0002273 seconds, Stopping threads took: 0.0000439 seconds
[144.982s][info ][safepoint    ] Application time: 0.8137013 seconds
[144.982s][info ][safepoint    ] Entering safepoint region: GenCollectForAllocation
[144.982s][info ][gc,start     ] GC(146) Pause Young (Allocation Failure)
[144.982s][info ][gc,task      ] GC(146) Using 4 workers of 4 for evacuation
[144.986s][debug][gc,ref       ] GC(146) Skipped phase1 of Reference Processing due to unavailable references
[144.986s][debug][gc,ref       ] GC(146) Skipped phase3 of Reference Processing due to unavailable references
[144.986s][debug][gc,age       ] GC(146) Desired survivor size 15400960 bytes, new threshold 6 (max threshold 6)
[144.986s][info ][gc,heap      ] GC(146) ParNew: 246627K->4708K(270976K)
[144.986s][info ][gc,heap      ] GC(146) CMS: 253943K->253998K(602112K)
[144.986s][info ][gc,metaspace ] GC(146) Metaspace: 57422K->57422K(1101824K)
[144.986s][info ][gc           ] GC(146) Pause Young (Allocation Failure) 488M->252M(852M) 4.273ms
[144.986s][info ][gc,cpu       ] GC(146) User=0.02s Sys=0.00s Real=0.00s
[144.986s][info ][safepoint    ] Leaving safepoint region
[144.986s][info ][safepoint    ] Total time for which application threads were stopped: 0.0044851 seconds, Stopping threads took: 0.0000179 seconds
[145.986s][info ][safepoint    ] Application time: 1.0000604 seconds
[145.986s][info ][safepoint    ] Entering safepoint region: Cleanup
[145.987s][info ][safepoint    ] Leaving safepoint region
[145.987s][info ][safepoint    ] Total time for which application threads were stopped: 0.0001031 seconds, Stopping threads took: 0.0000164 seconds
[146.948s][info ][safepoint    ] Application time: 0.9613539 seconds
[146.948s][info ][safepoint    ] Entering safepoint region: GenCollectForAllocation
[146.948s][info ][gc,start     ] GC(147) Pause Young (Allocation Failure)
[146.948s][info ][gc,task      ] GC(147) Using 4 workers of 4 for evacuation
[146.952s][debug][gc,ref       ] GC(147) Skipped phase1 of Reference Processing due to unavailable references
[146.952s][debug][gc,ref       ] GC(147) Skipped phase3 of Reference Processing due to unavailable references
[146.952s][debug][gc,ref       ] GC(147) Skipped phase4 of Reference Processing due to unavailable references
[146.952s][debug][gc,age       ] GC(147) Desired survivor size 15400960 bytes, new threshold 6 (max threshold 6)
[146.952s][info ][gc,heap      ] GC(147) ParNew: 245604K->4130K(270976K)
[146.952s][info ][gc,heap      ] GC(147) CMS: 253998K->254137K(602112K)
[146.952s][info ][gc,metaspace ] GC(147) Metaspace: 57423K->57423K(1101824K)
[146.952s][info ][gc           ] GC(147) Pause Young (Allocation Failure) 487M->252M(852M) 4.322ms
[146.952s][info ][gc,cpu       ] GC(147) User=0.02s Sys=0.00s Real=0.01s
[146.952s][info ][safepoint    ] Leaving safepoint region
[146.952s][info ][safepoint    ] Total time for which application threads were stopped: 0.0044870 seconds, Stopping threads took: 0.0000165 seconds
[147.953s][info ][safepoint    ] Application time: 1.0001055 seconds
[147.953s][info ][safepoint    ] Entering safepoint region: Cleanup
[147.953s][info ][safepoint    ] Leaving safepoint region
[147.953s][info ][safepoint    ] Total time for which application threads were stopped: 0.0001430 seconds, Stopping threads took: 0.0000195 seconds
[148.623s][info ][safepoint    ] Application time: 0.6705612 seconds
[148.623s][info ][safepoint    ] Entering safepoint region: GenCollectForAllocation
[148.624s][info ][gc,start     ] GC(148) Pause Young (Allocation Failure)
[148.624s][info ][gc,task      ] GC(148) Using 4 workers of 4 for evacuation
[148.630s][debug][gc,ref       ] GC(148) Skipped phase1 of Reference Processing due to unavailable references
[148.630s][debug][gc,ref       ] GC(148) Skipped phase3 of Reference Processing due to unavailable references
[148.630s][debug][gc,ref       ] GC(148) Skipped phase4 of Reference Processing due to unavailable references
[148.630s][debug][gc,age       ] GC(148) Desired survivor size 15400960 bytes, new threshold 6 (max threshold 6)
[148.630s][info ][gc,heap      ] GC(148) ParNew: 245026K->5600K(270976K)
[148.630s][info ][gc,heap      ] GC(148) CMS: 254137K->255891K(602112K)
[148.630s][info ][gc,metaspace ] GC(148) Metaspace: 57431K->57431K(1101824K)
[148.630s][info ][gc           ] GC(148) Pause Young (Allocation Failure) 487M->255M(852M) 6.395ms
[148.630s][info ][gc,cpu       ] GC(148) User=0.03s Sys=0.00s Real=0.01s
[148.630s][info ][safepoint    ] Leaving safepoint region
[148.630s][info ][safepoint    ] Total time for which application threads were stopped: 0.0065786 seconds, Stopping threads took: 0.0000184 seconds
[149.630s][info ][safepoint    ] Application time: 1.0001085 seconds
[149.630s][info ][safepoint    ] Entering safepoint region: Cleanup
[149.630s][info ][safepoint    ] Leaving safepoint region
[149.630s][info ][safepoint    ] Total time for which application threads were stopped: 0.0001716 seconds, Stopping threads took: 0.0000735 seconds
[150.613s][info ][safepoint    ] Application time: 0.9824780 seconds
[150.613s][info ][safepoint    ] Entering safepoint region: GenCollectForAllocation
[150.613s][info ][gc,start     ] GC(149) Pause Young (Allocation Failure)
[150.613s][info ][gc,task      ] GC(149) Using 4 workers of 4 for evacuation
[150.617s][debug][gc,ref       ] GC(149) Skipped phase1 of Reference Processing due to unavailable references
[150.617s][debug][gc,ref       ] GC(149) Skipped phase2 of Reference Processing due to unavailable references
[150.617s][debug][gc,ref       ] GC(149) Skipped phase3 of Reference Processing due to unavailable references
[150.617s][debug][gc,ref       ] GC(149) Skipped phase4 of Reference Processing due to unavailable references
[150.617s][debug][gc,age       ] GC(149) Desired survivor size 15400960 bytes, new threshold 6 (max threshold 6)
[150.618s][info ][gc,heap      ] GC(149) ParNew: 246496K->5723K(270976K)
[150.618s][info ][gc,heap      ] GC(149) CMS: 255891K->255955K(602112K)
[150.618s][info ][gc,metaspace ] GC(149) Metaspace: 57432K->57432K(1101824K)
[150.618s][info ][gc           ] GC(149) Pause Young (Allocation Failure) 490M->255M(852M) 4.536ms
[150.618s][info ][gc,cpu       ] GC(149) User=0.02s Sys=0.00s Real=0.01s
[150.618s][info ][safepoint    ] Leaving safepoint region
[150.618s][info ][safepoint    ] Total time for which application threads were stopped: 0.0047405 seconds, Stopping threads took: 0.0000460 seconds
[151.618s][info ][safepoint    ] Application time: 1.0001269 seconds
[151.618s][info ][safepoint    ] Entering safepoint region: Cleanup
[151.618s][info ][safepoint    ] Leaving safepoint region
[151.618s][info ][safepoint    ] Total time for which application threads were stopped: 0.0001154 seconds, Stopping threads took: 0.0000435 seconds
[152.525s][info ][safepoint    ] Application time: 0.9075496 seconds
[152.525s][info ][safepoint    ] Entering safepoint region: GenCollectForAllocation
[152.526s][info ][gc,start     ] GC(150) Pause Young (Allocation Failure)
[152.526s][info ][gc,task      ] GC(150) Using 4 workers of 4 for evacuation
[152.530s][debug][gc,ref       ] GC(150) Skipped phase1 of Reference Processing due to unavailable references
[152.530s][debug][gc,ref       ] GC(150) Skipped phase2 of Reference Processing due to unavailable references
[152.530s][debug][gc,ref       ] GC(150) Skipped phase3 of Reference Processing due to unavailable references
[152.530s][debug][gc,ref       ] GC(150) Skipped phase4 of Reference Processing due to unavailable references
[152.530s][debug][gc,age       ] GC(150) Desired survivor size 15400960 bytes, new threshold 6 (max threshold 6)
[152.530s][info ][gc,heap      ] GC(150) ParNew: 246619K->5944K(270976K)
[152.530s][info ][gc,heap      ] GC(150) CMS: 255955K->256060K(602112K)
[152.530s][info ][gc,metaspace ] GC(150) Metaspace: 57433K->57433K(1101824K)
[152.530s][info ][gc           ] GC(150) Pause Young (Allocation Failure) 490M->255M(852M) 4.610ms
[152.530s][info ][gc,cpu       ] GC(150) User=0.02s Sys=0.00s Real=0.01s
[152.530s][info ][safepoint    ] Leaving safepoint region
[152.530s][info ][safepoint    ] Total time for which application threads were stopped: 0.0048223 seconds, Stopping threads took: 0.0000313 seconds
[153.530s][info ][safepoint    ] Application time: 1.0001121 seconds
[153.530s][info ][safepoint    ] Entering safepoint region: Cleanup
[153.531s][info ][safepoint    ] Leaving safepoint region
[153.531s][info ][safepoint    ] Total time for which application threads were stopped: 0.0001417 seconds, Stopping threads took: 0.0000458 seconds
[154.461s][info ][safepoint    ] Application time: 0.9300849 seconds
[154.461s][info ][safepoint    ] Entering safepoint region: GenCollectForAllocation
[154.461s][info ][gc,start     ] GC(151) Pause Young (Allocation Failure)
[154.461s][info ][gc,task      ] GC(151) Using 4 workers of 4 for evacuation
[154.465s][debug][gc,ref       ] GC(151) Skipped phase1 of Reference Processing due to unavailable references
[154.465s][debug][gc,ref       ] GC(151) Skipped phase2 of Reference Processing due to unavailable references
[154.465s][debug][gc,ref       ] GC(151) Skipped phase3 of Reference Processing due to unavailable references
[154.465s][debug][gc,ref       ] GC(151) Skipped phase4 of Reference Processing due to unavailable references
[154.465s][debug][gc,age       ] GC(151) Desired survivor size 15400960 bytes, new threshold 6 (max threshold 6)
[154.465s][info ][gc,heap      ] GC(151) ParNew: 246840K->6007K(270976K)
[154.465s][info ][gc,heap      ] GC(151) CMS: 256060K->256080K(602112K)
[154.465s][info ][gc,metaspace ] GC(151) Metaspace: 57435K->57435K(1101824K)
[154.465s][info ][gc           ] GC(151) Pause Young (Allocation Failure) 491M->255M(852M) 4.454ms
[154.465s][info ][gc,cpu       ] GC(151) User=0.02s Sys=0.00s Real=0.00s
[154.465s][info ][safepoint    ] Leaving safepoint region
[154.465s][info ][safepoint    ] Total time for which application threads were stopped: 0.0046248 seconds, Stopping threads took: 0.0000189 seconds
[155.465s][info ][safepoint    ] Application time: 1.0000500 seconds
[155.465s][info ][safepoint    ] Entering safepoint region: Cleanup
[155.466s][info ][safepoint    ] Leaving safepoint region
[155.466s][info ][safepoint    ] Total time for which application threads were stopped: 0.0001569 seconds, Stopping threads took: 0.0000835 seconds
[156.466s][info ][safepoint    ] Application time: 1.0001141 seconds
[156.466s][info ][safepoint    ] Entering safepoint region: Cleanup
[156.466s][info ][safepoint    ] Leaving safepoint region
[156.466s][info ][safepoint    ] Total time for which application threads were stopped: 0.0001746 seconds, Stopping threads took: 0.0000425 seconds
[156.625s][info ][safepoint    ] Application time: 0.1591306 seconds
[156.625s][info ][safepoint    ] Entering safepoint region: GenCollectForAllocation
[156.625s][info ][gc,start     ] GC(152) Pause Young (Allocation Failure)
[156.625s][info ][gc,task      ] GC(152) Using 4 workers of 4 for evacuation
[156.632s][debug][gc,ref       ] GC(152) Skipped phase1 of Reference Processing due to unavailable references
[156.632s][debug][gc,ref       ] GC(152) Skipped phase2 of Reference Processing due to unavailable references
[156.632s][debug][gc,ref       ] GC(152) Skipped phase3 of Reference Processing due to unavailable references
[156.632s][debug][gc,ref       ] GC(152) Skipped phase4 of Reference Processing due to unavailable references
[156.632s][debug][gc,age       ] GC(152) Desired survivor size 15400960 bytes, new threshold 6 (max threshold 6)
[156.632s][info ][gc,heap      ] GC(152) ParNew: 246903K->6036K(270976K)
[156.632s][info ][gc,heap      ] GC(152) CMS: 256080K->256141K(602112K)
[156.632s][info ][gc,metaspace ] GC(152) Metaspace: 57460K->57460K(1101824K)
[156.632s][info ][gc           ] GC(152) Pause Young (Allocation Failure) 491M->256M(852M) 6.847ms
[156.632s][info ][gc,cpu       ] GC(152) User=0.02s Sys=0.00s Real=0.01s
[156.632s][info ][safepoint    ] Leaving safepoint region
[156.632s][info ][safepoint    ] Total time for which application threads were stopped: 0.0070295 seconds, Stopping threads took: 0.0000198 seconds
[157.632s][info ][safepoint    ] Application time: 1.0001046 seconds
[157.632s][info ][safepoint    ] Entering safepoint region: Cleanup
[157.632s][info ][safepoint    ] Leaving safepoint region
[157.632s][info ][safepoint    ] Total time for which application threads were stopped: 0.0001269 seconds, Stopping threads took: 0.0000188 seconds
[158.640s][info ][safepoint    ] Application time: 1.0078834 seconds
[158.640s][info ][safepoint    ] Entering safepoint region: Cleanup
[158.640s][info ][safepoint    ] Leaving safepoint region
[158.640s][info ][safepoint    ] Total time for which application threads were stopped: 0.0001475 seconds, Stopping threads took: 0.0000787 seconds
[158.781s][info ][safepoint    ] Application time: 0.1400789 seconds
[158.781s][info ][safepoint    ] Entering safepoint region: GenCollectForAllocation
[158.781s][info ][gc,start     ] GC(153) Pause Young (Allocation Failure)
[158.781s][info ][gc,task      ] GC(153) Using 4 workers of 4 for evacuation
[158.785s][debug][gc,ref       ] GC(153) Skipped phase1 of Reference Processing due to unavailable references
[158.785s][debug][gc,ref       ] GC(153) Skipped phase2 of Reference Processing due to unavailable references
[158.785s][debug][gc,ref       ] GC(153) Skipped phase3 of Reference Processing due to unavailable references
[158.785s][debug][gc,ref       ] GC(153) Skipped phase4 of Reference Processing due to unavailable references
[158.785s][debug][gc,age       ] GC(153) Desired survivor size 15400960 bytes, new threshold 6 (max threshold 6)
[158.785s][info ][gc,heap      ] GC(153) ParNew: 246932K->6228K(270976K)
[158.785s][info ][gc,heap      ] GC(153) CMS: 256141K->256247K(602112K)
[158.785s][info ][gc,metaspace ] GC(153) Metaspace: 57463K->57463K(1101824K)
[158.785s][info ][gc           ] GC(153) Pause Young (Allocation Failure) 491M->256M(852M) 4.494ms
[158.785s][info ][gc,cpu       ] GC(153) User=0.02s Sys=0.00s Real=0.00s
[158.785s][info ][safepoint    ] Leaving safepoint region
[158.785s][info ][safepoint    ] Total time for which application threads were stopped: 0.0046552 seconds, Stopping threads took: 0.0000182 seconds
[158.945s][info ][safepoint    ] Application time: 0.1600154 seconds
[158.945s][info ][safepoint    ] Entering safepoint region: RevokeBias
[158.945s][info ][safepoint    ] Leaving safepoint region
[158.945s][info ][safepoint    ] Total time for which application threads were stopped: 0.0001308 seconds, Stopping threads took: 0.0000187 seconds
[159.946s][info ][safepoint    ] Application time: 1.0001362 seconds
[159.946s][info ][safepoint    ] Entering safepoint region: Cleanup
[159.946s][info ][safepoint    ] Leaving safepoint region
[159.946s][info ][safepoint    ] Total time for which application threads were stopped: 0.0001411 seconds, Stopping threads took: 0.0000189 seconds
[160.946s][info ][safepoint    ] Application time: 1.0001019 seconds
[160.946s][info ][safepoint    ] Entering safepoint region: Cleanup
[160.946s][info ][safepoint    ] Leaving safepoint region
[160.946s][info ][safepoint    ] Total time for which application threads were stopped: 0.0000892 seconds, Stopping threads took: 0.0000183 seconds
[160.962s][info ][safepoint    ] Application time: 0.0156934 seconds
[160.962s][info ][safepoint    ] Entering safepoint region: GenCollectForAllocation
[160.962s][info ][gc,start     ] GC(154) Pause Young (Allocation Failure)
[160.962s][info ][gc,task      ] GC(154) Using 4 workers of 4 for evacuation
[160.969s][debug][gc,ref       ] GC(154) Skipped phase1 of Reference Processing due to unavailable references
[160.969s][debug][gc,ref       ] GC(154) Skipped phase3 of Reference Processing due to unavailable references
[160.969s][debug][gc,age       ] GC(154) Desired survivor size 15400960 bytes, new threshold 6 (max threshold 6)
[160.969s][info ][gc,heap      ] GC(154) ParNew: 247124K->4169K(270976K)
[160.969s][info ][gc,heap      ] GC(154) CMS: 256247K->258684K(602112K)
[160.969s][info ][gc,metaspace ] GC(154) Metaspace: 57487K->57487K(1101824K)
[160.969s][info ][gc           ] GC(154) Pause Young (Allocation Failure) 491M->256M(852M) 6.912ms
[160.969s][info ][gc,cpu       ] GC(154) User=0.02s Sys=0.00s Real=0.01s
[160.969s][info ][safepoint    ] Leaving safepoint region
[160.969s][info ][safepoint    ] Total time for which application threads were stopped: 0.0071125 seconds, Stopping threads took: 0.0000568 seconds
[161.969s][info ][safepoint    ] Application time: 1.0001464 seconds
[161.969s][info ][safepoint    ] Entering safepoint region: Cleanup
[161.969s][info ][safepoint    ] Leaving safepoint region
[161.969s][info ][safepoint    ] Total time for which application threads were stopped: 0.0001355 seconds, Stopping threads took: 0.0000471 seconds
[162.969s][info ][safepoint    ] Application time: 1.0001061 seconds
[162.969s][info ][safepoint    ] Entering safepoint region: Cleanup
[162.969s][info ][safepoint    ] Leaving safepoint region
[162.969s][info ][safepoint    ] Total time for which application threads were stopped: 0.0001515 seconds, Stopping threads took: 0.0000790 seconds
[162.979s][info ][safepoint    ] Application time: 0.0093398 seconds
[162.979s][info ][safepoint    ] Entering safepoint region: GenCollectForAllocation
[162.979s][info ][gc,start     ] GC(155) Pause Young (Allocation Failure)
[162.979s][info ][gc,task      ] GC(155) Using 4 workers of 4 for evacuation
[162.983s][debug][gc,ref       ] GC(155) Skipped phase1 of Reference Processing due to unavailable references
[162.983s][debug][gc,ref       ] GC(155) Skipped phase3 of Reference Processing due to unavailable references
[162.983s][debug][gc,ref       ] GC(155) Skipped phase4 of Reference Processing due to unavailable references
[162.983s][debug][gc,age       ] GC(155) Desired survivor size 15400960 bytes, new threshold 6 (max threshold 6)
[162.983s][info ][gc,heap      ] GC(155) ParNew: 245065K->2764K(270976K)
[162.983s][info ][gc,heap      ] GC(155) CMS: 258684K->258888K(602112K)
[162.983s][info ][gc,metaspace ] GC(155) Metaspace: 57491K->57491K(1101824K)
[162.983s][info ][gc           ] GC(155) Pause Young (Allocation Failure) 491M->255M(852M) 4.077ms
[162.983s][info ][gc,cpu       ] GC(155) User=0.02s Sys=0.00s Real=0.00s
[162.983s][info ][safepoint    ] Leaving safepoint region
[162.983s][info ][safepoint    ] Total time for which application threads were stopped: 0.0042221 seconds, Stopping threads took: 0.0000169 seconds
[163.983s][info ][safepoint    ] Application time: 1.0001049 seconds
[163.983s][info ][safepoint    ] Entering safepoint region: Cleanup
[163.983s][info ][safepoint    ] Leaving safepoint region
[163.983s][info ][safepoint    ] Total time for which application threads were stopped: 0.0000755 seconds, Stopping threads took: 0.0000164 seconds
[165.294s][info ][safepoint    ] Application time: 1.3110510 seconds
[165.294s][info ][safepoint    ] Entering safepoint region: GenCollectForAllocation
[165.294s][info ][gc,start     ] GC(156) Pause Young (Allocation Failure)
[165.295s][info ][gc,task      ] GC(156) Using 4 workers of 4 for evacuation
[165.298s][debug][gc,ref       ] GC(156) Skipped phase1 of Reference Processing due to unavailable references
[165.298s][debug][gc,ref       ] GC(156) Skipped phase3 of Reference Processing due to unavailable references
[165.299s][debug][gc,age       ] GC(156) Desired survivor size 15400960 bytes, new threshold 6 (max threshold 6)
[165.299s][info ][gc,heap      ] GC(156) ParNew: 243660K->4148K(270976K)
[165.299s][info ][gc,heap      ] GC(156) CMS: 258888K->259041K(602112K)
[165.299s][info ][gc,metaspace ] GC(156) Metaspace: 57502K->57502K(1101824K)
[165.299s][info ][gc           ] GC(156) Pause Young (Allocation Failure) 490M->257M(852M) 4.172ms
[165.299s][info ][gc,cpu       ] GC(156) User=0.01s Sys=0.00s Real=0.01s
[165.299s][info ][safepoint    ] Leaving safepoint region
[165.299s][info ][safepoint    ] Total time for which application threads were stopped: 0.0043551 seconds, Stopping threads took: 0.0000168 seconds
[166.299s][info ][safepoint    ] Application time: 1.0000998 seconds
[166.299s][info ][safepoint    ] Entering safepoint region: Cleanup
[166.299s][info ][safepoint    ] Leaving safepoint region
[166.299s][info ][safepoint    ] Total time for which application threads were stopped: 0.0001067 seconds, Stopping threads took: 0.0000195 seconds
[167.299s][info ][safepoint    ] Application time: 1.0000957 seconds
[167.299s][info ][safepoint    ] Entering safepoint region: Cleanup
[167.299s][info ][safepoint    ] Leaving safepoint region
[167.299s][info ][safepoint    ] Total time for which application threads were stopped: 0.0000850 seconds, Stopping threads took: 0.0000199 seconds
[167.380s][info ][safepoint    ] Application time: 0.0812140 seconds
[167.380s][info ][safepoint    ] Entering safepoint region: GenCollectForAllocation
[167.381s][info ][gc,start     ] GC(157) Pause Young (Allocation Failure)
[167.381s][info ][gc,task      ] GC(157) Using 4 workers of 4 for evacuation
[167.385s][debug][gc,ref       ] GC(157) Skipped phase1 of Reference Processing due to unavailable references
[167.385s][debug][gc,ref       ] GC(157) Skipped phase3 of Reference Processing due to unavailable references
[167.385s][debug][gc,ref       ] GC(157) Skipped phase4 of Reference Processing due to unavailable references
[167.385s][debug][gc,age       ] GC(157) Desired survivor size 15400960 bytes, new threshold 6 (max threshold 6)
[167.385s][info ][gc,heap      ] GC(157) ParNew: 245044K->5763K(270976K)
[167.385s][info ][gc,heap      ] GC(157) CMS: 259041K->259172K(602112K)
[167.385s][info ][gc,metaspace ] GC(157) Metaspace: 57506K->57506K(1101824K)
[167.385s][info ][gc           ] GC(157) Pause Young (Allocation Failure) 492M->258M(852M) 4.542ms
[167.385s][info ][gc,cpu       ] GC(157) User=0.01s Sys=0.00s Real=0.00s
[167.385s][info ][safepoint    ] Leaving safepoint region
[167.385s][info ][safepoint    ] Total time for which application threads were stopped: 0.0047041 seconds, Stopping threads took: 0.0000175 seconds
[168.385s][info ][safepoint    ] Application time: 1.0001365 seconds
[168.385s][info ][safepoint    ] Entering safepoint region: Cleanup
[168.385s][info ][safepoint    ] Leaving safepoint region
[168.385s][info ][safepoint    ] Total time for which application threads were stopped: 0.0000885 seconds, Stopping threads took: 0.0000196 seconds
[169.386s][info ][safepoint    ] Application time: 1.0000791 seconds
[169.386s][info ][safepoint    ] Entering safepoint region: Cleanup
[169.386s][info ][safepoint    ] Leaving safepoint region
[169.386s][info ][safepoint    ] Total time for which application threads were stopped: 0.0001585 seconds, Stopping threads took: 0.0000780 seconds
[169.624s][info ][safepoint    ] Application time: 0.2379965 seconds
[169.624s][info ][safepoint    ] Entering safepoint region: GenCollectForAllocation
[169.624s][info ][gc,start     ] GC(158) Pause Young (Allocation Failure)
[169.624s][info ][gc,task      ] GC(158) Using 4 workers of 4 for evacuation
[169.637s][debug][gc,ref       ] GC(158) Skipped phase1 of Reference Processing due to unavailable references
[169.637s][debug][gc,ref       ] GC(158) Skipped phase3 of Reference Processing due to unavailable references
[169.637s][debug][gc,ref       ] GC(158) Skipped phase4 of Reference Processing due to unavailable references
[169.637s][debug][gc,age       ] GC(158) Desired survivor size 15400960 bytes, new threshold 6 (max threshold 6)
[169.637s][info ][gc,heap      ] GC(158) ParNew: 246659K->6986K(270976K)
[169.637s][info ][gc,heap      ] GC(158) CMS: 259172K->259260K(602112K)
[169.637s][info ][gc,metaspace ] GC(158) Metaspace: 57513K->57513K(1101824K)
[169.637s][info ][gc           ] GC(158) Pause Young (Allocation Failure) 493M->260M(852M) 12.934ms
[169.637s][info ][gc,cpu       ] GC(158) User=0.02s Sys=0.00s Real=0.02s
[169.637s][info ][safepoint    ] Leaving safepoint region
[169.637s][info ][safepoint    ] Total time for which application threads were stopped: 0.0131553 seconds, Stopping threads took: 0.0000583 seconds
[171.637s][info ][safepoint    ] Application time: 2.0001890 seconds
[171.637s][info ][safepoint    ] Entering safepoint region: Cleanup
[171.637s][info ][safepoint    ] Leaving safepoint region
[171.637s][info ][safepoint    ] Total time for which application threads were stopped: 0.0000822 seconds, Stopping threads took: 0.0000202 seconds
[172.062s][info ][safepoint    ] Application time: 0.4249486 seconds
[172.062s][info ][safepoint    ] Entering safepoint region: GenCollectForAllocation
[172.062s][info ][gc,start     ] GC(159) Pause Young (Allocation Failure)
[172.062s][info ][gc,task      ] GC(159) Using 4 workers of 4 for evacuation
[172.068s][debug][gc,ref       ] GC(159) Skipped phase1 of Reference Processing due to unavailable references
[172.068s][debug][gc,ref       ] GC(159) Skipped phase3 of Reference Processing due to unavailable references
[172.068s][debug][gc,ref       ] GC(159) Skipped phase4 of Reference Processing due to unavailable references
[172.068s][debug][gc,age       ] GC(159) Desired survivor size 15400960 bytes, new threshold 6 (max threshold 6)
[172.068s][info ][gc,heap      ] GC(159) ParNew: 247882K->6263K(270976K)
[172.068s][info ][gc,heap      ] GC(159) CMS: 259260K->259335K(602112K)
[172.068s][info ][gc,metaspace ] GC(159) Metaspace: 57513K->57513K(1101824K)
[172.068s][info ][gc           ] GC(159) Pause Young (Allocation Failure) 495M->259M(852M) 6.062ms
[172.068s][info ][gc,cpu       ] GC(159) User=0.01s Sys=0.00s Real=0.01s
[172.068s][info ][safepoint    ] Leaving safepoint region
[172.068s][info ][safepoint    ] Total time for which application threads were stopped: 0.0062417 seconds, Stopping threads took: 0.0000198 seconds
[173.069s][info ][safepoint    ] Application time: 1.0001281 seconds
[173.069s][info ][safepoint    ] Entering safepoint region: Cleanup
[173.069s][info ][safepoint    ] Leaving safepoint region
[173.069s][info ][safepoint    ] Total time for which application threads were stopped: 0.0001149 seconds, Stopping threads took: 0.0000478 seconds
[174.069s][info ][safepoint    ] Application time: 1.0001486 seconds
[174.069s][info ][safepoint    ] Entering safepoint region: Cleanup
[174.069s][info ][safepoint    ] Leaving safepoint region
[174.069s][info ][safepoint    ] Total time for which application threads were stopped: 0.0001012 seconds, Stopping threads took: 0.0000394 seconds
[174.512s][info ][safepoint    ] Application time: 0.4424418 seconds
[174.512s][info ][safepoint    ] Entering safepoint region: GenCollectForAllocation
[174.512s][info ][gc,start     ] GC(160) Pause Young (Allocation Failure)
[174.512s][info ][gc,task      ] GC(160) Using 4 workers of 4 for evacuation
[174.520s][debug][gc,ref       ] GC(160) Skipped phase1 of Reference Processing due to unavailable references
[174.520s][debug][gc,ref       ] GC(160) Skipped phase3 of Reference Processing due to unavailable references
[174.520s][debug][gc,ref       ] GC(160) Skipped phase4 of Reference Processing due to unavailable references
[174.520s][debug][gc,age       ] GC(160) Desired survivor size 15400960 bytes, new threshold 6 (max threshold 6)
[174.520s][info ][gc,heap      ] GC(160) ParNew: 247159K->7722K(270976K)
[174.520s][info ][gc,heap      ] GC(160) CMS: 259335K->259447K(602112K)
[174.520s][info ][gc,metaspace ] GC(160) Metaspace: 57523K->57523K(1101824K)
[174.520s][info ][gc           ] GC(160) Pause Young (Allocation Failure) 494M->260M(852M) 8.328ms
[174.520s][info ][gc,cpu       ] GC(160) User=0.01s Sys=0.00s Real=0.01s
[174.520s][info ][safepoint    ] Leaving safepoint region
[174.520s][info ][safepoint    ] Total time for which application threads were stopped: 0.0085870 seconds, Stopping threads took: 0.0000601 seconds
[175.520s][info ][safepoint    ] Application time: 1.0001162 seconds
[175.520s][info ][safepoint    ] Entering safepoint region: Cleanup
[175.521s][info ][safepoint    ] Leaving safepoint region
[175.521s][info ][safepoint    ] Total time for which application threads were stopped: 0.0003519 seconds, Stopping threads took: 0.0000848 seconds
[176.521s][info ][safepoint    ] Application time: 1.0001001 seconds
[176.521s][info ][safepoint    ] Entering safepoint region: Cleanup
[176.521s][info ][safepoint    ] Leaving safepoint region
[176.521s][info ][safepoint    ] Total time for which application threads were stopped: 0.0001199 seconds, Stopping threads took: 0.0000437 seconds
[176.963s][info ][safepoint    ] Application time: 0.4419678 seconds
[176.963s][info ][safepoint    ] Entering safepoint region: GenCollectForAllocation
[176.963s][info ][gc,start     ] GC(161) Pause Young (Allocation Failure)
[176.963s][info ][gc,task      ] GC(161) Using 4 workers of 4 for evacuation
[176.968s][debug][gc,ref       ] GC(161) Skipped phase1 of Reference Processing due to unavailable references
[176.968s][debug][gc,ref       ] GC(161) Skipped phase2 of Reference Processing due to unavailable references
[176.968s][debug][gc,ref       ] GC(161) Skipped phase3 of Reference Processing due to unavailable references
[176.968s][debug][gc,ref       ] GC(161) Skipped phase4 of Reference Processing due to unavailable references
[176.968s][debug][gc,age       ] GC(161) Desired survivor size 15400960 bytes, new threshold 6 (max threshold 6)
[176.968s][info ][gc,heap      ] GC(161) ParNew: 248618K->5560K(270976K)
[176.968s][info ][gc,heap      ] GC(161) CMS: 259447K->259777K(602112K)
[176.968s][info ][gc,metaspace ] GC(161) Metaspace: 57524K->57524K(1101824K)
[176.968s][info ][gc           ] GC(161) Pause Young (Allocation Failure) 496M->259M(852M) 4.855ms
[176.968s][info ][gc,cpu       ] GC(161) User=0.02s Sys=0.01s Real=0.00s
[176.968s][info ][safepoint    ] Leaving safepoint region
[176.968s][info ][safepoint    ] Total time for which application threads were stopped: 0.0050466 seconds, Stopping threads took: 0.0000384 seconds
[177.968s][info ][safepoint    ] Application time: 1.0001540 seconds
[177.968s][info ][safepoint    ] Entering safepoint region: Cleanup
[177.968s][info ][safepoint    ] Leaving safepoint region
[177.968s][info ][safepoint    ] Total time for which application threads were stopped: 0.0001238 seconds, Stopping threads took: 0.0000383 seconds
[178.968s][info ][safepoint    ] Application time: 1.0001556 seconds
[178.969s][info ][safepoint    ] Entering safepoint region: Cleanup
[178.969s][info ][safepoint    ] Leaving safepoint region
[178.969s][info ][safepoint    ] Total time for which application threads were stopped: 0.0001156 seconds, Stopping threads took: 0.0000393 seconds
[179.573s][info ][safepoint    ] Application time: 0.6043936 seconds
[179.573s][info ][safepoint    ] Entering safepoint region: GenCollectForAllocation
[179.573s][info ][gc,start     ] GC(162) Pause Young (Allocation Failure)
[179.573s][info ][gc,task      ] GC(162) Using 4 workers of 4 for evacuation
[179.578s][debug][gc,ref       ] GC(162) Skipped phase1 of Reference Processing due to unavailable references
[179.579s][debug][gc,ref       ] GC(162) Skipped phase2 of Reference Processing due to unavailable references
[179.579s][debug][gc,ref       ] GC(162) Skipped phase3 of Reference Processing due to unavailable references
[179.579s][debug][gc,ref       ] GC(162) Skipped phase4 of Reference Processing due to unavailable references
[179.579s][debug][gc,age       ] GC(162) Desired survivor size 15400960 bytes, new threshold 6 (max threshold 6)
[179.579s][info ][gc,heap      ] GC(162) ParNew: 246456K->4849K(270976K)
[179.579s][info ][gc,heap      ] GC(162) CMS: 259777K->260967K(602112K)
[179.579s][info ][gc,metaspace ] GC(162) Metaspace: 57525K->57525K(1101824K)
[179.579s][info ][gc           ] GC(162) Pause Young (Allocation Failure) 494M->259M(852M) 5.549ms
[179.579s][info ][gc,cpu       ] GC(162) User=0.02s Sys=0.00s Real=0.01s
[179.579s][info ][safepoint    ] Leaving safepoint region
[179.579s][info ][safepoint    ] Total time for which application threads were stopped: 0.0057225 seconds, Stopping threads took: 0.0000193 seconds
[180.579s][info ][safepoint    ] Application time: 1.0001394 seconds
[180.579s][info ][safepoint    ] Entering safepoint region: Cleanup
[180.579s][info ][safepoint    ] Leaving safepoint region
[180.579s][info ][safepoint    ] Total time for which application threads were stopped: 0.0000792 seconds, Stopping threads took: 0.0000187 seconds
[182.175s][info ][safepoint    ] Application time: 1.5959413 seconds
[182.175s][info ][safepoint    ] Entering safepoint region: GenCollectForAllocation
[182.175s][info ][gc,start     ] GC(163) Pause Young (Allocation Failure)
[182.175s][info ][gc,task      ] GC(163) Using 4 workers of 4 for evacuation
[182.180s][debug][gc,ref       ] GC(163) Skipped phase1 of Reference Processing due to unavailable references
[182.180s][debug][gc,ref       ] GC(163) Skipped phase2 of Reference Processing due to unavailable references
[182.180s][debug][gc,ref       ] GC(163) Skipped phase3 of Reference Processing due to unavailable references
[182.180s][debug][gc,ref       ] GC(163) Skipped phase4 of Reference Processing due to unavailable references
[182.180s][debug][gc,age       ] GC(163) Desired survivor size 15400960 bytes, new threshold 6 (max threshold 6)
[182.180s][info ][gc,heap      ] GC(163) ParNew: 245745K->3370K(270976K)
[182.180s][info ][gc,heap      ] GC(163) CMS: 260967K->262205K(602112K)
[182.180s][info ][gc,metaspace ] GC(163) Metaspace: 57526K->57526K(1101824K)
[182.180s][info ][gc           ] GC(163) Pause Young (Allocation Failure) 494M->259M(852M) 4.685ms
[182.180s][info ][gc,cpu       ] GC(163) User=0.02s Sys=0.00s Real=0.01s
[182.180s][info ][safepoint    ] Leaving safepoint region
[182.180s][info ][safepoint    ] Total time for which application threads were stopped: 0.0048499 seconds, Stopping threads took: 0.0000183 seconds
[183.180s][info ][safepoint    ] Application time: 1.0000984 seconds
[183.180s][info ][safepoint    ] Entering safepoint region: Cleanup
[183.180s][info ][safepoint    ] Leaving safepoint region
[183.180s][info ][safepoint    ] Total time for which application threads were stopped: 0.0000759 seconds, Stopping threads took: 0.0000182 seconds
[184.180s][info ][safepoint    ] Application time: 1.0001319 seconds
[184.180s][info ][safepoint    ] Entering safepoint region: Cleanup
[184.180s][info ][safepoint    ] Leaving safepoint region
[184.180s][info ][safepoint    ] Total time for which application threads were stopped: 0.0000789 seconds, Stopping threads took: 0.0000185 seconds
[184.824s][info ][safepoint    ] Application time: 0.6431965 seconds
[184.824s][info ][safepoint    ] Entering safepoint region: GenCollectForAllocation
[184.824s][info ][gc,start     ] GC(164) Pause Young (Allocation Failure)
[184.824s][info ][gc,task      ] GC(164) Using 4 workers of 4 for evacuation
[184.828s][debug][gc,ref       ] GC(164) Skipped phase1 of Reference Processing due to unavailable references
[184.828s][debug][gc,ref       ] GC(164) Skipped phase2 of Reference Processing due to unavailable references
[184.828s][debug][gc,ref       ] GC(164) Skipped phase3 of Reference Processing due to unavailable references
[184.828s][debug][gc,ref       ] GC(164) Skipped phase4 of Reference Processing due to unavailable references
[184.828s][debug][gc,age       ] GC(164) Desired survivor size 15400960 bytes, new threshold 6 (max threshold 6)
[184.828s][info ][gc,heap      ] GC(164) ParNew: 244266K->2458K(270976K)
[184.828s][info ][gc,heap      ] GC(164) CMS: 262205K->262670K(602112K)
[184.828s][info ][gc,metaspace ] GC(164) Metaspace: 57529K->57529K(1101824K)
[184.828s][info ][gc           ] GC(164) Pause Young (Allocation Failure) 494M->258M(852M) 4.145ms
[184.828s][info ][gc,cpu       ] GC(164) User=0.02s Sys=0.00s Real=0.00s
[184.828s][info ][safepoint    ] Leaving safepoint region
[184.828s][info ][safepoint    ] Total time for which application threads were stopped: 0.0043032 seconds, Stopping threads took: 0.0000196 seconds
[186.828s][info ][safepoint    ] Application time: 2.0001473 seconds
[186.828s][info ][safepoint    ] Entering safepoint region: Cleanup
[186.828s][info ][safepoint    ] Leaving safepoint region
[186.828s][info ][safepoint    ] Total time for which application threads were stopped: 0.0001112 seconds, Stopping threads took: 0.0000485 seconds
[187.570s][info ][safepoint    ] Application time: 0.7415458 seconds
[187.570s][info ][safepoint    ] Entering safepoint region: GenCollectForAllocation
[187.570s][info ][gc,start     ] GC(165) Pause Young (Allocation Failure)
[187.570s][info ][gc,task      ] GC(165) Using 4 workers of 4 for evacuation
[187.573s][debug][gc,ref       ] GC(165) Skipped phase1 of Reference Processing due to unavailable references
[187.573s][debug][gc,ref       ] GC(165) Skipped phase2 of Reference Processing due to unavailable references
[187.573s][debug][gc,ref       ] GC(165) Skipped phase3 of Reference Processing due to unavailable references
[187.573s][debug][gc,ref       ] GC(165) Skipped phase4 of Reference Processing due to unavailable references
[187.573s][debug][gc,age       ] GC(165) Desired survivor size 15400960 bytes, new threshold 6 (max threshold 6)
[187.573s][info ][gc,heap      ] GC(165) ParNew: 243354K->2585K(270976K)
[187.573s][info ][gc,heap      ] GC(165) CMS: 262670K->262814K(602112K)
[187.573s][info ][gc,metaspace ] GC(165) Metaspace: 57530K->57530K(1101824K)
[187.573s][info ][gc           ] GC(165) Pause Young (Allocation Failure) 494M->259M(852M) 3.174ms
[187.573s][info ][gc,cpu       ] GC(165) User=0.01s Sys=0.00s Real=0.00s
[187.573s][info ][safepoint    ] Leaving safepoint region
[187.573s][info ][safepoint    ] Total time for which application threads were stopped: 0.0033325 seconds, Stopping threads took: 0.0000172 seconds
[189.573s][info ][safepoint    ] Application time: 2.0001859 seconds
[189.573s][info ][safepoint    ] Entering safepoint region: Cleanup
[189.573s][info ][safepoint    ] Leaving safepoint region
[189.573s][info ][safepoint    ] Total time for which application threads were stopped: 0.0001134 seconds, Stopping threads took: 0.0000462 seconds
[190.280s][info ][safepoint    ] Application time: 0.7064303 seconds
[190.280s][info ][safepoint    ] Entering safepoint region: GenCollectForAllocation
[190.280s][info ][gc,start     ] GC(166) Pause Young (Allocation Failure)
[190.280s][info ][gc,task      ] GC(166) Using 4 workers of 4 for evacuation
[190.283s][debug][gc,ref       ] GC(166) Skipped phase1 of Reference Processing due to unavailable references
[190.283s][debug][gc,ref       ] GC(166) Skipped phase2 of Reference Processing due to unavailable references
[190.283s][debug][gc,ref       ] GC(166) Skipped phase3 of Reference Processing due to unavailable references
[190.283s][debug][gc,ref       ] GC(166) Skipped phase4 of Reference Processing due to unavailable references
[190.283s][debug][gc,age       ] GC(166) Desired survivor size 15400960 bytes, new threshold 6 (max threshold 6)
[190.283s][info ][gc,heap      ] GC(166) ParNew: 243481K->2460K(270976K)
[190.283s][info ][gc,heap      ] GC(166) CMS: 262814K->262916K(602112K)
[190.283s][info ][gc,metaspace ] GC(166) Metaspace: 57532K->57532K(1101824K)
[190.283s][info ][gc           ] GC(166) Pause Young (Allocation Failure) 494M->259M(852M) 3.247ms
[190.283s][info ][gc,cpu       ] GC(166) User=0.01s Sys=0.00s Real=0.00s
[190.283s][info ][safepoint    ] Leaving safepoint region
[190.283s][info ][safepoint    ] Total time for which application threads were stopped: 0.0034294 seconds, Stopping threads took: 0.0000334 seconds
[191.283s][info ][safepoint    ] Application time: 1.0001114 seconds
[191.284s][info ][safepoint    ] Entering safepoint region: Cleanup
[191.284s][info ][safepoint    ] Leaving safepoint region
[191.284s][info ][safepoint    ] Total time for which application threads were stopped: 0.0000897 seconds, Stopping threads took: 0.0000306 seconds
[193.061s][info ][safepoint    ] Application time: 1.7778885 seconds
[193.062s][info ][safepoint    ] Entering safepoint region: GenCollectForAllocation
[193.062s][info ][gc,start     ] GC(167) Pause Young (Allocation Failure)
[193.062s][info ][gc,task      ] GC(167) Using 4 workers of 4 for evacuation
[193.065s][debug][gc,ref       ] GC(167) Skipped phase1 of Reference Processing due to unavailable references
[193.065s][debug][gc,ref       ] GC(167) Skipped phase2 of Reference Processing due to unavailable references
[193.065s][debug][gc,ref       ] GC(167) Skipped phase3 of Reference Processing due to unavailable references
[193.065s][debug][gc,ref       ] GC(167) Skipped phase4 of Reference Processing due to unavailable references
[193.065s][debug][gc,age       ] GC(167) Desired survivor size 15400960 bytes, new threshold 6 (max threshold 6)
[193.065s][info ][gc,heap      ] GC(167) ParNew: 243356K->2453K(270976K)
[193.065s][info ][gc,heap      ] GC(167) CMS: 262916K->263003K(602112K)
[193.065s][info ][gc,metaspace ] GC(167) Metaspace: 57536K->57536K(1101824K)
[193.065s][info ][gc           ] GC(167) Pause Young (Allocation Failure) 494M->259M(852M) 3.224ms
[193.065s][info ][gc,cpu       ] GC(167) User=0.01s Sys=0.00s Real=0.00s
[193.065s][info ][safepoint    ] Leaving safepoint region
[193.065s][info ][safepoint    ] Total time for which application threads were stopped: 0.0034275 seconds, Stopping threads took: 0.0000425 seconds
[194.065s][info ][safepoint    ] Application time: 1.0001119 seconds
[194.065s][info ][safepoint    ] Entering safepoint region: Cleanup
[194.065s][info ][safepoint    ] Leaving safepoint region
[194.065s][info ][safepoint    ] Total time for which application threads were stopped: 0.0001104 seconds, Stopping threads took: 0.0000394 seconds
[195.975s][info ][safepoint    ] Application time: 1.9099696 seconds
[195.975s][info ][safepoint    ] Entering safepoint region: GenCollectForAllocation
[195.975s][info ][gc,start     ] GC(168) Pause Young (Allocation Failure)
[195.975s][info ][gc,task      ] GC(168) Using 4 workers of 4 for evacuation
[195.978s][debug][gc,ref       ] GC(168) Skipped phase1 of Reference Processing due to unavailable references
[195.978s][debug][gc,ref       ] GC(168) Skipped phase2 of Reference Processing due to unavailable references
[195.978s][debug][gc,ref       ] GC(168) Skipped phase3 of Reference Processing due to unavailable references
[195.978s][debug][gc,ref       ] GC(168) Skipped phase4 of Reference Processing due to unavailable references
[195.978s][debug][gc,age       ] GC(168) Desired survivor size 15400960 bytes, new threshold 6 (max threshold 6)
[195.978s][info ][gc,heap      ] GC(168) ParNew: 243349K->2095K(270976K)
[195.978s][info ][gc,heap      ] GC(168) CMS: 263003K->263151K(602112K)
[195.978s][info ][gc,metaspace ] GC(168) Metaspace: 57536K->57536K(1101824K)
[195.978s][info ][gc           ] GC(168) Pause Young (Allocation Failure) 494M->259M(852M) 3.130ms
[195.978s][info ][gc,cpu       ] GC(168) User=0.01s Sys=0.00s Real=0.01s
[195.978s][info ][safepoint    ] Leaving safepoint region
[195.978s][info ][safepoint    ] Total time for which application threads were stopped: 0.0032839 seconds, Stopping threads took: 0.0000177 seconds
[196.979s][info ][safepoint    ] Application time: 1.0001450 seconds
[196.979s][info ][safepoint    ] Entering safepoint region: Cleanup
[196.979s][info ][safepoint    ] Leaving safepoint region
[196.979s][info ][safepoint    ] Total time for which application threads were stopped: 0.0000781 seconds, Stopping threads took: 0.0000186 seconds
[197.979s][info ][safepoint    ] Application time: 1.0001048 seconds
[197.979s][info ][safepoint    ] Entering safepoint region: Cleanup
[197.979s][info ][safepoint    ] Leaving safepoint region
[197.979s][info ][safepoint    ] Total time for which application threads were stopped: 0.0000949 seconds, Stopping threads took: 0.0000181 seconds
[198.791s][info ][safepoint    ] Application time: 0.8115294 seconds
[198.791s][info ][safepoint    ] Entering safepoint region: GenCollectForAllocation
[198.791s][info ][gc,start     ] GC(169) Pause Young (Allocation Failure)
[198.791s][info ][gc,task      ] GC(169) Using 4 workers of 4 for evacuation
[198.794s][debug][gc,ref       ] GC(169) Skipped phase1 of Reference Processing due to unavailable references
[198.794s][debug][gc,ref       ] GC(169) Skipped phase2 of Reference Processing due to unavailable references
[198.794s][debug][gc,ref       ] GC(169) Skipped phase3 of Reference Processing due to unavailable references
[198.794s][debug][gc,ref       ] GC(169) Skipped phase4 of Reference Processing due to unavailable references
[198.794s][debug][gc,age       ] GC(169) Desired survivor size 15400960 bytes, new threshold 6 (max threshold 6)
[198.794s][info ][gc,heap      ] GC(169) ParNew: 242991K->2339K(270976K)
[198.794s][info ][gc,heap      ] GC(169) CMS: 263151K->263353K(602112K)
[198.794s][info ][gc,metaspace ] GC(169) Metaspace: 57545K->57545K(1101824K)
[198.795s][info ][gc           ] GC(169) Pause Young (Allocation Failure) 494M->259M(852M) 3.805ms
[198.795s][info ][gc,cpu       ] GC(169) User=0.01s Sys=0.00s Real=0.00s
[198.795s][info ][safepoint    ] Leaving safepoint region
[198.795s][info ][safepoint    ] Total time for which application threads were stopped: 0.0039797 seconds, Stopping threads took: 0.0000179 seconds
[198.826s][info ][safepoint    ] Application time: 0.0315289 seconds
[198.826s][info ][safepoint    ] Entering safepoint region: Deoptimize
[198.828s][info ][safepoint    ] Leaving safepoint region
[198.828s][info ][safepoint    ] Total time for which application threads were stopped: 0.0016326 seconds, Stopping threads took: 0.0000165 seconds
[199.828s][info ][safepoint    ] Application time: 1.0000987 seconds
[199.828s][info ][safepoint    ] Entering safepoint region: Cleanup
[199.828s][info ][safepoint    ] Leaving safepoint region
[199.828s][info ][safepoint    ] Total time for which application threads were stopped: 0.0001451 seconds, Stopping threads took: 0.0000193 seconds
[200.828s][info ][safepoint    ] Application time: 1.0000989 seconds
[200.828s][info ][safepoint    ] Entering safepoint region: Cleanup
[200.828s][info ][safepoint    ] Leaving safepoint region
[200.828s][info ][safepoint    ] Total time for which application threads were stopped: 0.0000823 seconds, Stopping threads took: 0.0000172 seconds
[201.733s][info ][safepoint    ] Application time: 0.9047460 seconds
[201.733s][info ][safepoint    ] Entering safepoint region: GenCollectForAllocation
[201.733s][info ][gc,start     ] GC(170) Pause Young (Allocation Failure)
[201.733s][info ][gc,task      ] GC(170) Using 4 workers of 4 for evacuation
[201.736s][debug][gc,ref       ] GC(170) Skipped phase1 of Reference Processing due to unavailable references
[201.736s][debug][gc,ref       ] GC(170) Skipped phase3 of Reference Processing due to unavailable references
[201.736s][debug][gc,age       ] GC(170) Desired survivor size 15400960 bytes, new threshold 6 (max threshold 6)
[201.736s][info ][gc,heap      ] GC(170) ParNew: 243235K->2162K(270976K)
[201.736s][info ][gc,heap      ] GC(170) CMS: 263353K->263435K(602112K)
[201.736s][info ][gc,metaspace ] GC(170) Metaspace: 57577K->57577K(1101824K)
[201.736s][info ][gc           ] GC(170) Pause Young (Allocation Failure) 494M->259M(852M) 3.102ms
[201.736s][info ][gc,cpu       ] GC(170) User=0.02s Sys=0.00s Real=0.00s
[201.736s][info ][safepoint    ] Leaving safepoint region
[201.736s][info ][safepoint    ] Total time for which application threads were stopped: 0.0032731 seconds, Stopping threads took: 0.0000178 seconds
[202.736s][info ][safepoint    ] Application time: 1.0000912 seconds
[202.736s][info ][safepoint    ] Entering safepoint region: Cleanup
[202.737s][info ][safepoint    ] Leaving safepoint region
[202.737s][info ][safepoint    ] Total time for which application threads were stopped: 0.0000953 seconds, Stopping threads took: 0.0000187 seconds
[203.737s][info ][safepoint    ] Application time: 1.0000925 seconds
[203.737s][info ][safepoint    ] Entering safepoint region: Cleanup
[203.737s][info ][safepoint    ] Leaving safepoint region
[203.737s][info ][safepoint    ] Total time for which application threads were stopped: 0.0000952 seconds, Stopping threads took: 0.0000326 seconds
[204.611s][info ][safepoint    ] Application time: 0.8746488 seconds
[204.612s][info ][safepoint    ] Entering safepoint region: GenCollectForAllocation
[204.612s][info ][gc,start     ] GC(171) Pause Young (Allocation Failure)
[204.612s][info ][gc,task      ] GC(171) Using 4 workers of 4 for evacuation
[204.615s][debug][gc,ref       ] GC(171) Skipped phase1 of Reference Processing due to unavailable references
[204.615s][debug][gc,ref       ] GC(171) Skipped phase3 of Reference Processing due to unavailable references
[204.615s][debug][gc,ref       ] GC(171) Skipped phase4 of Reference Processing due to unavailable references
[204.615s][debug][gc,age       ] GC(171) Desired survivor size 15400960 bytes, new threshold 6 (max threshold 6)
[204.615s][info ][gc,heap      ] GC(171) ParNew: 243058K->2246K(270976K)
[204.615s][info ][gc,heap      ] GC(171) CMS: 263435K->263485K(602112K)
[204.615s][info ][gc,metaspace ] GC(171) Metaspace: 57579K->57579K(1101824K)
[204.615s][info ][gc           ] GC(171) Pause Young (Allocation Failure) 494M->259M(852M) 3.210ms
[204.615s][info ][gc,cpu       ] GC(171) User=0.01s Sys=0.00s Real=0.00s
[204.615s][info ][safepoint    ] Leaving safepoint region
[204.615s][info ][safepoint    ] Total time for which application threads were stopped: 0.0034228 seconds, Stopping threads took: 0.0000629 seconds
[206.615s][info ][safepoint    ] Application time: 2.0001949 seconds
[206.615s][info ][safepoint    ] Entering safepoint region: Cleanup
[206.615s][info ][safepoint    ] Leaving safepoint region
[206.615s][info ][safepoint    ] Total time for which application threads were stopped: 0.0001216 seconds, Stopping threads took: 0.0000414 seconds
[207.615s][info ][safepoint    ] Application time: 1.0000922 seconds
[207.615s][info ][safepoint    ] Entering safepoint region: Cleanup
[207.615s][info ][safepoint    ] Leaving safepoint region
[207.615s][info ][safepoint    ] Total time for which application threads were stopped: 0.0001062 seconds, Stopping threads took: 0.0000191 seconds
[207.629s][info ][safepoint    ] Application time: 0.0132740 seconds
[207.629s][info ][safepoint    ] Entering safepoint region: GenCollectForAllocation
[207.629s][info ][gc,start     ] GC(172) Pause Young (Allocation Failure)
[207.629s][info ][gc,task      ] GC(172) Using 4 workers of 4 for evacuation
[207.633s][debug][gc,ref       ] GC(172) Skipped phase1 of Reference Processing due to unavailable references
[207.633s][debug][gc,ref       ] GC(172) Skipped phase3 of Reference Processing due to unavailable references
[207.633s][debug][gc,ref       ] GC(172) Skipped phase4 of Reference Processing due to unavailable references
[207.633s][debug][gc,age       ] GC(172) Desired survivor size 15400960 bytes, new threshold 6 (max threshold 6)
[207.633s][info ][gc,heap      ] GC(172) ParNew: 243142K->2273K(270976K)
[207.633s][info ][gc,heap      ] GC(172) CMS: 263485K->263795K(602112K)
[207.633s][info ][gc,metaspace ] GC(172) Metaspace: 57579K->57579K(1101824K)
[207.633s][info ][gc           ] GC(172) Pause Young (Allocation Failure) 494M->259M(852M) 4.028ms
[207.633s][info ][gc,cpu       ] GC(172) User=0.01s Sys=0.00s Real=0.00s
[207.633s][info ][safepoint    ] Leaving safepoint region
[207.633s][info ][safepoint    ] Total time for which application threads were stopped: 0.0042051 seconds, Stopping threads took: 0.0000187 seconds
[209.633s][info ][safepoint    ] Application time: 2.0002241 seconds
[209.633s][info ][safepoint    ] Entering safepoint region: Cleanup
[209.633s][info ][safepoint    ] Leaving safepoint region
[209.633s][info ][safepoint    ] Total time for which application threads were stopped: 0.0000887 seconds, Stopping threads took: 0.0000201 seconds
[210.712s][info ][safepoint    ] Application time: 1.0790009 seconds
[210.712s][info ][safepoint    ] Entering safepoint region: GenCollectForAllocation
[210.713s][info ][gc,start     ] GC(173) Pause Young (Allocation Failure)
[210.713s][info ][gc,task      ] GC(173) Using 4 workers of 4 for evacuation
[210.715s][debug][gc,ref       ] GC(173) Skipped phase1 of Reference Processing due to unavailable references
[210.715s][debug][gc,ref       ] GC(173) Skipped phase3 of Reference Processing due to unavailable references
[210.716s][debug][gc,ref       ] GC(173) Skipped phase4 of Reference Processing due to unavailable references
[210.716s][debug][gc,age       ] GC(173) Desired survivor size 15400960 bytes, new threshold 6 (max threshold 6)
[210.716s][info ][gc,heap      ] GC(173) ParNew: 243169K->1867K(270976K)
[210.716s][info ][gc,heap      ] GC(173) CMS: 263795K->263869K(602112K)
[210.716s][info ][gc,metaspace ] GC(173) Metaspace: 57579K->57579K(1101824K)
[210.716s][info ][gc           ] GC(173) Pause Young (Allocation Failure) 495M->259M(852M) 3.107ms
[210.716s][info ][gc,cpu       ] GC(173) User=0.01s Sys=0.00s Real=0.00s
[210.716s][info ][safepoint    ] Leaving safepoint region
[210.716s][info ][safepoint    ] Total time for which application threads were stopped: 0.0032899 seconds, Stopping threads took: 0.0000307 seconds
[213.667s][info ][safepoint    ] Application time: 2.9513573 seconds
[213.667s][info ][safepoint    ] Entering safepoint region: GenCollectForAllocation
[213.667s][info ][gc,start     ] GC(174) Pause Young (Allocation Failure)
[213.667s][info ][gc,task      ] GC(174) Using 4 workers of 4 for evacuation
[213.670s][debug][gc,ref       ] GC(174) Skipped phase1 of Reference Processing due to unavailable references
[213.670s][debug][gc,ref       ] GC(174) Skipped phase3 of Reference Processing due to unavailable references
[213.670s][debug][gc,ref       ] GC(174) Skipped phase4 of Reference Processing due to unavailable references
[213.670s][debug][gc,age       ] GC(174) Desired survivor size 15400960 bytes, new threshold 6 (max threshold 6)
[213.670s][info ][gc,heap      ] GC(174) ParNew: 242763K->1799K(270976K)
[213.670s][info ][gc,heap      ] GC(174) CMS: 263869K->263937K(602112K)
[213.670s][info ][gc,metaspace ] GC(174) Metaspace: 57580K->57580K(1101824K)
[213.670s][info ][gc           ] GC(174) Pause Young (Allocation Failure) 494M->259M(852M) 3.244ms
[213.670s][info ][gc,cpu       ] GC(174) User=0.01s Sys=0.00s Real=0.01s
[213.670s][info ][safepoint    ] Leaving safepoint region
[213.670s][info ][safepoint    ] Total time for which application threads were stopped: 0.0033916 seconds, Stopping threads took: 0.0000174 seconds
[214.671s][info ][safepoint    ] Application time: 1.0001079 seconds
[214.671s][info ][safepoint    ] Entering safepoint region: Cleanup
[214.671s][info ][safepoint    ] Leaving safepoint region
[214.671s][info ][safepoint    ] Total time for which application threads were stopped: 0.0001412 seconds, Stopping threads took: 0.0000475 seconds
[215.671s][info ][safepoint    ] Application time: 1.0000970 seconds
[215.671s][info ][safepoint    ] Entering safepoint region: Cleanup
[215.671s][info ][safepoint    ] Leaving safepoint region
[215.671s][info ][safepoint    ] Total time for which application threads were stopped: 0.0001324 seconds, Stopping threads took: 0.0000454 seconds
[216.671s][info ][safepoint    ] Application time: 1.0001020 seconds
[216.671s][info ][safepoint    ] Entering safepoint region: Cleanup
[216.671s][info ][safepoint    ] Leaving safepoint region
[216.671s][info ][safepoint    ] Total time for which application threads were stopped: 0.0001233 seconds, Stopping threads took: 0.0000460 seconds
[216.774s][info ][safepoint    ] Application time: 0.1026500 seconds
[216.774s][info ][safepoint    ] Entering safepoint region: GenCollectForAllocation
[216.774s][info ][gc,start     ] GC(175) Pause Young (Allocation Failure)
[216.774s][info ][gc,task      ] GC(175) Using 4 workers of 4 for evacuation
[216.777s][debug][gc,ref       ] GC(175) Skipped phase1 of Reference Processing due to unavailable references
[216.777s][debug][gc,ref       ] GC(175) Skipped phase3 of Reference Processing due to unavailable references
[216.777s][debug][gc,ref       ] GC(175) Skipped phase4 of Reference Processing due to unavailable references
[216.777s][debug][gc,age       ] GC(175) Desired survivor size 15400960 bytes, new threshold 6 (max threshold 6)
[216.777s][info ][gc,heap      ] GC(175) ParNew: 242695K->1874K(270976K)
[216.777s][info ][gc,heap      ] GC(175) CMS: 263937K->264100K(602112K)
[216.777s][info ][gc,metaspace ] GC(175) Metaspace: 57582K->57582K(1101824K)
[216.777s][info ][gc           ] GC(175) Pause Young (Allocation Failure) 494M->259M(852M) 3.191ms
[216.777s][info ][gc,cpu       ] GC(175) User=0.01s Sys=0.00s Real=0.01s
[216.777s][info ][safepoint    ] Leaving safepoint region
[216.777s][info ][safepoint    ] Total time for which application threads were stopped: 0.0033424 seconds, Stopping threads took: 0.0000185 seconds
[217.777s][info ][safepoint    ] Application time: 1.0000886 seconds
[217.778s][info ][safepoint    ] Entering safepoint region: Cleanup
[217.778s][info ][safepoint    ] Leaving safepoint region
[217.778s][info ][safepoint    ] Total time for which application threads were stopped: 0.0000968 seconds, Stopping threads took: 0.0000356 seconds
[218.778s][info ][safepoint    ] Application time: 1.0000911 seconds
[218.778s][info ][safepoint    ] Entering safepoint region: Cleanup
[218.778s][info ][safepoint    ] Leaving safepoint region
[218.778s][info ][safepoint    ] Total time for which application threads were stopped: 0.0000817 seconds, Stopping threads took: 0.0000167 seconds
[219.778s][info ][safepoint    ] Application time: 1.0000693 seconds
[219.778s][info ][safepoint    ] Entering safepoint region: Cleanup
[219.778s][info ][safepoint    ] Leaving safepoint region
[219.778s][info ][safepoint    ] Total time for which application threads were stopped: 0.0000840 seconds, Stopping threads took: 0.0000188 seconds
[219.861s][info ][safepoint    ] Application time: 0.0831516 seconds
[219.861s][info ][safepoint    ] Entering safepoint region: GenCollectForAllocation
[219.861s][info ][gc,start     ] GC(176) Pause Young (Allocation Failure)
[219.861s][info ][gc,task      ] GC(176) Using 4 workers of 4 for evacuation
[219.865s][debug][gc,ref       ] GC(176) Skipped phase1 of Reference Processing due to unavailable references
[219.865s][debug][gc,ref       ] GC(176) Skipped phase2 of Reference Processing due to unavailable references
[219.865s][debug][gc,ref       ] GC(176) Skipped phase3 of Reference Processing due to unavailable references
[219.865s][debug][gc,ref       ] GC(176) Skipped phase4 of Reference Processing due to unavailable references
[219.865s][debug][gc,age       ] GC(176) Desired survivor size 15400960 bytes, new threshold 6 (max threshold 6)
[219.865s][info ][gc,heap      ] GC(176) ParNew: 242770K->1764K(270976K)
[219.865s][info ][gc,heap      ] GC(176) CMS: 264100K->264152K(602112K)
[219.865s][info ][gc,metaspace ] GC(176) Metaspace: 57601K->57601K(1101824K)
[219.865s][info ][gc           ] GC(176) Pause Young (Allocation Failure) 494M->259M(852M) 3.715ms
[219.865s][info ][gc,cpu       ] GC(176) User=0.02s Sys=0.00s Real=0.00s
[219.865s][info ][safepoint    ] Leaving safepoint region
[219.865s][info ][safepoint    ] Total time for which application threads were stopped: 0.0039566 seconds, Stopping threads took: 0.0000894 seconds
[220.865s][info ][safepoint    ] Application time: 1.0000745 seconds
[220.865s][info ][safepoint    ] Entering safepoint region: Cleanup
[220.865s][info ][safepoint    ] Leaving safepoint region
[220.865s][info ][safepoint    ] Total time for which application threads were stopped: 0.0001354 seconds, Stopping threads took: 0.0000675 seconds
[221.866s][info ][safepoint    ] Application time: 1.0000945 seconds
[221.866s][info ][safepoint    ] Entering safepoint region: Cleanup
[221.866s][info ][safepoint    ] Leaving safepoint region
[221.866s][info ][safepoint    ] Total time for which application threads were stopped: 0.0001331 seconds, Stopping threads took: 0.0000631 seconds
[223.164s][info ][safepoint    ] Application time: 1.2979924 seconds
[223.164s][info ][safepoint    ] Entering safepoint region: GenCollectForAllocation
[223.164s][info ][gc,start     ] GC(177) Pause Young (Allocation Failure)
[223.164s][info ][gc,task      ] GC(177) Using 4 workers of 4 for evacuation
[223.167s][debug][gc,ref       ] GC(177) Skipped phase1 of Reference Processing due to unavailable references
[223.167s][debug][gc,ref       ] GC(177) Skipped phase2 of Reference Processing due to unavailable references
[223.167s][debug][gc,ref       ] GC(177) Skipped phase3 of Reference Processing due to unavailable references
[223.167s][debug][gc,ref       ] GC(177) Skipped phase4 of Reference Processing due to unavailable references
[223.167s][debug][gc,age       ] GC(177) Desired survivor size 15400960 bytes, new threshold 6 (max threshold 6)
[223.167s][info ][gc,heap      ] GC(177) ParNew: 242660K->2141K(270976K)
[223.167s][info ][gc,heap      ] GC(177) CMS: 264152K->264266K(602112K)
[223.167s][info ][gc,metaspace ] GC(177) Metaspace: 57602K->57602K(1101824K)
[223.167s][info ][gc           ] GC(177) Pause Young (Allocation Failure) 494M->260M(852M) 3.063ms
[223.167s][info ][gc,cpu       ] GC(177) User=0.01s Sys=0.00s Real=0.00s
[223.167s][info ][safepoint    ] Leaving safepoint region
[223.167s][info ][safepoint    ] Total time for which application threads were stopped: 0.0032332 seconds, Stopping threads took: 0.0000170 seconds
[225.167s][info ][safepoint    ] Application time: 2.0002270 seconds
[225.167s][info ][safepoint    ] Entering safepoint region: Cleanup
[225.167s][info ][safepoint    ] Leaving safepoint region
[225.167s][info ][safepoint    ] Total time for which application threads were stopped: 0.0001057 seconds, Stopping threads took: 0.0000386 seconds
[226.167s][info ][safepoint    ] Application time: 1.0001062 seconds
[226.168s][info ][safepoint    ] Entering safepoint region: Cleanup
[226.168s][info ][safepoint    ] Leaving safepoint region
[226.168s][info ][safepoint    ] Total time for which application threads were stopped: 0.0001172 seconds, Stopping threads took: 0.0000427 seconds
[226.360s][info ][safepoint    ] Application time: 0.1926939 seconds
[226.360s][info ][safepoint    ] Entering safepoint region: GenCollectForAllocation
[226.361s][info ][gc,start     ] GC(178) Pause Young (Allocation Failure)
[226.361s][info ][gc,task      ] GC(178) Using 4 workers of 4 for evacuation
[226.363s][debug][gc,ref       ] GC(178) Skipped phase1 of Reference Processing due to unavailable references
[226.363s][debug][gc,ref       ] GC(178) Skipped phase3 of Reference Processing due to unavailable references
[226.363s][debug][gc,ref       ] GC(178) Skipped phase4 of Reference Processing due to unavailable references
[226.363s][debug][gc,age       ] GC(178) Desired survivor size 15400960 bytes, new threshold 6 (max threshold 6)
[226.363s][info ][gc,heap      ] GC(178) ParNew: 243037K->1880K(270976K)
[226.363s][info ][gc,heap      ] GC(178) CMS: 264266K->264276K(602112K)
[226.363s][info ][gc,metaspace ] GC(178) Metaspace: 57605K->57605K(1101824K)
[226.363s][info ][gc           ] GC(178) Pause Young (Allocation Failure) 495M->259M(852M) 2.814ms
[226.363s][info ][gc,cpu       ] GC(178) User=0.01s Sys=0.00s Real=0.00s
[226.363s][info ][safepoint    ] Leaving safepoint region
[226.363s][info ][safepoint    ] Total time for which application threads were stopped: 0.0030178 seconds, Stopping threads took: 0.0000649 seconds
[227.364s][info ][safepoint    ] Application time: 1.0001015 seconds
[227.364s][info ][safepoint    ] Entering safepoint region: Cleanup
[227.364s][info ][safepoint    ] Leaving safepoint region
[227.364s][info ][safepoint    ] Total time for which application threads were stopped: 0.0001126 seconds, Stopping threads took: 0.0000395 seconds
[228.364s][info ][safepoint    ] Application time: 1.0001057 seconds
[228.364s][info ][safepoint    ] Entering safepoint region: Cleanup
[228.364s][info ][safepoint    ] Leaving safepoint region
[228.364s][info ][safepoint    ] Total time for which application threads were stopped: 0.0001860 seconds, Stopping threads took: 0.0001061 seconds
[229.364s][info ][safepoint    ] Application time: 1.0001008 seconds
[229.364s][info ][safepoint    ] Entering safepoint region: Cleanup
[229.364s][info ][safepoint    ] Leaving safepoint region
[229.364s][info ][safepoint    ] Total time for which application threads were stopped: 0.0001454 seconds, Stopping threads took: 0.0000394 seconds
[229.561s][info ][safepoint    ] Application time: 0.1971230 seconds
[229.562s][info ][safepoint    ] Entering safepoint region: GenCollectForAllocation
[229.562s][info ][gc,start     ] GC(179) Pause Young (Allocation Failure)
[229.562s][info ][gc,task      ] GC(179) Using 4 workers of 4 for evacuation
[229.566s][debug][gc,ref       ] GC(179) Skipped phase1 of Reference Processing due to unavailable references
[229.566s][debug][gc,ref       ] GC(179) Skipped phase3 of Reference Processing due to unavailable references
[229.566s][debug][gc,ref       ] GC(179) Skipped phase4 of Reference Processing due to unavailable references
[229.566s][debug][gc,age       ] GC(179) Desired survivor size 15400960 bytes, new threshold 6 (max threshold 6)
[229.566s][info ][gc,heap      ] GC(179) ParNew: 242776K->2085K(270976K)
[229.566s][info ][gc,heap      ] GC(179) CMS: 264276K->264316K(602112K)
[229.566s][info ][gc,metaspace ] GC(179) Metaspace: 57615K->57615K(1101824K)
[229.566s][info ][gc           ] GC(179) Pause Young (Allocation Failure) 495M->260M(852M) 4.073ms
[229.566s][info ][gc,cpu       ] GC(179) User=0.02s Sys=0.00s Real=0.00s
[229.566s][info ][safepoint    ] Leaving safepoint region
[229.566s][info ][safepoint    ] Total time for which application threads were stopped: 0.0042994 seconds, Stopping threads took: 0.0000448 seconds
[230.566s][info ][safepoint    ] Application time: 1.0000972 seconds
[230.566s][info ][safepoint    ] Entering safepoint region: Cleanup
[230.566s][info ][safepoint    ] Leaving safepoint region
[230.566s][info ][safepoint    ] Total time for which application threads were stopped: 0.0001392 seconds, Stopping threads took: 0.0000584 seconds
[231.566s][info ][safepoint    ] Application time: 1.0000586 seconds
[231.566s][info ][safepoint    ] Entering safepoint region: Cleanup
[231.566s][info ][safepoint    ] Leaving safepoint region
[231.566s][info ][safepoint    ] Total time for which application threads were stopped: 0.0001623 seconds, Stopping threads took: 0.0000888 seconds
[232.769s][info ][safepoint    ] Application time: 1.2023528 seconds
[232.769s][info ][safepoint    ] Entering safepoint region: GenCollectForAllocation
[232.769s][info ][gc,start     ] GC(180) Pause Young (Allocation Failure)
[232.769s][info ][gc,task      ] GC(180) Using 4 workers of 4 for evacuation
[232.772s][debug][gc,ref       ] GC(180) Skipped phase1 of Reference Processing due to unavailable references
[232.772s][debug][gc,ref       ] GC(180) Skipped phase3 of Reference Processing due to unavailable references
[232.772s][debug][gc,ref       ] GC(180) Skipped phase4 of Reference Processing due to unavailable references
[232.772s][debug][gc,age       ] GC(180) Desired survivor size 15400960 bytes, new threshold 6 (max threshold 6)
[232.772s][info ][gc,heap      ] GC(180) ParNew: 242981K->1856K(270976K)
[232.772s][info ][gc,heap      ] GC(180) CMS: 264316K->264411K(602112K)
[232.772s][info ][gc,metaspace ] GC(180) Metaspace: 57628K->57628K(1101824K)
[232.772s][info ][gc           ] GC(180) Pause Young (Allocation Failure) 495M->260M(852M) 2.976ms
[232.772s][info ][gc,cpu       ] GC(180) User=0.01s Sys=0.00s Real=0.00s
[232.772s][info ][safepoint    ] Leaving safepoint region
[232.772s][info ][safepoint    ] Total time for which application threads were stopped: 0.0031321 seconds, Stopping threads took: 0.0000293 seconds
[235.772s][info ][safepoint    ] Application time: 3.0003240 seconds
[235.772s][info ][safepoint    ] Entering safepoint region: Cleanup
[235.772s][info ][safepoint    ] Leaving safepoint region
[235.772s][info ][safepoint    ] Total time for which application threads were stopped: 0.0001479 seconds, Stopping threads took: 0.0000447 seconds
[236.363s][info ][safepoint    ] Application time: 0.5904504 seconds
[236.363s][info ][safepoint    ] Entering safepoint region: GenCollectForAllocation
[236.363s][info ][gc,start     ] GC(181) Pause Young (Allocation Failure)
[236.363s][info ][gc,task      ] GC(181) Using 4 workers of 4 for evacuation
[236.367s][debug][gc,ref       ] GC(181) Skipped phase1 of Reference Processing due to unavailable references
[236.367s][debug][gc,ref       ] GC(181) Skipped phase3 of Reference Processing due to unavailable references
[236.367s][debug][gc,ref       ] GC(181) Skipped phase4 of Reference Processing due to unavailable references
[236.367s][debug][gc,age       ] GC(181) Desired survivor size 15400960 bytes, new threshold 6 (max threshold 6)
[236.367s][info ][gc,heap      ] GC(181) ParNew: 242752K->1874K(270976K)
[236.367s][info ][gc,heap      ] GC(181) CMS: 264411K->264574K(602112K)
[236.367s][info ][gc,metaspace ] GC(181) Metaspace: 57629K->57629K(1101824K)
[236.367s][info ][gc           ] GC(181) Pause Young (Allocation Failure) 495M->260M(852M) 4.343ms
[236.367s][info ][gc,cpu       ] GC(181) User=0.01s Sys=0.00s Real=0.00s
[236.367s][info ][safepoint    ] Leaving safepoint region
[236.367s][info ][safepoint    ] Total time for which application threads were stopped: 0.0045204 seconds, Stopping threads took: 0.0000420 seconds
[238.368s][info ][safepoint    ] Application time: 2.0001968 seconds
[238.368s][info ][safepoint    ] Entering safepoint region: Cleanup
[238.368s][info ][safepoint    ] Leaving safepoint region
[238.368s][info ][safepoint    ] Total time for which application threads were stopped: 0.0001125 seconds, Stopping threads took: 0.0000397 seconds
[239.368s][info ][safepoint    ] Application time: 1.0001430 seconds
[239.368s][info ][safepoint    ] Entering safepoint region: Cleanup
[239.368s][info ][safepoint    ] Leaving safepoint region
[239.368s][info ][safepoint    ] Total time for which application threads were stopped: 0.0001265 seconds, Stopping threads took: 0.0000498 seconds
[239.671s][info ][safepoint    ] Application time: 0.3032641 seconds
[239.671s][info ][safepoint    ] Entering safepoint region: GenCollectForAllocation
[239.671s][info ][gc,start     ] GC(182) Pause Young (Allocation Failure)
[239.672s][info ][gc,task      ] GC(182) Using 4 workers of 4 for evacuation
[239.674s][debug][gc,ref       ] GC(182) Skipped phase1 of Reference Processing due to unavailable references
[239.674s][debug][gc,ref       ] GC(182) Skipped phase3 of Reference Processing due to unavailable references
[239.674s][debug][gc,ref       ] GC(182) Skipped phase4 of Reference Processing due to unavailable references
[239.675s][debug][gc,age       ] GC(182) Desired survivor size 15400960 bytes, new threshold 6 (max threshold 6)
[239.675s][info ][gc,heap      ] GC(182) ParNew: 242770K->1611K(270976K)
[239.675s][info ][gc,heap      ] GC(182) CMS: 264574K->264611K(602112K)
[239.675s][info ][gc,metaspace ] GC(182) Metaspace: 57636K->57636K(1101824K)
[239.675s][info ][gc           ] GC(182) Pause Young (Allocation Failure) 495M->259M(852M) 3.087ms
[239.675s][info ][gc,cpu       ] GC(182) User=0.01s Sys=0.00s Real=0.00s
[239.675s][info ][safepoint    ] Leaving safepoint region
[239.675s][info ][safepoint    ] Total time for which application threads were stopped: 0.0032839 seconds, Stopping threads took: 0.0000181 seconds
[240.675s][info ][safepoint    ] Application time: 1.0001102 seconds
[240.675s][info ][safepoint    ] Entering safepoint region: Cleanup
[240.675s][info ][safepoint    ] Leaving safepoint region
[240.675s][info ][safepoint    ] Total time for which application threads were stopped: 0.0000853 seconds, Stopping threads took: 0.0000193 seconds
[242.913s][info ][safepoint    ] Application time: 2.2378692 seconds
[242.913s][info ][safepoint    ] Entering safepoint region: GenCollectForAllocation
[242.913s][info ][gc,start     ] GC(183) Pause Young (Allocation Failure)
[242.913s][info ][gc,task      ] GC(183) Using 4 workers of 4 for evacuation
[242.916s][debug][gc,ref       ] GC(183) Skipped phase1 of Reference Processing due to unavailable references
[242.916s][debug][gc,ref       ] GC(183) Skipped phase3 of Reference Processing due to unavailable references
[242.916s][debug][gc,ref       ] GC(183) Skipped phase4 of Reference Processing due to unavailable references
[242.916s][debug][gc,age       ] GC(183) Desired survivor size 15400960 bytes, new threshold 6 (max threshold 6)
[242.916s][info ][gc,heap      ] GC(183) ParNew: 242507K->1751K(270976K)
[242.916s][info ][gc,heap      ] GC(183) CMS: 264611K->264690K(602112K)
[242.916s][info ][gc,metaspace ] GC(183) Metaspace: 57636K->57636K(1101824K)
[242.916s][info ][gc           ] GC(183) Pause Young (Allocation Failure) 495M->260M(852M) 3.132ms
[242.916s][info ][gc,cpu       ] GC(183) User=0.01s Sys=0.00s Real=0.00s
[242.916s][info ][safepoint    ] Leaving safepoint region
[242.916s][info ][safepoint    ] Total time for which application threads were stopped: 0.0032823 seconds, Stopping threads took: 0.0000176 seconds
[243.916s][info ][safepoint    ] Application time: 1.0001010 seconds
[243.916s][info ][safepoint    ] Entering safepoint region: Cleanup
[243.916s][info ][safepoint    ] Leaving safepoint region
[243.916s][info ][safepoint    ] Total time for which application threads were stopped: 0.0001079 seconds, Stopping threads took: 0.0000441 seconds
[244.918s][info ][safepoint    ] Application time: 1.0012986 seconds
[244.918s][info ][safepoint    ] Entering safepoint region: Cleanup
[244.918s][info ][safepoint    ] Leaving safepoint region
[244.918s][info ][safepoint    ] Total time for which application threads were stopped: 0.0001381 seconds, Stopping threads took: 0.0000650 seconds
[245.918s][info ][safepoint    ] Application time: 1.0000953 seconds
[245.918s][info ][safepoint    ] Entering safepoint region: Cleanup
[245.918s][info ][safepoint    ] Leaving safepoint region
[245.918s][info ][safepoint    ] Total time for which application threads were stopped: 0.0001168 seconds, Stopping threads took: 0.0000433 seconds
[246.171s][info ][safepoint    ] Application time: 0.2527077 seconds
[246.171s][info ][safepoint    ] Entering safepoint region: GenCollectForAllocation
[246.171s][info ][gc,start     ] GC(184) Pause Young (Allocation Failure)
[246.171s][info ][gc,task      ] GC(184) Using 4 workers of 4 for evacuation
[246.174s][debug][gc,ref       ] GC(184) Skipped phase1 of Reference Processing due to unavailable references
[246.174s][debug][gc,ref       ] GC(184) Skipped phase3 of Reference Processing due to unavailable references
[246.174s][debug][gc,ref       ] GC(184) Skipped phase4 of Reference Processing due to unavailable references
[246.174s][debug][gc,age       ] GC(184) Desired survivor size 15400960 bytes, new threshold 6 (max threshold 6)
[246.174s][info ][gc,heap      ] GC(184) ParNew: 242647K->2264K(270976K)
[246.174s][info ][gc,heap      ] GC(184) CMS: 264690K->264756K(602112K)
[246.174s][info ][gc,metaspace ] GC(184) Metaspace: 57643K->57643K(1101824K)
[246.174s][info ][gc           ] GC(184) Pause Young (Allocation Failure) 495M->260M(852M) 2.947ms
[246.174s][info ][gc,cpu       ] GC(184) User=0.01s Sys=0.00s Real=0.00s
[246.174s][info ][safepoint    ] Leaving safepoint region
[246.174s][info ][safepoint    ] Total time for which application threads were stopped: 0.0031164 seconds, Stopping threads took: 0.0000181 seconds
[249.174s][info ][safepoint    ] Application time: 3.0002747 seconds
[249.175s][info ][safepoint    ] Entering safepoint region: Cleanup
[249.175s][info ][safepoint    ] Leaving safepoint region
[249.175s][info ][safepoint    ] Total time for which application threads were stopped: 0.0004573 seconds, Stopping threads took: 0.0003719 seconds
[249.725s][info ][safepoint    ] Application time: 0.5506838 seconds
[249.725s][info ][safepoint    ] Entering safepoint region: GenCollectForAllocation
[249.726s][info ][gc,start     ] GC(185) Pause Young (Allocation Failure)
[249.726s][info ][gc,task      ] GC(185) Using 4 workers of 4 for evacuation
[249.733s][debug][gc,ref       ] GC(185) Skipped phase1 of Reference Processing due to unavailable references
[249.733s][debug][gc,ref       ] GC(185) Skipped phase3 of Reference Processing due to unavailable references
[249.733s][debug][gc,ref       ] GC(185) Skipped phase4 of Reference Processing due to unavailable references
[249.733s][debug][gc,age       ] GC(185) Desired survivor size 15400960 bytes, new threshold 6 (max threshold 6)
[249.733s][info ][gc,heap      ] GC(185) ParNew: 243160K->1752K(270976K)
[249.733s][info ][gc,heap      ] GC(185) CMS: 264756K->264901K(602112K)
[249.733s][info ][gc,metaspace ] GC(185) Metaspace: 57643K->57643K(1101824K)
[249.733s][info ][gc           ] GC(185) Pause Young (Allocation Failure) 496M->260M(852M) 7.223ms
[249.733s][info ][gc,cpu       ] GC(185) User=0.01s Sys=0.00s Real=0.01s
[249.733s][info ][safepoint    ] Leaving safepoint region
[249.733s][info ][safepoint    ] Total time for which application threads were stopped: 0.0073846 seconds, Stopping threads took: 0.0000186 seconds
[250.733s][info ][safepoint    ] Application time: 1.0001008 seconds
[250.733s][info ][safepoint    ] Entering safepoint region: Cleanup
[250.733s][info ][safepoint    ] Leaving safepoint region
[250.733s][info ][safepoint    ] Total time for which application threads were stopped: 0.0001653 seconds, Stopping threads took: 0.0000697 seconds
[252.733s][info ][safepoint    ] Application time: 2.0002343 seconds
[252.733s][info ][safepoint    ] Entering safepoint region: Cleanup
[252.734s][info ][safepoint    ] Leaving safepoint region
[252.734s][info ][safepoint    ] Total time for which application threads were stopped: 0.0000845 seconds, Stopping threads took: 0.0000205 seconds
[252.972s][info ][safepoint    ] Application time: 0.2389573 seconds
[252.973s][info ][safepoint    ] Entering safepoint region: GenCollectForAllocation
[252.973s][info ][gc,start     ] GC(186) Pause Young (Allocation Failure)
[252.973s][info ][gc,task      ] GC(186) Using 4 workers of 4 for evacuation
[252.976s][debug][gc,ref       ] GC(186) Skipped phase1 of Reference Processing due to unavailable references
[252.976s][debug][gc,ref       ] GC(186) Skipped phase3 of Reference Processing due to unavailable references
[252.976s][debug][gc,ref       ] GC(186) Skipped phase4 of Reference Processing due to unavailable references
[252.976s][debug][gc,age       ] GC(186) Desired survivor size 15400960 bytes, new threshold 6 (max threshold 6)
[252.976s][info ][gc,heap      ] GC(186) ParNew: 242648K->2000K(270976K)
[252.976s][info ][gc,heap      ] GC(186) CMS: 264901K->264950K(602112K)
[252.976s][info ][gc,metaspace ] GC(186) Metaspace: 57646K->57646K(1101824K)
[252.976s][info ][gc           ] GC(186) Pause Young (Allocation Failure) 495M->260M(852M) 3.132ms
[252.976s][info ][gc,cpu       ] GC(186) User=0.01s Sys=0.00s Real=0.00s
[252.976s][info ][safepoint    ] Leaving safepoint region
[252.976s][info ][safepoint    ] Total time for which application threads were stopped: 0.0032932 seconds, Stopping threads took: 0.0000165 seconds
[253.976s][info ][safepoint    ] Application time: 1.0001160 seconds
[253.976s][info ][safepoint    ] Entering safepoint region: Cleanup
[253.976s][info ][safepoint    ] Leaving safepoint region
[253.976s][info ][safepoint    ] Total time for which application threads were stopped: 0.0000957 seconds, Stopping threads took: 0.0000318 seconds
[255.976s][info ][safepoint    ] Application time: 2.0001579 seconds
[255.976s][info ][safepoint    ] Entering safepoint region: Cleanup
[255.976s][info ][safepoint    ] Leaving safepoint region
[255.976s][info ][safepoint    ] Total time for which application threads were stopped: 0.0000950 seconds, Stopping threads took: 0.0000179 seconds
[256.412s][info ][safepoint    ] Application time: 0.4353946 seconds
[256.412s][info ][safepoint    ] Entering safepoint region: GenCollectForAllocation
[256.412s][info ][gc,start     ] GC(187) Pause Young (Allocation Failure)
[256.412s][info ][gc,task      ] GC(187) Using 4 workers of 4 for evacuation
[256.415s][debug][gc,ref       ] GC(187) Skipped phase1 of Reference Processing due to unavailable references
[256.415s][debug][gc,ref       ] GC(187) Skipped phase2 of Reference Processing due to unavailable references
[256.415s][debug][gc,ref       ] GC(187) Skipped phase3 of Reference Processing due to unavailable references
[256.415s][debug][gc,ref       ] GC(187) Skipped phase4 of Reference Processing due to unavailable references
[256.415s][debug][gc,age       ] GC(187) Desired survivor size 15400960 bytes, new threshold 6 (max threshold 6)
[256.415s][info ][gc,heap      ] GC(187) ParNew: 242896K->2376K(270976K)
[256.415s][info ][gc,heap      ] GC(187) CMS: 264950K->265041K(602112K)
[256.415s][info ][gc,metaspace ] GC(187) Metaspace: 57647K->57647K(1101824K)
[256.415s][info ][gc           ] GC(187) Pause Young (Allocation Failure) 495M->261M(852M) 3.185ms
[256.415s][info ][gc,cpu       ] GC(187) User=0.01s Sys=0.00s Real=0.00s
[256.415s][info ][safepoint    ] Leaving safepoint region
[256.415s][info ][safepoint    ] Total time for which application threads were stopped: 0.0033676 seconds, Stopping threads took: 0.0000458 seconds
[258.415s][info ][safepoint    ] Application time: 2.0002125 seconds
[258.415s][info ][safepoint    ] Entering safepoint region: Cleanup
[258.415s][info ][safepoint    ] Leaving safepoint region
[258.415s][info ][safepoint    ] Total time for which application threads were stopped: 0.0001217 seconds, Stopping threads took: 0.0000543 seconds
[260.026s][info ][safepoint    ] Application time: 1.6106181 seconds
[260.026s][info ][safepoint    ] Entering safepoint region: GenCollectForAllocation
[260.026s][info ][gc,start     ] GC(188) Pause Young (Allocation Failure)
[260.026s][info ][gc,task      ] GC(188) Using 4 workers of 4 for evacuation
[260.029s][debug][gc,ref       ] GC(188) Skipped phase1 of Reference Processing due to unavailable references
[260.029s][debug][gc,ref       ] GC(188) Skipped phase2 of Reference Processing due to unavailable references
[260.029s][debug][gc,ref       ] GC(188) Skipped phase3 of Reference Processing due to unavailable references
[260.029s][debug][gc,ref       ] GC(188) Skipped phase4 of Reference Processing due to unavailable references
[260.029s][debug][gc,age       ] GC(188) Desired survivor size 15400960 bytes, new threshold 6 (max threshold 6)
[260.029s][info ][gc,heap      ] GC(188) ParNew: 243272K->2214K(270976K)
[260.029s][info ][gc,heap      ] GC(188) CMS: 265041K->265113K(602112K)
[260.029s][info ][gc,metaspace ] GC(188) Metaspace: 57648K->57648K(1101824K)
[260.029s][info ][gc           ] GC(188) Pause Young (Allocation Failure) 496M->261M(852M) 3.001ms
[260.029s][info ][gc,cpu       ] GC(188) User=0.01s Sys=0.00s Real=0.01s
[260.029s][info ][safepoint    ] Leaving safepoint region
[260.029s][info ][safepoint    ] Total time for which application threads were stopped: 0.0031929 seconds, Stopping threads took: 0.0000199 seconds
[261.030s][info ][safepoint    ] Application time: 1.0001379 seconds
[261.030s][info ][safepoint    ] Entering safepoint region: Cleanup
[261.030s][info ][safepoint    ] Leaving safepoint region
[261.030s][info ][safepoint    ] Total time for which application threads were stopped: 0.0000896 seconds, Stopping threads took: 0.0000188 seconds
[262.030s][info ][safepoint    ] Application time: 1.0000655 seconds
[262.030s][info ][safepoint    ] Entering safepoint region: Cleanup
[262.030s][info ][safepoint    ] Leaving safepoint region
[262.030s][info ][safepoint    ] Total time for which application threads were stopped: 0.0000857 seconds, Stopping threads took: 0.0000186 seconds
[263.030s][info ][safepoint    ] Application time: 1.0000957 seconds
[263.030s][info ][safepoint    ] Entering safepoint region: Cleanup
[263.030s][info ][safepoint    ] Leaving safepoint region
[263.030s][info ][safepoint    ] Total time for which application threads were stopped: 0.0000802 seconds, Stopping threads took: 0.0000187 seconds
[263.517s][info ][safepoint    ] Application time: 0.4864867 seconds
[263.517s][info ][safepoint    ] Entering safepoint region: GenCollectForAllocation
[263.517s][info ][gc,start     ] GC(189) Pause Young (Allocation Failure)
[263.517s][info ][gc,task      ] GC(189) Using 4 workers of 4 for evacuation
[263.519s][debug][gc,ref       ] GC(189) Skipped phase1 of Reference Processing due to unavailable references
[263.519s][debug][gc,ref       ] GC(189) Skipped phase2 of Reference Processing due to unavailable references
[263.519s][debug][gc,ref       ] GC(189) Skipped phase3 of Reference Processing due to unavailable references
[263.519s][debug][gc,ref       ] GC(189) Skipped phase4 of Reference Processing due to unavailable references
[263.520s][debug][gc,age       ] GC(189) Desired survivor size 15400960 bytes, new threshold 6 (max threshold 6)
[263.520s][info ][gc,heap      ] GC(189) ParNew: 243110K->1878K(270976K)
[263.520s][info ][gc,heap      ] GC(189) CMS: 265113K->265148K(602112K)
[263.520s][info ][gc,metaspace ] GC(189) Metaspace: 57648K->57648K(1101824K)
[263.520s][info ][gc           ] GC(189) Pause Young (Allocation Failure) 496M->260M(852M) 2.889ms
[263.520s][info ][gc,cpu       ] GC(189) User=0.01s Sys=0.00s Real=0.00s
[263.520s][info ][safepoint    ] Leaving safepoint region
[263.520s][info ][safepoint    ] Total time for which application threads were stopped: 0.0030547 seconds, Stopping threads took: 0.0000175 seconds
[264.520s][info ][safepoint    ] Application time: 1.0001191 seconds
[264.520s][info ][safepoint    ] Entering safepoint region: Cleanup
[264.520s][info ][safepoint    ] Leaving safepoint region
[264.520s][info ][safepoint    ] Total time for which application threads were stopped: 0.0001534 seconds, Stopping threads took: 0.0000812 seconds
[265.520s][info ][safepoint    ] Application time: 1.0001093 seconds
[265.520s][info ][safepoint    ] Entering safepoint region: Cleanup
[265.520s][info ][safepoint    ] Leaving safepoint region
[265.520s][info ][safepoint    ] Total time for which application threads were stopped: 0.0001726 seconds, Stopping threads took: 0.0000685 seconds
[266.966s][info ][safepoint    ] Application time: 1.4456767 seconds
[266.966s][info ][safepoint    ] Entering safepoint region: GenCollectForAllocation
[266.966s][info ][gc,start     ] GC(190) Pause Young (Allocation Failure)
[266.966s][info ][gc,task      ] GC(190) Using 4 workers of 4 for evacuation
[266.969s][debug][gc,ref       ] GC(190) Skipped phase1 of Reference Processing due to unavailable references
[266.969s][debug][gc,ref       ] GC(190) Skipped phase2 of Reference Processing due to unavailable references
[266.969s][debug][gc,ref       ] GC(190) Skipped phase3 of Reference Processing due to unavailable references
[266.969s][debug][gc,ref       ] GC(190) Skipped phase4 of Reference Processing due to unavailable references
[266.969s][debug][gc,age       ] GC(190) Desired survivor size 15400960 bytes, new threshold 6 (max threshold 6)
[266.969s][info ][gc,heap      ] GC(190) ParNew: 242774K->2543K(270976K)
[266.969s][info ][gc,heap      ] GC(190) CMS: 265148K->265198K(602112K)
[266.969s][info ][gc,metaspace ] GC(190) Metaspace: 57648K->57648K(1101824K)
[266.969s][info ][gc           ] GC(190) Pause Young (Allocation Failure) 496M->261M(852M) 3.196ms
[266.969s][info ][gc,cpu       ] GC(190) User=0.02s Sys=0.00s Real=0.01s
[266.969s][info ][safepoint    ] Leaving safepoint region
[266.969s][info ][safepoint    ] Total time for which application threads were stopped: 0.0034008 seconds, Stopping threads took: 0.0000584 seconds
[270.422s][info ][safepoint    ] Application time: 3.4524121 seconds
[270.422s][info ][safepoint    ] Entering safepoint region: GenCollectForAllocation
[270.422s][info ][gc,start     ] GC(191) Pause Young (Allocation Failure)
[270.422s][info ][gc,task      ] GC(191) Using 4 workers of 4 for evacuation
[270.425s][debug][gc,ref       ] GC(191) Skipped phase1 of Reference Processing due to unavailable references
[270.425s][debug][gc,ref       ] GC(191) Skipped phase2 of Reference Processing due to unavailable references
[270.425s][debug][gc,ref       ] GC(191) Skipped phase3 of Reference Processing due to unavailable references
[270.425s][debug][gc,ref       ] GC(191) Skipped phase4 of Reference Processing due to unavailable references
[270.425s][debug][gc,age       ] GC(191) Desired survivor size 15400960 bytes, new threshold 6 (max threshold 6)
[270.425s][info ][gc,heap      ] GC(191) ParNew: 243439K->1948K(270976K)
[270.425s][info ][gc,heap      ] GC(191) CMS: 265198K->265449K(602112K)
[270.425s][info ][gc,metaspace ] GC(191) Metaspace: 57648K->57648K(1101824K)
[270.425s][info ][gc           ] GC(191) Pause Young (Allocation Failure) 496M->261M(852M) 3.162ms
[270.425s][info ][gc,cpu       ] GC(191) User=0.01s Sys=0.00s Real=0.00s
[270.425s][info ][safepoint    ] Leaving safepoint region
[270.425s][info ][safepoint    ] Total time for which application threads were stopped: 0.0033664 seconds, Stopping threads took: 0.0000178 seconds
[274.066s][info ][safepoint    ] Application time: 3.6405490 seconds
[274.066s][info ][safepoint    ] Entering safepoint region: GenCollectForAllocation
[274.066s][info ][gc,start     ] GC(192) Pause Young (Allocation Failure)
[274.066s][info ][gc,task      ] GC(192) Using 4 workers of 4 for evacuation
[274.069s][debug][gc,ref       ] GC(192) Skipped phase1 of Reference Processing due to unavailable references
[274.069s][debug][gc,ref       ] GC(192) Skipped phase2 of Reference Processing due to unavailable references
[274.069s][debug][gc,ref       ] GC(192) Skipped phase3 of Reference Processing due to unavailable references
[274.069s][debug][gc,ref       ] GC(192) Skipped phase4 of Reference Processing due to unavailable references
[274.069s][debug][gc,age       ] GC(192) Desired survivor size 15400960 bytes, new threshold 6 (max threshold 6)
[274.069s][info ][gc,heap      ] GC(192) ParNew: 242844K->1632K(270976K)
[274.069s][info ][gc,heap      ] GC(192) CMS: 265449K->265588K(602112K)
[274.069s][info ][gc,metaspace ] GC(192) Metaspace: 57648K->57648K(1101824K)
[274.069s][info ][gc           ] GC(192) Pause Young (Allocation Failure) 496M->260M(852M) 3.095ms
[274.069s][info ][gc,cpu       ] GC(192) User=0.01s Sys=0.00s Real=0.01s
[274.069s][info ][safepoint    ] Leaving safepoint region
[274.069s][info ][safepoint    ] Total time for which application threads were stopped: 0.0032546 seconds, Stopping threads took: 0.0000171 seconds
[276.069s][info ][safepoint    ] Application time: 2.0001829 seconds
[276.069s][info ][safepoint    ] Entering safepoint region: Cleanup
[276.069s][info ][safepoint    ] Leaving safepoint region
[276.070s][info ][safepoint    ] Total time for which application threads were stopped: 0.0002321 seconds, Stopping threads took: 0.0001599 seconds
[277.820s][info ][safepoint    ] Application time: 1.7500805 seconds
[277.820s][info ][safepoint    ] Entering safepoint region: GenCollectForAllocation
[277.820s][info ][gc,start     ] GC(193) Pause Young (Allocation Failure)
[277.820s][info ][gc,task      ] GC(193) Using 4 workers of 4 for evacuation
[277.822s][debug][gc,ref       ] GC(193) Skipped phase1 of Reference Processing due to unavailable references
[277.822s][debug][gc,ref       ] GC(193) Skipped phase2 of Reference Processing due to unavailable references
[277.822s][debug][gc,ref       ] GC(193) Skipped phase3 of Reference Processing due to unavailable references
[277.822s][debug][gc,ref       ] GC(193) Skipped phase4 of Reference Processing due to unavailable references
[277.822s][debug][gc,age       ] GC(193) Desired survivor size 15400960 bytes, new threshold 6 (max threshold 6)
[277.822s][info ][gc,heap      ] GC(193) ParNew: 242528K->1885K(270976K)
[277.822s][info ][gc,heap      ] GC(193) CMS: 265588K->265633K(602112K)
[277.822s][info ][gc,metaspace ] GC(193) Metaspace: 57649K->57649K(1101824K)
[277.822s][info ][gc           ] GC(193) Pause Young (Allocation Failure) 496M->261M(852M) 2.682ms
[277.822s][info ][gc,cpu       ] GC(193) User=0.01s Sys=0.00s Real=0.00s
[277.822s][info ][safepoint    ] Leaving safepoint region
[277.822s][info ][safepoint    ] Total time for which application threads were stopped: 0.0028477 seconds, Stopping threads took: 0.0000185 seconds
[278.823s][info ][safepoint    ] Application time: 1.0000980 seconds
[278.823s][info ][safepoint    ] Entering safepoint region: Cleanup
[278.823s][info ][safepoint    ] Leaving safepoint region
[278.823s][info ][safepoint    ] Total time for which application threads were stopped: 0.0000992 seconds, Stopping threads took: 0.0000358 seconds
[279.823s][info ][safepoint    ] Application time: 1.0000905 seconds
[279.823s][info ][safepoint    ] Entering safepoint region: Cleanup
[279.823s][info ][safepoint    ] Leaving safepoint region
[279.823s][info ][safepoint    ] Total time for which application threads were stopped: 0.0001518 seconds, Stopping threads took: 0.0000634 seconds
[281.467s][info ][safepoint    ] Application time: 1.6440350 seconds
[281.467s][info ][safepoint    ] Entering safepoint region: GenCollectForAllocation
[281.467s][info ][gc,start     ] GC(194) Pause Young (Allocation Failure)
[281.467s][info ][gc,task      ] GC(194) Using 4 workers of 4 for evacuation
[281.470s][debug][gc,ref       ] GC(194) Skipped phase1 of Reference Processing due to unavailable references
[281.470s][debug][gc,ref       ] GC(194) Skipped phase2 of Reference Processing due to unavailable references
[281.470s][debug][gc,ref       ] GC(194) Skipped phase3 of Reference Processing due to unavailable references
[281.470s][debug][gc,ref       ] GC(194) Skipped phase4 of Reference Processing due to unavailable references
[281.470s][debug][gc,age       ] GC(194) Desired survivor size 15400960 bytes, new threshold 6 (max threshold 6)
[281.470s][info ][gc,heap      ] GC(194) ParNew: 242781K->1503K(270976K)
[281.470s][info ][gc,heap      ] GC(194) CMS: 265633K->265727K(602112K)
[281.470s][info ][gc,metaspace ] GC(194) Metaspace: 57650K->57650K(1101824K)
[281.470s][info ][gc           ] GC(194) Pause Young (Allocation Failure) 496M->260M(852M) 2.686ms
[281.470s][info ][gc,cpu       ] GC(194) User=0.01s Sys=0.00s Real=0.01s
[281.470s][info ][safepoint    ] Leaving safepoint region
[281.470s][info ][safepoint    ] Total time for which application threads were stopped: 0.0028848 seconds, Stopping threads took: 0.0000176 seconds
[282.470s][info ][safepoint    ] Application time: 1.0001390 seconds
[282.470s][info ][safepoint    ] Entering safepoint region: Cleanup
[282.470s][info ][safepoint    ] Leaving safepoint region
[282.470s][info ][safepoint    ] Total time for which application threads were stopped: 0.0001128 seconds, Stopping threads took: 0.0000413 seconds
[283.470s][info ][safepoint    ] Application time: 1.0000994 seconds
[283.470s][info ][safepoint    ] Entering safepoint region: Cleanup
[283.471s][info ][safepoint    ] Leaving safepoint region
[283.471s][info ][safepoint    ] Total time for which application threads were stopped: 0.0001153 seconds, Stopping threads took: 0.0000187 seconds
[284.471s][info ][safepoint    ] Application time: 1.0001492 seconds
[284.471s][info ][safepoint    ] Entering safepoint region: Cleanup
[284.471s][info ][safepoint    ] Leaving safepoint region
[284.471s][info ][safepoint    ] Total time for which application threads were stopped: 0.0000787 seconds, Stopping threads took: 0.0000181 seconds
[285.111s][info ][safepoint    ] Application time: 0.6403319 seconds
[285.111s][info ][safepoint    ] Entering safepoint region: GenCollectForAllocation
[285.111s][info ][gc,start     ] GC(195) Pause Young (Allocation Failure)
[285.111s][info ][gc,task      ] GC(195) Using 4 workers of 4 for evacuation
[285.114s][debug][gc,ref       ] GC(195) Skipped phase1 of Reference Processing due to unavailable references
[285.114s][debug][gc,ref       ] GC(195) Skipped phase2 of Reference Processing due to unavailable references
[285.114s][debug][gc,ref       ] GC(195) Skipped phase3 of Reference Processing due to unavailable references
[285.114s][debug][gc,ref       ] GC(195) Skipped phase4 of Reference Processing due to unavailable references
[285.114s][debug][gc,age       ] GC(195) Desired survivor size 15400960 bytes, new threshold 6 (max threshold 6)
[285.114s][info ][gc,heap      ] GC(195) ParNew: 242399K->1816K(270976K)
[285.114s][info ][gc,heap      ] GC(195) CMS: 265727K->265778K(602112K)
[285.114s][info ][gc,metaspace ] GC(195) Metaspace: 57654K->57654K(1101824K)
[285.114s][info ][gc           ] GC(195) Pause Young (Allocation Failure) 496M->261M(852M) 2.809ms
[285.114s][info ][gc,cpu       ] GC(195) User=0.02s Sys=0.00s Real=0.00s
[285.114s][info ][safepoint    ] Leaving safepoint region
[285.114s][info ][safepoint    ] Total time for which application threads were stopped: 0.0030066 seconds, Stopping threads took: 0.0000531 seconds
[288.115s][info ][safepoint    ] Application time: 3.0005220 seconds
[288.115s][info ][safepoint    ] Entering safepoint region: Cleanup
[288.115s][info ][safepoint    ] Leaving safepoint region
[288.115s][info ][safepoint    ] Total time for which application threads were stopped: 0.0001169 seconds, Stopping threads took: 0.0000438 seconds
[288.865s][info ][safepoint    ] Application time: 0.7496045 seconds
[288.865s][info ][safepoint    ] Entering safepoint region: GenCollectForAllocation
[288.865s][info ][gc,start     ] GC(196) Pause Young (Allocation Failure)
[288.865s][info ][gc,task      ] GC(196) Using 4 workers of 4 for evacuation
[288.867s][debug][gc,ref       ] GC(196) Skipped phase1 of Reference Processing due to unavailable references
[288.867s][debug][gc,ref       ] GC(196) Skipped phase2 of Reference Processing due to unavailable references
[288.867s][debug][gc,ref       ] GC(196) Skipped phase3 of Reference Processing due to unavailable references
[288.867s][debug][gc,ref       ] GC(196) Skipped phase4 of Reference Processing due to unavailable references
[288.868s][debug][gc,age       ] GC(196) Desired survivor size 15400960 bytes, new threshold 6 (max threshold 6)
[288.868s][info ][gc,heap      ] GC(196) ParNew: 242712K->1870K(270976K)
[288.868s][info ][gc,heap      ] GC(196) CMS: 265778K->265870K(602112K)
[288.868s][info ][gc,metaspace ] GC(196) Metaspace: 57655K->57655K(1101824K)
[288.868s][info ][gc           ] GC(196) Pause Young (Allocation Failure) 496M->261M(852M) 2.871ms
[288.868s][info ][gc,cpu       ] GC(196) User=0.01s Sys=0.00s Real=0.00s
[288.868s][info ][safepoint    ] Leaving safepoint region
[288.868s][info ][safepoint    ] Total time for which application threads were stopped: 0.0030378 seconds, Stopping threads took: 0.0000298 seconds
[289.868s][info ][safepoint    ] Application time: 1.0001102 seconds
[289.868s][info ][safepoint    ] Entering safepoint region: Cleanup
[289.868s][info ][safepoint    ] Leaving safepoint region
[289.868s][info ][safepoint    ] Total time for which application threads were stopped: 0.0003241 seconds, Stopping threads took: 0.0000446 seconds
[292.620s][info ][safepoint    ] Application time: 2.7515776 seconds
[292.620s][info ][safepoint    ] Entering safepoint region: GenCollectForAllocation
[292.620s][info ][gc,start     ] GC(197) Pause Young (Allocation Failure)
[292.620s][info ][gc,task      ] GC(197) Using 4 workers of 4 for evacuation
[292.623s][debug][gc,ref       ] GC(197) Skipped phase1 of Reference Processing due to unavailable references
[292.623s][debug][gc,ref       ] GC(197) Skipped phase2 of Reference Processing due to unavailable references
[292.623s][debug][gc,ref       ] GC(197) Skipped phase3 of Reference Processing due to unavailable references
[292.623s][debug][gc,ref       ] GC(197) Skipped phase4 of Reference Processing due to unavailable references
[292.623s][debug][gc,age       ] GC(197) Desired survivor size 15400960 bytes, new threshold 6 (max threshold 6)
[292.623s][info ][gc,heap      ] GC(197) ParNew: 242766K->1479K(270976K)
[292.623s][info ][gc,heap      ] GC(197) CMS: 265870K->266027K(602112K)
[292.623s][info ][gc,metaspace ] GC(197) Metaspace: 57655K->57655K(1101824K)
[292.623s][info ][gc           ] GC(197) Pause Young (Allocation Failure) 496M->261M(852M) 3.249ms
[292.623s][info ][gc,cpu       ] GC(197) User=0.01s Sys=0.00s Real=0.00s
[292.623s][info ][safepoint    ] Leaving safepoint region
[292.623s][info ][safepoint    ] Total time for which application threads were stopped: 0.0034245 seconds, Stopping threads took: 0.0000395 seconds
[293.623s][info ][safepoint    ] Application time: 1.0001137 seconds
[293.623s][info ][safepoint    ] Entering safepoint region: Cleanup
[293.623s][info ][safepoint    ] Leaving safepoint region
[293.623s][info ][safepoint    ] Total time for which application threads were stopped: 0.0000798 seconds, Stopping threads took: 0.0000182 seconds
[294.624s][info ][safepoint    ] Application time: 1.0001425 seconds
[294.624s][info ][safepoint    ] Entering safepoint region: Cleanup
[294.624s][info ][safepoint    ] Leaving safepoint region
[294.624s][info ][safepoint    ] Total time for which application threads were stopped: 0.0001523 seconds, Stopping threads took: 0.0000632 seconds
[295.624s][info ][safepoint    ] Application time: 1.0001026 seconds
[295.624s][info ][safepoint    ] Entering safepoint region: Cleanup
[295.624s][info ][safepoint    ] Leaving safepoint region
[295.624s][info ][safepoint    ] Total time for which application threads were stopped: 0.0000795 seconds, Stopping threads took: 0.0000179 seconds
[296.361s][info ][safepoint    ] Application time: 0.7373938 seconds
[296.361s][info ][safepoint    ] Entering safepoint region: GenCollectForAllocation
[296.362s][info ][gc,start     ] GC(198) Pause Young (Allocation Failure)
[296.362s][info ][gc,task      ] GC(198) Using 4 workers of 4 for evacuation
[296.364s][debug][gc,ref       ] GC(198) Skipped phase1 of Reference Processing due to unavailable references
[296.364s][debug][gc,ref       ] GC(198) Skipped phase2 of Reference Processing due to unavailable references
[296.364s][debug][gc,ref       ] GC(198) Skipped phase3 of Reference Processing due to unavailable references
[296.364s][debug][gc,ref       ] GC(198) Skipped phase4 of Reference Processing due to unavailable references
[296.364s][debug][gc,age       ] GC(198) Desired survivor size 15400960 bytes, new threshold 6 (max threshold 6)
[296.364s][info ][gc,heap      ] GC(198) ParNew: 242375K->2084K(270976K)
[296.364s][info ][gc,heap      ] GC(198) CMS: 266027K->266037K(602112K)
[296.364s][info ][gc,metaspace ] GC(198) Metaspace: 57661K->57661K(1101824K)
[296.364s][info ][gc           ] GC(198) Pause Young (Allocation Failure) 496M->261M(852M) 2.720ms
[296.364s][info ][gc,cpu       ] GC(198) User=0.01s Sys=0.00s Real=0.00s
[296.364s][info ][safepoint    ] Leaving safepoint region
[296.364s][info ][safepoint    ] Total time for which application threads were stopped: 0.0029033 seconds, Stopping threads took: 0.0000424 seconds
[297.364s][info ][safepoint    ] Application time: 1.0000815 seconds
[297.364s][info ][safepoint    ] Entering safepoint region: Cleanup
[297.365s][info ][safepoint    ] Leaving safepoint region
[297.365s][info ][safepoint    ] Total time for which application threads were stopped: 0.0001314 seconds, Stopping threads took: 0.0000440 seconds
[298.365s][info ][safepoint    ] Application time: 1.0000967 seconds
[298.365s][info ][safepoint    ] Entering safepoint region: Cleanup
[298.365s][info ][safepoint    ] Leaving safepoint region
[298.365s][info ][safepoint    ] Total time for which application threads were stopped: 0.0001635 seconds, Stopping threads took: 0.0000659 seconds
[299.791s][info ][safepoint    ] Application time: 1.4259403 seconds
[299.791s][info ][safepoint    ] Entering safepoint region: GenCollectForAllocation
[299.791s][info ][gc,start     ] GC(199) Pause Young (Allocation Failure)
[299.791s][info ][gc,task      ] GC(199) Using 4 workers of 4 for evacuation
[299.794s][debug][gc,ref       ] GC(199) Skipped phase1 of Reference Processing due to unavailable references
[299.794s][debug][gc,ref       ] GC(199) Skipped phase2 of Reference Processing due to unavailable references
[299.794s][debug][gc,ref       ] GC(199) Skipped phase3 of Reference Processing due to unavailable references
[299.794s][debug][gc,ref       ] GC(199) Skipped phase4 of Reference Processing due to unavailable references
[299.794s][debug][gc,age       ] GC(199) Desired survivor size 15400960 bytes, new threshold 6 (max threshold 6)
[299.794s][info ][gc,heap      ] GC(199) ParNew: 242922K->1914K(270976K)
[299.794s][info ][gc,heap      ] GC(199) CMS: 266037K->266095K(602112K)
[299.794s][info ][gc,metaspace ] GC(199) Metaspace: 57661K->57661K(1101824K)
[299.794s][info ][gc           ] GC(199) Pause Young (Allocation Failure) 497M->261M(852M) 2.773ms
[299.794s][info ][gc,cpu       ] GC(199) User=0.01s Sys=0.00s Real=0.00s
[299.794s][info ][safepoint    ] Leaving safepoint region
[299.794s][info ][safepoint    ] Total time for which application threads were stopped: 0.0029273 seconds, Stopping threads took: 0.0000180 seconds
[302.794s][info ][safepoint    ] Application time: 3.0002894 seconds
[302.794s][info ][safepoint    ] Entering safepoint region: Cleanup
[302.794s][info ][safepoint    ] Leaving safepoint region
[302.794s][info ][safepoint    ] Total time for which application threads were stopped: 0.0000925 seconds, Stopping threads took: 0.0000187 seconds
[303.612s][info ][safepoint    ] Application time: 0.8172915 seconds
[303.612s][info ][safepoint    ] Entering safepoint region: GenCollectForAllocation
[303.612s][info ][gc,start     ] GC(200) Pause Young (Allocation Failure)
[303.612s][info ][gc,task      ] GC(200) Using 4 workers of 4 for evacuation
[303.614s][debug][gc,ref       ] GC(200) Skipped phase1 of Reference Processing due to unavailable references
[303.614s][debug][gc,ref       ] GC(200) Skipped phase2 of Reference Processing due to unavailable references
[303.614s][debug][gc,ref       ] GC(200) Skipped phase3 of Reference Processing due to unavailable references
[303.614s][debug][gc,ref       ] GC(200) Skipped phase4 of Reference Processing due to unavailable references
[303.614s][debug][gc,age       ] GC(200) Desired survivor size 15400960 bytes, new threshold 6 (max threshold 6)
[303.614s][info ][gc,heap      ] GC(200) ParNew: 242810K->1607K(270976K)
[303.615s][info ][gc,heap      ] GC(200) CMS: 266095K->266198K(602112K)
[303.615s][info ][gc,metaspace ] GC(200) Metaspace: 57661K->57661K(1101824K)
[303.615s][info ][gc           ] GC(200) Pause Young (Allocation Failure) 496M->261M(852M) 2.817ms
[303.615s][info ][gc,cpu       ] GC(200) User=0.01s Sys=0.00s Real=0.00s
[303.615s][info ][safepoint    ] Leaving safepoint region
[303.615s][info ][safepoint    ] Total time for which application threads were stopped: 0.0030291 seconds, Stopping threads took: 0.0000662 seconds
[307.368s][info ][safepoint    ] Application time: 3.7532427 seconds
[307.368s][info ][safepoint    ] Entering safepoint region: GenCollectForAllocation
[307.368s][info ][gc,start     ] GC(201) Pause Young (Allocation Failure)
[307.368s][info ][gc,task      ] GC(201) Using 4 workers of 4 for evacuation
[307.371s][debug][gc,ref       ] GC(201) Skipped phase1 of Reference Processing due to unavailable references
[307.371s][debug][gc,ref       ] GC(201) Skipped phase2 of Reference Processing due to unavailable references
[307.371s][debug][gc,ref       ] GC(201) Skipped phase3 of Reference Processing due to unavailable references
[307.371s][debug][gc,ref       ] GC(201) Skipped phase4 of Reference Processing due to unavailable references
[307.371s][debug][gc,age       ] GC(201) Desired survivor size 15400960 bytes, new threshold 6 (max threshold 6)
[307.371s][info ][gc,heap      ] GC(201) ParNew: 242503K->1888K(270976K)
[307.371s][info ][gc,heap      ] GC(201) CMS: 266198K->266230K(602112K)
[307.371s][info ][gc,metaspace ] GC(201) Metaspace: 57662K->57662K(1101824K)
[307.371s][info ][gc           ] GC(201) Pause Young (Allocation Failure) 496M->261M(852M) 2.726ms
[307.371s][info ][gc,cpu       ] GC(201) User=0.01s Sys=0.00s Real=0.01s
[307.371s][info ][safepoint    ] Leaving safepoint region
[307.371s][info ][safepoint    ] Total time for which application threads were stopped: 0.0029013 seconds, Stopping threads took: 0.0000179 seconds
[309.371s][info ][safepoint    ] Application time: 2.0001845 seconds
[309.371s][info ][safepoint    ] Entering safepoint region: Cleanup
[309.371s][info ][safepoint    ] Leaving safepoint region
[309.371s][info ][safepoint    ] Total time for which application threads were stopped: 0.0001244 seconds, Stopping threads took: 0.0000458 seconds
[311.063s][info ][safepoint    ] Application time: 1.6923285 seconds
[311.064s][info ][safepoint    ] Entering safepoint region: GenCollectForAllocation
[311.064s][info ][gc,start     ] GC(202) Pause Young (Allocation Failure)
[311.064s][info ][gc,task      ] GC(202) Using 4 workers of 4 for evacuation
[311.067s][debug][gc,ref       ] GC(202) Skipped phase1 of Reference Processing due to unavailable references
[311.067s][debug][gc,ref       ] GC(202) Skipped phase2 of Reference Processing due to unavailable references
[311.067s][debug][gc,ref       ] GC(202) Skipped phase3 of Reference Processing due to unavailable references
[311.067s][debug][gc,ref       ] GC(202) Skipped phase4 of Reference Processing due to unavailable references
[311.067s][debug][gc,age       ] GC(202) Desired survivor size 15400960 bytes, new threshold 6 (max threshold 6)
[311.067s][info ][gc,heap      ] GC(202) ParNew: 242784K->1891K(270976K)
[311.067s][info ][gc,heap      ] GC(202) CMS: 266230K->266332K(602112K)
[311.067s][info ][gc,metaspace ] GC(202) Metaspace: 57663K->57663K(1101824K)
[311.067s][info ][gc           ] GC(202) Pause Young (Allocation Failure) 497M->261M(852M) 3.106ms
[311.067s][info ][gc,cpu       ] GC(202) User=0.01s Sys=0.00s Real=0.00s
[311.067s][info ][safepoint    ] Leaving safepoint region
[311.067s][info ][safepoint    ] Total time for which application threads were stopped: 0.0032742 seconds, Stopping threads took: 0.0000352 seconds
[312.067s][info ][safepoint    ] Application time: 1.0000980 seconds
[312.067s][info ][safepoint    ] Entering safepoint region: Cleanup
[312.067s][info ][safepoint    ] Leaving safepoint region
[312.067s][info ][safepoint    ] Total time for which application threads were stopped: 0.0001057 seconds, Stopping threads took: 0.0000401 seconds
[313.883s][info ][safepoint    ] Application time: 1.8162708 seconds
[313.883s][info ][safepoint    ] Entering safepoint region: GenCollectForAllocation
[313.883s][info ][safepoint    ] Leaving safepoint region
[313.883s][info ][safepoint    ] Total time for which application threads were stopped: 0.0001604 seconds, Stopping threads took: 0.0000169 seconds
[313.884s][info ][safepoint    ] Application time: 0.0000899 seconds
[313.884s][info ][safepoint    ] Entering safepoint region: GenCollectFull
[313.884s][info ][gc,start     ] GC(203) Pause Young (GCLocker Initiated GC)
[313.884s][info ][gc,task      ] GC(203) Using 4 workers of 4 for evacuation
[313.890s][debug][gc,ref       ] GC(203) Skipped phase1 of Reference Processing due to unavailable references
[313.890s][debug][gc,ref       ] GC(203) Skipped phase3 of Reference Processing due to unavailable references
[313.890s][debug][gc,age       ] GC(203) Desired survivor size 15400960 bytes, new threshold 6 (max threshold 6)
[313.890s][info ][gc,heap      ] GC(203) ParNew: 242819K->9574K(270976K)
[313.890s][info ][gc,heap      ] GC(203) CMS: 266332K->266412K(602112K)
[313.890s][info ][gc,metaspace ] GC(203) Metaspace: 57703K->57703K(1101824K)
[313.890s][info ][gc           ] GC(203) Pause Young (GCLocker Initiated GC) 497M->269M(852M) 6.189ms
[313.890s][info ][gc,cpu       ] GC(203) User=0.03s Sys=0.00s Real=0.01s
[313.890s][info ][safepoint    ] Leaving safepoint region
[313.890s][info ][safepoint    ] Total time for which application threads were stopped: 0.0063419 seconds, Stopping threads took: 0.0000507 seconds
[314.890s][info ][safepoint    ] Application time: 1.0000992 seconds
[314.890s][info ][safepoint    ] Entering safepoint region: Cleanup
[314.890s][info ][safepoint    ] Leaving safepoint region
[314.890s][info ][safepoint    ] Total time for which application threads were stopped: 0.0000970 seconds, Stopping threads took: 0.0000340 seconds
[315.890s][info ][safepoint    ] Application time: 1.0000777 seconds
[315.890s][info ][safepoint    ] Entering safepoint region: Cleanup
[315.890s][info ][safepoint    ] Leaving safepoint region
[315.890s][info ][safepoint    ] Total time for which application threads were stopped: 0.0000982 seconds, Stopping threads took: 0.0000188 seconds
[316.891s][info ][safepoint    ] Application time: 1.0001260 seconds
[316.891s][info ][safepoint    ] Entering safepoint region: Cleanup
[316.891s][info ][safepoint    ] Leaving safepoint region
[316.891s][info ][safepoint    ] Total time for which application threads were stopped: 0.0001666 seconds, Stopping threads took: 0.0000288 seconds
[317.461s][info ][safepoint    ] Application time: 0.5705665 seconds
[317.461s][info ][safepoint    ] Entering safepoint region: GenCollectForAllocation
[317.462s][info ][gc,start     ] GC(204) Pause Young (Allocation Failure)
[317.462s][info ][gc,task      ] GC(204) Using 4 workers of 4 for evacuation
[317.465s][debug][gc,ref       ] GC(204) Skipped phase1 of Reference Processing due to unavailable references
[317.465s][debug][gc,ref       ] GC(204) Skipped phase2 of Reference Processing due to unavailable references
[317.465s][debug][gc,ref       ] GC(204) Skipped phase3 of Reference Processing due to unavailable references
[317.465s][debug][gc,ref       ] GC(204) Skipped phase4 of Reference Processing due to unavailable references
[317.465s][debug][gc,age       ] GC(204) Desired survivor size 15400960 bytes, new threshold 6 (max threshold 6)
[317.465s][info ][gc,heap      ] GC(204) ParNew: 250470K->6994K(270976K)
[317.465s][info ][gc,heap      ] GC(204) CMS: 266412K->266616K(602112K)
[317.465s][info ][gc,metaspace ] GC(204) Metaspace: 57703K->57703K(1101824K)
[317.465s][info ][gc           ] GC(204) Pause Young (Allocation Failure) 504M->267M(852M) 3.342ms
[317.465s][info ][gc,cpu       ] GC(204) User=0.01s Sys=0.00s Real=0.00s
[317.465s][info ][safepoint    ] Leaving safepoint region
[317.465s][info ][safepoint    ] Total time for which application threads were stopped: 0.0036213 seconds, Stopping threads took: 0.0001244 seconds
[318.465s][info ][safepoint    ] Application time: 1.0001055 seconds
[318.465s][info ][safepoint    ] Entering safepoint region: Cleanup
[318.465s][info ][safepoint    ] Leaving safepoint region
[318.465s][info ][safepoint    ] Total time for which application threads were stopped: 0.0001284 seconds, Stopping threads took: 0.0000434 seconds
[319.467s][info ][safepoint    ] Application time: 1.0014146 seconds
[319.467s][info ][safepoint    ] Entering safepoint region: Cleanup
[319.467s][info ][safepoint    ] Leaving safepoint region
[319.467s][info ][safepoint    ] Total time for which application threads were stopped: 0.0001290 seconds, Stopping threads took: 0.0000467 seconds
[320.467s][info ][safepoint    ] Application time: 1.0000917 seconds
[320.467s][info ][safepoint    ] Entering safepoint region: Cleanup
[320.467s][info ][safepoint    ] Leaving safepoint region
[320.467s][info ][safepoint    ] Total time for which application threads were stopped: 0.0001587 seconds, Stopping threads took: 0.0000753 seconds
[321.365s][info ][safepoint    ] Application time: 0.8982851 seconds
[321.366s][info ][safepoint    ] Entering safepoint region: GenCollectForAllocation
[321.366s][info ][gc,start     ] GC(205) Pause Young (Allocation Failure)
[321.366s][info ][gc,task      ] GC(205) Using 4 workers of 4 for evacuation
[321.368s][debug][gc,ref       ] GC(205) Skipped phase1 of Reference Processing due to unavailable references
[321.369s][debug][gc,ref       ] GC(205) Skipped phase3 of Reference Processing due to unavailable references
[321.369s][debug][gc,age       ] GC(205) Desired survivor size 15400960 bytes, new threshold 6 (max threshold 6)
[321.369s][info ][gc,heap      ] GC(205) ParNew: 247890K->2064K(270976K)
[321.369s][info ][gc,heap      ] GC(205) CMS: 266616K->266666K(602112K)
[321.369s][info ][gc,metaspace ] GC(205) Metaspace: 57714K->57714K(1101824K)
[321.369s][info ][gc           ] GC(205) Pause Young (Allocation Failure) 502M->262M(852M) 3.063ms
[321.369s][info ][gc,cpu       ] GC(205) User=0.02s Sys=0.00s Real=0.01s
[321.369s][info ][safepoint    ] Leaving safepoint region
[321.369s][info ][safepoint    ] Total time for which application threads were stopped: 0.0032298 seconds, Stopping threads took: 0.0000322 seconds
[322.369s][info ][safepoint    ] Application time: 1.0001255 seconds
[322.369s][info ][safepoint    ] Entering safepoint region: Cleanup
[322.369s][info ][safepoint    ] Leaving safepoint region
[322.369s][info ][safepoint    ] Total time for which application threads were stopped: 0.0001162 seconds, Stopping threads took: 0.0000435 seconds
[323.370s][info ][safepoint    ] Application time: 1.0005210 seconds
[323.370s][info ][safepoint    ] Entering safepoint region: Cleanup
[323.370s][info ][safepoint    ] Leaving safepoint region
[323.370s][info ][safepoint    ] Total time for which application threads were stopped: 0.0001503 seconds, Stopping threads took: 0.0000554 seconds
[324.861s][info ][safepoint    ] Application time: 1.4913512 seconds
[324.861s][info ][safepoint    ] Entering safepoint region: GenCollectForAllocation
[324.861s][info ][gc,start     ] GC(206) Pause Young (Allocation Failure)
[324.861s][info ][gc,task      ] GC(206) Using 4 workers of 4 for evacuation
[324.864s][debug][gc,ref       ] GC(206) Skipped phase1 of Reference Processing due to unavailable references
[324.864s][debug][gc,ref       ] GC(206) Skipped phase3 of Reference Processing due to unavailable references
[324.864s][debug][gc,ref       ] GC(206) Skipped phase4 of Reference Processing due to unavailable references
[324.864s][debug][gc,age       ] GC(206) Desired survivor size 15400960 bytes, new threshold 6 (max threshold 6)
[324.864s][info ][gc,heap      ] GC(206) ParNew: 242960K->1695K(270976K)
[324.865s][info ][gc,heap      ] GC(206) CMS: 266666K->266714K(602112K)
[324.865s][info ][gc,metaspace ] GC(206) Metaspace: 57715K->57715K(1101824K)
[324.865s][info ][gc           ] GC(206) Pause Young (Allocation Failure) 497M->262M(852M) 3.244ms
[324.865s][info ][gc,cpu       ] GC(206) User=0.01s Sys=0.00s Real=0.00s
[324.865s][info ][safepoint    ] Leaving safepoint region
[324.865s][info ][safepoint    ] Total time for which application threads were stopped: 0.0034540 seconds, Stopping threads took: 0.0000756 seconds
[327.865s][info ][safepoint    ] Application time: 3.0002228 seconds
[327.865s][info ][safepoint    ] Entering safepoint region: Cleanup
[327.865s][info ][safepoint    ] Leaving safepoint region
[327.865s][info ][safepoint    ] Total time for which application threads were stopped: 0.0003299 seconds, Stopping threads took: 0.0002616 seconds
[328.620s][info ][safepoint    ] Application time: 0.7549781 seconds
[328.620s][info ][safepoint    ] Entering safepoint region: GenCollectForAllocation
[328.620s][info ][gc,start     ] GC(207) Pause Young (Allocation Failure)
[328.620s][info ][gc,task      ] GC(207) Using 4 workers of 4 for evacuation
[328.623s][debug][gc,ref       ] GC(207) Skipped phase1 of Reference Processing due to unavailable references
[328.623s][debug][gc,ref       ] GC(207) Skipped phase3 of Reference Processing due to unavailable references
[328.623s][debug][gc,ref       ] GC(207) Skipped phase4 of Reference Processing due to unavailable references
[328.623s][debug][gc,age       ] GC(207) Desired survivor size 15400960 bytes, new threshold 6 (max threshold 6)
[328.623s][info ][gc,heap      ] GC(207) ParNew: 242591K->1888K(270976K)
[328.623s][info ][gc,heap      ] GC(207) CMS: 266714K->266784K(602112K)
[328.623s][info ][gc,metaspace ] GC(207) Metaspace: 57715K->57715K(1101824K)
[328.623s][info ][gc           ] GC(207) Pause Young (Allocation Failure) 497M->262M(852M) 2.989ms
[328.623s][info ][gc,cpu       ] GC(207) User=0.01s Sys=0.00s Real=0.00s
[328.623s][info ][safepoint    ] Leaving safepoint region
[328.623s][info ][safepoint    ] Total time for which application threads were stopped: 0.0031432 seconds, Stopping threads took: 0.0000174 seconds
[329.623s][info ][safepoint    ] Application time: 1.0001039 seconds
[329.624s][info ][safepoint    ] Entering safepoint region: Cleanup
[329.624s][info ][safepoint    ] Leaving safepoint region
[329.624s][info ][safepoint    ] Total time for which application threads were stopped: 0.0001195 seconds, Stopping threads took: 0.0000544 seconds
[330.624s][info ][safepoint    ] Application time: 1.0001470 seconds
[330.624s][info ][safepoint    ] Entering safepoint region: Cleanup
[330.624s][info ][safepoint    ] Leaving safepoint region
[330.624s][info ][safepoint    ] Total time for which application threads were stopped: 0.0001520 seconds, Stopping threads took: 0.0000765 seconds
[332.023s][info ][safepoint    ] Application time: 1.3993088 seconds
[332.023s][info ][safepoint    ] Entering safepoint region: GenCollectForAllocation
[332.023s][info ][gc,start     ] GC(208) Pause Young (Allocation Failure)
[332.024s][info ][gc,task      ] GC(208) Using 4 workers of 4 for evacuation
[332.026s][debug][gc,ref       ] GC(208) Skipped phase1 of Reference Processing due to unavailable references
[332.026s][debug][gc,ref       ] GC(208) Skipped phase3 of Reference Processing due to unavailable references
[332.026s][debug][gc,ref       ] GC(208) Skipped phase4 of Reference Processing due to unavailable references
[332.027s][debug][gc,age       ] GC(208) Desired survivor size 15400960 bytes, new threshold 6 (max threshold 6)
[332.027s][info ][gc,heap      ] GC(208) ParNew: 242784K->2544K(270976K)
[332.027s][info ][gc,heap      ] GC(208) CMS: 266784K->266899K(602112K)
[332.027s][info ][gc,metaspace ] GC(208) Metaspace: 57717K->57717K(1101824K)
[332.027s][info ][gc           ] GC(208) Pause Young (Allocation Failure) 497M->263M(852M) 3.131ms
[332.027s][info ][gc,cpu       ] GC(208) User=0.01s Sys=0.00s Real=0.00s
[332.027s][info ][safepoint    ] Leaving safepoint region
[332.027s][info ][safepoint    ] Total time for which application threads were stopped: 0.0033285 seconds, Stopping threads took: 0.0000364 seconds
[335.027s][info ][safepoint    ] Application time: 3.0003447 seconds
[335.027s][info ][safepoint    ] Entering safepoint region: Cleanup
[335.027s][info ][safepoint    ] Leaving safepoint region
[335.027s][info ][safepoint    ] Total time for which application threads were stopped: 0.0000817 seconds, Stopping threads took: 0.0000202 seconds
[335.711s][info ][safepoint    ] Application time: 0.6840708 seconds
[335.711s][info ][safepoint    ] Entering safepoint region: GenCollectForAllocation
[335.711s][info ][gc,start     ] GC(209) Pause Young (Allocation Failure)
[335.711s][info ][gc,task      ] GC(209) Using 4 workers of 4 for evacuation
[335.715s][debug][gc,ref       ] GC(209) Skipped phase1 of Reference Processing due to unavailable references
[335.715s][debug][gc,ref       ] GC(209) Skipped phase3 of Reference Processing due to unavailable references
[335.715s][debug][gc,ref       ] GC(209) Skipped phase4 of Reference Processing due to unavailable references
[335.715s][debug][gc,age       ] GC(209) Desired survivor size 15400960 bytes, new threshold 6 (max threshold 6)
[335.715s][info ][gc,heap      ] GC(209) ParNew: 243440K->1657K(270976K)
[335.715s][info ][gc,heap      ] GC(209) CMS: 266899K->267029K(602112K)
[335.715s][info ][gc,metaspace ] GC(209) Metaspace: 57718K->57718K(1101824K)
[335.715s][info ][gc           ] GC(209) Pause Young (Allocation Failure) 498M->262M(852M) 3.350ms
[335.715s][info ][gc,cpu       ] GC(209) User=0.01s Sys=0.00s Real=0.00s
[335.715s][info ][safepoint    ] Leaving safepoint region
[335.715s][info ][safepoint    ] Total time for which application threads were stopped: 0.0035302 seconds, Stopping threads took: 0.0000462 seconds
[337.715s][info ][safepoint    ] Application time: 2.0001978 seconds
[337.715s][info ][safepoint    ] Entering safepoint region: Cleanup
[337.715s][info ][safepoint    ] Leaving safepoint region
[337.715s][info ][safepoint    ] Total time for which application threads were stopped: 0.0001325 seconds, Stopping threads took: 0.0000525 seconds
[339.366s][info ][safepoint    ] Application time: 1.6506367 seconds
[339.366s][info ][safepoint    ] Entering safepoint region: GenCollectForAllocation
[339.366s][info ][gc,start     ] GC(210) Pause Young (Allocation Failure)
[339.366s][info ][gc,task      ] GC(210) Using 4 workers of 4 for evacuation
[339.369s][debug][gc,ref       ] GC(210) Skipped phase1 of Reference Processing due to unavailable references
[339.369s][debug][gc,ref       ] GC(210) Skipped phase3 of Reference Processing due to unavailable references
[339.369s][debug][gc,ref       ] GC(210) Skipped phase4 of Reference Processing due to unavailable references
[339.369s][debug][gc,age       ] GC(210) Desired survivor size 15400960 bytes, new threshold 6 (max threshold 6)
[339.369s][info ][gc,heap      ] GC(210) ParNew: 242553K->1851K(270976K)
[339.369s][info ][gc,heap      ] GC(210) CMS: 267029K->267114K(602112K)
[339.369s][info ][gc,metaspace ] GC(210) Metaspace: 57718K->57718K(1101824K)
[339.369s][info ][gc           ] GC(210) Pause Young (Allocation Failure) 497M->262M(852M) 3.026ms
[339.369s][info ][gc,cpu       ] GC(210) User=0.02s Sys=0.00s Real=0.01s
[339.369s][info ][safepoint    ] Leaving safepoint region
[339.369s][info ][safepoint    ] Total time for which application threads were stopped: 0.0031730 seconds, Stopping threads took: 0.0000178 seconds
[340.369s][info ][safepoint    ] Application time: 1.0000682 seconds
[340.369s][info ][safepoint    ] Entering safepoint region: Cleanup
[340.369s][info ][safepoint    ] Leaving safepoint region
[340.369s][info ][safepoint    ] Total time for which application threads were stopped: 0.0001107 seconds, Stopping threads took: 0.0000441 seconds
[341.369s][info ][safepoint    ] Application time: 1.0001381 seconds
[341.369s][info ][safepoint    ] Entering safepoint region: Cleanup
[341.370s][info ][safepoint    ] Leaving safepoint region
[341.370s][info ][safepoint    ] Total time for which application threads were stopped: 0.0001289 seconds, Stopping threads took: 0.0000454 seconds
[342.370s][info ][safepoint    ] Application time: 1.0001500 seconds
[342.370s][info ][safepoint    ] Entering safepoint region: Cleanup
[342.370s][info ][safepoint    ] Leaving safepoint region
[342.370s][info ][safepoint    ] Total time for which application threads were stopped: 0.0001306 seconds, Stopping threads took: 0.0000518 seconds
[342.972s][info ][safepoint    ] Application time: 0.6017918 seconds
[342.972s][info ][safepoint    ] Entering safepoint region: GenCollectForAllocation
[342.972s][info ][gc,start     ] GC(211) Pause Young (Allocation Failure)
[342.972s][info ][gc,task      ] GC(211) Using 4 workers of 4 for evacuation
[342.975s][debug][gc,ref       ] GC(211) Skipped phase1 of Reference Processing due to unavailable references
[342.975s][debug][gc,ref       ] GC(211) Skipped phase2 of Reference Processing due to unavailable references
[342.975s][debug][gc,ref       ] GC(211) Skipped phase3 of Reference Processing due to unavailable references
[342.975s][debug][gc,ref       ] GC(211) Skipped phase4 of Reference Processing due to unavailable references
[342.975s][debug][gc,age       ] GC(211) Desired survivor size 15400960 bytes, new threshold 6 (max threshold 6)
[342.975s][info ][gc,heap      ] GC(211) ParNew: 242747K->1655K(270976K)
[342.975s][info ][gc,heap      ] GC(211) CMS: 267114K->267229K(602112K)
[342.975s][info ][gc,metaspace ] GC(211) Metaspace: 57718K->57718K(1101824K)
[342.975s][info ][gc           ] GC(211) Pause Young (Allocation Failure) 497M->262M(852M) 3.130ms
[342.975s][info ][gc,cpu       ] GC(211) User=0.01s Sys=0.00s Real=0.00s
[342.975s][info ][safepoint    ] Leaving safepoint region
[342.975s][info ][safepoint    ] Total time for which application threads were stopped: 0.0032876 seconds, Stopping threads took: 0.0000165 seconds
[343.975s][info ][safepoint    ] Application time: 1.0001535 seconds
[343.975s][info ][safepoint    ] Entering safepoint region: Cleanup
[343.975s][info ][safepoint    ] Leaving safepoint region
[343.975s][info ][safepoint    ] Total time for which application threads were stopped: 0.0001286 seconds, Stopping threads took: 0.0000454 seconds
[344.813s][info ][safepoint    ] Application time: 0.8381309 seconds
[344.814s][info ][safepoint    ] Entering safepoint region: GenCollectForAllocation
[344.814s][info ][gc,start     ] GC(212) Pause Young (Allocation Failure)
[344.814s][info ][gc,task      ] GC(212) Using 4 workers of 4 for evacuation
[344.820s][debug][gc,ref       ] GC(212) Skipped phase1 of Reference Processing due to unavailable references
[344.820s][debug][gc,ref       ] GC(212) Skipped phase2 of Reference Processing due to unavailable references
[344.820s][debug][gc,ref       ] GC(212) Skipped phase3 of Reference Processing due to unavailable references
[344.820s][debug][gc,ref       ] GC(212) Skipped phase4 of Reference Processing due to unavailable references
[344.820s][debug][gc,age       ] GC(212) Desired survivor size 15400960 bytes, new threshold 6 (max threshold 6)
[344.821s][info ][gc,heap      ] GC(212) ParNew: 242551K->7947K(270976K)
[344.821s][info ][gc,heap      ] GC(212) CMS: 267229K->267367K(602112K)
[344.821s][info ][gc,metaspace ] GC(212) Metaspace: 57725K->57725K(1101824K)
[344.821s][info ][gc           ] GC(212) Pause Young (Allocation Failure) 497M->268M(852M) 6.886ms
[344.821s][info ][gc,cpu       ] GC(212) User=0.02s Sys=0.00s Real=0.01s
[344.821s][info ][safepoint    ] Leaving safepoint region
[344.822s][info ][safepoint    ] Total time for which application threads were stopped: 0.0082273 seconds, Stopping threads took: 0.0000447 seconds
[345.822s][info ][safepoint    ] Application time: 1.0001109 seconds
[345.822s][info ][safepoint    ] Entering safepoint region: Cleanup
[345.822s][info ][safepoint    ] Leaving safepoint region
[345.822s][info ][safepoint    ] Total time for which application threads were stopped: 0.0001828 seconds, Stopping threads took: 0.0001044 seconds
[346.362s][info ][safepoint    ] Application time: 0.5394723 seconds
[346.362s][info ][safepoint    ] Entering safepoint region: GenCollectForAllocation
[346.362s][info ][gc,start     ] GC(213) Pause Young (Allocation Failure)
[346.362s][info ][gc,task      ] GC(213) Using 4 workers of 4 for evacuation
[346.368s][debug][gc,ref       ] GC(213) Skipped phase1 of Reference Processing due to unavailable references
[346.368s][debug][gc,ref       ] GC(213) Skipped phase2 of Reference Processing due to unavailable references
[346.368s][debug][gc,ref       ] GC(213) Skipped phase3 of Reference Processing due to unavailable references
[346.368s][debug][gc,ref       ] GC(213) Skipped phase4 of Reference Processing due to unavailable references
[346.368s][debug][gc,age       ] GC(213) Desired survivor size 15400960 bytes, new threshold 6 (max threshold 6)
[346.368s][info ][gc,heap      ] GC(213) ParNew: 248843K->11444K(270976K)
[346.368s][info ][gc,heap      ] GC(213) CMS: 267367K->267421K(602112K)
[346.368s][info ][gc,metaspace ] GC(213) Metaspace: 57725K->57725K(1101824K)
[346.368s][info ][gc           ] GC(213) Pause Young (Allocation Failure) 504M->272M(852M) 6.374ms
[346.368s][info ][gc,cpu       ] GC(213) User=0.02s Sys=0.00s Real=0.00s
[346.368s][info ][safepoint    ] Leaving safepoint region
[346.368s][info ][safepoint    ] Total time for which application threads were stopped: 0.0065817 seconds, Stopping threads took: 0.0000619 seconds
[347.368s][info ][safepoint    ] Application time: 1.0001537 seconds
[347.368s][info ][safepoint    ] Entering safepoint region: Cleanup
[347.369s][info ][safepoint    ] Leaving safepoint region
[347.369s][info ][safepoint    ] Total time for which application threads were stopped: 0.0001313 seconds, Stopping threads took: 0.0000431 seconds
[347.877s][info ][safepoint    ] Application time: 0.5085710 seconds
[347.877s][info ][safepoint    ] Entering safepoint region: GenCollectForAllocation
[347.877s][info ][gc,start     ] GC(214) Pause Young (Allocation Failure)
[347.877s][info ][gc,task      ] GC(214) Using 4 workers of 4 for evacuation
[347.884s][debug][gc,ref       ] GC(214) Skipped phase1 of Reference Processing due to unavailable references
[347.884s][debug][gc,ref       ] GC(214) Skipped phase2 of Reference Processing due to unavailable references
[347.884s][debug][gc,ref       ] GC(214) Skipped phase3 of Reference Processing due to unavailable references
[347.884s][debug][gc,ref       ] GC(214) Skipped phase4 of Reference Processing due to unavailable references
[347.884s][debug][gc,age       ] GC(214) Desired survivor size 15400960 bytes, new threshold 6 (max threshold 6)
[347.884s][info ][gc,heap      ] GC(214) ParNew: 252340K->15000K(270976K)
[347.884s][info ][gc,heap      ] GC(214) CMS: 267421K->267599K(602112K)
[347.884s][info ][gc,metaspace ] GC(214) Metaspace: 57726K->57726K(1101824K)
[347.884s][info ][gc           ] GC(214) Pause Young (Allocation Failure) 507M->275M(852M) 6.484ms
[347.884s][info ][gc,cpu       ] GC(214) User=0.03s Sys=0.00s Real=0.00s
[347.884s][info ][safepoint    ] Leaving safepoint region
[347.884s][info ][safepoint    ] Total time for which application threads were stopped: 0.0066808 seconds, Stopping threads took: 0.0000178 seconds
[348.884s][info ][safepoint    ] Application time: 1.0001075 seconds
[348.884s][info ][safepoint    ] Entering safepoint region: Cleanup
[348.884s][info ][safepoint    ] Leaving safepoint region
[348.884s][info ][safepoint    ] Total time for which application threads were stopped: 0.0000797 seconds, Stopping threads took: 0.0000187 seconds
[349.474s][info ][safepoint    ] Application time: 0.5895486 seconds
[349.474s][info ][safepoint    ] Entering safepoint region: GenCollectForAllocation
[349.474s][info ][gc,start     ] GC(215) Pause Young (Allocation Failure)
[349.474s][info ][gc,task      ] GC(215) Using 4 workers of 4 for evacuation
[349.480s][debug][gc,ref       ] GC(215) Skipped phase1 of Reference Processing due to unavailable references
[349.480s][debug][gc,ref       ] GC(215) Skipped phase2 of Reference Processing due to unavailable references
[349.480s][debug][gc,ref       ] GC(215) Skipped phase3 of Reference Processing due to unavailable references
[349.480s][debug][gc,ref       ] GC(215) Skipped phase4 of Reference Processing due to unavailable references
[349.480s][debug][gc,age       ] GC(215) Desired survivor size 15400960 bytes, new threshold 6 (max threshold 6)
[349.480s][info ][gc,heap      ] GC(215) ParNew: 255896K->10032K(270976K)
[349.480s][info ][gc,heap      ] GC(215) CMS: 267599K->267636K(602112K)
[349.480s][info ][gc,metaspace ] GC(215) Metaspace: 57726K->57726K(1101824K)
[349.480s][info ][gc           ] GC(215) Pause Young (Allocation Failure) 511M->271M(852M) 6.256ms
[349.480s][info ][gc,cpu       ] GC(215) User=0.02s Sys=0.00s Real=0.01s
[349.480s][info ][safepoint    ] Leaving safepoint region
[349.480s][info ][safepoint    ] Total time for which application threads were stopped: 0.0064683 seconds, Stopping threads took: 0.0000180 seconds
[350.480s][info ][safepoint    ] Application time: 1.0001087 seconds
[350.480s][info ][safepoint    ] Entering safepoint region: Cleanup
[350.480s][info ][safepoint    ] Leaving safepoint region
[350.480s][info ][safepoint    ] Total time for which application threads were stopped: 0.0001288 seconds, Stopping threads took: 0.0000415 seconds
[351.212s][info ][safepoint    ] Application time: 0.7314667 seconds
[351.212s][info ][safepoint    ] Entering safepoint region: GenCollectForAllocation
[351.212s][info ][gc,start     ] GC(216) Pause Young (Allocation Failure)
[351.212s][info ][gc,task      ] GC(216) Using 4 workers of 4 for evacuation
[351.222s][debug][gc,ref       ] GC(216) Skipped phase1 of Reference Processing due to unavailable references
[351.222s][debug][gc,ref       ] GC(216) Skipped phase2 of Reference Processing due to unavailable references
[351.222s][debug][gc,ref       ] GC(216) Skipped phase3 of Reference Processing due to unavailable references
[351.222s][debug][gc,ref       ] GC(216) Skipped phase4 of Reference Processing due to unavailable references
[351.222s][debug][gc,age       ] GC(216) Desired survivor size 15400960 bytes, new threshold 6 (max threshold 6)
[351.222s][info ][gc,heap      ] GC(216) ParNew: 250928K->13429K(270976K)
[351.222s][info ][gc,heap      ] GC(216) CMS: 267636K->267749K(602112K)
[351.222s][info ][gc,metaspace ] GC(216) Metaspace: 57727K->57727K(1101824K)
[351.222s][info ][gc           ] GC(216) Pause Young (Allocation Failure) 506M->274M(852M) 9.849ms
[351.222s][info ][gc,cpu       ] GC(216) User=0.03s Sys=0.00s Real=0.01s
[351.222s][info ][safepoint    ] Leaving safepoint region
[351.222s][info ][safepoint    ] Total time for which application threads were stopped: 0.0100195 seconds, Stopping threads took: 0.0000322 seconds
[352.988s][info ][safepoint    ] Application time: 1.7658032 seconds
[352.988s][info ][safepoint    ] Entering safepoint region: GenCollectForAllocation
[352.988s][info ][gc,start     ] GC(217) Pause Young (Allocation Failure)
[352.988s][info ][gc,task      ] GC(217) Using 4 workers of 4 for evacuation
[352.994s][debug][gc,ref       ] GC(217) Skipped phase1 of Reference Processing due to unavailable references
[352.994s][debug][gc,ref       ] GC(217) Skipped phase2 of Reference Processing due to unavailable references
[352.994s][debug][gc,ref       ] GC(217) Skipped phase3 of Reference Processing due to unavailable references
[352.994s][debug][gc,ref       ] GC(217) Skipped phase4 of Reference Processing due to unavailable references
[352.994s][debug][gc,age       ] GC(217) Desired survivor size 15400960 bytes, new threshold 6 (max threshold 6)
[352.994s][info ][gc,heap      ] GC(217) ParNew: 254325K->14491K(270976K)
[352.994s][info ][gc,heap      ] GC(217) CMS: 267749K->267788K(602112K)
[352.994s][info ][gc,metaspace ] GC(217) Metaspace: 57727K->57727K(1101824K)
[352.994s][info ][gc           ] GC(217) Pause Young (Allocation Failure) 509M->275M(852M) 6.022ms
[352.994s][info ][gc,cpu       ] GC(217) User=0.03s Sys=0.00s Real=0.01s
[352.994s][info ][safepoint    ] Leaving safepoint region
[352.994s][info ][safepoint    ] Total time for which application threads were stopped: 0.0061907 seconds, Stopping threads took: 0.0000177 seconds
[354.624s][info ][safepoint    ] Application time: 1.6300888 seconds
[354.624s][info ][safepoint    ] Entering safepoint region: GenCollectForAllocation
[354.624s][info ][gc,start     ] GC(218) Pause Young (Allocation Failure)
[354.624s][info ][gc,task      ] GC(218) Using 4 workers of 4 for evacuation
[354.643s][debug][gc,ref       ] GC(218) Skipped phase1 of Reference Processing due to unavailable references
[354.643s][debug][gc,ref       ] GC(218) Skipped phase2 of Reference Processing due to unavailable references
[354.643s][debug][gc,ref       ] GC(218) Skipped phase3 of Reference Processing due to unavailable references
[354.643s][debug][gc,age       ] GC(218) Desired survivor size 15400960 bytes, new threshold 6 (max threshold 6)
[354.643s][info ][gc,heap      ] GC(218) ParNew: 255387K->5260K(270976K)
[354.643s][info ][gc,heap      ] GC(218) CMS: 267788K->272763K(602112K)
[354.643s][info ][gc,metaspace ] GC(218) Metaspace: 57731K->57731K(1101824K)
[354.643s][info ][gc           ] GC(218) Pause Young (Allocation Failure) 510M->271M(852M) 19.253ms
[354.644s][info ][gc,cpu       ] GC(218) User=0.07s Sys=0.00s Real=0.02s
[354.644s][info ][safepoint    ] Leaving safepoint region
[354.644s][info ][safepoint    ] Total time for which application threads were stopped: 0.0194492 seconds, Stopping threads took: 0.0000185 seconds
[355.644s][info ][safepoint    ] Application time: 1.0001073 seconds
[355.644s][info ][safepoint    ] Entering safepoint region: Cleanup
[355.644s][info ][safepoint    ] Leaving safepoint region
[355.644s][info ][safepoint    ] Total time for which application threads were stopped: 0.0001033 seconds, Stopping threads took: 0.0000193 seconds
[356.378s][info ][safepoint    ] Application time: 0.7343574 seconds
[356.378s][info ][safepoint    ] Entering safepoint region: GenCollectForAllocation
[356.378s][info ][gc,start     ] GC(219) Pause Young (Allocation Failure)
[356.378s][info ][gc,task      ] GC(219) Using 4 workers of 4 for evacuation
[356.385s][debug][gc,ref       ] GC(219) Skipped phase1 of Reference Processing due to unavailable references
[356.385s][debug][gc,ref       ] GC(219) Skipped phase2 of Reference Processing due to unavailable references
[356.385s][debug][gc,ref       ] GC(219) Skipped phase3 of Reference Processing due to unavailable references
[356.385s][debug][gc,ref       ] GC(219) Skipped phase4 of Reference Processing due to unavailable references
[356.385s][debug][gc,age       ] GC(219) Desired survivor size 15400960 bytes, new threshold 6 (max threshold 6)
[356.385s][info ][gc,heap      ] GC(219) ParNew: 246156K->5802K(270976K)
[356.385s][info ][gc,heap      ] GC(219) CMS: 272763K->273535K(602112K)
[356.385s][info ][gc,metaspace ] GC(219) Metaspace: 57734K->57734K(1101824K)
[356.385s][info ][gc           ] GC(219) Pause Young (Allocation Failure) 506M->272M(852M) 6.927ms
[356.385s][info ][gc,cpu       ] GC(219) User=0.02s Sys=0.00s Real=0.00s
[356.385s][info ][safepoint    ] Leaving safepoint region
[356.385s][info ][safepoint    ] Total time for which application threads were stopped: 0.0071236 seconds, Stopping threads took: 0.0000188 seconds
[357.385s][info ][safepoint    ] Application time: 1.0001056 seconds
[357.386s][info ][safepoint    ] Entering safepoint region: Cleanup
[357.386s][info ][safepoint    ] Leaving safepoint region
[357.386s][info ][safepoint    ] Total time for which application threads were stopped: 0.0001627 seconds, Stopping threads took: 0.0000934 seconds
[358.028s][info ][safepoint    ] Application time: 0.6427169 seconds
[358.028s][info ][safepoint    ] Entering safepoint region: GenCollectForAllocation
[358.029s][info ][gc,start     ] GC(220) Pause Young (Allocation Failure)
[358.029s][info ][gc,task      ] GC(220) Using 4 workers of 4 for evacuation
[358.032s][debug][gc,ref       ] GC(220) Skipped phase1 of Reference Processing due to unavailable references
[358.033s][debug][gc,ref       ] GC(220) Skipped phase2 of Reference Processing due to unavailable references
[358.033s][debug][gc,ref       ] GC(220) Skipped phase3 of Reference Processing due to unavailable references
[358.033s][debug][gc,ref       ] GC(220) Skipped phase4 of Reference Processing due to unavailable references
[358.033s][debug][gc,age       ] GC(220) Desired survivor size 15400960 bytes, new threshold 6 (max threshold 6)
[358.033s][info ][gc,heap      ] GC(220) ParNew: 246698K->4086K(270976K)
[358.033s][info ][gc,heap      ] GC(220) CMS: 273535K->274503K(602112K)
[358.033s][info ][gc,metaspace ] GC(220) Metaspace: 57736K->57736K(1101824K)
[358.033s][info ][gc           ] GC(220) Pause Young (Allocation Failure) 508M->272M(852M) 4.133ms
[358.033s][info ][gc,cpu       ] GC(220) User=0.02s Sys=0.00s Real=0.00s
[358.033s][info ][safepoint    ] Leaving safepoint region
[358.033s][info ][safepoint    ] Total time for which application threads were stopped: 0.0043112 seconds, Stopping threads took: 0.0000244 seconds
[359.033s][info ][safepoint    ] Application time: 1.0000990 seconds
[359.033s][info ][safepoint    ] Entering safepoint region: Cleanup
[359.033s][info ][safepoint    ] Leaving safepoint region
[359.033s][info ][safepoint    ] Total time for which application threads were stopped: 0.0001586 seconds, Stopping threads took: 0.0000605 seconds
[359.628s][info ][safepoint    ] Application time: 0.5948231 seconds
[359.628s][info ][safepoint    ] Entering safepoint region: GenCollectForAllocation
[359.628s][info ][gc,start     ] GC(221) Pause Young (Allocation Failure)
[359.628s][info ][gc,task      ] GC(221) Using 4 workers of 4 for evacuation
[359.635s][debug][gc,ref       ] GC(221) Skipped phase1 of Reference Processing due to unavailable references
[359.635s][debug][gc,ref       ] GC(221) Skipped phase2 of Reference Processing due to unavailable references
[359.635s][debug][gc,ref       ] GC(221) Skipped phase3 of Reference Processing due to unavailable references
[359.635s][debug][gc,ref       ] GC(221) Skipped phase4 of Reference Processing due to unavailable references
[359.635s][debug][gc,age       ] GC(221) Desired survivor size 15400960 bytes, new threshold 6 (max threshold 6)
[359.635s][info ][gc,heap      ] GC(221) ParNew: 244982K->4227K(270976K)
[359.635s][info ][gc,heap      ] GC(221) CMS: 274503K->274950K(602112K)
[359.635s][info ][gc,metaspace ] GC(221) Metaspace: 57752K->57752K(1101824K)
[359.635s][info ][gc           ] GC(221) Pause Young (Allocation Failure) 507M->272M(852M) 6.838ms
[359.635s][info ][gc,cpu       ] GC(221) User=0.03s Sys=0.00s Real=0.01s
[359.635s][info ][safepoint    ] Leaving safepoint region
[359.635s][info ][safepoint    ] Total time for which application threads were stopped: 0.0070589 seconds, Stopping threads took: 0.0000457 seconds
[360.635s][info ][safepoint    ] Application time: 1.0001128 seconds
[360.635s][info ][safepoint    ] Entering safepoint region: Cleanup
[360.635s][info ][safepoint    ] Leaving safepoint region
[360.635s][info ][safepoint    ] Total time for which application threads were stopped: 0.0001144 seconds, Stopping threads took: 0.0000192 seconds
[361.228s][info ][safepoint    ] Application time: 0.5926170 seconds
[361.228s][info ][safepoint    ] Entering safepoint region: GenCollectForAllocation
[361.228s][info ][gc,start     ] GC(222) Pause Young (Allocation Failure)
[361.228s][info ][gc,task      ] GC(222) Using 4 workers of 4 for evacuation
[361.232s][debug][gc,ref       ] GC(222) Skipped phase1 of Reference Processing due to unavailable references
[361.232s][debug][gc,ref       ] GC(222) Skipped phase2 of Reference Processing due to unavailable references
[361.232s][debug][gc,ref       ] GC(222) Skipped phase3 of Reference Processing due to unavailable references
[361.232s][debug][gc,ref       ] GC(222) Skipped phase4 of Reference Processing due to unavailable references
[361.232s][debug][gc,age       ] GC(222) Desired survivor size 15400960 bytes, new threshold 6 (max threshold 6)
[361.232s][info ][gc,heap      ] GC(222) ParNew: 245123K->3614K(270976K)
[361.232s][info ][gc,heap      ] GC(222) CMS: 274950K->275186K(602112K)
[361.232s][info ][gc,metaspace ] GC(222) Metaspace: 57760K->57760K(1101824K)
[361.232s][info ][gc           ] GC(222) Pause Young (Allocation Failure) 507M->272M(852M) 3.927ms
[361.232s][info ][gc,cpu       ] GC(222) User=0.01s Sys=0.00s Real=0.01s
[361.232s][info ][safepoint    ] Leaving safepoint region
[361.232s][info ][safepoint    ] Total time for which application threads were stopped: 0.0041378 seconds, Stopping threads took: 0.0000449 seconds
[362.232s][info ][safepoint    ] Application time: 1.0001059 seconds
[362.232s][info ][safepoint    ] Entering safepoint region: Cleanup
[362.232s][info ][safepoint    ] Leaving safepoint region
[362.232s][info ][safepoint    ] Total time for which application threads were stopped: 0.0000994 seconds, Stopping threads took: 0.0000181 seconds
[362.781s][info ][safepoint    ] Application time: 0.5482517 seconds
[362.781s][info ][safepoint    ] Entering safepoint region: GenCollectForAllocation
[362.781s][info ][gc,start     ] GC(223) Pause Young (Allocation Failure)
[362.781s][info ][gc,task      ] GC(223) Using 4 workers of 4 for evacuation
[362.784s][debug][gc,ref       ] GC(223) Skipped phase1 of Reference Processing due to unavailable references
[362.784s][debug][gc,ref       ] GC(223) Skipped phase2 of Reference Processing due to unavailable references
[362.784s][debug][gc,ref       ] GC(223) Skipped phase3 of Reference Processing due to unavailable references
[362.784s][debug][gc,ref       ] GC(223) Skipped phase4 of Reference Processing due to unavailable references
[362.784s][debug][gc,age       ] GC(223) Desired survivor size 15400960 bytes, new threshold 6 (max threshold 6)
[362.784s][info ][gc,heap      ] GC(223) ParNew: 244510K->3994K(270976K)
[362.784s][info ][gc,heap      ] GC(223) CMS: 275186K->275304K(602112K)
[362.784s][info ][gc,metaspace ] GC(223) Metaspace: 57760K->57760K(1101824K)
[362.784s][info ][gc           ] GC(223) Pause Young (Allocation Failure) 507M->272M(852M) 3.660ms
[362.784s][info ][gc,cpu       ] GC(223) User=0.01s Sys=0.00s Real=0.00s
[362.784s][info ][safepoint    ] Leaving safepoint region
[362.784s][info ][safepoint    ] Total time for which application threads were stopped: 0.0038531 seconds, Stopping threads took: 0.0000345 seconds
[363.785s][info ][safepoint    ] Application time: 1.0000973 seconds
[363.785s][info ][safepoint    ] Entering safepoint region: Cleanup
[363.785s][info ][safepoint    ] Leaving safepoint region
[363.785s][info ][safepoint    ] Total time for which application threads were stopped: 0.0001432 seconds, Stopping threads took: 0.0000410 seconds
[364.617s][info ][safepoint    ] Application time: 0.8325539 seconds
[364.617s][info ][safepoint    ] Entering safepoint region: GenCollectForAllocation
[364.617s][info ][gc,start     ] GC(224) Pause Young (Allocation Failure)
[364.617s][info ][gc,task      ] GC(224) Using 4 workers of 4 for evacuation
[364.621s][debug][gc,ref       ] GC(224) Skipped phase1 of Reference Processing due to unavailable references
[364.621s][debug][gc,ref       ] GC(224) Skipped phase2 of Reference Processing due to unavailable references
[364.621s][debug][gc,ref       ] GC(224) Skipped phase3 of Reference Processing due to unavailable references
[364.621s][debug][gc,ref       ] GC(224) Skipped phase4 of Reference Processing due to unavailable references
[364.621s][debug][gc,age       ] GC(224) Desired survivor size 15400960 bytes, new threshold 6 (max threshold 6)
[364.621s][info ][gc,heap      ] GC(224) ParNew: 244890K->3065K(270976K)
[364.622s][info ][gc,heap      ] GC(224) CMS: 275304K->275832K(602112K)
[364.622s][info ][gc,metaspace ] GC(224) Metaspace: 57764K->57764K(1101824K)
[364.622s][info ][gc           ] GC(224) Pause Young (Allocation Failure) 508M->272M(852M) 4.076ms
[364.622s][info ][gc,cpu       ] GC(224) User=0.01s Sys=0.00s Real=0.00s
[364.622s][info ][safepoint    ] Leaving safepoint region
[364.622s][info ][safepoint    ] Total time for which application threads were stopped: 0.0042346 seconds, Stopping threads took: 0.0000185 seconds
[365.622s][info ][safepoint    ] Application time: 1.0001066 seconds
[365.622s][info ][safepoint    ] Entering safepoint region: Cleanup
[365.622s][info ][safepoint    ] Leaving safepoint region
[365.622s][info ][safepoint    ] Total time for which application threads were stopped: 0.0001799 seconds, Stopping threads took: 0.0001098 seconds
[366.473s][info ][safepoint    ] Application time: 0.8511651 seconds
[366.473s][info ][safepoint    ] Entering safepoint region: GenCollectForAllocation
[366.473s][info ][gc,start     ] GC(225) Pause Young (Allocation Failure)
[366.473s][info ][gc,task      ] GC(225) Using 4 workers of 4 for evacuation
[366.477s][debug][gc,ref       ] GC(225) Skipped phase1 of Reference Processing due to unavailable references
[366.477s][debug][gc,ref       ] GC(225) Skipped phase2 of Reference Processing due to unavailable references
[366.477s][debug][gc,ref       ] GC(225) Skipped phase3 of Reference Processing due to unavailable references
[366.477s][debug][gc,ref       ] GC(225) Skipped phase4 of Reference Processing due to unavailable references
[366.477s][debug][gc,age       ] GC(225) Desired survivor size 15400960 bytes, new threshold 6 (max threshold 6)
[366.477s][info ][gc,heap      ] GC(225) ParNew: 243961K->2686K(270976K)
[366.477s][info ][gc,heap      ] GC(225) CMS: 275832K->276002K(602112K)
[366.477s][info ][gc,metaspace ] GC(225) Metaspace: 57764K->57764K(1101824K)
[366.477s][info ][gc           ] GC(225) Pause Young (Allocation Failure) 507M->272M(852M) 4.015ms
[366.477s][info ][gc,cpu       ] GC(225) User=0.02s Sys=0.00s Real=0.01s
[366.477s][info ][safepoint    ] Leaving safepoint region
[366.477s][info ][safepoint    ] Total time for which application threads were stopped: 0.0042486 seconds, Stopping threads took: 0.0000186 seconds
[367.478s][info ][safepoint    ] Application time: 1.0003640 seconds
[367.478s][info ][safepoint    ] Entering safepoint region: Cleanup
[367.478s][info ][safepoint    ] Leaving safepoint region
[367.478s][info ][safepoint    ] Total time for which application threads were stopped: 0.0001406 seconds, Stopping threads took: 0.0000697 seconds
[368.223s][info ][safepoint    ] Application time: 0.7448390 seconds
[368.223s][info ][safepoint    ] Entering safepoint region: GenCollectForAllocation
[368.223s][info ][gc,start     ] GC(226) Pause Young (Allocation Failure)
[368.223s][info ][gc,task      ] GC(226) Using 4 workers of 4 for evacuation
[368.230s][debug][gc,ref       ] GC(226) Skipped phase1 of Reference Processing due to unavailable references
[368.230s][debug][gc,ref       ] GC(226) Skipped phase2 of Reference Processing due to unavailable references
[368.230s][debug][gc,ref       ] GC(226) Skipped phase3 of Reference Processing due to unavailable references
[368.230s][debug][gc,ref       ] GC(226) Skipped phase4 of Reference Processing due to unavailable references
[368.230s][debug][gc,age       ] GC(226) Desired survivor size 15400960 bytes, new threshold 6 (max threshold 6)
[368.230s][info ][gc,heap      ] GC(226) ParNew: 243582K->3472K(270976K)
[368.230s][info ][gc,heap      ] GC(226) CMS: 276002K->276079K(602112K)
[368.230s][info ][gc,metaspace ] GC(226) Metaspace: 57764K->57764K(1101824K)
[368.230s][info ][gc           ] GC(226) Pause Young (Allocation Failure) 507M->273M(852M) 7.425ms
[368.230s][info ][gc,cpu       ] GC(226) User=0.03s Sys=0.00s Real=0.01s
[368.230s][info ][safepoint    ] Leaving safepoint region
[368.230s][info ][safepoint    ] Total time for which application threads were stopped: 0.0075872 seconds, Stopping threads took: 0.0000189 seconds
[369.231s][info ][safepoint    ] Application time: 1.0001318 seconds
[369.231s][info ][safepoint    ] Entering safepoint region: Cleanup
[369.231s][info ][safepoint    ] Leaving safepoint region
[369.231s][info ][safepoint    ] Total time for which application threads were stopped: 0.0000774 seconds, Stopping threads took: 0.0000186 seconds
[370.082s][info ][safepoint    ] Application time: 0.8515011 seconds
[370.082s][info ][safepoint    ] Entering safepoint region: GenCollectForAllocation
[370.082s][info ][gc,start     ] GC(227) Pause Young (Allocation Failure)
[370.082s][info ][gc,task      ] GC(227) Using 4 workers of 4 for evacuation
[370.085s][debug][gc,ref       ] GC(227) Skipped phase1 of Reference Processing due to unavailable references
[370.086s][debug][gc,ref       ] GC(227) Skipped phase2 of Reference Processing due to unavailable references
[370.086s][debug][gc,ref       ] GC(227) Skipped phase3 of Reference Processing due to unavailable references
[370.086s][debug][gc,ref       ] GC(227) Skipped phase4 of Reference Processing due to unavailable references
[370.086s][debug][gc,age       ] GC(227) Desired survivor size 15400960 bytes, new threshold 6 (max threshold 6)
[370.086s][info ][gc,heap      ] GC(227) ParNew: 244368K->2697K(270976K)
[370.086s][info ][gc,heap      ] GC(227) CMS: 276079K->276195K(602112K)
[370.086s][info ][gc,metaspace ] GC(227) Metaspace: 57764K->57764K(1101824K)
[370.086s][info ][gc           ] GC(227) Pause Young (Allocation Failure) 508M->272M(852M) 3.428ms
[370.086s][info ][gc,cpu       ] GC(227) User=0.01s Sys=0.01s Real=0.00s
[370.086s][info ][safepoint    ] Leaving safepoint region
[370.086s][info ][safepoint    ] Total time for which application threads were stopped: 0.0035951 seconds, Stopping threads took: 0.0000176 seconds
[371.086s][info ][safepoint    ] Application time: 1.0000938 seconds
[371.086s][info ][safepoint    ] Entering safepoint region: Cleanup
[371.086s][info ][safepoint    ] Leaving safepoint region
[371.086s][info ][safepoint    ] Total time for which application threads were stopped: 0.0001317 seconds, Stopping threads took: 0.0000437 seconds
[371.783s][info ][safepoint    ] Application time: 0.6965984 seconds
[371.783s][info ][safepoint    ] Entering safepoint region: GenCollectForAllocation
[371.783s][info ][gc,start     ] GC(228) Pause Young (Allocation Failure)
[371.783s][info ][gc,task      ] GC(228) Using 4 workers of 4 for evacuation
[371.786s][debug][gc,ref       ] GC(228) Skipped phase1 of Reference Processing due to unavailable references
[371.786s][debug][gc,ref       ] GC(228) Skipped phase2 of Reference Processing due to unavailable references
[371.786s][debug][gc,ref       ] GC(228) Skipped phase3 of Reference Processing due to unavailable references
[371.786s][debug][gc,ref       ] GC(228) Skipped phase4 of Reference Processing due to unavailable references
[371.786s][debug][gc,age       ] GC(228) Desired survivor size 15400960 bytes, new threshold 6 (max threshold 6)
[371.786s][info ][gc,heap      ] GC(228) ParNew: 243593K->2485K(270976K)
[371.786s][info ][gc,heap      ] GC(228) CMS: 276195K->276313K(602112K)
[371.786s][info ][gc,metaspace ] GC(228) Metaspace: 57764K->57764K(1101824K)
[371.786s][info ][gc           ] GC(228) Pause Young (Allocation Failure) 507M->272M(852M) 3.374ms
[371.786s][info ][gc,cpu       ] GC(228) User=0.01s Sys=0.00s Real=0.00s
[371.786s][info ][safepoint    ] Leaving safepoint region
[371.786s][info ][safepoint    ] Total time for which application threads were stopped: 0.0035279 seconds, Stopping threads took: 0.0000186 seconds
[372.787s][info ][safepoint    ] Application time: 1.0005816 seconds
[372.787s][info ][safepoint    ] Entering safepoint region: Cleanup
[372.787s][info ][safepoint    ] Leaving safepoint region
[372.787s][info ][safepoint    ] Total time for which application threads were stopped: 0.0001149 seconds, Stopping threads took: 0.0000168 seconds
[373.766s][info ][safepoint    ] Application time: 0.9788180 seconds
[373.766s][info ][safepoint    ] Entering safepoint region: GenCollectForAllocation
[373.766s][info ][gc,start     ] GC(229) Pause Young (Allocation Failure)
[373.766s][info ][gc,task      ] GC(229) Using 4 workers of 4 for evacuation
[373.769s][debug][gc,ref       ] GC(229) Skipped phase1 of Reference Processing due to unavailable references
[373.769s][debug][gc,ref       ] GC(229) Skipped phase2 of Reference Processing due to unavailable references
[373.769s][debug][gc,ref       ] GC(229) Skipped phase3 of Reference Processing due to unavailable references
[373.769s][debug][gc,ref       ] GC(229) Skipped phase4 of Reference Processing due to unavailable references
[373.769s][debug][gc,age       ] GC(229) Desired survivor size 15400960 bytes, new threshold 6 (max threshold 6)
[373.769s][info ][gc,heap      ] GC(229) ParNew: 243381K->2527K(270976K)
[373.769s][info ][gc,heap      ] GC(229) CMS: 276313K->276466K(602112K)
[373.769s][info ][gc,metaspace ] GC(229) Metaspace: 57764K->57764K(1101824K)
[373.769s][info ][gc           ] GC(229) Pause Young (Allocation Failure) 507M->272M(852M) 3.125ms
[373.769s][info ][gc,cpu       ] GC(229) User=0.02s Sys=0.00s Real=0.01s
[373.769s][info ][safepoint    ] Leaving safepoint region
[373.769s][info ][safepoint    ] Total time for which application threads were stopped: 0.0033294 seconds, Stopping threads took: 0.0000404 seconds
[374.769s][info ][safepoint    ] Application time: 1.0000953 seconds
[374.769s][info ][safepoint    ] Entering safepoint region: Cleanup
[374.769s][info ][safepoint    ] Leaving safepoint region
[374.769s][info ][safepoint    ] Total time for which application threads were stopped: 0.0001093 seconds, Stopping threads took: 0.0000429 seconds
[375.612s][info ][safepoint    ] Application time: 0.8422889 seconds
[375.612s][info ][safepoint    ] Entering safepoint region: GenCollectForAllocation
[375.612s][info ][gc,start     ] GC(230) Pause Young (Allocation Failure)
[375.612s][info ][gc,task      ] GC(230) Using 4 workers of 4 for evacuation
[375.618s][debug][gc,ref       ] GC(230) Skipped phase1 of Reference Processing due to unavailable references
[375.618s][debug][gc,ref       ] GC(230) Skipped phase2 of Reference Processing due to unavailable references
[375.618s][debug][gc,ref       ] GC(230) Skipped phase3 of Reference Processing due to unavailable references
[375.618s][debug][gc,ref       ] GC(230) Skipped phase4 of Reference Processing due to unavailable references
[375.618s][debug][gc,age       ] GC(230) Desired survivor size 15400960 bytes, new threshold 6 (max threshold 6)
[375.618s][info ][gc,heap      ] GC(230) ParNew: 243423K->2801K(270976K)
[375.618s][info ][gc,heap      ] GC(230) CMS: 276466K->276576K(602112K)
[375.618s][info ][gc,metaspace ] GC(230) Metaspace: 57768K->57768K(1101824K)
[375.618s][info ][gc           ] GC(230) Pause Young (Allocation Failure) 507M->272M(852M) 6.241ms
[375.618s][info ][gc,cpu       ] GC(230) User=0.02s Sys=0.00s Real=0.01s
[375.618s][info ][safepoint    ] Leaving safepoint region
[375.618s][info ][safepoint    ] Total time for which application threads were stopped: 0.0064731 seconds, Stopping threads took: 0.0000809 seconds
[376.618s][info ][safepoint    ] Application time: 1.0001108 seconds
[376.618s][info ][safepoint    ] Entering safepoint region: Cleanup
[376.618s][info ][safepoint    ] Leaving safepoint region
[376.618s][info ][safepoint    ] Total time for which application threads were stopped: 0.0001140 seconds, Stopping threads took: 0.0000452 seconds
[377.528s][info ][safepoint    ] Application time: 0.9090658 seconds
[377.528s][info ][safepoint    ] Entering safepoint region: GenCollectForAllocation
[377.528s][info ][gc,start     ] GC(231) Pause Young (Allocation Failure)
[377.528s][info ][gc,task      ] GC(231) Using 4 workers of 4 for evacuation
[377.531s][debug][gc,ref       ] GC(231) Skipped phase1 of Reference Processing due to unavailable references
[377.531s][debug][gc,ref       ] GC(231) Skipped phase2 of Reference Processing due to unavailable references
[377.531s][debug][gc,ref       ] GC(231) Skipped phase3 of Reference Processing due to unavailable references
[377.531s][debug][gc,ref       ] GC(231) Skipped phase4 of Reference Processing due to unavailable references
[377.531s][debug][gc,age       ] GC(231) Desired survivor size 15400960 bytes, new threshold 6 (max threshold 6)
[377.531s][info ][gc,heap      ] GC(231) ParNew: 243697K->2583K(270976K)
[377.531s][info ][gc,heap      ] GC(231) CMS: 276576K->276651K(602112K)
[377.531s][info ][gc,metaspace ] GC(231) Metaspace: 57768K->57768K(1101824K)
[377.531s][info ][gc           ] GC(231) Pause Young (Allocation Failure) 508M->272M(852M) 3.339ms
[377.531s][info ][gc,cpu       ] GC(231) User=0.01s Sys=0.00s Real=0.01s
[377.531s][info ][safepoint    ] Leaving safepoint region
[377.531s][info ][safepoint    ] Total time for which application threads were stopped: 0.0035200 seconds, Stopping threads took: 0.0000293 seconds
[378.531s][info ][safepoint    ] Application time: 1.0001266 seconds
[378.531s][info ][safepoint    ] Entering safepoint region: Cleanup
[378.531s][info ][safepoint    ] Leaving safepoint region
[378.531s][info ][safepoint    ] Total time for which application threads were stopped: 0.0001265 seconds, Stopping threads took: 0.0000500 seconds
[379.512s][info ][safepoint    ] Application time: 0.9805356 seconds
[379.512s][info ][safepoint    ] Entering safepoint region: GenCollectForAllocation
[379.512s][info ][gc,start     ] GC(232) Pause Young (Allocation Failure)
[379.512s][info ][gc,task      ] GC(232) Using 4 workers of 4 for evacuation
[379.515s][debug][gc,ref       ] GC(232) Skipped phase1 of Reference Processing due to unavailable references
[379.515s][debug][gc,ref       ] GC(232) Skipped phase2 of Reference Processing due to unavailable references
[379.515s][debug][gc,ref       ] GC(232) Skipped phase3 of Reference Processing due to unavailable references
[379.515s][debug][gc,ref       ] GC(232) Skipped phase4 of Reference Processing due to unavailable references
[379.516s][debug][gc,age       ] GC(232) Desired survivor size 15400960 bytes, new threshold 6 (max threshold 6)
[379.516s][info ][gc,heap      ] GC(232) ParNew: 243479K->2259K(270976K)
[379.516s][info ][gc,heap      ] GC(232) CMS: 276651K->276815K(602112K)
[379.516s][info ][gc,metaspace ] GC(232) Metaspace: 57768K->57768K(1101824K)
[379.516s][info ][gc           ] GC(232) Pause Young (Allocation Failure) 507M->272M(852M) 3.485ms
[379.516s][info ][gc,cpu       ] GC(232) User=0.02s Sys=0.00s Real=0.00s
[379.516s][info ][safepoint    ] Leaving safepoint region
[379.516s][info ][safepoint    ] Total time for which application threads were stopped: 0.0036923 seconds, Stopping threads took: 0.0000594 seconds
[380.516s][info ][safepoint    ] Application time: 1.0001626 seconds
[380.516s][info ][safepoint    ] Entering safepoint region: Cleanup
[380.516s][info ][safepoint    ] Leaving safepoint region
[380.516s][info ][safepoint    ] Total time for which application threads were stopped: 0.0001119 seconds, Stopping threads took: 0.0000398 seconds
[380.963s][info ][safepoint    ] Application time: 0.4468126 seconds
[380.963s][info ][safepoint    ] Entering safepoint region: GenCollectForAllocation
[380.963s][info ][gc,start     ] GC(233) Pause Young (Allocation Failure)
[380.963s][info ][gc,task      ] GC(233) Using 4 workers of 4 for evacuation
[380.966s][debug][gc,ref       ] GC(233) Skipped phase1 of Reference Processing due to unavailable references
[380.966s][debug][gc,ref       ] GC(233) Skipped phase2 of Reference Processing due to unavailable references
[380.966s][debug][gc,ref       ] GC(233) Skipped phase3 of Reference Processing due to unavailable references
[380.966s][debug][gc,ref       ] GC(233) Skipped phase4 of Reference Processing due to unavailable references
[380.967s][debug][gc,age       ] GC(233) Desired survivor size 15400960 bytes, new threshold 6 (max threshold 6)
[380.967s][info ][gc,heap      ] GC(233) ParNew: 243155K->2604K(270976K)
[380.967s][info ][gc,heap      ] GC(233) CMS: 276815K->276883K(602112K)
[380.967s][info ][gc,metaspace ] GC(233) Metaspace: 57769K->57769K(1101824K)
[380.967s][info ][gc           ] GC(233) Pause Young (Allocation Failure) 507M->272M(852M) 3.574ms
[380.967s][info ][gc,cpu       ] GC(233) User=0.01s Sys=0.00s Real=0.00s
[380.967s][info ][safepoint    ] Leaving safepoint region
[380.967s][info ][safepoint    ] Total time for which application threads were stopped: 0.0037547 seconds, Stopping threads took: 0.0000403 seconds
[381.816s][info ][safepoint    ] Application time: 0.8497755 seconds
[381.816s][info ][safepoint    ] Entering safepoint region: Deoptimize
[381.818s][info ][safepoint    ] Leaving safepoint region
[381.818s][info ][safepoint    ] Total time for which application threads were stopped: 0.0017971 seconds, Stopping threads took: 0.0000162 seconds
[382.818s][info ][safepoint    ] Application time: 1.0000942 seconds
[382.818s][info ][safepoint    ] Entering safepoint region: Cleanup
[382.818s][info ][safepoint    ] Leaving safepoint region
[382.818s][info ][safepoint    ] Total time for which application threads were stopped: 0.0001354 seconds, Stopping threads took: 0.0000544 seconds
[383.075s][info ][safepoint    ] Application time: 0.2566769 seconds
[383.075s][info ][safepoint    ] Entering safepoint region: GenCollectForAllocation
[383.075s][info ][gc,start     ] GC(234) Pause Young (Allocation Failure)
[383.075s][info ][gc,task      ] GC(234) Using 4 workers of 4 for evacuation
[383.079s][debug][gc,ref       ] GC(234) Skipped phase1 of Reference Processing due to unavailable references
[383.079s][debug][gc,ref       ] GC(234) Skipped phase3 of Reference Processing due to unavailable references
[383.079s][debug][gc,age       ] GC(234) Desired survivor size 15400960 bytes, new threshold 6 (max threshold 6)
[383.079s][info ][gc,heap      ] GC(234) ParNew: 243500K->2573K(270976K)
[383.079s][info ][gc,heap      ] GC(234) CMS: 276883K->276922K(602112K)
[383.079s][info ][gc,metaspace ] GC(234) Metaspace: 57833K->57833K(1101824K)
[383.079s][info ][gc           ] GC(234) Pause Young (Allocation Failure) 508M->272M(852M) 4.041ms
[383.079s][info ][gc,cpu       ] GC(234) User=0.01s Sys=0.00s Real=0.01s
[383.079s][info ][safepoint    ] Leaving safepoint region
[383.079s][info ][safepoint    ] Total time for which application threads were stopped: 0.0042085 seconds, Stopping threads took: 0.0000182 seconds
[384.080s][info ][safepoint    ] Application time: 1.0001284 seconds
[384.080s][info ][safepoint    ] Entering safepoint region: Cleanup
[384.080s][info ][safepoint    ] Leaving safepoint region
[384.080s][info ][safepoint    ] Total time for which application threads were stopped: 0.0001077 seconds, Stopping threads took: 0.0000356 seconds
[385.080s][info ][safepoint    ] Application time: 1.0001023 seconds
[385.080s][info ][safepoint    ] Entering safepoint region: Cleanup
[385.080s][info ][safepoint    ] Leaving safepoint region
[385.080s][info ][safepoint    ] Total time for which application threads were stopped: 0.0000901 seconds, Stopping threads took: 0.0000205 seconds
[385.175s][info ][safepoint    ] Application time: 0.0950507 seconds
[385.175s][info ][safepoint    ] Entering safepoint region: GenCollectForAllocation
[385.175s][info ][gc,start     ] GC(235) Pause Young (Allocation Failure)
[385.175s][info ][gc,task      ] GC(235) Using 4 workers of 4 for evacuation
[385.185s][debug][gc,ref       ] GC(235) Skipped phase1 of Reference Processing due to unavailable references
[385.185s][debug][gc,ref       ] GC(235) Skipped phase3 of Reference Processing due to unavailable references
[385.185s][debug][gc,ref       ] GC(235) Skipped phase4 of Reference Processing due to unavailable references
[385.185s][debug][gc,age       ] GC(235) Desired survivor size 15400960 bytes, new threshold 6 (max threshold 6)
[385.185s][info ][gc,heap      ] GC(235) ParNew: 243469K->2205K(270976K)
[385.185s][info ][gc,heap      ] GC(235) CMS: 276922K->277040K(602112K)
[385.185s][info ][gc,metaspace ] GC(235) Metaspace: 57840K->57840K(1101824K)
[385.185s][info ][gc           ] GC(235) Pause Young (Allocation Failure) 508M->272M(852M) 9.896ms
[385.185s][info ][gc,cpu       ] GC(235) User=0.01s Sys=0.00s Real=0.01s
[385.185s][info ][safepoint    ] Leaving safepoint region
[385.185s][info ][safepoint    ] Total time for which application threads were stopped: 0.0100914 seconds, Stopping threads took: 0.0000188 seconds
[386.185s][info ][safepoint    ] Application time: 1.0001046 seconds
[386.185s][info ][safepoint    ] Entering safepoint region: Cleanup
[386.185s][info ][safepoint    ] Leaving safepoint region
[386.185s][info ][safepoint    ] Total time for which application threads were stopped: 0.0000929 seconds, Stopping threads took: 0.0000185 seconds
[387.185s][info ][safepoint    ] Application time: 1.0001122 seconds
[387.186s][info ][safepoint    ] Entering safepoint region: Cleanup
[387.186s][info ][safepoint    ] Leaving safepoint region
[387.186s][info ][safepoint    ] Total time for which application threads were stopped: 0.0000809 seconds, Stopping threads took: 0.0000196 seconds
[387.312s][info ][safepoint    ] Application time: 0.1259050 seconds
[387.312s][info ][safepoint    ] Entering safepoint region: GenCollectForAllocation
[387.312s][info ][gc,start     ] GC(236) Pause Young (Allocation Failure)
[387.312s][info ][gc,task      ] GC(236) Using 4 workers of 4 for evacuation
[387.315s][debug][gc,ref       ] GC(236) Skipped phase1 of Reference Processing due to unavailable references
[387.315s][debug][gc,ref       ] GC(236) Skipped phase3 of Reference Processing due to unavailable references
[387.315s][debug][gc,ref       ] GC(236) Skipped phase4 of Reference Processing due to unavailable references
[387.316s][debug][gc,age       ] GC(236) Desired survivor size 15400960 bytes, new threshold 6 (max threshold 6)
[387.316s][info ][gc,heap      ] GC(236) ParNew: 243101K->3006K(270976K)
[387.316s][info ][gc,heap      ] GC(236) CMS: 277040K->277153K(602112K)
[387.316s][info ][gc,metaspace ] GC(236) Metaspace: 57841K->57841K(1101824K)
[387.316s][info ][gc           ] GC(236) Pause Young (Allocation Failure) 507M->273M(852M) 3.861ms
[387.316s][info ][gc,cpu       ] GC(236) User=0.02s Sys=0.00s Real=0.00s
[387.316s][info ][safepoint    ] Leaving safepoint region
[387.316s][info ][safepoint    ] Total time for which application threads were stopped: 0.0040630 seconds, Stopping threads took: 0.0000509 seconds
[388.316s][info ][safepoint    ] Application time: 1.0001508 seconds
[388.316s][info ][safepoint    ] Entering safepoint region: Cleanup
[388.316s][info ][safepoint    ] Leaving safepoint region
[388.316s][info ][safepoint    ] Total time for which application threads were stopped: 0.0001310 seconds, Stopping threads took: 0.0000440 seconds
[389.316s][info ][safepoint    ] Application time: 1.0001214 seconds
[389.316s][info ][safepoint    ] Entering safepoint region: Cleanup
[389.316s][info ][safepoint    ] Leaving safepoint region
[389.316s][info ][safepoint    ] Total time for which application threads were stopped: 0.0001387 seconds, Stopping threads took: 0.0000676 seconds
[389.412s][info ][safepoint    ] Application time: 0.0955294 seconds
[389.412s][info ][safepoint    ] Entering safepoint region: GenCollectForAllocation
[389.412s][info ][gc,start     ] GC(237) Pause Young (Allocation Failure)
[389.412s][info ][gc,task      ] GC(237) Using 4 workers of 4 for evacuation
[389.415s][debug][gc,ref       ] GC(237) Skipped phase1 of Reference Processing due to unavailable references
[389.416s][debug][gc,ref       ] GC(237) Skipped phase3 of Reference Processing due to unavailable references
[389.416s][debug][gc,ref       ] GC(237) Skipped phase4 of Reference Processing due to unavailable references
[389.416s][debug][gc,age       ] GC(237) Desired survivor size 15400960 bytes, new threshold 6 (max threshold 6)
[389.416s][info ][gc,heap      ] GC(237) ParNew: 243902K->2785K(270976K)
[389.416s][info ][gc,heap      ] GC(237) CMS: 277153K->277235K(602112K)
[389.416s][info ][gc,metaspace ] GC(237) Metaspace: 57856K->57856K(1101824K)
[389.416s][info ][gc           ] GC(237) Pause Young (Allocation Failure) 508M->273M(852M) 3.721ms
[389.416s][info ][gc,cpu       ] GC(237) User=0.01s Sys=0.00s Real=0.00s
[389.416s][info ][safepoint    ] Leaving safepoint region
[389.416s][info ][safepoint    ] Total time for which application threads were stopped: 0.0039171 seconds, Stopping threads took: 0.0000441 seconds
[390.416s][info ][safepoint    ] Application time: 1.0001384 seconds
[390.416s][info ][safepoint    ] Entering safepoint region: Cleanup
[390.416s][info ][safepoint    ] Leaving safepoint region
[390.416s][info ][safepoint    ] Total time for which application threads were stopped: 0.0001263 seconds, Stopping threads took: 0.0000419 seconds
[391.611s][info ][safepoint    ] Application time: 1.1949659 seconds
[391.611s][info ][safepoint    ] Entering safepoint region: GenCollectForAllocation
[391.611s][info ][gc,start     ] GC(238) Pause Young (Allocation Failure)
[391.611s][info ][gc,task      ] GC(238) Using 4 workers of 4 for evacuation
[391.615s][debug][gc,ref       ] GC(238) Skipped phase1 of Reference Processing due to unavailable references
[391.615s][debug][gc,ref       ] GC(238) Skipped phase3 of Reference Processing due to unavailable references
[391.615s][debug][gc,ref       ] GC(238) Skipped phase4 of Reference Processing due to unavailable references
[391.615s][debug][gc,age       ] GC(238) Desired survivor size 15400960 bytes, new threshold 6 (max threshold 6)
[391.615s][info ][gc,heap      ] GC(238) ParNew: 243681K->2525K(270976K)
[391.615s][info ][gc,heap      ] GC(238) CMS: 277235K->277289K(602112K)
[391.615s][info ][gc,metaspace ] GC(238) Metaspace: 57857K->57857K(1101824K)
[391.615s][info ][gc           ] GC(238) Pause Young (Allocation Failure) 508M->273M(852M) 3.738ms
[391.615s][info ][gc,cpu       ] GC(238) User=0.01s Sys=0.00s Real=0.00s
[391.615s][info ][safepoint    ] Leaving safepoint region
[391.615s][info ][safepoint    ] Total time for which application threads were stopped: 0.0039416 seconds, Stopping threads took: 0.0000573 seconds
[392.615s][info ][safepoint    ] Application time: 1.0001181 seconds
[392.615s][info ][safepoint    ] Entering safepoint region: Cleanup
[392.615s][info ][safepoint    ] Leaving safepoint region
[392.615s][info ][safepoint    ] Total time for which application threads were stopped: 0.0001120 seconds, Stopping threads took: 0.0000425 seconds
[393.721s][info ][safepoint    ] Application time: 1.1052915 seconds
[393.721s][info ][safepoint    ] Entering safepoint region: GenCollectForAllocation
[393.721s][info ][gc,start     ] GC(239) Pause Young (Allocation Failure)
[393.721s][info ][gc,task      ] GC(239) Using 4 workers of 4 for evacuation
[393.725s][debug][gc,ref       ] GC(239) Skipped phase1 of Reference Processing due to unavailable references
[393.725s][debug][gc,ref       ] GC(239) Skipped phase3 of Reference Processing due to unavailable references
[393.725s][debug][gc,ref       ] GC(239) Skipped phase4 of Reference Processing due to unavailable references
[393.725s][debug][gc,age       ] GC(239) Desired survivor size 15400960 bytes, new threshold 6 (max threshold 6)
[393.725s][info ][gc,heap      ] GC(239) ParNew: 243421K->2819K(270976K)
[393.725s][info ][gc,heap      ] GC(239) CMS: 277289K->277536K(602112K)
[393.725s][info ][gc,metaspace ] GC(239) Metaspace: 57859K->57859K(1101824K)
[393.725s][info ][gc           ] GC(239) Pause Young (Allocation Failure) 508M->273M(852M) 4.649ms
[393.725s][info ][gc,cpu       ] GC(239) User=0.02s Sys=0.00s Real=0.00s
[393.725s][info ][safepoint    ] Leaving safepoint region
[393.725s][info ][safepoint    ] Total time for which application threads were stopped: 0.0048572 seconds, Stopping threads took: 0.0000688 seconds
[395.726s][info ][safepoint    ] Application time: 2.0001984 seconds
[395.726s][info ][safepoint    ] Entering safepoint region: Cleanup
[395.726s][info ][safepoint    ] Leaving safepoint region
[395.726s][info ][safepoint    ] Total time for which application threads were stopped: 0.0001471 seconds, Stopping threads took: 0.0000490 seconds
[396.022s][info ][safepoint    ] Application time: 0.2958646 seconds
[396.022s][info ][safepoint    ] Entering safepoint region: GenCollectForAllocation
[396.022s][info ][gc,start     ] GC(240) Pause Young (Allocation Failure)
[396.022s][info ][gc,task      ] GC(240) Using 4 workers of 4 for evacuation
[396.026s][debug][gc,ref       ] GC(240) Skipped phase1 of Reference Processing due to unavailable references
[396.026s][debug][gc,ref       ] GC(240) Skipped phase2 of Reference Processing due to unavailable references
[396.026s][debug][gc,ref       ] GC(240) Skipped phase3 of Reference Processing due to unavailable references
[396.026s][debug][gc,ref       ] GC(240) Skipped phase4 of Reference Processing due to unavailable references
[396.026s][debug][gc,age       ] GC(240) Desired survivor size 15400960 bytes, new threshold 6 (max threshold 6)
[396.026s][info ][gc,heap      ] GC(240) ParNew: 243715K->3272K(270976K)
[396.026s][info ][gc,heap      ] GC(240) CMS: 277536K->277619K(602112K)
[396.026s][info ][gc,metaspace ] GC(240) Metaspace: 57867K->57867K(1101824K)
[396.026s][info ][gc           ] GC(240) Pause Young (Allocation Failure) 509M->274M(852M) 4.131ms
[396.026s][info ][gc,cpu       ] GC(240) User=0.02s Sys=0.00s Real=0.00s
[396.026s][info ][safepoint    ] Leaving safepoint region
[396.026s][info ][safepoint    ] Total time for which application threads were stopped: 0.0042979 seconds, Stopping threads took: 0.0000198 seconds
[397.026s][info ][safepoint    ] Application time: 1.0001041 seconds
[397.026s][info ][safepoint    ] Entering safepoint region: Cleanup
[397.026s][info ][safepoint    ] Leaving safepoint region
[397.026s][info ][safepoint    ] Total time for which application threads were stopped: 0.0001193 seconds, Stopping threads took: 0.0000413 seconds
[398.384s][info ][safepoint    ] Application time: 1.3575048 seconds
[398.384s][info ][safepoint    ] Entering safepoint region: GenCollectForAllocation
[398.384s][info ][gc,start     ] GC(241) Pause Young (Allocation Failure)
[398.384s][info ][gc,task      ] GC(241) Using 4 workers of 4 for evacuation
[398.387s][debug][gc,ref       ] GC(241) Skipped phase1 of Reference Processing due to unavailable references
[398.387s][debug][gc,ref       ] GC(241) Skipped phase2 of Reference Processing due to unavailable references
[398.387s][debug][gc,ref       ] GC(241) Skipped phase3 of Reference Processing due to unavailable references
[398.387s][debug][gc,ref       ] GC(241) Skipped phase4 of Reference Processing due to unavailable references
[398.387s][debug][gc,age       ] GC(241) Desired survivor size 15400960 bytes, new threshold 6 (max threshold 6)
[398.388s][info ][gc,heap      ] GC(241) ParNew: 244168K->2714K(270976K)
[398.388s][info ][gc,heap      ] GC(241) CMS: 277619K->277684K(602112K)
[398.388s][info ][gc,metaspace ] GC(241) Metaspace: 57876K->57876K(1101824K)
[398.388s][info ][gc           ] GC(241) Pause Young (Allocation Failure) 509M->273M(852M) 3.488ms
[398.388s][info ][gc,cpu       ] GC(241) User=0.01s Sys=0.00s Real=0.00s
[398.388s][info ][safepoint    ] Leaving safepoint region
[398.388s][info ][safepoint    ] Total time for which application threads were stopped: 0.0036883 seconds, Stopping threads took: 0.0000193 seconds
[400.388s][info ][safepoint    ] Application time: 2.0002700 seconds
[400.388s][info ][safepoint    ] Entering safepoint region: Cleanup
[400.388s][info ][safepoint    ] Leaving safepoint region
[400.388s][info ][safepoint    ] Total time for which application threads were stopped: 0.0000894 seconds, Stopping threads took: 0.0000191 seconds
[400.826s][info ][safepoint    ] Application time: 0.4382037 seconds
[400.826s][info ][safepoint    ] Entering safepoint region: GenCollectForAllocation
[400.826s][info ][gc,start     ] GC(242) Pause Young (Allocation Failure)
[400.826s][info ][gc,task      ] GC(242) Using 4 workers of 4 for evacuation
[400.830s][debug][gc,ref       ] GC(242) Skipped phase1 of Reference Processing due to unavailable references
[400.830s][debug][gc,ref       ] GC(242) Skipped phase2 of Reference Processing due to unavailable references
[400.830s][debug][gc,ref       ] GC(242) Skipped phase3 of Reference Processing due to unavailable references
[400.830s][debug][gc,ref       ] GC(242) Skipped phase4 of Reference Processing due to unavailable references
[400.830s][debug][gc,age       ] GC(242) Desired survivor size 15400960 bytes, new threshold 6 (max threshold 6)
[400.830s][info ][gc,heap      ] GC(242) ParNew: 243610K->2215K(270976K)
[400.830s][info ][gc,heap      ] GC(242) CMS: 277684K->277820K(602112K)
[400.830s][info ][gc,metaspace ] GC(242) Metaspace: 57889K->57889K(1101824K)
[400.830s][info ][gc           ] GC(242) Pause Young (Allocation Failure) 509M->273M(852M) 3.410ms
[400.830s][info ][gc,cpu       ] GC(242) User=0.01s Sys=0.00s Real=0.01s
[400.830s][info ][safepoint    ] Leaving safepoint region
[400.830s][info ][safepoint    ] Total time for which application threads were stopped: 0.0035883 seconds, Stopping threads took: 0.0000195 seconds
[401.830s][info ][safepoint    ] Application time: 1.0001365 seconds
[401.830s][info ][safepoint    ] Entering safepoint region: Cleanup
[401.830s][info ][safepoint    ] Leaving safepoint region
[401.830s][info ][safepoint    ] Total time for which application threads were stopped: 0.0003247 seconds, Stopping threads took: 0.0000207 seconds
[403.312s][info ][safepoint    ] Application time: 1.4814689 seconds
[403.312s][info ][safepoint    ] Entering safepoint region: GenCollectForAllocation
[403.312s][info ][gc,start     ] GC(243) Pause Young (Allocation Failure)
[403.312s][info ][gc,task      ] GC(243) Using 4 workers of 4 for evacuation
[403.316s][debug][gc,ref       ] GC(243) Skipped phase1 of Reference Processing due to unavailable references
[403.316s][debug][gc,ref       ] GC(243) Skipped phase2 of Reference Processing due to unavailable references
[403.316s][debug][gc,ref       ] GC(243) Skipped phase3 of Reference Processing due to unavailable references
[403.316s][debug][gc,ref       ] GC(243) Skipped phase4 of Reference Processing due to unavailable references
[403.316s][debug][gc,age       ] GC(243) Desired survivor size 15400960 bytes, new threshold 6 (max threshold 6)
[403.316s][info ][gc,heap      ] GC(243) ParNew: 243111K->3067K(270976K)
[403.316s][info ][gc,heap      ] GC(243) CMS: 277820K->278151K(602112K)
[403.316s][info ][gc,metaspace ] GC(243) Metaspace: 57898K->57898K(1101824K)
[403.316s][info ][gc           ] GC(243) Pause Young (Allocation Failure) 508M->274M(852M) 4.249ms
[403.316s][info ][gc,cpu       ] GC(243) User=0.02s Sys=0.00s Real=0.00s
[403.316s][info ][safepoint    ] Leaving safepoint region
[403.316s][info ][safepoint    ] Total time for which application threads were stopped: 0.0044225 seconds, Stopping threads took: 0.0000170 seconds
[405.918s][info ][safepoint    ] Application time: 2.6012321 seconds
[405.918s][info ][safepoint    ] Entering safepoint region: GenCollectForAllocation
[405.918s][info ][gc,start     ] GC(244) Pause Young (Allocation Failure)
[405.918s][info ][gc,task      ] GC(244) Using 4 workers of 4 for evacuation
[405.921s][debug][gc,ref       ] GC(244) Skipped phase1 of Reference Processing due to unavailable references
[405.921s][debug][gc,ref       ] GC(244) Skipped phase2 of Reference Processing due to unavailable references
[405.921s][debug][gc,ref       ] GC(244) Skipped phase3 of Reference Processing due to unavailable references
[405.921s][debug][gc,ref       ] GC(244) Skipped phase4 of Reference Processing due to unavailable references
[405.921s][debug][gc,age       ] GC(244) Desired survivor size 15400960 bytes, new threshold 6 (max threshold 6)
[405.921s][info ][gc,heap      ] GC(244) ParNew: 243963K->2255K(270976K)
[405.921s][info ][gc,heap      ] GC(244) CMS: 278151K->278216K(602112K)
[405.921s][info ][gc,metaspace ] GC(244) Metaspace: 57900K->57900K(1101824K)
[405.921s][info ][gc           ] GC(244) Pause Young (Allocation Failure) 509M->273M(852M) 3.255ms
[405.921s][info ][gc,cpu       ] GC(244) User=0.01s Sys=0.00s Real=0.00s
[405.921s][info ][safepoint    ] Leaving safepoint region
[405.921s][info ][safepoint    ] Total time for which application threads were stopped: 0.0034865 seconds, Stopping threads took: 0.0000285 seconds
[408.416s][info ][safepoint    ] Application time: 2.4952970 seconds
[408.416s][info ][safepoint    ] Entering safepoint region: GenCollectForAllocation
[408.417s][info ][gc,start     ] GC(245) Pause Young (Allocation Failure)
[408.417s][info ][gc,task      ] GC(245) Using 4 workers of 4 for evacuation
[408.420s][debug][gc,ref       ] GC(245) Skipped phase1 of Reference Processing due to unavailable references
[408.420s][debug][gc,ref       ] GC(245) Skipped phase2 of Reference Processing due to unavailable references
[408.420s][debug][gc,ref       ] GC(245) Skipped phase3 of Reference Processing due to unavailable references
[408.420s][debug][gc,ref       ] GC(245) Skipped phase4 of Reference Processing due to unavailable references
[408.420s][debug][gc,age       ] GC(245) Desired survivor size 15400960 bytes, new threshold 6 (max threshold 6)
[408.420s][info ][gc,heap      ] GC(245) ParNew: 243151K->2434K(270976K)
[408.420s][info ][gc,heap      ] GC(245) CMS: 278216K->278275K(602112K)
[408.420s][info ][gc,metaspace ] GC(245) Metaspace: 57904K->57904K(1101824K)
[408.420s][info ][gc           ] GC(245) Pause Young (Allocation Failure) 509M->274M(852M) 3.260ms
[408.420s][info ][gc,cpu       ] GC(245) User=0.01s Sys=0.00s Real=0.00s
[408.420s][info ][safepoint    ] Leaving safepoint region
[408.420s][info ][safepoint    ] Total time for which application threads were stopped: 0.0034143 seconds, Stopping threads took: 0.0000262 seconds
[409.420s][info ][safepoint    ] Application time: 1.0000925 seconds
[409.420s][info ][safepoint    ] Entering safepoint region: Cleanup
[409.420s][info ][safepoint    ] Leaving safepoint region
[409.420s][info ][safepoint    ] Total time for which application threads were stopped: 0.0001444 seconds, Stopping threads took: 0.0000805 seconds
[410.977s][info ][safepoint    ] Application time: 1.5565103 seconds
[410.977s][info ][safepoint    ] Entering safepoint region: GenCollectForAllocation
[410.977s][info ][gc,start     ] GC(246) Pause Young (Allocation Failure)
[410.977s][info ][gc,task      ] GC(246) Using 4 workers of 4 for evacuation
[410.980s][debug][gc,ref       ] GC(246) Skipped phase1 of Reference Processing due to unavailable references
[410.980s][debug][gc,ref       ] GC(246) Skipped phase2 of Reference Processing due to unavailable references
[410.980s][debug][gc,ref       ] GC(246) Skipped phase3 of Reference Processing due to unavailable references
[410.980s][debug][gc,ref       ] GC(246) Skipped phase4 of Reference Processing due to unavailable references
[410.980s][debug][gc,age       ] GC(246) Desired survivor size 15400960 bytes, new threshold 6 (max threshold 6)
[410.980s][info ][gc,heap      ] GC(246) ParNew: 243221K->2557K(270976K)
[410.980s][info ][gc,heap      ] GC(246) CMS: 278275K->278476K(602112K)
[410.980s][info ][gc,metaspace ] GC(246) Metaspace: 57905K->57905K(1101824K)
[410.980s][info ][gc           ] GC(246) Pause Young (Allocation Failure) 509M->274M(852M) 3.514ms
[410.980s][info ][gc,cpu       ] GC(246) User=0.01s Sys=0.00s Real=0.00s
[410.980s][info ][safepoint    ] Leaving safepoint region
[410.980s][info ][safepoint    ] Total time for which application threads were stopped: 0.0036588 seconds, Stopping threads took: 0.0000170 seconds
[411.980s][info ][safepoint    ] Application time: 1.0000682 seconds
[411.981s][info ][safepoint    ] Entering safepoint region: Cleanup
[411.981s][info ][safepoint    ] Leaving safepoint region
[411.981s][info ][safepoint    ] Total time for which application threads were stopped: 0.0000922 seconds, Stopping threads took: 0.0000167 seconds
[413.761s][info ][safepoint    ] Application time: 1.7805307 seconds
[413.761s][info ][safepoint    ] Entering safepoint region: GenCollectForAllocation
[413.761s][info ][gc,start     ] GC(247) Pause Young (Allocation Failure)
[413.761s][info ][gc,task      ] GC(247) Using 4 workers of 4 for evacuation
[413.771s][debug][gc,ref       ] GC(247) Skipped phase1 of Reference Processing due to unavailable references
[413.771s][debug][gc,ref       ] GC(247) Skipped phase2 of Reference Processing due to unavailable references
[413.771s][debug][gc,ref       ] GC(247) Skipped phase3 of Reference Processing due to unavailable references
[413.771s][debug][gc,ref       ] GC(247) Skipped phase4 of Reference Processing due to unavailable references
[413.771s][debug][gc,age       ] GC(247) Desired survivor size 15400960 bytes, new threshold 6 (max threshold 6)
[413.771s][info ][gc,heap      ] GC(247) ParNew: 243453K->2823K(270976K)
[413.771s][info ][gc,heap      ] GC(247) CMS: 278476K->278602K(602112K)
[413.771s][info ][gc,metaspace ] GC(247) Metaspace: 57905K->57905K(1101824K)
[413.771s][info ][gc           ] GC(247) Pause Young (Allocation Failure) 509M->274M(852M) 10.005ms
[413.771s][info ][gc,cpu       ] GC(247) User=0.03s Sys=0.00s Real=0.01s
[413.771s][info ][safepoint    ] Leaving safepoint region
[413.771s][info ][safepoint    ] Total time for which application threads were stopped: 0.0101944 seconds, Stopping threads took: 0.0000521 seconds
[415.772s][info ][safepoint    ] Application time: 2.0001475 seconds
[415.772s][info ][safepoint    ] Entering safepoint region: Cleanup
[415.772s][info ][safepoint    ] Leaving safepoint region
[415.772s][info ][safepoint    ] Total time for which application threads were stopped: 0.0001278 seconds, Stopping threads took: 0.0000442 seconds
[416.471s][info ][safepoint    ] Application time: 0.6996331 seconds
[416.471s][info ][safepoint    ] Entering safepoint region: GenCollectForAllocation
[416.471s][info ][gc,start     ] GC(248) Pause Young (Allocation Failure)
[416.471s][info ][gc,task      ] GC(248) Using 4 workers of 4 for evacuation
[416.475s][debug][gc,ref       ] GC(248) Skipped phase1 of Reference Processing due to unavailable references
[416.475s][debug][gc,ref       ] GC(248) Skipped phase2 of Reference Processing due to unavailable references
[416.475s][debug][gc,ref       ] GC(248) Skipped phase3 of Reference Processing due to unavailable references
[416.475s][debug][gc,ref       ] GC(248) Skipped phase4 of Reference Processing due to unavailable references
[416.475s][debug][gc,age       ] GC(248) Desired survivor size 15400960 bytes, new threshold 6 (max threshold 6)
[416.475s][info ][gc,heap      ] GC(248) ParNew: 243719K->2103K(270976K)
[416.475s][info ][gc,heap      ] GC(248) CMS: 278602K->278673K(602112K)
[416.475s][info ][gc,metaspace ] GC(248) Metaspace: 57905K->57905K(1101824K)
[416.475s][info ][gc           ] GC(248) Pause Young (Allocation Failure) 510M->274M(852M) 3.421ms
[416.475s][info ][gc,cpu       ] GC(248) User=0.01s Sys=0.00s Real=0.00s
[416.475s][info ][safepoint    ] Leaving safepoint region
[416.475s][info ][safepoint    ] Total time for which application threads were stopped: 0.0036025 seconds, Stopping threads took: 0.0000193 seconds
[417.475s][info ][safepoint    ] Application time: 1.0001039 seconds
[417.475s][info ][safepoint    ] Entering safepoint region: Cleanup
[417.475s][info ][safepoint    ] Leaving safepoint region
[417.475s][info ][safepoint    ] Total time for which application threads were stopped: 0.0000794 seconds, Stopping threads took: 0.0000185 seconds
[419.319s][info ][safepoint    ] Application time: 1.8440916 seconds
[419.319s][info ][safepoint    ] Entering safepoint region: GenCollectForAllocation
[419.319s][info ][gc,start     ] GC(249) Pause Young (Allocation Failure)
[419.319s][info ][gc,task      ] GC(249) Using 4 workers of 4 for evacuation
[419.323s][debug][gc,ref       ] GC(249) Skipped phase1 of Reference Processing due to unavailable references
[419.323s][debug][gc,ref       ] GC(249) Skipped phase2 of Reference Processing due to unavailable references
[419.323s][debug][gc,ref       ] GC(249) Skipped phase3 of Reference Processing due to unavailable references
[419.323s][debug][gc,ref       ] GC(249) Skipped phase4 of Reference Processing due to unavailable references
[419.323s][debug][gc,age       ] GC(249) Desired survivor size 15400960 bytes, new threshold 6 (max threshold 6)
[419.323s][info ][gc,heap      ] GC(249) ParNew: 242999K->2583K(270976K)
[419.323s][info ][gc,heap      ] GC(249) CMS: 278673K->278759K(602112K)
[419.323s][info ][gc,metaspace ] GC(249) Metaspace: 57905K->57905K(1101824K)
[419.323s][info ][gc           ] GC(249) Pause Young (Allocation Failure) 509M->274M(852M) 3.417ms
[419.323s][info ][gc,cpu       ] GC(249) User=0.01s Sys=0.00s Real=0.00s
[419.323s][info ][safepoint    ] Leaving safepoint region
[419.323s][info ][safepoint    ] Total time for which application threads were stopped: 0.0035739 seconds, Stopping threads took: 0.0000191 seconds
[421.323s][info ][safepoint    ] Application time: 2.0001771 seconds
[421.323s][info ][safepoint    ] Entering safepoint region: Cleanup
[421.323s][info ][safepoint    ] Leaving safepoint region
[421.323s][info ][safepoint    ] Total time for which application threads were stopped: 0.0001447 seconds, Stopping threads took: 0.0000690 seconds
[422.161s][info ][safepoint    ] Application time: 0.8379020 seconds
[422.161s][info ][safepoint    ] Entering safepoint region: GenCollectForAllocation
[422.161s][info ][gc,start     ] GC(250) Pause Young (Allocation Failure)
[422.161s][info ][gc,task      ] GC(250) Using 4 workers of 4 for evacuation
[422.172s][debug][gc,ref       ] GC(250) Skipped phase1 of Reference Processing due to unavailable references
[422.173s][debug][gc,ref       ] GC(250) Skipped phase3 of Reference Processing due to unavailable references
[422.173s][debug][gc,age       ] GC(250) Desired survivor size 15400960 bytes, new threshold 6 (max threshold 6)
[422.173s][info ][gc,heap      ] GC(250) ParNew: 243479K->2889K(270976K)
[422.173s][info ][gc,heap      ] GC(250) CMS: 278759K->278913K(602112K)
[422.173s][info ][gc,metaspace ] GC(250) Metaspace: 57959K->57959K(1101824K)
[422.173s][info ][gc           ] GC(250) Pause Young (Allocation Failure) 509M->275M(852M) 11.334ms
[422.173s][info ][gc,cpu       ] GC(250) User=0.02s Sys=0.00s Real=0.01s
[422.173s][info ][safepoint    ] Leaving safepoint region
[422.173s][info ][safepoint    ] Total time for which application threads were stopped: 0.0116715 seconds, Stopping threads took: 0.0000836 seconds
[424.173s][info ][safepoint    ] Application time: 2.0001794 seconds
[424.173s][info ][safepoint    ] Entering safepoint region: Cleanup
[424.173s][info ][safepoint    ] Leaving safepoint region
[424.173s][info ][safepoint    ] Total time for which application threads were stopped: 0.0001168 seconds, Stopping threads took: 0.0000312 seconds
[429.177s][info ][safepoint    ] Application time: 5.0036491 seconds
[429.177s][info ][safepoint    ] Entering safepoint region: Cleanup
[429.177s][info ][safepoint    ] Leaving safepoint region
[429.177s][info ][safepoint    ] Total time for which application threads were stopped: 0.0003944 seconds, Stopping threads took: 0.0003319 seconds
[432.611s][info ][safepoint    ] Application time: 3.4334173 seconds
[432.611s][info ][safepoint    ] Entering safepoint region: GenCollectForAllocation
[432.611s][info ][gc,start     ] GC(251) Pause Young (Allocation Failure)
[432.611s][info ][gc,task      ] GC(251) Using 4 workers of 4 for evacuation
[432.615s][debug][gc,ref       ] GC(251) Skipped phase1 of Reference Processing due to unavailable references
[432.615s][debug][gc,ref       ] GC(251) Skipped phase3 of Reference Processing due to unavailable references
[432.615s][debug][gc,ref       ] GC(251) Skipped phase4 of Reference Processing due to unavailable references
[432.615s][debug][gc,age       ] GC(251) Desired survivor size 15400960 bytes, new threshold 6 (max threshold 6)
[432.615s][info ][gc,heap      ] GC(251) ParNew: 243785K->3001K(270976K)
[432.615s][info ][gc,heap      ] GC(251) CMS: 278913K->279040K(602112K)
[432.615s][info ][gc,metaspace ] GC(251) Metaspace: 57959K->57959K(1101824K)
[432.615s][info ][gc           ] GC(251) Pause Young (Allocation Failure) 510M->275M(852M) 4.289ms
[432.615s][info ][gc,cpu       ] GC(251) User=0.02s Sys=0.00s Real=0.00s
[432.615s][info ][safepoint    ] Leaving safepoint region
[432.615s][info ][safepoint    ] Total time for which application threads were stopped: 0.0044558 seconds, Stopping threads took: 0.0000172 seconds
[441.616s][info ][safepoint    ] Application time: 9.0007966 seconds
[441.616s][info ][safepoint    ] Entering safepoint region: Cleanup
[441.616s][info ][safepoint    ] Leaving safepoint region
[441.616s][info ][safepoint    ] Total time for which application threads were stopped: 0.0001064 seconds, Stopping threads took: 0.0000190 seconds
[463.961s][info ][safepoint    ] Application time: 22.3445288 seconds
[463.961s][info ][safepoint    ] Entering safepoint region: GenCollectForAllocation
[463.961s][info ][gc,start     ] GC(252) Pause Young (Allocation Failure)
[463.961s][info ][gc,task      ] GC(252) Using 4 workers of 4 for evacuation
[463.964s][debug][gc,ref       ] GC(252) Skipped phase1 of Reference Processing due to unavailable references
[463.964s][debug][gc,ref       ] GC(252) Skipped phase3 of Reference Processing due to unavailable references
[463.964s][debug][gc,ref       ] GC(252) Skipped phase4 of Reference Processing due to unavailable references
[463.964s][debug][gc,age       ] GC(252) Desired survivor size 15400960 bytes, new threshold 6 (max threshold 6)
[463.964s][info ][gc,heap      ] GC(252) ParNew: 243897K->2891K(270976K)
[463.964s][info ][gc,heap      ] GC(252) CMS: 279040K->279136K(602112K)
[463.964s][info ][gc,metaspace ] GC(252) Metaspace: 57959K->57959K(1101824K)
[463.964s][info ][gc           ] GC(252) Pause Young (Allocation Failure) 510M->275M(852M) 3.576ms
[463.964s][info ][gc,cpu       ] GC(252) User=0.01s Sys=0.00s Real=0.00s
[463.964s][info ][safepoint    ] Leaving safepoint region
[463.964s][info ][safepoint    ] Total time for which application threads were stopped: 0.0037648 seconds, Stopping threads took: 0.0000480 seconds
[488.614s][info ][safepoint    ] Application time: 24.6491944 seconds
[488.614s][info ][safepoint    ] Entering safepoint region: RevokeBias
[488.614s][info ][safepoint    ] Leaving safepoint region
[488.614s][info ][safepoint    ] Total time for which application threads were stopped: 0.0001028 seconds, Stopping threads took: 0.0000320 seconds
[513.311s][info ][safepoint    ] Application time: 24.6969985 seconds
[513.311s][info ][safepoint    ] Entering safepoint region: GenCollectForAllocation
[513.311s][info ][gc,start     ] GC(253) Pause Young (Allocation Failure)
[513.311s][info ][gc,task      ] GC(253) Using 4 workers of 4 for evacuation
[513.314s][debug][gc,ref       ] GC(253) Skipped phase1 of Reference Processing due to unavailable references
[513.314s][debug][gc,ref       ] GC(253) Skipped phase3 of Reference Processing due to unavailable references
[513.314s][debug][gc,ref       ] GC(253) Skipped phase4 of Reference Processing due to unavailable references
[513.314s][debug][gc,age       ] GC(253) Desired survivor size 15400960 bytes, new threshold 6 (max threshold 6)
[513.314s][info ][gc,heap      ] GC(253) ParNew: 243787K->2777K(270976K)
[513.314s][info ][gc,heap      ] GC(253) CMS: 279136K->279300K(602112K)
[513.314s][info ][gc,metaspace ] GC(253) Metaspace: 57960K->57960K(1101824K)
[513.314s][info ][gc           ] GC(253) Pause Young (Allocation Failure) 510M->275M(852M) 3.370ms
[513.314s][info ][gc,cpu       ] GC(253) User=0.01s Sys=0.00s Real=0.00s
[513.314s][info ][safepoint    ] Leaving safepoint region
[513.314s][info ][safepoint    ] Total time for which application threads were stopped: 0.0035488 seconds, Stopping threads took: 0.0000474 seconds
[548.614s][info ][safepoint    ] Application time: 35.2991465 seconds
[548.614s][info ][safepoint    ] Entering safepoint region: RevokeBias
[548.614s][info ][safepoint    ] Leaving safepoint region
[548.614s][info ][safepoint    ] Total time for which application threads were stopped: 0.0001070 seconds, Stopping threads took: 0.0000313 seconds
[562.711s][info ][safepoint    ] Application time: 14.0968767 seconds
[562.711s][info ][safepoint    ] Entering safepoint region: GenCollectForAllocation
[562.711s][info ][gc,start     ] GC(254) Pause Young (Allocation Failure)
[562.711s][info ][gc,task      ] GC(254) Using 4 workers of 4 for evacuation
[562.714s][debug][gc,ref       ] GC(254) Skipped phase1 of Reference Processing due to unavailable references
[562.714s][debug][gc,ref       ] GC(254) Skipped phase3 of Reference Processing due to unavailable references
[562.714s][debug][gc,ref       ] GC(254) Skipped phase4 of Reference Processing due to unavailable references
[562.714s][debug][gc,age       ] GC(254) Desired survivor size 15400960 bytes, new threshold 6 (max threshold 6)
[562.714s][info ][gc,heap      ] GC(254) ParNew: 243673K->2409K(270976K)
[562.714s][info ][gc,heap      ] GC(254) CMS: 279300K->279382K(602112K)
[562.714s][info ][gc,metaspace ] GC(254) Metaspace: 57961K->57961K(1101824K)
[562.714s][info ][gc           ] GC(254) Pause Young (Allocation Failure) 510M->275M(852M) 3.079ms
[562.714s][info ][gc,cpu       ] GC(254) User=0.01s Sys=0.00s Real=0.00s
[562.714s][info ][safepoint    ] Leaving safepoint region
[562.714s][info ][safepoint    ] Total time for which application threads were stopped: 0.0032370 seconds, Stopping threads took: 0.0000168 seconds
[608.614s][info ][safepoint    ] Application time: 45.8996743 seconds
[608.614s][info ][safepoint    ] Entering safepoint region: RevokeBias
[608.614s][info ][safepoint    ] Leaving safepoint region
[608.614s][info ][safepoint    ] Total time for which application threads were stopped: 0.0001506 seconds, Stopping threads took: 0.0000658 seconds
[612.011s][info ][safepoint    ] Application time: 3.3971519 seconds
[612.011s][info ][safepoint    ] Entering safepoint region: GenCollectForAllocation
[612.011s][info ][gc,start     ] GC(255) Pause Young (Allocation Failure)
[612.011s][info ][gc,task      ] GC(255) Using 4 workers of 4 for evacuation
[612.014s][debug][gc,ref       ] GC(255) Skipped phase1 of Reference Processing due to unavailable references
[612.014s][debug][gc,ref       ] GC(255) Skipped phase3 of Reference Processing due to unavailable references
[612.014s][debug][gc,ref       ] GC(255) Skipped phase4 of Reference Processing due to unavailable references
[612.014s][debug][gc,age       ] GC(255) Desired survivor size 15400960 bytes, new threshold 6 (max threshold 6)
[612.014s][info ][gc,heap      ] GC(255) ParNew: 243305K->2661K(270976K)
[612.014s][info ][gc,heap      ] GC(255) CMS: 279382K->279539K(602112K)
[612.014s][info ][gc,metaspace ] GC(255) Metaspace: 57966K->57966K(1101824K)
[612.014s][info ][gc           ] GC(255) Pause Young (Allocation Failure) 510M->275M(852M) 3.394ms
[612.014s][info ][gc,cpu       ] GC(255) User=0.01s Sys=0.00s Real=0.00s
[612.014s][info ][safepoint    ] Leaving safepoint region
[612.014s][info ][safepoint    ] Total time for which application threads were stopped: 0.0035782 seconds, Stopping threads took: 0.0000237 seconds
[614.015s][info ][safepoint    ] Application time: 2.0002073 seconds
[614.015s][info ][safepoint    ] Entering safepoint region: Cleanup
[614.015s][info ][safepoint    ] Leaving safepoint region
[614.015s][info ][safepoint    ] Total time for which application threads were stopped: 0.0001068 seconds, Stopping threads took: 0.0000178 seconds
[650.162s][info ][safepoint    ] Application time: 36.1470265 seconds
[650.162s][info ][safepoint    ] Entering safepoint region: GenCollectForAllocation
[650.162s][info ][gc,start     ] GC(256) Pause Young (Allocation Failure)
[650.162s][info ][gc,task      ] GC(256) Using 4 workers of 4 for evacuation
[650.166s][debug][gc,ref       ] GC(256) Skipped phase1 of Reference Processing due to unavailable references
[650.166s][debug][gc,ref       ] GC(256) Skipped phase2 of Reference Processing due to unavailable references
[650.166s][debug][gc,ref       ] GC(256) Skipped phase3 of Reference Processing due to unavailable references
[650.166s][debug][gc,ref       ] GC(256) Skipped phase4 of Reference Processing due to unavailable references
[650.167s][debug][gc,age       ] GC(256) Desired survivor size 15400960 bytes, new threshold 6 (max threshold 6)
[650.167s][info ][gc,heap      ] GC(256) ParNew: 243557K->1728K(270976K)
[650.167s][info ][gc,heap      ] GC(256) CMS: 279539K->280773K(602112K)
[650.167s][info ][gc,metaspace ] GC(256) Metaspace: 57967K->57967K(1101824K)
[650.167s][info ][gc           ] GC(256) Pause Young (Allocation Failure) 510M->275M(852M) 4.547ms
[650.167s][info ][gc,cpu       ] GC(256) User=0.01s Sys=0.00s Real=0.00s
[650.167s][info ][safepoint    ] Leaving safepoint region
[650.167s][info ][safepoint    ] Total time for which application threads were stopped: 0.0047102 seconds, Stopping threads took: 0.0000327 seconds
[668.614s][info ][safepoint    ] Application time: 18.4469257 seconds
[668.614s][info ][safepoint    ] Entering safepoint region: RevokeBias
[668.614s][info ][safepoint    ] Leaving safepoint region
[668.614s][info ][safepoint    ] Total time for which application threads were stopped: 0.0000957 seconds, Stopping threads took: 0.0000340 seconds
[682.615s][info ][safepoint    ] Application time: 14.0014933 seconds
[682.615s][info ][safepoint    ] Entering safepoint region: Cleanup
[682.615s][info ][safepoint    ] Leaving safepoint region
[682.615s][info ][safepoint    ] Total time for which application threads were stopped: 0.0001099 seconds, Stopping threads took: 0.0000341 seconds
[699.562s][info ][safepoint    ] Application time: 16.9463267 seconds
[699.562s][info ][safepoint    ] Entering safepoint region: GenCollectForAllocation
[699.562s][info ][gc,start     ] GC(257) Pause Young (Allocation Failure)
[699.562s][info ][gc,task      ] GC(257) Using 4 workers of 4 for evacuation
[699.564s][debug][gc,ref       ] GC(257) Skipped phase1 of Reference Processing due to unavailable references
[699.564s][debug][gc,ref       ] GC(257) Skipped phase2 of Reference Processing due to unavailable references
[699.564s][debug][gc,ref       ] GC(257) Skipped phase3 of Reference Processing due to unavailable references
[699.564s][debug][gc,ref       ] GC(257) Skipped phase4 of Reference Processing due to unavailable references
[699.564s][debug][gc,age       ] GC(257) Desired survivor size 15400960 bytes, new threshold 6 (max threshold 6)
[699.564s][info ][gc,heap      ] GC(257) ParNew: 242624K->1050K(270976K)
[699.564s][info ][gc,heap      ] GC(257) CMS: 280773K->280790K(602112K)
[699.564s][info ][gc,metaspace ] GC(257) Metaspace: 57969K->57969K(1101824K)
[699.564s][info ][gc           ] GC(257) Pause Young (Allocation Failure) 511M->275M(852M) 2.194ms
[699.564s][info ][gc,cpu       ] GC(257) User=0.01s Sys=0.00s Real=0.00s
[699.564s][info ][safepoint    ] Leaving safepoint region
[699.564s][info ][safepoint    ] Total time for which application threads were stopped: 0.0023434 seconds, Stopping threads took: 0.0000170 seconds
[702.564s][info ][safepoint    ] Application time: 3.0002030 seconds
[702.564s][info ][safepoint    ] Entering safepoint region: Cleanup
[702.564s][info ][safepoint    ] Leaving safepoint region
[702.564s][info ][safepoint    ] Total time for which application threads were stopped: 0.0001216 seconds, Stopping threads took: 0.0000344 seconds
[728.614s][info ][safepoint    ] Application time: 26.0490966 seconds
[728.614s][info ][safepoint    ] Entering safepoint region: RevokeBias
[728.614s][info ][safepoint    ] Leaving safepoint region
[728.614s][info ][safepoint    ] Total time for which application threads were stopped: 0.0001450 seconds, Stopping threads took: 0.0000175 seconds
[748.961s][info ][safepoint    ] Application time: 20.3470929 seconds
[748.961s][info ][safepoint    ] Entering safepoint region: GenCollectForAllocation
[748.961s][info ][gc,start     ] GC(258) Pause Young (Allocation Failure)
[748.961s][info ][gc,task      ] GC(258) Using 4 workers of 4 for evacuation
[748.968s][debug][gc,ref       ] GC(258) Skipped phase1 of Reference Processing due to unavailable references
[748.968s][debug][gc,ref       ] GC(258) Skipped phase2 of Reference Processing due to unavailable references
[748.968s][debug][gc,ref       ] GC(258) Skipped phase3 of Reference Processing due to unavailable references
[748.968s][debug][gc,ref       ] GC(258) Skipped phase4 of Reference Processing due to unavailable references
[748.969s][debug][gc,age       ] GC(258) Desired survivor size 15400960 bytes, new threshold 6 (max threshold 6)
[748.969s][info ][gc,heap      ] GC(258) ParNew: 241946K->642K(270976K)
[748.969s][info ][gc,heap      ] GC(258) CMS: 280790K->281388K(602112K)
[748.969s][info ][gc,metaspace ] GC(258) Metaspace: 57969K->57969K(1101824K)
[748.969s][info ][gc           ] GC(258) Pause Young (Allocation Failure) 510M->275M(852M) 7.669ms
[748.969s][info ][gc,cpu       ] GC(258) User=0.01s Sys=0.00s Real=0.01s
[748.969s][info ][safepoint    ] Leaving safepoint region
[748.969s][info ][safepoint    ] Total time for which application threads were stopped: 0.0078454 seconds, Stopping threads took: 0.0000367 seconds
[761.970s][info ][safepoint    ] Application time: 13.0011681 seconds
[761.970s][info ][safepoint    ] Entering safepoint region: Cleanup
[761.970s][info ][safepoint    ] Leaving safepoint region
[761.970s][info ][safepoint    ] Total time for which application threads were stopped: 0.0000708 seconds, Stopping threads took: 0.0000174 seconds
[788.614s][info ][safepoint    ] Application time: 26.6435757 seconds
[788.614s][info ][safepoint    ] Entering safepoint region: RevokeBias
[788.614s][info ][safepoint    ] Leaving safepoint region
[788.614s][info ][safepoint    ] Total time for which application threads were stopped: 0.0001043 seconds, Stopping threads took: 0.0000466 seconds
[793.968s][info ][safepoint    ] Application time: 5.3542424 seconds
[793.968s][info ][safepoint    ] Entering safepoint region: RevokeBias
[793.968s][info ][safepoint    ] Leaving safepoint region
[793.968s][info ][safepoint    ] Total time for which application threads were stopped: 0.0001514 seconds, Stopping threads took: 0.0000353 seconds
[793.976s][info ][safepoint    ] Application time: 0.0079895 seconds
[793.976s][info ][safepoint    ] Entering safepoint region: RevokeBias
[793.976s][info ][safepoint    ] Leaving safepoint region
[793.976s][info ][safepoint    ] Total time for which application threads were stopped: 0.0000864 seconds, Stopping threads took: 0.0000158 seconds
[793.983s][info ][safepoint    ] Application time: 0.0065058 seconds
[793.983s][info ][safepoint    ] Entering safepoint region: RevokeBias
[793.983s][info ][safepoint    ] Leaving safepoint region
[793.983s][info ][safepoint    ] Total time for which application threads were stopped: 0.0001290 seconds, Stopping threads took: 0.0000391 seconds
[793.983s][info ][safepoint    ] Application time: 0.0004937 seconds
[793.983s][info ][safepoint    ] Entering safepoint region: RevokeBias
[793.983s][info ][safepoint    ] Leaving safepoint region
[793.983s][info ][safepoint    ] Total time for which application threads were stopped: 0.0000432 seconds, Stopping threads took: 0.0000081 seconds
[793.984s][info ][safepoint    ] Application time: 0.0000767 seconds
[793.984s][info ][safepoint    ] Entering safepoint region: RevokeBias
[793.984s][info ][safepoint    ] Leaving safepoint region
[793.984s][info ][safepoint    ] Total time for which application threads were stopped: 0.0000860 seconds, Stopping threads took: 0.0000507 seconds
[793.984s][info ][safepoint    ] Application time: 0.0002406 seconds
[793.984s][info ][safepoint    ] Entering safepoint region: RevokeBias
[793.984s][info ][safepoint    ] Leaving safepoint region
[793.984s][info ][safepoint    ] Total time for which application threads were stopped: 0.0000543 seconds, Stopping threads took: 0.0000345 seconds
[793.984s][info ][safepoint    ] Application time: 0.0002253 seconds
[793.984s][info ][safepoint    ] Entering safepoint region: RevokeBias
[793.984s][info ][safepoint    ] Leaving safepoint region
[793.984s][info ][safepoint    ] Total time for which application threads were stopped: 0.0000236 seconds, Stopping threads took: 0.0000070 seconds
[793.985s][info ][safepoint    ] Application time: 0.0012109 seconds
[793.985s][info ][safepoint    ] Entering safepoint region: GenCollectForAllocation
[793.986s][info ][gc,start     ] GC(259) Pause Young (Allocation Failure)
[793.986s][info ][gc,task      ] GC(259) Using 4 workers of 4 for evacuation
[793.987s][debug][gc,ref       ] GC(259) Skipped phase1 of Reference Processing due to unavailable references
[793.987s][debug][gc,ref       ] GC(259) Skipped phase3 of Reference Processing due to unavailable references
[793.988s][debug][gc,age       ] GC(259) Desired survivor size 15400960 bytes, new threshold 6 (max threshold 6)
[793.988s][info ][gc,heap      ] GC(259) ParNew: 241538K->172K(270976K)
[793.988s][info ][gc,heap      ] GC(259) CMS: 281388K->281389K(602112K)
[793.988s][info ][gc,metaspace ] GC(259) Metaspace: 58006K->58006K(1101824K)
[793.988s][info ][gc           ] GC(259) Pause Young (Allocation Failure) 510M->274M(852M) 2.160ms
[793.988s][info ][gc,cpu       ] GC(259) User=0.00s Sys=0.00s Real=0.00s
[793.988s][info ][safepoint    ] Leaving safepoint region
[793.988s][info ][safepoint    ] Total time for which application threads were stopped: 0.0022456 seconds, Stopping threads took: 0.0000094 seconds
[793.988s][info ][safepoint    ] Application time: 0.0005684 seconds
[793.988s][info ][safepoint    ] Entering safepoint region: RevokeBias
[793.988s][info ][safepoint    ] Leaving safepoint region
[793.988s][info ][safepoint    ] Total time for which application threads were stopped: 0.0000470 seconds, Stopping threads took: 0.0000091 seconds
[793.990s][info ][safepoint    ] Application time: 0.0016229 seconds
[793.990s][info ][safepoint    ] Entering safepoint region: RevokeBias
[793.990s][info ][safepoint    ] Leaving safepoint region
[793.990s][info ][safepoint    ] Total time for which application threads were stopped: 0.0000603 seconds, Stopping threads took: 0.0000094 seconds
[793.991s][info ][gc,heap,exit ] Heap
[793.991s][info ][gc,heap,exit ]  par new generation   total 270976K, used 2581K [0x0000000700000000, 0x0000000712600000, 0x0000000714cc0000)
[793.991s][info ][gc,heap,exit ]   eden space 240896K,   1% used [0x0000000700000000, 0x000000070025a3f8, 0x000000070eb40000)
[793.991s][info ][gc,heap,exit ]   from space 30080K,   0% used [0x000000070eb40000, 0x000000070eb6b040, 0x00000007108a0000)
[793.991s][info ][gc,heap,exit ]   to   space 30080K,   0% used [0x00000007108a0000, 0x00000007108a0000, 0x0000000712600000)
[793.991s][info ][gc,heap,exit ]  concurrent mark-sweep generation total 602112K, used 281389K [0x0000000714cc0000, 0x00000007398c0000, 0x0000000800000000)
[793.991s][info ][gc,heap,exit ]  Metaspace       used 58017K, capacity 61498K, committed 61816K, reserved 1101824K
[793.991s][info ][gc,heap,exit ]   class space    used 7681K, capacity 9276K, committed 9340K, reserved 1048576K
[793.991s][info ][safepoint    ] Application time: 0.0006441 seconds
[793.991s][info ][safepoint    ] Entering safepoint region: Halt
