[0.016s][info][gc] Using Concurrent Mark Sweep
[0.016s][info][gc,heap,coops] Heap address: 0x0000000700000000, size: 4096 MB, Compressed Oops mode: Zero based, Oop shift amount: 3
[0.072s][info][safepoint    ] Entering safepoint region: EnableBiasedLocking
[0.072s][info][safepoint    ] Leaving safepoint region
[0.072s][info][safepoint    ] Total time for which application threads were stopped: 0.0001146 seconds, Stopping threads took: 0.0000267 seconds
[0.080s][info][safepoint    ] Application time: 0.0044156 seconds
[0.081s][info][safepoint    ] Entering safepoint region: RevokeBias
[0.081s][info][safepoint    ] Leaving safepoint region
[0.081s][info][safepoint    ] Total time for which application threads were stopped: 0.0001157 seconds, Stopping threads took: 0.0000565 seconds
[0.173s][info][safepoint    ] Application time: 0.0921193 seconds
[0.173s][info][safepoint    ] Entering safepoint region: Deoptimize
[0.173s][info][safepoint    ] Leaving safepoint region
[0.173s][info][safepoint    ] Total time for which application threads were stopped: 0.0000636 seconds, Stopping threads took: 0.0000073 seconds
[1.173s][info][safepoint    ] Application time: 1.0001461 seconds
[1.173s][info][safepoint    ] Entering safepoint region: Cleanup
[1.173s][info][safepoint    ] Leaving safepoint region
[1.173s][info][safepoint    ] Total time for which application threads were stopped: 0.0001377 seconds, Stopping threads took: 0.0000107 seconds
[1.412s][info][safepoint    ] Application time: 0.2387668 seconds
[1.412s][info][safepoint    ] Entering safepoint region: Deoptimize
[1.412s][info][safepoint    ] Leaving safepoint region
[1.412s][info][safepoint    ] Total time for which application threads were stopped: 0.0001799 seconds, Stopping threads took: 0.0000084 seconds
[1.453s][info][safepoint    ] Application time: 0.0413643 seconds
[1.454s][info][safepoint    ] Entering safepoint region: Deoptimize
[1.454s][info][safepoint    ] Leaving safepoint region
[1.454s][info][safepoint    ] Total time for which application threads were stopped: 0.0001911 seconds, Stopping threads took: 0.0000519 seconds
[1.502s][info][safepoint    ] Application time: 0.0486448 seconds
[1.502s][info][safepoint    ] Entering safepoint region: Deoptimize
[1.503s][info][safepoint    ] Leaving safepoint region
[1.503s][info][safepoint    ] Total time for which application threads were stopped: 0.0001733 seconds, Stopping threads took: 0.0000075 seconds
[2.429s][info][safepoint    ] Application time: 0.9266212 seconds
[2.429s][info][safepoint    ] Entering safepoint region: Deoptimize
[2.429s][info][safepoint    ] Leaving safepoint region
[2.429s][info][safepoint    ] Total time for which application threads were stopped: 0.0002456 seconds, Stopping threads took: 0.0000075 seconds
[2.587s][info][safepoint    ] Application time: 0.1579409 seconds
[2.587s][info][safepoint    ] Entering safepoint region: Deoptimize
[2.588s][info][safepoint    ] Leaving safepoint region
[2.588s][info][safepoint    ] Total time for which application threads were stopped: 0.0003249 seconds, Stopping threads took: 0.0000194 seconds
[2.878s][info][safepoint    ] Application time: 0.2899492 seconds
[2.878s][info][safepoint    ] Entering safepoint region: ICBufferFull
[2.878s][info][safepoint    ] Leaving safepoint region
[2.878s][info][safepoint    ] Total time for which application threads were stopped: 0.0001374 seconds, Stopping threads took: 0.0000203 seconds
[2.997s][info][safepoint    ] Application time: 0.1187550 seconds
[2.997s][info][safepoint    ] Entering safepoint region: Deoptimize
[2.997s][info][safepoint    ] Leaving safepoint region
[2.997s][info][safepoint    ] Total time for which application threads were stopped: 0.0003328 seconds, Stopping threads took: 0.0000079 seconds
[3.005s][info][safepoint    ] Application time: 0.0075977 seconds
[3.005s][info][safepoint    ] Entering safepoint region: Deoptimize
[3.005s][info][safepoint    ] Leaving safepoint region
[3.005s][info][safepoint    ] Total time for which application threads were stopped: 0.0002696 seconds, Stopping threads took: 0.0000072 seconds
[3.131s][info][safepoint    ] Application time: 0.1265361 seconds
[3.132s][info][safepoint    ] Entering safepoint region: Deoptimize
[3.132s][info][safepoint    ] Leaving safepoint region
[3.132s][info][safepoint    ] Total time for which application threads were stopped: 0.0003704 seconds, Stopping threads took: 0.0000327 seconds
[3.402s][info][safepoint    ] Application time: 0.2701522 seconds
[3.402s][info][safepoint    ] Entering safepoint region: ICBufferFull
[3.402s][info][safepoint    ] Leaving safepoint region
[3.402s][info][safepoint    ] Total time for which application threads were stopped: 0.0001866 seconds, Stopping threads took: 0.0000084 seconds
[3.483s][info][safepoint    ] Application time: 0.0810336 seconds
[3.483s][info][safepoint    ] Entering safepoint region: Deoptimize
[3.484s][info][safepoint    ] Leaving safepoint region
[3.484s][info][safepoint    ] Total time for which application threads were stopped: 0.0003271 seconds, Stopping threads took: 0.0000078 seconds
[3.580s][info][safepoint    ] Application time: 0.0959794 seconds
[3.580s][info][safepoint    ] Entering safepoint region: CollectForMetadataAllocation
[3.580s][info][safepoint    ] Leaving safepoint region
[3.580s][info][safepoint    ] Total time for which application threads were stopped: 0.0001653 seconds, Stopping threads took: 0.0000074 seconds
[3.668s][info][safepoint    ] Application time: 0.0881828 seconds
[3.668s][info][safepoint    ] Entering safepoint region: GenCollectForAllocation
[3.668s][info][gc,start     ] GC(0) Pause Young (Allocation Failure)
[3.673s][info][gc,task      ] GC(0) Using 4 workers of 4 for evacuation
[3.728s][debug][gc,ref       ] GC(0) Skipped phase1 of Reference Processing due to unavailable references
[3.728s][debug][gc,ref       ] GC(0) Skipped phase3 of Reference Processing due to unavailable references
[3.728s][debug][gc,age       ] GC(0) Desired survivor size 15400960 bytes, new threshold 1 (max threshold 6)
[3.728s][info ][gc,heap      ] GC(0) ParNew: 240896K->30078K(270976K)
[3.728s][info ][gc,heap      ] GC(0) CMS: 0K->2891K(602112K)
[3.728s][info ][gc,metaspace ] GC(0) Metaspace: 20578K->20578K(1069056K)
[3.728s][info ][gc           ] GC(0) Pause Young (Allocation Failure) 235M->32M(852M) 59.994ms
[3.728s][info ][gc,cpu       ] GC(0) User=0.16s Sys=0.02s Real=0.06s
[3.728s][info ][safepoint    ] Leaving safepoint region
[3.728s][info ][safepoint    ] Total time for which application threads were stopped: 0.0601159 seconds, Stopping threads took: 0.0000079 seconds
[3.728s][info ][safepoint    ] Application time: 0.0001422 seconds
[3.728s][info ][safepoint    ] Entering safepoint region: CMS_Initial_Mark
[3.728s][info ][gc,start     ] GC(1) Pause Initial Mark
[3.738s][info ][gc           ] GC(1) Pause Initial Mark 36M->36M(852M) 10.040ms
[3.738s][info ][gc,cpu       ] GC(1) User=0.03s Sys=0.00s Real=0.01s
[3.738s][info ][safepoint    ] Leaving safepoint region
[3.738s][info ][safepoint    ] Total time for which application threads were stopped: 0.0101760 seconds, Stopping threads took: 0.0000316 seconds
[3.739s][info ][gc           ] GC(1) Concurrent Mark
[3.740s][info ][safepoint    ] Application time: 0.0012304 seconds
[3.740s][info ][safepoint    ] Entering safepoint region: RevokeBias
[3.740s][info ][safepoint    ] Leaving safepoint region
[3.740s][info ][safepoint    ] Total time for which application threads were stopped: 0.0002597 seconds, Stopping threads took: 0.0001682 seconds
[3.740s][info ][safepoint    ] Application time: 0.0000810 seconds
[3.740s][info ][safepoint    ] Entering safepoint region: RevokeBias
[3.740s][info ][safepoint    ] Leaving safepoint region
[3.740s][info ][safepoint    ] Total time for which application threads were stopped: 0.0000971 seconds, Stopping threads took: 0.0000522 seconds
[3.741s][info ][safepoint    ] Application time: 0.0010041 seconds
[3.741s][info ][safepoint    ] Entering safepoint region: RevokeBias
[3.741s][info ][safepoint    ] Leaving safepoint region
[3.741s][info ][safepoint    ] Total time for which application threads were stopped: 0.0000985 seconds, Stopping threads took: 0.0000444 seconds
[3.765s][info ][gc           ] GC(1) Concurrent Mark 26.298ms
[3.765s][info ][gc,cpu       ] GC(1) User=0.09s Sys=0.01s Real=0.03s
[3.765s][info ][gc           ] GC(1) Concurrent Preclean
[3.765s][debug][gc,ref       ] GC(1) Preclean SoftReferences 0.001ms
[3.765s][debug][gc,ref       ] GC(1) Preclean WeakReferences 0.000ms
[3.765s][debug][gc,ref       ] GC(1) Preclean FinalReferences 0.000ms
[3.765s][debug][gc,ref       ] GC(1) Preclean PhantomReferences 0.000ms
[3.766s][info ][gc           ] GC(1) Concurrent Preclean 1.048ms
[3.766s][info ][gc,cpu       ] GC(1) User=0.00s Sys=0.00s Real=0.00s
[3.766s][info ][gc           ] GC(1) Concurrent Abortable Preclean
[3.787s][info ][safepoint    ] Application time: 0.0453978 seconds
[3.787s][info ][safepoint    ] Entering safepoint region: CollectForMetadataAllocation
[3.787s][info ][safepoint    ] Leaving safepoint region
[3.787s][info ][safepoint    ] Total time for which application threads were stopped: 0.0001649 seconds, Stopping threads took: 0.0000376 seconds
[3.798s][info ][safepoint    ] Application time: 0.0107710 seconds
[3.798s][info ][safepoint    ] Entering safepoint region: CollectForMetadataAllocation
[3.798s][info ][safepoint    ] Leaving safepoint region
[3.798s][info ][safepoint    ] Total time for which application threads were stopped: 0.0000783 seconds, Stopping threads took: 0.0000071 seconds
[3.819s][info ][safepoint    ] Application time: 0.0207911 seconds
[3.819s][info ][safepoint    ] Entering safepoint region: CollectForMetadataAllocation
[3.819s][info ][safepoint    ] Leaving safepoint region
[3.819s][info ][safepoint    ] Total time for which application threads were stopped: 0.0000993 seconds, Stopping threads took: 0.0000079 seconds
[3.860s][info ][safepoint    ] Application time: 0.0413130 seconds
[3.860s][info ][safepoint    ] Entering safepoint region: CollectForMetadataAllocation
[3.860s][info ][safepoint    ] Leaving safepoint region
[3.860s][info ][safepoint    ] Total time for which application threads were stopped: 0.0000778 seconds, Stopping threads took: 0.0000097 seconds
[3.882s][info ][safepoint    ] Application time: 0.0214352 seconds
[3.882s][info ][safepoint    ] Entering safepoint region: RevokeBias
[3.882s][info ][safepoint    ] Leaving safepoint region
[3.882s][info ][safepoint    ] Total time for which application threads were stopped: 0.0002729 seconds, Stopping threads took: 0.0001670 seconds
[3.883s][info ][safepoint    ] Application time: 0.0007604 seconds
[3.883s][info ][safepoint    ] Entering safepoint region: RevokeBias
[3.883s][info ][safepoint    ] Leaving safepoint region
[3.883s][info ][safepoint    ] Total time for which application threads were stopped: 0.0001260 seconds, Stopping threads took: 0.0000152 seconds
[3.883s][info ][safepoint    ] Application time: 0.0002658 seconds
[3.883s][info ][safepoint    ] Entering safepoint region: RevokeBias
[3.883s][info ][safepoint    ] Leaving safepoint region
[3.883s][info ][safepoint    ] Total time for which application threads were stopped: 0.0001267 seconds, Stopping threads took: 0.0000271 seconds
[3.883s][info ][safepoint    ] Application time: 0.0001008 seconds
[3.883s][info ][safepoint    ] Entering safepoint region: RevokeBias
[3.883s][info ][safepoint    ] Leaving safepoint region
[3.883s][info ][safepoint    ] Total time for which application threads were stopped: 0.0001285 seconds, Stopping threads took: 0.0000766 seconds
[3.884s][info ][safepoint    ] Application time: 0.0001748 seconds
[3.884s][info ][safepoint    ] Entering safepoint region: RevokeBias
[3.884s][info ][safepoint    ] Leaving safepoint region
[3.884s][info ][safepoint    ] Total time for which application threads were stopped: 0.0001013 seconds, Stopping threads took: 0.0000524 seconds
[3.884s][info ][safepoint    ] Application time: 0.0001541 seconds
[3.884s][info ][safepoint    ] Entering safepoint region: RevokeBias
[3.884s][info ][safepoint    ] Leaving safepoint region
[3.884s][info ][safepoint    ] Total time for which application threads were stopped: 0.0003344 seconds, Stopping threads took: 0.0002964 seconds
[3.885s][info ][safepoint    ] Application time: 0.0005420 seconds
[3.885s][info ][safepoint    ] Entering safepoint region: RevokeBias
[3.885s][info ][safepoint    ] Leaving safepoint region
[3.885s][info ][safepoint    ] Total time for which application threads were stopped: 0.0001383 seconds, Stopping threads took: 0.0000622 seconds
[3.885s][info ][safepoint    ] Application time: 0.0001764 seconds
[3.885s][info ][safepoint    ] Entering safepoint region: RevokeBias
[3.885s][info ][safepoint    ] Leaving safepoint region
[3.885s][info ][safepoint    ] Total time for which application threads were stopped: 0.0001420 seconds, Stopping threads took: 0.0000831 seconds
[3.885s][info ][safepoint    ] Application time: 0.0002171 seconds
[3.886s][info ][safepoint    ] Entering safepoint region: RevokeBias
[3.886s][info ][safepoint    ] Leaving safepoint region
[3.886s][info ][safepoint    ] Total time for which application threads were stopped: 0.0001589 seconds, Stopping threads took: 0.0001038 seconds
[3.886s][info ][safepoint    ] Application time: 0.0002515 seconds
[3.886s][info ][safepoint    ] Entering safepoint region: RevokeBias
[3.886s][info ][safepoint    ] Leaving safepoint region
[3.886s][info ][safepoint    ] Total time for which application threads were stopped: 0.0002157 seconds, Stopping threads took: 0.0000948 seconds
[3.886s][info ][safepoint    ] Application time: 0.0003158 seconds
[3.887s][info ][safepoint    ] Entering safepoint region: RevokeBias
[3.887s][info ][safepoint    ] Leaving safepoint region
[3.887s][info ][safepoint    ] Total time for which application threads were stopped: 0.0002017 seconds, Stopping threads took: 0.0001381 seconds
[3.887s][info ][safepoint    ] Application time: 0.0001220 seconds
[3.887s][info ][safepoint    ] Entering safepoint region: RevokeBias
[3.887s][info ][safepoint    ] Leaving safepoint region
[3.887s][info ][safepoint    ] Total time for which application threads were stopped: 0.0001513 seconds, Stopping threads took: 0.0001078 seconds
[3.887s][info ][safepoint    ] Application time: 0.0003434 seconds
[3.887s][info ][safepoint    ] Entering safepoint region: RevokeBias
[3.887s][info ][safepoint    ] Leaving safepoint region
[3.887s][info ][safepoint    ] Total time for which application threads were stopped: 0.0001459 seconds, Stopping threads took: 0.0000908 seconds
[3.888s][info ][safepoint    ] Application time: 0.0005586 seconds
[3.888s][info ][safepoint    ] Entering safepoint region: RevokeBias
[3.888s][info ][safepoint    ] Leaving safepoint region
[3.888s][info ][safepoint    ] Total time for which application threads were stopped: 0.0001025 seconds, Stopping threads took: 0.0000290 seconds
[3.889s][info ][safepoint    ] Application time: 0.0005046 seconds
[3.889s][info ][safepoint    ] Entering safepoint region: RevokeBias
[3.889s][info ][safepoint    ] Leaving safepoint region
[3.889s][info ][safepoint    ] Total time for which application threads were stopped: 0.0001385 seconds, Stopping threads took: 0.0000628 seconds
[3.889s][info ][safepoint    ] Application time: 0.0003084 seconds
[3.889s][info ][safepoint    ] Entering safepoint region: RevokeBias
[3.889s][info ][safepoint    ] Leaving safepoint region
[3.889s][info ][safepoint    ] Total time for which application threads were stopped: 0.0000840 seconds, Stopping threads took: 0.0000070 seconds
[3.890s][info ][safepoint    ] Application time: 0.0006623 seconds
[3.890s][info ][safepoint    ] Entering safepoint region: RevokeBias
[3.890s][info ][safepoint    ] Leaving safepoint region
[3.890s][info ][safepoint    ] Total time for which application threads were stopped: 0.0001896 seconds, Stopping threads took: 0.0001349 seconds
[3.890s][info ][safepoint    ] Application time: 0.0002886 seconds
[3.890s][info ][safepoint    ] Entering safepoint region: CollectForMetadataAllocation
[3.890s][info ][safepoint    ] Leaving safepoint region
[3.890s][info ][safepoint    ] Total time for which application threads were stopped: 0.0000649 seconds, Stopping threads took: 0.0000108 seconds
[3.891s][info ][safepoint    ] Application time: 0.0005565 seconds
[3.891s][info ][safepoint    ] Entering safepoint region: RevokeBias
[3.891s][info ][safepoint    ] Leaving safepoint region
[3.891s][info ][safepoint    ] Total time for which application threads were stopped: 0.0003361 seconds, Stopping threads took: 0.0002843 seconds
[3.892s][info ][safepoint    ] Application time: 0.0000895 seconds
[3.892s][info ][safepoint    ] Entering safepoint region: RevokeBias
[3.892s][info ][safepoint    ] Leaving safepoint region
[3.892s][info ][safepoint    ] Total time for which application threads were stopped: 0.0000890 seconds, Stopping threads took: 0.0000492 seconds
[3.893s][info ][safepoint    ] Application time: 0.0012241 seconds
[3.893s][info ][safepoint    ] Entering safepoint region: RevokeBias
[3.893s][info ][safepoint    ] Leaving safepoint region
[3.893s][info ][safepoint    ] Total time for which application threads were stopped: 0.0001321 seconds, Stopping threads took: 0.0000802 seconds
[3.893s][info ][safepoint    ] Application time: 0.0000931 seconds
[3.893s][info ][safepoint    ] Entering safepoint region: RevokeBias
[3.893s][info ][safepoint    ] Leaving safepoint region
[3.893s][info ][safepoint    ] Total time for which application threads were stopped: 0.0001352 seconds, Stopping threads took: 0.0000829 seconds
[3.895s][info ][safepoint    ] Application time: 0.0014723 seconds
[3.895s][info ][safepoint    ] Entering safepoint region: RevokeBias
[3.895s][info ][safepoint    ] Leaving safepoint region
[3.895s][info ][safepoint    ] Total time for which application threads were stopped: 0.0001355 seconds, Stopping threads took: 0.0000683 seconds
[3.900s][info ][safepoint    ] Application time: 0.0048920 seconds
[3.900s][info ][safepoint    ] Entering safepoint region: RevokeBias
[3.900s][info ][safepoint    ] Leaving safepoint region
[3.900s][info ][safepoint    ] Total time for which application threads were stopped: 0.0001056 seconds, Stopping threads took: 0.0000066 seconds
[3.900s][info ][safepoint    ] Application time: 0.0001321 seconds
[3.900s][info ][safepoint    ] Entering safepoint region: RevokeBias
[3.900s][info ][safepoint    ] Leaving safepoint region
[3.900s][info ][safepoint    ] Total time for which application threads were stopped: 0.0000999 seconds, Stopping threads took: 0.0000480 seconds
[3.910s][info ][safepoint    ] Application time: 0.0097897 seconds
[3.910s][info ][safepoint    ] Entering safepoint region: CollectForMetadataAllocation
[3.910s][info ][safepoint    ] Leaving safepoint region
[3.910s][info ][safepoint    ] Total time for which application threads were stopped: 0.0001723 seconds, Stopping threads took: 0.0000101 seconds
[3.912s][info ][safepoint    ] Application time: 0.0022980 seconds
[3.913s][info ][safepoint    ] Entering safepoint region: CollectForMetadataAllocation
[3.913s][info ][safepoint    ] Leaving safepoint region
[3.913s][info ][safepoint    ] Total time for which application threads were stopped: 0.0001025 seconds, Stopping threads took: 0.0000651 seconds
[3.913s][info ][safepoint    ] Application time: 0.0009006 seconds
[3.914s][info ][safepoint    ] Entering safepoint region: RevokeBias
[3.914s][info ][safepoint    ] Leaving safepoint region
[3.914s][info ][safepoint    ] Total time for which application threads were stopped: 0.0003420 seconds, Stopping threads took: 0.0001603 seconds
[3.914s][info ][safepoint    ] Application time: 0.0005555 seconds
[3.915s][info ][safepoint    ] Entering safepoint region: BulkRevokeBias
[3.916s][info ][safepoint    ] Leaving safepoint region
[3.916s][info ][safepoint    ] Total time for which application threads were stopped: 0.0016439 seconds, Stopping threads took: 0.0007554 seconds
[3.917s][info ][safepoint    ] Application time: 0.0013245 seconds
[3.917s][info ][safepoint    ] Entering safepoint region: RevokeBias
[3.917s][info ][safepoint    ] Leaving safepoint region
[3.917s][info ][safepoint    ] Total time for which application threads were stopped: 0.0000736 seconds, Stopping threads took: 0.0000197 seconds
[3.920s][info ][safepoint    ] Application time: 0.0026153 seconds
[3.920s][info ][safepoint    ] Entering safepoint region: RevokeBias
[3.920s][info ][safepoint    ] Leaving safepoint region
[3.920s][info ][safepoint    ] Total time for which application threads were stopped: 0.0003472 seconds, Stopping threads took: 0.0001371 seconds
[3.923s][info ][safepoint    ] Application time: 0.0025614 seconds
[3.923s][info ][safepoint    ] Entering safepoint region: RevokeBias
[3.924s][info ][safepoint    ] Leaving safepoint region
[3.924s][info ][safepoint    ] Total time for which application threads were stopped: 0.0004885 seconds, Stopping threads took: 0.0003354 seconds
[3.924s][info ][safepoint    ] Application time: 0.0002113 seconds
[3.924s][info ][safepoint    ] Entering safepoint region: RevokeBias
[3.924s][info ][safepoint    ] Leaving safepoint region
[3.924s][info ][safepoint    ] Total time for which application threads were stopped: 0.0001180 seconds, Stopping threads took: 0.0000635 seconds
[3.924s][info ][safepoint    ] Application time: 0.0004624 seconds
[3.924s][info ][safepoint    ] Entering safepoint region: RevokeBias
[3.925s][info ][safepoint    ] Leaving safepoint region
[3.925s][info ][safepoint    ] Total time for which application threads were stopped: 0.0001459 seconds, Stopping threads took: 0.0000388 seconds
[3.925s][info ][safepoint    ] Application time: 0.0006150 seconds
[3.925s][info ][safepoint    ] Entering safepoint region: CollectForMetadataAllocation
[3.925s][info ][safepoint    ] Leaving safepoint region
[3.925s][info ][safepoint    ] Total time for which application threads were stopped: 0.0001207 seconds, Stopping threads took: 0.0000617 seconds
[3.928s][info ][safepoint    ] Application time: 0.0023753 seconds
[3.928s][info ][safepoint    ] Entering safepoint region: RevokeBias
[3.928s][info ][safepoint    ] Leaving safepoint region
[3.928s][info ][safepoint    ] Total time for which application threads were stopped: 0.0001769 seconds, Stopping threads took: 0.0000923 seconds
[3.929s][info ][safepoint    ] Application time: 0.0006861 seconds
[3.929s][info ][safepoint    ] Entering safepoint region: RevokeBias
[3.929s][info ][safepoint    ] Leaving safepoint region
[3.929s][info ][safepoint    ] Total time for which application threads were stopped: 0.0001702 seconds, Stopping threads took: 0.0000530 seconds
[3.931s][info ][safepoint    ] Application time: 0.0019254 seconds
[3.931s][info ][safepoint    ] Entering safepoint region: RevokeBias
[3.931s][info ][safepoint    ] Leaving safepoint region
[3.931s][info ][safepoint    ] Total time for which application threads were stopped: 0.0000822 seconds, Stopping threads took: 0.0000076 seconds
[3.933s][info ][safepoint    ] Application time: 0.0021978 seconds
[3.933s][info ][safepoint    ] Entering safepoint region: RevokeBias
[3.933s][info ][safepoint    ] Leaving safepoint region
[3.933s][info ][safepoint    ] Total time for which application threads were stopped: 0.0000753 seconds, Stopping threads took: 0.0000089 seconds
[3.937s][info ][safepoint    ] Application time: 0.0034552 seconds
[3.937s][info ][safepoint    ] Entering safepoint region: RevokeBias
[3.937s][info ][safepoint    ] Leaving safepoint region
[3.937s][info ][safepoint    ] Total time for which application threads were stopped: 0.0002017 seconds, Stopping threads took: 0.0001548 seconds
[3.937s][info ][safepoint    ] Application time: 0.0006076 seconds
[3.937s][info ][safepoint    ] Entering safepoint region: CollectForMetadataAllocation
[3.938s][info ][safepoint    ] Leaving safepoint region
[3.938s][info ][safepoint    ] Total time for which application threads were stopped: 0.0001195 seconds, Stopping threads took: 0.0000583 seconds
[3.939s][info ][safepoint    ] Application time: 0.0015526 seconds
[3.939s][info ][safepoint    ] Entering safepoint region: RevokeBias
[3.939s][info ][safepoint    ] Leaving safepoint region
[3.939s][info ][safepoint    ] Total time for which application threads were stopped: 0.0001042 seconds, Stopping threads took: 0.0000484 seconds
[3.941s][info ][safepoint    ] Application time: 0.0016340 seconds
[3.941s][info ][safepoint    ] Entering safepoint region: RevokeBias
[3.941s][info ][safepoint    ] Leaving safepoint region
[3.941s][info ][safepoint    ] Total time for which application threads were stopped: 0.0001572 seconds, Stopping threads took: 0.0000915 seconds
[3.943s][info ][safepoint    ] Application time: 0.0016048 seconds
[3.943s][info ][safepoint    ] Entering safepoint region: RevokeBias
[3.943s][info ][safepoint    ] Leaving safepoint region
[3.943s][info ][safepoint    ] Total time for which application threads were stopped: 0.0001167 seconds, Stopping threads took: 0.0000470 seconds
[3.944s][info ][safepoint    ] Application time: 0.0009394 seconds
[3.944s][info ][safepoint    ] Entering safepoint region: RevokeBias
[3.944s][info ][safepoint    ] Leaving safepoint region
[3.944s][info ][safepoint    ] Total time for which application threads were stopped: 0.0001240 seconds, Stopping threads took: 0.0000701 seconds
[3.947s][info ][safepoint    ] Application time: 0.0036534 seconds
[3.948s][info ][safepoint    ] Entering safepoint region: RevokeBias
[3.948s][info ][safepoint    ] Leaving safepoint region
[3.948s][info ][safepoint    ] Total time for which application threads were stopped: 0.0001764 seconds, Stopping threads took: 0.0000486 seconds
[3.949s][info ][safepoint    ] Application time: 0.0015271 seconds
[3.949s][info ][safepoint    ] Entering safepoint region: RevokeBias
[3.949s][info ][safepoint    ] Leaving safepoint region
[3.949s][info ][safepoint    ] Total time for which application threads were stopped: 0.0001082 seconds, Stopping threads took: 0.0000055 seconds
[3.950s][info ][safepoint    ] Application time: 0.0007069 seconds
[3.950s][info ][safepoint    ] Entering safepoint region: RevokeBias
[3.950s][info ][safepoint    ] Leaving safepoint region
[3.950s][info ][safepoint    ] Total time for which application threads were stopped: 0.0000514 seconds, Stopping threads took: 0.0000056 seconds
[3.952s][info ][safepoint    ] Application time: 0.0018646 seconds
[3.952s][info ][safepoint    ] Entering safepoint region: RevokeBias
[3.952s][info ][safepoint    ] Leaving safepoint region
[3.952s][info ][safepoint    ] Total time for which application threads were stopped: 0.0000764 seconds, Stopping threads took: 0.0000107 seconds
[3.954s][info ][safepoint    ] Application time: 0.0015110 seconds
[3.954s][info ][safepoint    ] Entering safepoint region: RevokeBias
[3.954s][info ][safepoint    ] Leaving safepoint region
[3.954s][info ][safepoint    ] Total time for which application threads were stopped: 0.0000574 seconds, Stopping threads took: 0.0000053 seconds
[3.954s][info ][safepoint    ] Application time: 0.0005710 seconds
[3.954s][info ][safepoint    ] Entering safepoint region: BulkRevokeBias
[3.954s][info ][safepoint    ] Leaving safepoint region
[3.954s][info ][safepoint    ] Total time for which application threads were stopped: 0.0002208 seconds, Stopping threads took: 0.0000063 seconds
[3.957s][info ][safepoint    ] Application time: 0.0028808 seconds
[3.957s][info ][safepoint    ] Entering safepoint region: CollectForMetadataAllocation
[3.957s][info ][safepoint    ] Leaving safepoint region
[3.958s][info ][safepoint    ] Total time for which application threads were stopped: 0.0001354 seconds, Stopping threads took: 0.0000533 seconds
[3.980s][info ][safepoint    ] Application time: 0.0225161 seconds
[3.980s][info ][safepoint    ] Entering safepoint region: CollectForMetadataAllocation
[3.980s][info ][safepoint    ] Leaving safepoint region
[3.980s][info ][safepoint    ] Total time for which application threads were stopped: 0.0001779 seconds, Stopping threads took: 0.0000637 seconds
[3.985s][info ][safepoint    ] Application time: 0.0047890 seconds
[3.985s][info ][safepoint    ] Entering safepoint region: CollectForMetadataAllocation
[3.985s][info ][safepoint    ] Leaving safepoint region
[3.985s][info ][safepoint    ] Total time for which application threads were stopped: 0.0002068 seconds, Stopping threads took: 0.0001267 seconds
[3.996s][info ][safepoint    ] Application time: 0.0110433 seconds
[3.996s][info ][safepoint    ] Entering safepoint region: CollectForMetadataAllocation
[3.996s][info ][safepoint    ] Leaving safepoint region
[3.996s][info ][safepoint    ] Total time for which application threads were stopped: 0.0001118 seconds, Stopping threads took: 0.0000332 seconds
[4.006s][info ][safepoint    ] Application time: 0.0098109 seconds
[4.006s][info ][safepoint    ] Entering safepoint region: CollectForMetadataAllocation
[4.007s][info ][safepoint    ] Leaving safepoint region
[4.007s][info ][safepoint    ] Total time for which application threads were stopped: 0.0002105 seconds, Stopping threads took: 0.0001249 seconds
[4.024s][info ][safepoint    ] Application time: 0.0176986 seconds
[4.024s][info ][safepoint    ] Entering safepoint region: CollectForMetadataAllocation
[4.024s][info ][safepoint    ] Leaving safepoint region
[4.024s][info ][safepoint    ] Total time for which application threads were stopped: 0.0001249 seconds, Stopping threads took: 0.0000356 seconds
[4.039s][info ][safepoint    ] Application time: 0.0143988 seconds
[4.039s][info ][safepoint    ] Entering safepoint region: CollectForMetadataAllocation
[4.039s][info ][safepoint    ] Leaving safepoint region
[4.039s][info ][safepoint    ] Total time for which application threads were stopped: 0.0001936 seconds, Stopping threads took: 0.0000958 seconds
[4.041s][info ][safepoint    ] Application time: 0.0019419 seconds
[4.041s][info ][safepoint    ] Entering safepoint region: Deoptimize
[4.041s][info ][safepoint    ] Leaving safepoint region
[4.041s][info ][safepoint    ] Total time for which application threads were stopped: 0.0004314 seconds, Stopping threads took: 0.0000638 seconds
[4.076s][info ][safepoint    ] Application time: 0.0344497 seconds
[4.076s][info ][safepoint    ] Entering safepoint region: RevokeBias
[4.076s][info ][safepoint    ] Leaving safepoint region
[4.076s][info ][safepoint    ] Total time for which application threads were stopped: 0.0002369 seconds, Stopping threads took: 0.0000908 seconds
[4.078s][info ][safepoint    ] Application time: 0.0014200 seconds
[4.078s][info ][safepoint    ] Entering safepoint region: RevokeBias
[4.078s][info ][safepoint    ] Leaving safepoint region
[4.078s][info ][safepoint    ] Total time for which application threads were stopped: 0.0001729 seconds, Stopping threads took: 0.0000568 seconds
[4.081s][info ][safepoint    ] Application time: 0.0031791 seconds
[4.081s][info ][safepoint    ] Entering safepoint region: Deoptimize
[4.081s][info ][safepoint    ] Leaving safepoint region
[4.081s][info ][safepoint    ] Total time for which application threads were stopped: 0.0005132 seconds, Stopping threads took: 0.0001225 seconds
[4.084s][info ][safepoint    ] Application time: 0.0021619 seconds
[4.084s][info ][safepoint    ] Entering safepoint region: RevokeBias
[4.084s][info ][safepoint    ] Leaving safepoint region
[4.084s][info ][safepoint    ] Total time for which application threads were stopped: 0.0001479 seconds, Stopping threads took: 0.0000720 seconds
[4.096s][info ][safepoint    ] Application time: 0.0121204 seconds
[4.096s][info ][safepoint    ] Entering safepoint region: RevokeBias
[4.096s][info ][safepoint    ] Leaving safepoint region
[4.096s][info ][safepoint    ] Total time for which application threads were stopped: 0.0003031 seconds, Stopping threads took: 0.0000446 seconds
[4.096s][info ][safepoint    ] Application time: 0.0000961 seconds
[4.096s][info ][safepoint    ] Entering safepoint region: RevokeBias
[4.097s][info ][safepoint    ] Leaving safepoint region
[4.097s][info ][safepoint    ] Total time for which application threads were stopped: 0.0001436 seconds, Stopping threads took: 0.0000638 seconds
[4.102s][info ][safepoint    ] Application time: 0.0052110 seconds
[4.102s][info ][safepoint    ] Entering safepoint region: RevokeBias
[4.102s][info ][safepoint    ] Leaving safepoint region
[4.102s][info ][safepoint    ] Total time for which application threads were stopped: 0.0001174 seconds, Stopping threads took: 0.0000332 seconds
[4.103s][info ][safepoint    ] Application time: 0.0011329 seconds
[4.103s][info ][safepoint    ] Entering safepoint region: RevokeBias
[4.103s][info ][safepoint    ] Leaving safepoint region
[4.103s][info ][safepoint    ] Total time for which application threads were stopped: 0.0002459 seconds, Stopping threads took: 0.0001753 seconds
[4.104s][info ][safepoint    ] Application time: 0.0002021 seconds
[4.104s][info ][safepoint    ] Entering safepoint region: RevokeBias
[4.104s][info ][safepoint    ] Leaving safepoint region
[4.104s][info ][safepoint    ] Total time for which application threads were stopped: 0.0004823 seconds, Stopping threads took: 0.0003957 seconds
[4.105s][info ][safepoint    ] Application time: 0.0005017 seconds
[4.105s][info ][safepoint    ] Entering safepoint region: RevokeBias
[4.105s][info ][safepoint    ] Leaving safepoint region
[4.105s][info ][safepoint    ] Total time for which application threads were stopped: 0.0001907 seconds, Stopping threads took: 0.0000964 seconds
[4.105s][info ][safepoint    ] Application time: 0.0002747 seconds
[4.105s][info ][safepoint    ] Entering safepoint region: RevokeBias
[4.105s][info ][safepoint    ] Leaving safepoint region
[4.105s][info ][safepoint    ] Total time for which application threads were stopped: 0.0002204 seconds, Stopping threads took: 0.0001599 seconds
[4.106s][info ][safepoint    ] Application time: 0.0006931 seconds
[4.106s][info ][safepoint    ] Entering safepoint region: RevokeBias
[4.106s][info ][safepoint    ] Leaving safepoint region
[4.106s][info ][safepoint    ] Total time for which application threads were stopped: 0.0001713 seconds, Stopping threads took: 0.0000597 seconds
[4.106s][info ][safepoint    ] Application time: 0.0002049 seconds
[4.106s][info ][safepoint    ] Entering safepoint region: RevokeBias
[4.107s][info ][safepoint    ] Leaving safepoint region
[4.107s][info ][safepoint    ] Total time for which application threads were stopped: 0.0002014 seconds, Stopping threads took: 0.0000816 seconds
[4.107s][info ][safepoint    ] Application time: 0.0000619 seconds
[4.110s][info ][safepoint    ] Entering safepoint region: RevokeBias
[4.110s][info ][safepoint    ] Leaving safepoint region
[4.110s][info ][safepoint    ] Total time for which application threads were stopped: 0.0030152 seconds, Stopping threads took: 0.0029402 seconds
[4.110s][info ][safepoint    ] Application time: 0.0000671 seconds
[4.110s][info ][safepoint    ] Entering safepoint region: RevokeBias
[4.110s][info ][safepoint    ] Leaving safepoint region
[4.110s][info ][safepoint    ] Total time for which application threads were stopped: 0.0000642 seconds, Stopping threads took: 0.0000061 seconds
[4.110s][info ][safepoint    ] Application time: 0.0000272 seconds
[4.110s][info ][safepoint    ] Entering safepoint region: RevokeBias
[4.110s][info ][safepoint    ] Leaving safepoint region
[4.110s][info ][safepoint    ] Total time for which application threads were stopped: 0.0000675 seconds, Stopping threads took: 0.0000219 seconds
[4.110s][info ][safepoint    ] Application time: 0.0003310 seconds
[4.110s][info ][safepoint    ] Entering safepoint region: RevokeBias
[4.110s][info ][safepoint    ] Leaving safepoint region
[4.110s][info ][safepoint    ] Total time for which application threads were stopped: 0.0001445 seconds, Stopping threads took: 0.0000545 seconds
[4.111s][info ][safepoint    ] Application time: 0.0001714 seconds
[4.111s][info ][safepoint    ] Entering safepoint region: RevokeBias
[4.111s][info ][safepoint    ] Leaving safepoint region
[4.111s][info ][safepoint    ] Total time for which application threads were stopped: 0.0002391 seconds, Stopping threads took: 0.0001561 seconds
[4.111s][info ][safepoint    ] Application time: 0.0005413 seconds
[4.112s][info ][safepoint    ] Entering safepoint region: RevokeBias
[4.112s][info ][safepoint    ] Leaving safepoint region
[4.112s][info ][safepoint    ] Total time for which application threads were stopped: 0.0002432 seconds, Stopping threads took: 0.0001467 seconds
[4.112s][info ][safepoint    ] Application time: 0.0000871 seconds
[4.112s][info ][safepoint    ] Entering safepoint region: RevokeBias
[4.112s][info ][safepoint    ] Leaving safepoint region
[4.112s][info ][safepoint    ] Total time for which application threads were stopped: 0.0002494 seconds, Stopping threads took: 0.0001311 seconds
[4.112s][info ][safepoint    ] Application time: 0.0003994 seconds
[4.113s][info ][safepoint    ] Entering safepoint region: RevokeBias
[4.113s][info ][safepoint    ] Leaving safepoint region
[4.113s][info ][safepoint    ] Total time for which application threads were stopped: 0.0002556 seconds, Stopping threads took: 0.0001608 seconds
[4.113s][info ][safepoint    ] Application time: 0.0000832 seconds
[4.113s][info ][safepoint    ] Entering safepoint region: RevokeBias
[4.113s][info ][safepoint    ] Leaving safepoint region
[4.113s][info ][safepoint    ] Total time for which application threads were stopped: 0.0001066 seconds, Stopping threads took: 0.0000449 seconds
[4.113s][info ][safepoint    ] Application time: 0.0001395 seconds
[4.113s][info ][safepoint    ] Entering safepoint region: BulkRevokeBias
[4.114s][info ][safepoint    ] Leaving safepoint region
[4.114s][info ][safepoint    ] Total time for which application threads were stopped: 0.0008494 seconds, Stopping threads took: 0.0000751 seconds
[4.114s][info ][safepoint    ] Application time: 0.0001592 seconds
[4.114s][info ][safepoint    ] Entering safepoint region: RevokeBias
[4.114s][info ][safepoint    ] Leaving safepoint region
[4.114s][info ][safepoint    ] Total time for which application threads were stopped: 0.0002368 seconds, Stopping threads took: 0.0000892 seconds
[4.131s][info ][safepoint    ] Application time: 0.0165284 seconds
[4.131s][info ][safepoint    ] Entering safepoint region: RevokeBias
[4.131s][info ][safepoint    ] Leaving safepoint region
[4.131s][info ][safepoint    ] Total time for which application threads were stopped: 0.0003942 seconds, Stopping threads took: 0.0002079 seconds
[4.134s][info ][safepoint    ] Application time: 0.0029234 seconds
[4.135s][info ][safepoint    ] Entering safepoint region: RevokeBias
[4.135s][info ][safepoint    ] Leaving safepoint region
[4.135s][info ][safepoint    ] Total time for which application threads were stopped: 0.0003937 seconds, Stopping threads took: 0.0002967 seconds
[4.139s][info ][safepoint    ] Application time: 0.0040068 seconds
[4.139s][info ][safepoint    ] Entering safepoint region: RevokeBias
[4.139s][info ][safepoint    ] Leaving safepoint region
[4.139s][info ][safepoint    ] Total time for which application threads were stopped: 0.0002469 seconds, Stopping threads took: 0.0001017 seconds
[4.139s][info ][safepoint    ] Application time: 0.0001072 seconds
[4.139s][info ][safepoint    ] Entering safepoint region: BulkRevokeBias
[4.140s][info ][safepoint    ] Leaving safepoint region
[4.140s][info ][safepoint    ] Total time for which application threads were stopped: 0.0005492 seconds, Stopping threads took: 0.0001211 seconds
[4.140s][info ][safepoint    ] Application time: 0.0001654 seconds
[4.140s][info ][safepoint    ] Entering safepoint region: RevokeBias
[4.140s][info ][safepoint    ] Leaving safepoint region
[4.140s][info ][safepoint    ] Total time for which application threads were stopped: 0.0002317 seconds, Stopping threads took: 0.0000941 seconds
[4.141s][info ][safepoint    ] Application time: 0.0006204 seconds
[4.141s][info ][safepoint    ] Entering safepoint region: CollectForMetadataAllocation
[4.141s][info ][safepoint    ] Leaving safepoint region
[4.141s][info ][safepoint    ] Total time for which application threads were stopped: 0.0003486 seconds, Stopping threads took: 0.0002759 seconds
[4.142s][info ][safepoint    ] Application time: 0.0008349 seconds
[4.142s][info ][safepoint    ] Entering safepoint region: RevokeBias
[4.142s][info ][safepoint    ] Leaving safepoint region
[4.142s][info ][safepoint    ] Total time for which application threads were stopped: 0.0000913 seconds, Stopping threads took: 0.0000260 seconds
[4.149s][info ][safepoint    ] Application time: 0.0071668 seconds
[4.149s][info ][safepoint    ] Entering safepoint region: RevokeBias
[4.150s][info ][safepoint    ] Leaving safepoint region
[4.150s][info ][safepoint    ] Total time for which application threads were stopped: 0.0004704 seconds, Stopping threads took: 0.0003101 seconds
[4.196s][info ][safepoint    ] Application time: 0.0465905 seconds
[4.196s][info ][safepoint    ] Entering safepoint region: RevokeBias
[4.197s][info ][safepoint    ] Leaving safepoint region
[4.197s][info ][safepoint    ] Total time for which application threads were stopped: 0.0003854 seconds, Stopping threads took: 0.0001428 seconds
[4.214s][info ][safepoint    ] Application time: 0.0169398 seconds
[4.214s][info ][safepoint    ] Entering safepoint region: RevokeBias
[4.214s][info ][safepoint    ] Leaving safepoint region
[4.214s][info ][safepoint    ] Total time for which application threads were stopped: 0.0004099 seconds, Stopping threads took: 0.0002049 seconds
[4.214s][info ][safepoint    ] Application time: 0.0004467 seconds
[4.215s][info ][safepoint    ] Entering safepoint region: RevokeBias
[4.215s][info ][safepoint    ] Leaving safepoint region
[4.215s][info ][safepoint    ] Total time for which application threads were stopped: 0.0003704 seconds, Stopping threads took: 0.0002127 seconds
[4.218s][info ][safepoint    ] Application time: 0.0028736 seconds
[4.218s][info ][safepoint    ] Entering safepoint region: RevokeBias
[4.218s][info ][safepoint    ] Leaving safepoint region
[4.218s][info ][safepoint    ] Total time for which application threads were stopped: 0.0003397 seconds, Stopping threads took: 0.0001792 seconds
[4.224s][info ][safepoint    ] Application time: 0.0061301 seconds
[4.225s][info ][safepoint    ] Entering safepoint region: RevokeBias
[4.225s][info ][safepoint    ] Leaving safepoint region
[4.225s][info ][safepoint    ] Total time for which application threads were stopped: 0.0005349 seconds, Stopping threads took: 0.0002742 seconds
[4.225s][info ][safepoint    ] Application time: 0.0002041 seconds
[4.225s][info ][safepoint    ] Entering safepoint region: RevokeBias
[4.225s][info ][safepoint    ] Leaving safepoint region
[4.225s][info ][safepoint    ] Total time for which application threads were stopped: 0.0004270 seconds, Stopping threads took: 0.0002272 seconds
[4.226s][info ][safepoint    ] Application time: 0.0010572 seconds
[4.230s][info ][safepoint    ] Entering safepoint region: RevokeBias
[4.230s][info ][safepoint    ] Leaving safepoint region
[4.230s][info ][safepoint    ] Total time for which application threads were stopped: 0.0033242 seconds, Stopping threads took: 0.0031153 seconds
[4.233s][info ][safepoint    ] Application time: 0.0027897 seconds
[4.233s][info ][safepoint    ] Entering safepoint region: RevokeBias
[4.233s][info ][safepoint    ] Leaving safepoint region
[4.233s][info ][safepoint    ] Total time for which application threads were stopped: 0.0003376 seconds, Stopping threads took: 0.0001564 seconds
[4.236s][info ][safepoint    ] Application time: 0.0025838 seconds
[4.236s][info ][safepoint    ] Entering safepoint region: RevokeBias
[4.236s][info ][safepoint    ] Leaving safepoint region
[4.236s][info ][safepoint    ] Total time for which application threads were stopped: 0.0002791 seconds, Stopping threads took: 0.0001040 seconds
[4.237s][info ][safepoint    ] Application time: 0.0014653 seconds
[4.239s][info ][safepoint    ] Entering safepoint region: RevokeBias
[4.240s][info ][safepoint    ] Leaving safepoint region
[4.240s][info ][safepoint    ] Total time for which application threads were stopped: 0.0021316 seconds, Stopping threads took: 0.0020050 seconds
[4.261s][info ][safepoint    ] Application time: 0.0213893 seconds
[4.261s][info ][safepoint    ] Entering safepoint region: BulkRevokeBias
[4.262s][info ][safepoint    ] Leaving safepoint region
[4.262s][info ][safepoint    ] Total time for which application threads were stopped: 0.0012115 seconds, Stopping threads took: 0.0001101 seconds
[4.263s][info ][safepoint    ] Application time: 0.0010212 seconds
[4.263s][info ][safepoint    ] Entering safepoint region: RevokeBias
[4.264s][info ][safepoint    ] Leaving safepoint region
[4.264s][info ][safepoint    ] Total time for which application threads were stopped: 0.0002889 seconds, Stopping threads took: 0.0000747 seconds
[4.296s][info ][safepoint    ] Application time: 0.0321200 seconds
[4.301s][info ][safepoint    ] Entering safepoint region: RevokeBias
[4.302s][info ][safepoint    ] Leaving safepoint region
[4.302s][info ][safepoint    ] Total time for which application threads were stopped: 0.0058525 seconds, Stopping threads took: 0.0055650 seconds
[4.318s][info ][safepoint    ] Application time: 0.0161149 seconds
[4.318s][info ][safepoint    ] Entering safepoint region: CollectForMetadataAllocation
[4.318s][info ][safepoint    ] Leaving safepoint region
[4.318s][info ][safepoint    ] Total time for which application threads were stopped: 0.0003755 seconds, Stopping threads took: 0.0002380 seconds
[4.319s][info ][safepoint    ] Application time: 0.0012342 seconds
[4.321s][info ][safepoint    ] Entering safepoint region: RevokeBias
[4.321s][info ][safepoint    ] Leaving safepoint region
[4.321s][info ][safepoint    ] Total time for which application threads were stopped: 0.0020277 seconds, Stopping threads took: 0.0017731 seconds
[4.327s][info ][safepoint    ] Application time: 0.0059917 seconds
[4.328s][info ][safepoint    ] Entering safepoint region: RevokeBias
[4.328s][info ][safepoint    ] Leaving safepoint region
[4.328s][info ][safepoint    ] Total time for which application threads were stopped: 0.0005960 seconds, Stopping threads took: 0.0003330 seconds
[4.328s][info ][safepoint    ] Application time: 0.0001162 seconds
[4.328s][info ][safepoint    ] Entering safepoint region: RevokeBias
[4.328s][info ][safepoint    ] Leaving safepoint region
[4.328s][info ][safepoint    ] Total time for which application threads were stopped: 0.0002702 seconds, Stopping threads took: 0.0001157 seconds
[4.332s][info ][safepoint    ] Application time: 0.0033020 seconds
[4.332s][info ][safepoint    ] Entering safepoint region: RevokeBias
[4.332s][info ][safepoint    ] Leaving safepoint region
[4.332s][info ][safepoint    ] Total time for which application threads were stopped: 0.0005014 seconds, Stopping threads took: 0.0003266 seconds
[4.333s][info ][safepoint    ] Application time: 0.0003772 seconds
[4.333s][info ][safepoint    ] Entering safepoint region: RevokeBias
[4.333s][info ][safepoint    ] Leaving safepoint region
[4.333s][info ][safepoint    ] Total time for which application threads were stopped: 0.0003808 seconds, Stopping threads took: 0.0001941 seconds
[4.335s][info ][safepoint    ] Application time: 0.0020738 seconds
[4.335s][info ][safepoint    ] Entering safepoint region: RevokeBias
[4.336s][info ][safepoint    ] Leaving safepoint region
[4.336s][info ][safepoint    ] Total time for which application threads were stopped: 0.0003509 seconds, Stopping threads took: 0.0001685 seconds
[4.336s][info ][safepoint    ] Application time: 0.0005089 seconds
[4.336s][info ][safepoint    ] Entering safepoint region: BulkRevokeBias
[4.337s][info ][safepoint    ] Leaving safepoint region
[4.337s][info ][safepoint    ] Total time for which application threads were stopped: 0.0009264 seconds, Stopping threads took: 0.0000721 seconds
[4.383s][info ][safepoint    ] Application time: 0.0464433 seconds
[4.384s][info ][safepoint    ] Entering safepoint region: RevokeBias
[4.384s][info ][safepoint    ] Leaving safepoint region
[4.384s][info ][safepoint    ] Total time for which application threads were stopped: 0.0005276 seconds, Stopping threads took: 0.0002593 seconds
[4.470s][info ][safepoint    ] Application time: 0.0859274 seconds
[4.470s][info ][safepoint    ] Entering safepoint region: CollectForMetadataAllocation
[4.470s][info ][safepoint    ] Leaving safepoint region
[4.470s][info ][safepoint    ] Total time for which application threads were stopped: 0.0005288 seconds, Stopping threads took: 0.0001829 seconds
[4.472s][info ][gc           ] GC(1) Concurrent Abortable Preclean 706.074ms
[4.472s][info ][gc,cpu       ] GC(1) User=3.33s Sys=0.14s Real=0.70s
[4.476s][info ][safepoint    ] Application time: 0.0060000 seconds
[4.480s][info ][safepoint    ] Entering safepoint region: RevokeBias
[4.480s][info ][gc,start     ] GC(1) Pause Remark
[4.519s][debug][gc,phases    ] GC(1) Rescan (parallel) 39.466ms
[4.519s][debug][gc,ref       ] GC(1) Skipped phase1 of Reference Processing due to unavailable references
[4.519s][debug][gc,ref       ] GC(1) Skipped phase2 of Reference Processing due to unavailable references
[4.519s][debug][gc,ref       ] GC(1) Skipped phase3 of Reference Processing due to unavailable references
[4.519s][debug][gc,ref       ] GC(1) Skipped phase4 of Reference Processing due to unavailable references
[4.519s][debug][gc,phases    ] GC(1) Reference Processing 0.046ms
[4.519s][debug][gc,phases    ] GC(1) Weak Processing 0.027ms
[4.521s][debug][gc,phases    ] GC(1) ClassLoaderData 1.299ms
[4.521s][debug][gc,phases    ] GC(1) ProtectionDomainCacheTable 0.004ms
[4.521s][debug][gc,phases    ] GC(1) ResolvedMethodTable 0.051ms
[4.522s][debug][gc,phases    ] GC(1) Class Unloading 2.946ms
[4.524s][debug][gc,phases    ] GC(1) Scrub Symbol Table 1.775ms
[4.524s][debug][gc,phases    ] GC(1) Scrub String Table 0.194ms
[4.525s][info ][gc           ] GC(1) Pause Remark 179M->179M(852M) 45.396ms
[4.525s][info ][gc,cpu       ] GC(1) User=0.15s Sys=0.00s Real=0.05s
[4.525s][info ][safepoint    ] Leaving safepoint region
[4.525s][info ][safepoint    ] Total time for which application threads were stopped: 0.0487901 seconds, Stopping threads took: 0.0031622 seconds
[4.538s][info ][gc           ] GC(1) Concurrent Sweep
[4.540s][info ][gc           ] GC(1) Concurrent Sweep 1.721ms
[4.540s][info ][gc,cpu       ] GC(1) User=0.02s Sys=0.00s Real=0.00s
[4.540s][info ][gc           ] GC(1) Concurrent Reset
[4.557s][info ][gc           ] GC(1) Concurrent Reset 17.159ms
[4.557s][info ][gc,cpu       ] GC(1) User=0.09s Sys=0.02s Real=0.02s
[4.557s][info ][gc,heap      ] GC(1) Old: 2891K->2891K(602112K)
[4.561s][info ][safepoint    ] Application time: 0.0353249 seconds
[4.561s][info ][safepoint    ] Entering safepoint region: RevokeBias
[4.561s][info ][safepoint    ] Leaving safepoint region
[4.561s][info ][safepoint    ] Total time for which application threads were stopped: 0.0003499 seconds, Stopping threads took: 0.0000852 seconds
[4.597s][info ][safepoint    ] Application time: 0.0355503 seconds
[4.597s][info ][safepoint    ] Entering safepoint region: RevokeBias
[4.597s][info ][safepoint    ] Leaving safepoint region
[4.597s][info ][safepoint    ] Total time for which application threads were stopped: 0.0002445 seconds, Stopping threads took: 0.0000816 seconds
[4.600s][info ][safepoint    ] Application time: 0.0028936 seconds
[4.603s][info ][safepoint    ] Entering safepoint region: RevokeBias
[4.603s][info ][safepoint    ] Leaving safepoint region
[4.603s][info ][safepoint    ] Total time for which application threads were stopped: 0.0034840 seconds, Stopping threads took: 0.0031817 seconds
[4.645s][info ][safepoint    ] Application time: 0.0412732 seconds
[4.645s][info ][safepoint    ] Entering safepoint region: RevokeBias
[4.645s][info ][safepoint    ] Leaving safepoint region
[4.645s][info ][safepoint    ] Total time for which application threads were stopped: 0.0006475 seconds, Stopping threads took: 0.0003859 seconds
[4.646s][info ][safepoint    ] Application time: 0.0005417 seconds
[4.646s][info ][safepoint    ] Entering safepoint region: RevokeBias
[4.646s][info ][safepoint    ] Leaving safepoint region
[4.646s][info ][safepoint    ] Total time for which application threads were stopped: 0.0005702 seconds, Stopping threads took: 0.0004044 seconds
[4.654s][info ][safepoint    ] Application time: 0.0080316 seconds
[4.654s][info ][safepoint    ] Entering safepoint region: RevokeBias
[4.655s][info ][safepoint    ] Leaving safepoint region
[4.655s][info ][safepoint    ] Total time for which application threads were stopped: 0.0004165 seconds, Stopping threads took: 0.0001450 seconds
[4.661s][info ][safepoint    ] Application time: 0.0059382 seconds
[4.662s][info ][safepoint    ] Entering safepoint region: RevokeBias
[4.663s][info ][safepoint    ] Leaving safepoint region
[4.663s][info ][safepoint    ] Total time for which application threads were stopped: 0.0019398 seconds, Stopping threads took: 0.0016757 seconds
[4.704s][info ][safepoint    ] Application time: 0.0411398 seconds
[4.704s][info ][safepoint    ] Entering safepoint region: RevokeBias
[4.704s][info ][safepoint    ] Leaving safepoint region
[4.704s][info ][safepoint    ] Total time for which application threads were stopped: 0.0005974 seconds, Stopping threads took: 0.0003319 seconds
[4.721s][info ][safepoint    ] Application time: 0.0169304 seconds
[4.721s][info ][safepoint    ] Entering safepoint region: RevokeBias
[4.722s][info ][safepoint    ] Leaving safepoint region
[4.722s][info ][safepoint    ] Total time for which application threads were stopped: 0.0002471 seconds, Stopping threads took: 0.0000737 seconds
[4.732s][info ][safepoint    ] Application time: 0.0106097 seconds
[4.732s][info ][safepoint    ] Entering safepoint region: RevokeBias
[4.733s][info ][safepoint    ] Leaving safepoint region
[4.733s][info ][safepoint    ] Total time for which application threads were stopped: 0.0003324 seconds, Stopping threads took: 0.0000892 seconds
[4.736s][info ][safepoint    ] Application time: 0.0037049 seconds
[4.736s][info ][safepoint    ] Entering safepoint region: RevokeBias
[4.737s][info ][safepoint    ] Leaving safepoint region
[4.737s][info ][safepoint    ] Total time for which application threads were stopped: 0.0002767 seconds, Stopping threads took: 0.0000997 seconds
[4.747s][info ][safepoint    ] Application time: 0.0106584 seconds
[4.747s][info ][safepoint    ] Entering safepoint region: RevokeBias
[4.748s][info ][safepoint    ] Leaving safepoint region
[4.748s][info ][safepoint    ] Total time for which application threads were stopped: 0.0003805 seconds, Stopping threads took: 0.0001514 seconds
[4.769s][info ][safepoint    ] Application time: 0.0212458 seconds
[4.769s][info ][safepoint    ] Entering safepoint region: Deoptimize
[4.770s][info ][safepoint    ] Leaving safepoint region
[4.770s][info ][safepoint    ] Total time for which application threads were stopped: 0.0011268 seconds, Stopping threads took: 0.0003240 seconds
[4.781s][info ][safepoint    ] Application time: 0.0105190 seconds
[4.781s][info ][safepoint    ] Entering safepoint region: RevokeBias
[4.781s][info ][safepoint    ] Leaving safepoint region
[4.781s][info ][safepoint    ] Total time for which application threads were stopped: 0.0003374 seconds, Stopping threads took: 0.0000319 seconds
[4.788s][info ][safepoint    ] Application time: 0.0073492 seconds
[4.789s][info ][safepoint    ] Entering safepoint region: Deoptimize
[4.789s][info ][safepoint    ] Leaving safepoint region
[4.789s][info ][safepoint    ] Total time for which application threads were stopped: 0.0006965 seconds, Stopping threads took: 0.0001224 seconds
[4.798s][info ][safepoint    ] Application time: 0.0085401 seconds
[4.798s][info ][safepoint    ] Entering safepoint region: RevokeBias
[4.798s][info ][safepoint    ] Leaving safepoint region
[4.798s][info ][safepoint    ] Total time for which application threads were stopped: 0.0008190 seconds, Stopping threads took: 0.0003478 seconds
[4.825s][info ][safepoint    ] Application time: 0.0262205 seconds
[4.828s][info ][safepoint    ] Entering safepoint region: RevokeBias
[4.828s][info ][safepoint    ] Leaving safepoint region
[4.828s][info ][safepoint    ] Total time for which application threads were stopped: 0.0034283 seconds, Stopping threads took: 0.0030895 seconds
[4.836s][info ][safepoint    ] Application time: 0.0082347 seconds
[4.837s][info ][safepoint    ] Entering safepoint region: RevokeBias
[4.837s][info ][safepoint    ] Leaving safepoint region
[4.837s][info ][safepoint    ] Total time for which application threads were stopped: 0.0004601 seconds, Stopping threads took: 0.0001870 seconds
[4.841s][info ][safepoint    ] Application time: 0.0036990 seconds
[4.842s][info ][safepoint    ] Entering safepoint region: RevokeBias
[4.842s][info ][safepoint    ] Leaving safepoint region
[4.842s][info ][safepoint    ] Total time for which application threads were stopped: 0.0013323 seconds, Stopping threads took: 0.0011486 seconds
[4.861s][info ][safepoint    ] Application time: 0.0192184 seconds
[4.861s][info ][safepoint    ] Entering safepoint region: BulkRevokeBias
[4.862s][info ][safepoint    ] Leaving safepoint region
[4.862s][info ][safepoint    ] Total time for which application threads were stopped: 0.0010353 seconds, Stopping threads took: 0.0002075 seconds
[4.868s][info ][safepoint    ] Application time: 0.0057881 seconds
[4.868s][info ][safepoint    ] Entering safepoint region: GenCollectForAllocation
[4.868s][info ][gc,start     ] GC(2) Pause Young (Allocation Failure)
[4.868s][info ][gc,task      ] GC(2) Using 4 workers of 4 for evacuation
[4.948s][debug][gc,ref       ] GC(2) Skipped phase1 of Reference Processing due to unavailable references
[4.948s][debug][gc,ref       ] GC(2) Skipped phase3 of Reference Processing due to unavailable references
[4.949s][debug][gc,age       ] GC(2) Desired survivor size 15400960 bytes, new threshold 1 (max threshold 6)
[4.949s][info ][gc,heap      ] GC(2) ParNew: 270974K->30080K(270976K)
[4.949s][info ][gc,heap      ] GC(2) CMS: 2891K->41305K(602112K)
[4.949s][info ][gc,metaspace ] GC(2) Metaspace: 31624K->31624K(1077248K)
[4.949s][info ][gc           ] GC(2) Pause Young (Allocation Failure) 267M->69M(852M) 80.406ms
[4.949s][info ][gc,cpu       ] GC(2) User=0.28s Sys=0.02s Real=0.08s
[4.949s][info ][safepoint    ] Leaving safepoint region
[4.949s][info ][safepoint    ] Total time for which application threads were stopped: 0.0806995 seconds, Stopping threads took: 0.0001189 seconds
[4.952s][info ][safepoint    ] Application time: 0.0035142 seconds
[4.957s][info ][safepoint    ] Entering safepoint region: RevokeBias
[4.957s][info ][safepoint    ] Leaving safepoint region
[4.957s][info ][safepoint    ] Total time for which application threads were stopped: 0.0044953 seconds, Stopping threads took: 0.0043422 seconds
[4.957s][info ][safepoint    ] Application time: 0.0000662 seconds
[4.957s][info ][safepoint    ] Entering safepoint region: RevokeBias
[4.957s][info ][safepoint    ] Leaving safepoint region
[4.957s][info ][safepoint    ] Total time for which application threads were stopped: 0.0001586 seconds, Stopping threads took: 0.0000781 seconds
[5.093s][info ][safepoint    ] Application time: 0.1361500 seconds
[5.093s][info ][safepoint    ] Entering safepoint region: ICBufferFull
[5.094s][info ][safepoint    ] Leaving safepoint region
[5.094s][info ][safepoint    ] Total time for which application threads were stopped: 0.0003164 seconds, Stopping threads took: 0.0001157 seconds
[5.106s][info ][safepoint    ] Application time: 0.0122444 seconds
[5.106s][info ][safepoint    ] Entering safepoint region: Deoptimize
[5.106s][info ][safepoint    ] Leaving safepoint region
[5.106s][info ][safepoint    ] Total time for which application threads were stopped: 0.0006882 seconds, Stopping threads took: 0.0000772 seconds
[5.162s][info ][safepoint    ] Application time: 0.0557403 seconds
[5.167s][info ][safepoint    ] Entering safepoint region: RevokeBias
[5.167s][info ][safepoint    ] Leaving safepoint region
[5.167s][info ][safepoint    ] Total time for which application threads were stopped: 0.0047435 seconds, Stopping threads took: 0.0045872 seconds
[5.167s][info ][safepoint    ] Application time: 0.0001831 seconds
[5.167s][info ][safepoint    ] Entering safepoint region: RevokeBias
[5.167s][info ][safepoint    ] Leaving safepoint region
[5.167s][info ][safepoint    ] Total time for which application threads were stopped: 0.0002381 seconds, Stopping threads took: 0.0001600 seconds
[5.171s][info ][safepoint    ] Application time: 0.0036033 seconds
[5.171s][info ][safepoint    ] Entering safepoint region: RevokeBias
[5.171s][info ][safepoint    ] Leaving safepoint region
[5.171s][info ][safepoint    ] Total time for which application threads were stopped: 0.0003028 seconds, Stopping threads took: 0.0001764 seconds
[5.171s][info ][safepoint    ] Application time: 0.0000772 seconds
[5.172s][info ][safepoint    ] Entering safepoint region: RevokeBias
[5.172s][info ][safepoint    ] Leaving safepoint region
[5.172s][info ][safepoint    ] Total time for which application threads were stopped: 0.0001877 seconds, Stopping threads took: 0.0001021 seconds
[5.172s][info ][safepoint    ] Application time: 0.0000997 seconds
[5.172s][info ][safepoint    ] Entering safepoint region: RevokeBias
[5.172s][info ][safepoint    ] Leaving safepoint region
[5.172s][info ][safepoint    ] Total time for which application threads were stopped: 0.0001818 seconds, Stopping threads took: 0.0000691 seconds
[5.172s][info ][safepoint    ] Application time: 0.0000512 seconds
[5.172s][info ][safepoint    ] Entering safepoint region: RevokeBias
[5.172s][info ][safepoint    ] Leaving safepoint region
[5.172s][info ][safepoint    ] Total time for which application threads were stopped: 0.0001535 seconds, Stopping threads took: 0.0000792 seconds
[5.173s][info ][safepoint    ] Application time: 0.0009227 seconds
[5.173s][info ][safepoint    ] Entering safepoint region: RevokeBias
[5.173s][info ][safepoint    ] Leaving safepoint region
[5.173s][info ][safepoint    ] Total time for which application threads were stopped: 0.0002255 seconds, Stopping threads took: 0.0001091 seconds
[5.174s][info ][safepoint    ] Application time: 0.0001504 seconds
[5.174s][info ][safepoint    ] Entering safepoint region: RevokeBias
[5.174s][info ][safepoint    ] Leaving safepoint region
[5.174s][info ][safepoint    ] Total time for which application threads were stopped: 0.0002131 seconds, Stopping threads took: 0.0001265 seconds
[5.263s][info ][safepoint    ] Application time: 0.0891179 seconds
[5.263s][info ][safepoint    ] Entering safepoint region: GenCollectForAllocation
[5.263s][info ][gc,start     ] GC(3) Pause Young (Allocation Failure)
[5.263s][info ][gc,task      ] GC(3) Using 4 workers of 4 for evacuation
[5.344s][debug][gc,ref       ] GC(3) Skipped phase1 of Reference Processing due to unavailable references
[5.344s][debug][gc,ref       ] GC(3) Skipped phase3 of Reference Processing due to unavailable references
[5.344s][debug][gc,age       ] GC(3) Desired survivor size 15400960 bytes, new threshold 1 (max threshold 6)
[5.344s][info ][gc,heap      ] GC(3) ParNew: 270976K->28583K(270976K)
[5.344s][info ][gc,heap      ] GC(3) CMS: 41305K->72994K(602112K)
[5.344s][info ][gc,metaspace ] GC(3) Metaspace: 33606K->33606K(1079296K)
[5.344s][info ][gc           ] GC(3) Pause Young (Allocation Failure) 304M->99M(852M) 81.173ms
[5.344s][info ][gc,cpu       ] GC(3) User=0.27s Sys=0.03s Real=0.09s
[5.344s][info ][safepoint    ] Leaving safepoint region
[5.344s][info ][safepoint    ] Total time for which application threads were stopped: 0.0815416 seconds, Stopping threads took: 0.0001339 seconds
[5.506s][info ][safepoint    ] Application time: 0.1615212 seconds
[5.509s][info ][safepoint    ] Entering safepoint region: Deoptimize
[5.510s][info ][safepoint    ] Leaving safepoint region
[5.510s][info ][safepoint    ] Total time for which application threads were stopped: 0.0038683 seconds, Stopping threads took: 0.0030744 seconds
[5.518s][info ][safepoint    ] Application time: 0.0080075 seconds
[5.519s][info ][safepoint    ] Entering safepoint region: Deoptimize
[5.519s][info ][safepoint    ] Leaving safepoint region
[5.519s][info ][safepoint    ] Total time for which application threads were stopped: 0.0012803 seconds, Stopping threads took: 0.0005934 seconds
[5.523s][info ][safepoint    ] Application time: 0.0036115 seconds
[5.524s][info ][safepoint    ] Entering safepoint region: RevokeBias
[5.524s][info ][safepoint    ] Leaving safepoint region
[5.524s][info ][safepoint    ] Total time for which application threads were stopped: 0.0014476 seconds, Stopping threads took: 0.0013424 seconds
[5.530s][info ][safepoint    ] Application time: 0.0053777 seconds
[5.536s][info ][safepoint    ] Entering safepoint region: RevokeBias
[5.536s][info ][safepoint    ] Leaving safepoint region
[5.536s][info ][safepoint    ] Total time for which application threads were stopped: 0.0065268 seconds, Stopping threads took: 0.0063830 seconds
[5.540s][info ][safepoint    ] Application time: 0.0039885 seconds
[5.545s][info ][safepoint    ] Entering safepoint region: RevokeBias
[5.545s][info ][safepoint    ] Leaving safepoint region
[5.545s][info ][safepoint    ] Total time for which application threads were stopped: 0.0045402 seconds, Stopping threads took: 0.0043983 seconds
[5.545s][info ][safepoint    ] Application time: 0.0000644 seconds
[5.545s][info ][safepoint    ] Entering safepoint region: RevokeBias
[5.545s][info ][safepoint    ] Leaving safepoint region
[5.545s][info ][safepoint    ] Total time for which application threads were stopped: 0.0001314 seconds, Stopping threads took: 0.0000508 seconds
[5.545s][info ][safepoint    ] Application time: 0.0000872 seconds
[5.545s][info ][safepoint    ] Entering safepoint region: RevokeBias
[5.545s][info ][safepoint    ] Leaving safepoint region
[5.545s][info ][safepoint    ] Total time for which application threads were stopped: 0.0001469 seconds, Stopping threads took: 0.0000370 seconds
[5.546s][info ][safepoint    ] Application time: 0.0010171 seconds
[5.547s][info ][safepoint    ] Entering safepoint region: RevokeBias
[5.547s][info ][safepoint    ] Leaving safepoint region
[5.547s][info ][safepoint    ] Total time for which application threads were stopped: 0.0003948 seconds, Stopping threads took: 0.0002838 seconds
[5.547s][info ][safepoint    ] Application time: 0.0002097 seconds
[5.547s][info ][safepoint    ] Entering safepoint region: RevokeBias
[5.547s][info ][safepoint    ] Leaving safepoint region
[5.547s][info ][safepoint    ] Total time for which application threads were stopped: 0.0002034 seconds, Stopping threads took: 0.0001161 seconds
[5.584s][info ][safepoint    ] Application time: 0.0363602 seconds
[5.584s][info ][safepoint    ] Entering safepoint region: GenCollectForAllocation
[5.584s][info ][gc,start     ] GC(4) Pause Young (Allocation Failure)
[5.584s][info ][gc,task      ] GC(4) Using 4 workers of 4 for evacuation
[5.635s][debug][gc,ref       ] GC(4) Skipped phase1 of Reference Processing due to unavailable references
[5.635s][debug][gc,ref       ] GC(4) Skipped phase3 of Reference Processing due to unavailable references
[5.635s][debug][gc,age       ] GC(4) Desired survivor size 15400960 bytes, new threshold 6 (max threshold 6)
[5.635s][info ][gc,heap      ] GC(4) ParNew: 269479K->26834K(270976K)
[5.635s][info ][gc,heap      ] GC(4) CMS: 72994K->100278K(602112K)
[5.635s][info ][gc,metaspace ] GC(4) Metaspace: 34589K->34589K(1081344K)
[5.635s][info ][gc           ] GC(4) Pause Young (Allocation Failure) 334M->124M(852M) 51.547ms
[5.635s][info ][gc,cpu       ] GC(4) User=0.19s Sys=0.00s Real=0.05s
[5.635s][info ][safepoint    ] Leaving safepoint region
[5.635s][info ][safepoint    ] Total time for which application threads were stopped: 0.0519358 seconds, Stopping threads took: 0.0001844 seconds
[5.646s][info ][safepoint    ] Application time: 0.0105049 seconds
[5.646s][info ][safepoint    ] Entering safepoint region: RevokeBias
[5.646s][info ][safepoint    ] Leaving safepoint region
[5.646s][info ][safepoint    ] Total time for which application threads were stopped: 0.0002952 seconds, Stopping threads took: 0.0001705 seconds
[5.681s][info ][safepoint    ] Application time: 0.0349634 seconds
[5.682s][info ][safepoint    ] Entering safepoint region: RevokeBias
[5.682s][info ][safepoint    ] Leaving safepoint region
[5.682s][info ][safepoint    ] Total time for which application threads were stopped: 0.0004196 seconds, Stopping threads took: 0.0002698 seconds
[5.682s][info ][safepoint    ] Application time: 0.0006200 seconds
[5.683s][info ][safepoint    ] Entering safepoint region: RevokeBias
[5.683s][info ][safepoint    ] Leaving safepoint region
[5.683s][info ][safepoint    ] Total time for which application threads were stopped: 0.0003311 seconds, Stopping threads took: 0.0001855 seconds
[5.692s][info ][safepoint    ] Application time: 0.0092971 seconds
[5.693s][info ][safepoint    ] Entering safepoint region: RevokeBias
[5.693s][info ][safepoint    ] Leaving safepoint region
[5.693s][info ][safepoint    ] Total time for which application threads were stopped: 0.0005764 seconds, Stopping threads took: 0.0004291 seconds
[5.708s][info ][safepoint    ] Application time: 0.0153570 seconds
[5.708s][info ][safepoint    ] Entering safepoint region: RevokeBias
[5.709s][info ][safepoint    ] Leaving safepoint region
[5.709s][info ][safepoint    ] Total time for which application threads were stopped: 0.0005252 seconds, Stopping threads took: 0.0003709 seconds
[5.713s][info ][safepoint    ] Application time: 0.0044483 seconds
[5.716s][info ][safepoint    ] Entering safepoint region: GenCollectForAllocation
[5.717s][info ][safepoint    ] Leaving safepoint region
[5.717s][info ][safepoint    ] Total time for which application threads were stopped: 0.0034972 seconds, Stopping threads took: 0.0033523 seconds
[5.717s][info ][safepoint    ] Application time: 0.0002656 seconds
[5.720s][info ][safepoint    ] Entering safepoint region: GenCollectForAllocation
[5.720s][info ][gc,start     ] GC(5) Pause Young (Allocation Failure)
[5.720s][info ][gc,task      ] GC(5) Using 4 workers of 4 for evacuation
[5.730s][debug][gc,ref       ] GC(5) Skipped phase1 of Reference Processing due to unavailable references
[5.730s][debug][gc,ref       ] GC(5) Skipped phase3 of Reference Processing due to unavailable references
[5.730s][debug][gc,age       ] GC(5) Desired survivor size 15400960 bytes, new threshold 6 (max threshold 6)
[5.730s][info ][gc,heap      ] GC(5) ParNew: 267744K->15083K(270976K)
[5.730s][info ][gc,heap      ] GC(5) CMS: 100278K->100278K(602112K)
[5.730s][info ][gc,metaspace ] GC(5) Metaspace: 35971K->35971K(1081344K)
[5.731s][info ][gc           ] GC(5) Pause Young (Allocation Failure) 359M->112M(852M) 10.391ms
[5.731s][info ][gc,cpu       ] GC(5) User=0.04s Sys=0.00s Real=0.01s
[5.731s][info ][safepoint    ] Leaving safepoint region
[5.731s][info ][safepoint    ] Total time for which application threads were stopped: 0.0136915 seconds, Stopping threads took: 0.0031385 seconds
[5.755s][info ][safepoint    ] Application time: 0.0245907 seconds
[5.755s][info ][safepoint    ] Entering safepoint region: RevokeBias
[5.756s][info ][safepoint    ] Leaving safepoint region
[5.756s][info ][safepoint    ] Total time for which application threads were stopped: 0.0003747 seconds, Stopping threads took: 0.0002528 seconds
[5.758s][info ][safepoint    ] Application time: 0.0026932 seconds
[5.760s][info ][safepoint    ] Entering safepoint region: RevokeBias
[5.760s][info ][safepoint    ] Leaving safepoint region
[5.760s][info ][safepoint    ] Total time for which application threads were stopped: 0.0022123 seconds, Stopping threads took: 0.0021036 seconds
[5.814s][info ][safepoint    ] Application time: 0.0537971 seconds
[5.814s][info ][safepoint    ] Entering safepoint region: Deoptimize
[5.815s][info ][safepoint    ] Leaving safepoint region
[5.815s][info ][safepoint    ] Total time for which application threads were stopped: 0.0009038 seconds, Stopping threads took: 0.0001774 seconds
[5.833s][info ][safepoint    ] Application time: 0.0182653 seconds
[5.837s][info ][safepoint    ] Entering safepoint region: RevokeBias
[5.837s][info ][safepoint    ] Leaving safepoint region
[5.837s][info ][safepoint    ] Total time for which application threads were stopped: 0.0033394 seconds, Stopping threads took: 0.0032183 seconds
[5.839s][info ][safepoint    ] Application time: 0.0020162 seconds
[5.839s][info ][safepoint    ] Entering safepoint region: RevokeBias
[5.839s][info ][safepoint    ] Leaving safepoint region
[5.839s][info ][safepoint    ] Total time for which application threads were stopped: 0.0004121 seconds, Stopping threads took: 0.0003164 seconds
[5.842s][info ][safepoint    ] Application time: 0.0022240 seconds
[5.842s][info ][safepoint    ] Entering safepoint region: Deoptimize
[5.843s][info ][safepoint    ] Leaving safepoint region
[5.843s][info ][safepoint    ] Total time for which application threads were stopped: 0.0011243 seconds, Stopping threads took: 0.0003688 seconds
[5.854s][info ][safepoint    ] Application time: 0.0109446 seconds
[5.857s][info ][safepoint    ] Entering safepoint region: RevokeBias
[5.857s][info ][gc,start     ] GC(6) Pause Young (Allocation Failure)
[5.857s][info ][gc,task      ] GC(6) Using 4 workers of 4 for evacuation
[5.870s][debug][gc,ref       ] GC(6) Skipped phase1 of Reference Processing due to unavailable references
[5.870s][debug][gc,ref       ] GC(6) Skipped phase3 of Reference Processing due to unavailable references
[5.870s][debug][gc,age       ] GC(6) Desired survivor size 15400960 bytes, new threshold 3 (max threshold 6)
[5.870s][info ][gc,heap      ] GC(6) ParNew: 255979K->24202K(270976K)
[5.870s][info ][gc,heap      ] GC(6) CMS: 100278K->100278K(602112K)
[5.870s][info ][gc,metaspace ] GC(6) Metaspace: 36480K->36480K(1083392K)
[5.871s][info ][gc           ] GC(6) Pause Young (Allocation Failure) 347M->121M(852M) 13.536ms
[5.871s][info ][gc,cpu       ] GC(6) User=0.06s Sys=0.00s Real=0.01s
[5.871s][info ][safepoint    ] Leaving safepoint region
[5.871s][info ][safepoint    ] Total time for which application threads were stopped: 0.0168789 seconds, Stopping threads took: 0.0031596 seconds
[5.875s][info ][safepoint    ] Application time: 0.0039820 seconds
[5.875s][info ][safepoint    ] Entering safepoint region: RevokeBias
[5.875s][info ][safepoint    ] Leaving safepoint region
[5.875s][info ][safepoint    ] Total time for which application threads were stopped: 0.0003498 seconds, Stopping threads took: 0.0002048 seconds
[5.878s][info ][safepoint    ] Application time: 0.0032678 seconds
[5.880s][info ][safepoint    ] Entering safepoint region: RevokeBias
[5.880s][info ][safepoint    ] Leaving safepoint region
[5.880s][info ][safepoint    ] Total time for which application threads were stopped: 0.0019477 seconds, Stopping threads took: 0.0018452 seconds
[6.021s][info ][safepoint    ] Application time: 0.1409988 seconds
[6.021s][info ][safepoint    ] Entering safepoint region: GenCollectForAllocation
[6.022s][info ][gc,start     ] GC(7) Pause Young (Allocation Failure)
[6.022s][info ][gc,task      ] GC(7) Using 4 workers of 4 for evacuation
[6.040s][debug][gc,ref       ] GC(7) Skipped phase1 of Reference Processing due to unavailable references
[6.040s][debug][gc,ref       ] GC(7) Skipped phase3 of Reference Processing due to unavailable references
[6.040s][debug][gc,age       ] GC(7) Desired survivor size 15400960 bytes, new threshold 6 (max threshold 6)
[6.040s][info ][gc,heap      ] GC(7) ParNew: 265098K->20439K(270976K)
[6.040s][info ][gc,heap      ] GC(7) CMS: 100278K->108173K(602112K)
[6.040s][info ][gc,metaspace ] GC(7) Metaspace: 36598K->36598K(1083392K)
[6.040s][info ][gc           ] GC(7) Pause Young (Allocation Failure) 356M->125M(852M) 18.870ms
[6.041s][info ][gc,cpu       ] GC(7) User=0.09s Sys=0.00s Real=0.02s
[6.041s][info ][safepoint    ] Leaving safepoint region
[6.041s][info ][safepoint    ] Total time for which application threads were stopped: 0.0193503 seconds, Stopping threads took: 0.0002861 seconds
[6.145s][info ][safepoint    ] Application time: 0.1043616 seconds
[6.145s][info ][safepoint    ] Entering safepoint region: GenCollectForAllocation
[6.145s][info ][gc,start     ] GC(8) Pause Young (Allocation Failure)
[6.145s][info ][gc,task      ] GC(8) Using 4 workers of 4 for evacuation
[6.151s][debug][gc,ref       ] GC(8) Skipped phase1 of Reference Processing due to unavailable references
[6.151s][debug][gc,ref       ] GC(8) Skipped phase3 of Reference Processing due to unavailable references
[6.152s][debug][gc,age       ] GC(8) Desired survivor size 15400960 bytes, new threshold 6 (max threshold 6)
[6.152s][info ][gc,heap      ] GC(8) ParNew: 261335K->15252K(270976K)
[6.152s][info ][gc,heap      ] GC(8) CMS: 108173K->108173K(602112K)
[6.152s][info ][gc,metaspace ] GC(8) Metaspace: 36602K->36602K(1083392K)
[6.152s][info ][gc           ] GC(8) Pause Young (Allocation Failure) 360M->120M(852M) 6.428ms
[6.152s][info ][gc,cpu       ] GC(8) User=0.03s Sys=0.00s Real=0.00s
[6.152s][info ][safepoint    ] Leaving safepoint region
[6.152s][info ][safepoint    ] Total time for which application threads were stopped: 0.0067470 seconds, Stopping threads took: 0.0001161 seconds
[6.309s][info ][safepoint    ] Application time: 0.1571685 seconds
[6.312s][info ][safepoint    ] Entering safepoint region: GenCollectForAllocation
[6.312s][info ][gc,start     ] GC(9) Pause Young (Allocation Failure)
[6.312s][info ][gc,task      ] GC(9) Using 4 workers of 4 for evacuation
[6.320s][debug][gc,ref       ] GC(9) Skipped phase1 of Reference Processing due to unavailable references
[6.320s][debug][gc,ref       ] GC(9) Skipped phase3 of Reference Processing due to unavailable references
[6.320s][debug][gc,age       ] GC(9) Desired survivor size 15400960 bytes, new threshold 6 (max threshold 6)
[6.320s][info ][gc,heap      ] GC(9) ParNew: 256148K->14264K(270976K)
[6.320s][info ][gc,heap      ] GC(9) CMS: 108173K->108173K(602112K)
[6.320s][info ][gc,metaspace ] GC(9) Metaspace: 36603K->36603K(1083392K)
[6.320s][info ][gc           ] GC(9) Pause Young (Allocation Failure) 355M->119M(852M) 7.641ms
[6.320s][info ][gc,cpu       ] GC(9) User=0.02s Sys=0.00s Real=0.01s
[6.320s][info ][safepoint    ] Leaving safepoint region
[6.320s][info ][safepoint    ] Total time for which application threads were stopped: 0.0109300 seconds, Stopping threads took: 0.0031192 seconds
[6.393s][info ][safepoint    ] Application time: 0.0730929 seconds
[6.393s][info ][safepoint    ] Entering safepoint region: GenCollectForAllocation
[6.393s][info ][gc,start     ] GC(10) Pause Young (Allocation Failure)
[6.393s][info ][gc,task      ] GC(10) Using 4 workers of 4 for evacuation
[6.400s][debug][gc,ref       ] GC(10) Skipped phase1 of Reference Processing due to unavailable references
[6.400s][debug][gc,ref       ] GC(10) Skipped phase3 of Reference Processing due to unavailable references
[6.400s][debug][gc,age       ] GC(10) Desired survivor size 15400960 bytes, new threshold 6 (max threshold 6)
[6.400s][info ][gc,heap      ] GC(10) ParNew: 255160K->14528K(270976K)
[6.400s][info ][gc,heap      ] GC(10) CMS: 108173K->108173K(602112K)
[6.400s][info ][gc,metaspace ] GC(10) Metaspace: 36603K->36603K(1083392K)
[6.400s][info ][gc           ] GC(10) Pause Young (Allocation Failure) 354M->119M(852M) 6.679ms
[6.400s][info ][gc,cpu       ] GC(10) User=0.02s Sys=0.00s Real=0.01s
[6.400s][info ][safepoint    ] Leaving safepoint region
[6.400s][info ][safepoint    ] Total time for which application threads were stopped: 0.0071265 seconds, Stopping threads took: 0.0002530 seconds
[6.497s][info ][safepoint    ] Application time: 0.0963619 seconds
[6.501s][info ][safepoint    ] Entering safepoint region: GenCollectForAllocation
[6.502s][info ][gc,start     ] GC(11) Pause Young (Allocation Failure)
[6.502s][info ][gc,task      ] GC(11) Using 4 workers of 4 for evacuation
[6.511s][debug][gc,ref       ] GC(11) Skipped phase1 of Reference Processing due to unavailable references
[6.511s][debug][gc,ref       ] GC(11) Skipped phase3 of Reference Processing due to unavailable references
[6.511s][debug][gc,age       ] GC(11) Desired survivor size 15400960 bytes, new threshold 6 (max threshold 6)
[6.511s][info ][gc,heap      ] GC(11) ParNew: 255424K->14648K(270976K)
[6.511s][info ][gc,heap      ] GC(11) CMS: 108173K->110585K(602112K)
[6.511s][info ][gc,metaspace ] GC(11) Metaspace: 36603K->36603K(1083392K)
[6.511s][info ][gc           ] GC(11) Pause Young (Allocation Failure) 355M->122M(852M) 9.321ms
[6.511s][info ][gc,cpu       ] GC(11) User=0.03s Sys=0.00s Real=0.01s
[6.511s][info ][safepoint    ] Leaving safepoint region
[6.511s][info ][safepoint    ] Total time for which application threads were stopped: 0.0144957 seconds, Stopping threads took: 0.0049864 seconds
[6.568s][info ][safepoint    ] Application time: 0.0567815 seconds
[6.568s][info ][safepoint    ] Entering safepoint region: GenCollectForAllocation
[6.568s][info ][gc,start     ] GC(12) Pause Young (Allocation Failure)
[6.568s][info ][gc,task      ] GC(12) Using 4 workers of 4 for evacuation
[6.577s][debug][gc,ref       ] GC(12) Skipped phase1 of Reference Processing due to unavailable references
[6.577s][debug][gc,ref       ] GC(12) Skipped phase3 of Reference Processing due to unavailable references
[6.577s][debug][gc,ref       ] GC(12) Skipped phase4 of Reference Processing due to unavailable references
[6.578s][debug][gc,age       ] GC(12) Desired survivor size 15400960 bytes, new threshold 6 (max threshold 6)
[6.578s][info ][gc,heap      ] GC(12) ParNew: 255544K->4239K(270976K)
[6.578s][info ][gc,heap      ] GC(12) CMS: 110585K->117983K(602112K)
[6.578s][info ][gc,metaspace ] GC(12) Metaspace: 36603K->36603K(1083392K)
[6.578s][info ][gc           ] GC(12) Pause Young (Allocation Failure) 357M->119M(852M) 9.424ms
[6.578s][info ][gc,cpu       ] GC(12) User=0.03s Sys=0.00s Real=0.01s
[6.578s][info ][safepoint    ] Leaving safepoint region
[6.578s][info ][safepoint    ] Total time for which application threads were stopped: 0.0097593 seconds, Stopping threads took: 0.0001345 seconds
[6.629s][info ][safepoint    ] Application time: 0.0518281 seconds
[6.630s][info ][safepoint    ] Entering safepoint region: GenCollectForAllocation
[6.630s][info ][gc,start     ] GC(13) Pause Young (Allocation Failure)
[6.630s][info ][gc,task      ] GC(13) Using 4 workers of 4 for evacuation
[6.633s][debug][gc,ref       ] GC(13) Skipped phase1 of Reference Processing due to unavailable references
[6.633s][debug][gc,ref       ] GC(13) Skipped phase2 of Reference Processing due to unavailable references
[6.633s][debug][gc,ref       ] GC(13) Skipped phase3 of Reference Processing due to unavailable references
[6.633s][debug][gc,ref       ] GC(13) Skipped phase4 of Reference Processing due to unavailable references
[6.633s][debug][gc,age       ] GC(13) Desired survivor size 15400960 bytes, new threshold 6 (max threshold 6)
[6.633s][info ][gc,heap      ] GC(13) ParNew: 245135K->1299K(270976K)
[6.633s][info ][gc,heap      ] GC(13) CMS: 117983K->118652K(602112K)
[6.633s][info ][gc,metaspace ] GC(13) Metaspace: 36603K->36603K(1083392K)
[6.633s][info ][gc           ] GC(13) Pause Young (Allocation Failure) 354M->117M(852M) 3.161ms
[6.633s][info ][gc,cpu       ] GC(13) User=0.01s Sys=0.00s Real=0.00s
[6.633s][info ][safepoint    ] Leaving safepoint region
[6.633s][info ][safepoint    ] Total time for which application threads were stopped: 0.0034378 seconds, Stopping threads took: 0.0000979 seconds
[6.685s][info ][safepoint    ] Application time: 0.0517219 seconds
[6.685s][info ][safepoint    ] Entering safepoint region: GenCollectForAllocation
[6.685s][info ][gc,start     ] GC(14) Pause Young (Allocation Failure)
[6.685s][info ][gc,task      ] GC(14) Using 4 workers of 4 for evacuation
[6.687s][debug][gc,ref       ] GC(14) Skipped phase1 of Reference Processing due to unavailable references
[6.687s][debug][gc,ref       ] GC(14) Skipped phase2 of Reference Processing due to unavailable references
[6.687s][debug][gc,ref       ] GC(14) Skipped phase3 of Reference Processing due to unavailable references
[6.687s][debug][gc,ref       ] GC(14) Skipped phase4 of Reference Processing due to unavailable references
[6.687s][debug][gc,age       ] GC(14) Desired survivor size 15400960 bytes, new threshold 6 (max threshold 6)
[6.687s][info ][gc,heap      ] GC(14) ParNew: 242195K->520K(270976K)
[6.687s][info ][gc,heap      ] GC(14) CMS: 118652K->118695K(602112K)
[6.687s][info ][gc,metaspace ] GC(14) Metaspace: 36603K->36603K(1083392K)
[6.687s][info ][gc           ] GC(14) Pause Young (Allocation Failure) 352M->116M(852M) 1.930ms
[6.687s][info ][gc,cpu       ] GC(14) User=0.01s Sys=0.00s Real=0.00s
[6.687s][info ][safepoint    ] Leaving safepoint region
[6.687s][info ][safepoint    ] Total time for which application threads were stopped: 0.0022383 seconds, Stopping threads took: 0.0001346 seconds
[6.738s][info ][safepoint    ] Application time: 0.0513648 seconds
[6.739s][info ][safepoint    ] Entering safepoint region: GenCollectForAllocation
[6.739s][info ][gc,start     ] GC(15) Pause Young (Allocation Failure)
[6.739s][info ][gc,task      ] GC(15) Using 4 workers of 4 for evacuation
[6.741s][debug][gc,ref       ] GC(15) Skipped phase1 of Reference Processing due to unavailable references
[6.741s][debug][gc,ref       ] GC(15) Skipped phase2 of Reference Processing due to unavailable references
[6.741s][debug][gc,ref       ] GC(15) Skipped phase3 of Reference Processing due to unavailable references
[6.741s][debug][gc,ref       ] GC(15) Skipped phase4 of Reference Processing due to unavailable references
[6.741s][debug][gc,age       ] GC(15) Desired survivor size 15400960 bytes, new threshold 6 (max threshold 6)
[6.741s][info ][gc,heap      ] GC(15) ParNew: 241416K->565K(270976K)
[6.741s][info ][gc,heap      ] GC(15) CMS: 118695K->118736K(602112K)
[6.741s][info ][gc,metaspace ] GC(15) Metaspace: 36603K->36603K(1083392K)
[6.741s][info ][gc           ] GC(15) Pause Young (Allocation Failure) 351M->116M(852M) 2.042ms
[6.741s][info ][gc,cpu       ] GC(15) User=0.01s Sys=0.00s Real=0.00s
[6.741s][info ][safepoint    ] Leaving safepoint region
[6.741s][info ][safepoint    ] Total time for which application threads were stopped: 0.0029975 seconds, Stopping threads took: 0.0007996 seconds
[6.819s][info ][safepoint    ] Application time: 0.0774420 seconds
[6.819s][info ][safepoint    ] Entering safepoint region: GenCollectForAllocation
[6.819s][info ][gc,start     ] GC(16) Pause Young (Allocation Failure)
[6.819s][info ][gc,task      ] GC(16) Using 4 workers of 4 for evacuation
[6.822s][debug][gc,ref       ] GC(16) Skipped phase1 of Reference Processing due to unavailable references
[6.822s][debug][gc,ref       ] GC(16) Skipped phase2 of Reference Processing due to unavailable references
[6.822s][debug][gc,ref       ] GC(16) Skipped phase3 of Reference Processing due to unavailable references
[6.822s][debug][gc,ref       ] GC(16) Skipped phase4 of Reference Processing due to unavailable references
[6.822s][debug][gc,age       ] GC(16) Desired survivor size 15400960 bytes, new threshold 6 (max threshold 6)
[6.822s][info ][gc,heap      ] GC(16) ParNew: 241461K->547K(270976K)
[6.822s][info ][gc,heap      ] GC(16) CMS: 118736K->118778K(602112K)
[6.822s][info ][gc,metaspace ] GC(16) Metaspace: 36603K->36603K(1083392K)
[6.822s][info ][gc           ] GC(16) Pause Young (Allocation Failure) 351M->116M(852M) 2.606ms
[6.822s][info ][gc,cpu       ] GC(16) User=0.00s Sys=0.01s Real=0.00s
[6.822s][info ][safepoint    ] Leaving safepoint region
[6.822s][info ][safepoint    ] Total time for which application threads were stopped: 0.0028464 seconds, Stopping threads took: 0.0000735 seconds
[6.865s][info ][safepoint    ] Application time: 0.0431466 seconds
[6.865s][info ][safepoint    ] Entering safepoint region: GenCollectForAllocation
[6.865s][info ][gc,start     ] GC(17) Pause Young (Allocation Failure)
[6.865s][info ][gc,task      ] GC(17) Using 4 workers of 4 for evacuation
[6.867s][debug][gc,ref       ] GC(17) Skipped phase1 of Reference Processing due to unavailable references
[6.867s][debug][gc,ref       ] GC(17) Skipped phase2 of Reference Processing due to unavailable references
[6.867s][debug][gc,ref       ] GC(17) Skipped phase3 of Reference Processing due to unavailable references
[6.867s][debug][gc,ref       ] GC(17) Skipped phase4 of Reference Processing due to unavailable references
[6.867s][debug][gc,age       ] GC(17) Desired survivor size 15400960 bytes, new threshold 6 (max threshold 6)
[6.867s][info ][gc,heap      ] GC(17) ParNew: 241443K->556K(270976K)
[6.867s][info ][gc,heap      ] GC(17) CMS: 118778K->118832K(602112K)
[6.867s][info ][gc,metaspace ] GC(17) Metaspace: 36603K->36603K(1083392K)
[6.867s][info ][gc           ] GC(17) Pause Young (Allocation Failure) 351M->116M(852M) 1.930ms
[6.867s][info ][gc,cpu       ] GC(17) User=0.01s Sys=0.00s Real=0.00s
[6.867s][info ][safepoint    ] Leaving safepoint region
[6.867s][info ][safepoint    ] Total time for which application threads were stopped: 0.0023984 seconds, Stopping threads took: 0.0002856 seconds
[6.919s][info ][safepoint    ] Application time: 0.0513624 seconds
[6.919s][info ][safepoint    ] Entering safepoint region: GenCollectForAllocation
[6.919s][info ][gc,start     ] GC(18) Pause Young (Allocation Failure)
[6.919s][info ][gc,task      ] GC(18) Using 4 workers of 4 for evacuation
[6.921s][debug][gc,ref       ] GC(18) Skipped phase1 of Reference Processing due to unavailable references
[6.921s][debug][gc,ref       ] GC(18) Skipped phase2 of Reference Processing due to unavailable references
[6.921s][debug][gc,ref       ] GC(18) Skipped phase3 of Reference Processing due to unavailable references
[6.921s][debug][gc,ref       ] GC(18) Skipped phase4 of Reference Processing due to unavailable references
[6.921s][debug][gc,age       ] GC(18) Desired survivor size 15400960 bytes, new threshold 6 (max threshold 6)
[6.921s][info ][gc,heap      ] GC(18) ParNew: 241452K->633K(270976K)
[6.921s][info ][gc,heap      ] GC(18) CMS: 118832K->118868K(602112K)
[6.921s][info ][gc,metaspace ] GC(18) Metaspace: 36603K->36603K(1083392K)
[6.921s][info ][gc           ] GC(18) Pause Young (Allocation Failure) 351M->116M(852M) 2.005ms
[6.921s][info ][gc,cpu       ] GC(18) User=0.01s Sys=0.00s Real=0.00s
[6.921s][info ][safepoint    ] Leaving safepoint region
[6.921s][info ][safepoint    ] Total time for which application threads were stopped: 0.0024906 seconds, Stopping threads took: 0.0003058 seconds
[6.988s][info ][safepoint    ] Application time: 0.0669498 seconds
[6.988s][info ][safepoint    ] Entering safepoint region: GenCollectForAllocation
[6.989s][info ][gc,start     ] GC(19) Pause Young (Allocation Failure)
[6.989s][info ][gc,task      ] GC(19) Using 4 workers of 4 for evacuation
[6.991s][debug][gc,ref       ] GC(19) Skipped phase1 of Reference Processing due to unavailable references
[6.991s][debug][gc,ref       ] GC(19) Skipped phase2 of Reference Processing due to unavailable references
[6.991s][debug][gc,ref       ] GC(19) Skipped phase3 of Reference Processing due to unavailable references
[6.991s][debug][gc,ref       ] GC(19) Skipped phase4 of Reference Processing due to unavailable references
[6.991s][debug][gc,age       ] GC(19) Desired survivor size 15400960 bytes, new threshold 6 (max threshold 6)
[6.991s][info ][gc,heap      ] GC(19) ParNew: 241529K->453K(270976K)
[6.991s][info ][gc,heap      ] GC(19) CMS: 118868K->118931K(602112K)
[6.991s][info ][gc,metaspace ] GC(19) Metaspace: 36603K->36603K(1083392K)
[6.991s][info ][gc           ] GC(19) Pause Young (Allocation Failure) 351M->116M(852M) 2.078ms
[6.991s][info ][gc,cpu       ] GC(19) User=0.01s Sys=0.00s Real=0.00s
[6.991s][info ][safepoint    ] Leaving safepoint region
[6.991s][info ][safepoint    ] Total time for which application threads were stopped: 0.0024689 seconds, Stopping threads took: 0.0002205 seconds
[7.043s][info ][safepoint    ] Application time: 0.0518120 seconds
[7.043s][info ][safepoint    ] Entering safepoint region: GenCollectForAllocation
[7.043s][info ][gc,start     ] GC(20) Pause Young (Allocation Failure)
[7.043s][info ][gc,task      ] GC(20) Using 4 workers of 4 for evacuation
[7.045s][debug][gc,ref       ] GC(20) Skipped phase1 of Reference Processing due to unavailable references
[7.045s][debug][gc,ref       ] GC(20) Skipped phase2 of Reference Processing due to unavailable references
[7.045s][debug][gc,ref       ] GC(20) Skipped phase3 of Reference Processing due to unavailable references
[7.045s][debug][gc,ref       ] GC(20) Skipped phase4 of Reference Processing due to unavailable references
[7.045s][debug][gc,age       ] GC(20) Desired survivor size 15400960 bytes, new threshold 6 (max threshold 6)
[7.045s][info ][gc,heap      ] GC(20) ParNew: 241349K->465K(270976K)
[7.045s][info ][gc,heap      ] GC(20) CMS: 118931K->118973K(602112K)
[7.045s][info ][gc,metaspace ] GC(20) Metaspace: 36603K->36603K(1083392K)
[7.045s][info ][gc           ] GC(20) Pause Young (Allocation Failure) 351M->116M(852M) 2.179ms
[7.045s][info ][gc,cpu       ] GC(20) User=0.01s Sys=0.00s Real=0.01s
[7.045s][info ][safepoint    ] Leaving safepoint region
[7.045s][info ][safepoint    ] Total time for which application threads were stopped: 0.0026616 seconds, Stopping threads took: 0.0002858 seconds
[7.104s][info ][safepoint    ] Application time: 0.0587275 seconds
[7.104s][info ][safepoint    ] Entering safepoint region: GenCollectForAllocation
[7.104s][info ][gc,start     ] GC(21) Pause Young (Allocation Failure)
[7.104s][info ][gc,task      ] GC(21) Using 4 workers of 4 for evacuation
[7.106s][debug][gc,ref       ] GC(21) Skipped phase1 of Reference Processing due to unavailable references
[7.106s][debug][gc,ref       ] GC(21) Skipped phase2 of Reference Processing due to unavailable references
[7.106s][debug][gc,ref       ] GC(21) Skipped phase3 of Reference Processing due to unavailable references
[7.106s][debug][gc,ref       ] GC(21) Skipped phase4 of Reference Processing due to unavailable references
[7.106s][debug][gc,age       ] GC(21) Desired survivor size 15400960 bytes, new threshold 6 (max threshold 6)
[7.106s][info ][gc,heap      ] GC(21) ParNew: 241361K->590K(270976K)
[7.106s][info ][gc,heap      ] GC(21) CMS: 118973K->119002K(602112K)
[7.106s][info ][gc,metaspace ] GC(21) Metaspace: 36603K->36603K(1083392K)
[7.106s][info ][gc           ] GC(21) Pause Young (Allocation Failure) 351M->116M(852M) 1.956ms
[7.106s][info ][gc,cpu       ] GC(21) User=0.01s Sys=0.00s Real=0.00s
[7.106s][info ][safepoint    ] Leaving safepoint region
[7.106s][info ][safepoint    ] Total time for which application threads were stopped: 0.0021795 seconds, Stopping threads took: 0.0000734 seconds
[7.165s][info ][safepoint    ] Application time: 0.0591156 seconds
[7.166s][info ][safepoint    ] Entering safepoint region: GenCollectForAllocation
[7.166s][info ][gc,start     ] GC(22) Pause Young (Allocation Failure)
[7.166s][info ][gc,task      ] GC(22) Using 4 workers of 4 for evacuation
[7.168s][debug][gc,ref       ] GC(22) Skipped phase1 of Reference Processing due to unavailable references
[7.168s][debug][gc,ref       ] GC(22) Skipped phase2 of Reference Processing due to unavailable references
[7.168s][debug][gc,ref       ] GC(22) Skipped phase3 of Reference Processing due to unavailable references
[7.168s][debug][gc,ref       ] GC(22) Skipped phase4 of Reference Processing due to unavailable references
[7.168s][debug][gc,age       ] GC(22) Desired survivor size 15400960 bytes, new threshold 6 (max threshold 6)
[7.168s][info ][gc,heap      ] GC(22) ParNew: 241486K->540K(270976K)
[7.168s][info ][gc,heap      ] GC(22) CMS: 119002K->119071K(602112K)
[7.168s][info ][gc,metaspace ] GC(22) Metaspace: 36603K->36603K(1083392K)
[7.168s][info ][gc           ] GC(22) Pause Young (Allocation Failure) 352M->116M(852M) 2.444ms
[7.168s][info ][gc,cpu       ] GC(22) User=0.01s Sys=0.00s Real=0.00s
[7.168s][info ][safepoint    ] Leaving safepoint region
[7.168s][info ][safepoint    ] Total time for which application threads were stopped: 0.0030334 seconds, Stopping threads took: 0.0002235 seconds
[7.212s][info ][safepoint    ] Application time: 0.0438746 seconds
[7.214s][info ][safepoint    ] Entering safepoint region: GenCollectForAllocation
[7.214s][info ][gc,start     ] GC(23) Pause Young (Allocation Failure)
[7.214s][info ][gc,task      ] GC(23) Using 4 workers of 4 for evacuation
[7.217s][debug][gc,ref       ] GC(23) Skipped phase1 of Reference Processing due to unavailable references
[7.217s][debug][gc,ref       ] GC(23) Skipped phase2 of Reference Processing due to unavailable references
[7.217s][debug][gc,ref       ] GC(23) Skipped phase3 of Reference Processing due to unavailable references
[7.217s][debug][gc,ref       ] GC(23) Skipped phase4 of Reference Processing due to unavailable references
[7.217s][debug][gc,age       ] GC(23) Desired survivor size 15400960 bytes, new threshold 6 (max threshold 6)
[7.217s][info ][gc,heap      ] GC(23) ParNew: 241436K->534K(270976K)
[7.217s][info ][gc,heap      ] GC(23) CMS: 119071K->119094K(602112K)
[7.217s][info ][gc,metaspace ] GC(23) Metaspace: 36603K->36603K(1083392K)
[7.217s][info ][gc           ] GC(23) Pause Young (Allocation Failure) 352M->116M(852M) 2.930ms
[7.217s][info ][gc,cpu       ] GC(23) User=0.01s Sys=0.00s Real=0.01s
[7.217s][info ][safepoint    ] Leaving safepoint region
[7.217s][info ][safepoint    ] Total time for which application threads were stopped: 0.0050798 seconds, Stopping threads took: 0.0019715 seconds
[7.297s][info ][safepoint    ] Application time: 0.0794567 seconds
[7.297s][info ][safepoint    ] Entering safepoint region: GenCollectForAllocation
[7.297s][info ][gc,start     ] GC(24) Pause Young (Allocation Failure)
[7.297s][info ][gc,task      ] GC(24) Using 4 workers of 4 for evacuation
[7.300s][debug][gc,ref       ] GC(24) Skipped phase1 of Reference Processing due to unavailable references
[7.300s][debug][gc,ref       ] GC(24) Skipped phase2 of Reference Processing due to unavailable references
[7.300s][debug][gc,ref       ] GC(24) Skipped phase3 of Reference Processing due to unavailable references
[7.300s][debug][gc,ref       ] GC(24) Skipped phase4 of Reference Processing due to unavailable references
[7.300s][debug][gc,age       ] GC(24) Desired survivor size 15400960 bytes, new threshold 6 (max threshold 6)
[7.300s][info ][gc,heap      ] GC(24) ParNew: 241430K->449K(270976K)
[7.300s][info ][gc,heap      ] GC(24) CMS: 119094K->119140K(602112K)
[7.300s][info ][gc,metaspace ] GC(24) Metaspace: 36604K->36604K(1083392K)
[7.301s][info ][gc           ] GC(24) Pause Young (Allocation Failure) 352M->116M(852M) 3.077ms
[7.301s][info ][gc,cpu       ] GC(24) User=0.00s Sys=0.00s Real=0.00s
[7.301s][info ][safepoint    ] Leaving safepoint region
[7.301s][info ][safepoint    ] Total time for which application threads were stopped: 0.0035926 seconds, Stopping threads took: 0.0003507 seconds
[7.346s][info ][safepoint    ] Application time: 0.0450712 seconds
[7.347s][info ][safepoint    ] Entering safepoint region: GenCollectForAllocation
[7.347s][info ][gc,start     ] GC(25) Pause Young (Allocation Failure)
[7.347s][info ][gc,task      ] GC(25) Using 4 workers of 4 for evacuation
[7.349s][debug][gc,ref       ] GC(25) Skipped phase1 of Reference Processing due to unavailable references
[7.349s][debug][gc,ref       ] GC(25) Skipped phase2 of Reference Processing due to unavailable references
[7.349s][debug][gc,ref       ] GC(25) Skipped phase3 of Reference Processing due to unavailable references
[7.349s][debug][gc,ref       ] GC(25) Skipped phase4 of Reference Processing due to unavailable references
[7.349s][debug][gc,age       ] GC(25) Desired survivor size 15400960 bytes, new threshold 6 (max threshold 6)
[7.349s][info ][gc,heap      ] GC(25) ParNew: 241345K->665K(270976K)
[7.349s][info ][gc,heap      ] GC(25) CMS: 119140K->119189K(602112K)
[7.349s][info ][gc,metaspace ] GC(25) Metaspace: 36604K->36604K(1083392K)
[7.349s][info ][gc           ] GC(25) Pause Young (Allocation Failure) 352M->117M(852M) 2.443ms
[7.349s][info ][gc,cpu       ] GC(25) User=0.01s Sys=0.00s Real=0.00s
[7.349s][info ][safepoint    ] Leaving safepoint region
[7.349s][info ][safepoint    ] Total time for which application threads were stopped: 0.0037113 seconds, Stopping threads took: 0.0010854 seconds
[7.417s][info ][safepoint    ] Application time: 0.0676717 seconds
[7.418s][info ][safepoint    ] Entering safepoint region: GenCollectForAllocation
[7.418s][info ][gc,start     ] GC(26) Pause Young (Allocation Failure)
[7.418s][info ][gc,task      ] GC(26) Using 4 workers of 4 for evacuation
[7.420s][debug][gc,ref       ] GC(26) Skipped phase1 of Reference Processing due to unavailable references
[7.420s][debug][gc,ref       ] GC(26) Skipped phase2 of Reference Processing due to unavailable references
[7.420s][debug][gc,ref       ] GC(26) Skipped phase3 of Reference Processing due to unavailable references
[7.420s][debug][gc,ref       ] GC(26) Skipped phase4 of Reference Processing due to unavailable references
[7.420s][debug][gc,age       ] GC(26) Desired survivor size 15400960 bytes, new threshold 6 (max threshold 6)
[7.420s][info ][gc,heap      ] GC(26) ParNew: 241561K->525K(270976K)
[7.420s][info ][gc,heap      ] GC(26) CMS: 119189K->119217K(602112K)
[7.420s][info ][gc,metaspace ] GC(26) Metaspace: 36604K->36604K(1083392K)
[7.420s][info ][gc           ] GC(26) Pause Young (Allocation Failure) 352M->116M(852M) 2.575ms
[7.420s][info ][gc,cpu       ] GC(26) User=0.00s Sys=0.00s Real=0.00s
[7.420s][info ][safepoint    ] Leaving safepoint region
[7.420s][info ][safepoint    ] Total time for which application threads were stopped: 0.0032094 seconds, Stopping threads took: 0.0004738 seconds
[7.470s][info ][safepoint    ] Application time: 0.0499268 seconds
[7.470s][info ][safepoint    ] Entering safepoint region: GenCollectForAllocation
[7.470s][info ][gc,start     ] GC(27) Pause Young (Allocation Failure)
[7.470s][info ][gc,task      ] GC(27) Using 4 workers of 4 for evacuation
[7.472s][debug][gc,ref       ] GC(27) Skipped phase1 of Reference Processing due to unavailable references
[7.472s][debug][gc,ref       ] GC(27) Skipped phase2 of Reference Processing due to unavailable references
[7.472s][debug][gc,ref       ] GC(27) Skipped phase3 of Reference Processing due to unavailable references
[7.472s][debug][gc,ref       ] GC(27) Skipped phase4 of Reference Processing due to unavailable references
[7.472s][debug][gc,age       ] GC(27) Desired survivor size 15400960 bytes, new threshold 6 (max threshold 6)
[7.472s][info ][gc,heap      ] GC(27) ParNew: 241421K->527K(270976K)
[7.472s][info ][gc,heap      ] GC(27) CMS: 119217K->119288K(602112K)
[7.472s][info ][gc,metaspace ] GC(27) Metaspace: 36604K->36604K(1083392K)
[7.473s][info ][gc           ] GC(27) Pause Young (Allocation Failure) 352M->117M(852M) 2.112ms
[7.473s][info ][gc,cpu       ] GC(27) User=0.01s Sys=0.00s Real=0.00s
[7.473s][info ][safepoint    ] Leaving safepoint region
[7.473s][info ][safepoint    ] Total time for which application threads were stopped: 0.0023001 seconds, Stopping threads took: 0.0000435 seconds
[7.522s][info ][safepoint    ] Application time: 0.0493954 seconds
[7.522s][info ][safepoint    ] Entering safepoint region: GenCollectForAllocation
[7.522s][info ][gc,start     ] GC(28) Pause Young (Allocation Failure)
[7.522s][info ][gc,task      ] GC(28) Using 4 workers of 4 for evacuation
[7.524s][debug][gc,ref       ] GC(28) Skipped phase1 of Reference Processing due to unavailable references
[7.524s][debug][gc,ref       ] GC(28) Skipped phase2 of Reference Processing due to unavailable references
[7.524s][debug][gc,ref       ] GC(28) Skipped phase3 of Reference Processing due to unavailable references
[7.524s][debug][gc,ref       ] GC(28) Skipped phase4 of Reference Processing due to unavailable references
[7.524s][debug][gc,age       ] GC(28) Desired survivor size 15400960 bytes, new threshold 6 (max threshold 6)
[7.524s][info ][gc,heap      ] GC(28) ParNew: 241423K->633K(270976K)
[7.524s][info ][gc,heap      ] GC(28) CMS: 119288K->119332K(602112K)
[7.524s][info ][gc,metaspace ] GC(28) Metaspace: 36604K->36604K(1083392K)
[7.524s][info ][gc           ] GC(28) Pause Young (Allocation Failure) 352M->117M(852M) 2.074ms
[7.524s][info ][gc,cpu       ] GC(28) User=0.01s Sys=0.00s Real=0.01s
[7.524s][info ][safepoint    ] Leaving safepoint region
[7.524s][info ][safepoint    ] Total time for which application threads were stopped: 0.0024431 seconds, Stopping threads took: 0.0002200 seconds
[7.587s][info ][safepoint    ] Application time: 0.0628413 seconds
[7.588s][info ][safepoint    ] Entering safepoint region: GenCollectForAllocation
[7.588s][info ][gc,start     ] GC(29) Pause Young (Allocation Failure)
[7.588s][info ][gc,task      ] GC(29) Using 4 workers of 4 for evacuation
[7.589s][debug][gc,ref       ] GC(29) Skipped phase1 of Reference Processing due to unavailable references
[7.589s][debug][gc,ref       ] GC(29) Skipped phase2 of Reference Processing due to unavailable references
[7.589s][debug][gc,ref       ] GC(29) Skipped phase3 of Reference Processing due to unavailable references
[7.589s][debug][gc,ref       ] GC(29) Skipped phase4 of Reference Processing due to unavailable references
[7.589s][debug][gc,age       ] GC(29) Desired survivor size 15400960 bytes, new threshold 6 (max threshold 6)
[7.590s][info ][gc,heap      ] GC(29) ParNew: 241529K->519K(270976K)
[7.590s][info ][gc,heap      ] GC(29) CMS: 119332K->119362K(602112K)
[7.590s][info ][gc,metaspace ] GC(29) Metaspace: 36604K->36604K(1083392K)
[7.590s][info ][gc           ] GC(29) Pause Young (Allocation Failure) 352M->117M(852M) 1.855ms
[7.590s][info ][gc,cpu       ] GC(29) User=0.01s Sys=0.00s Real=0.00s
[7.590s][info ][safepoint    ] Leaving safepoint region
[7.590s][info ][safepoint    ] Total time for which application threads were stopped: 0.0022676 seconds, Stopping threads took: 0.0002643 seconds
[7.638s][info ][safepoint    ] Application time: 0.0485517 seconds
[7.638s][info ][safepoint    ] Entering safepoint region: GenCollectForAllocation
[7.638s][info ][gc,start     ] GC(30) Pause Young (Allocation Failure)
[7.638s][info ][gc,task      ] GC(30) Using 4 workers of 4 for evacuation
[7.640s][debug][gc,ref       ] GC(30) Skipped phase1 of Reference Processing due to unavailable references
[7.640s][debug][gc,ref       ] GC(30) Skipped phase2 of Reference Processing due to unavailable references
[7.640s][debug][gc,ref       ] GC(30) Skipped phase3 of Reference Processing due to unavailable references
[7.640s][debug][gc,ref       ] GC(30) Skipped phase4 of Reference Processing due to unavailable references
[7.640s][debug][gc,age       ] GC(30) Desired survivor size 15400960 bytes, new threshold 6 (max threshold 6)
[7.640s][info ][gc,heap      ] GC(30) ParNew: 241415K->602K(270976K)
[7.640s][info ][gc,heap      ] GC(30) CMS: 119362K->119435K(602112K)
[7.641s][info ][gc,metaspace ] GC(30) Metaspace: 36604K->36604K(1083392K)
[7.641s][info ][gc           ] GC(30) Pause Young (Allocation Failure) 352M->117M(852M) 2.112ms
[7.641s][info ][gc,cpu       ] GC(30) User=0.01s Sys=0.00s Real=0.00s
[7.641s][info ][safepoint    ] Leaving safepoint region
[7.641s][info ][safepoint    ] Total time for which application threads were stopped: 0.0023940 seconds, Stopping threads took: 0.0001213 seconds
[7.705s][info ][safepoint    ] Application time: 0.0640272 seconds
[7.705s][info ][safepoint    ] Entering safepoint region: GenCollectForAllocation
[7.705s][info ][gc,start     ] GC(31) Pause Young (Allocation Failure)
[7.705s][info ][gc,task      ] GC(31) Using 4 workers of 4 for evacuation
[7.707s][debug][gc,ref       ] GC(31) Skipped phase1 of Reference Processing due to unavailable references
[7.707s][debug][gc,ref       ] GC(31) Skipped phase2 of Reference Processing due to unavailable references
[7.707s][debug][gc,ref       ] GC(31) Skipped phase3 of Reference Processing due to unavailable references
[7.707s][debug][gc,ref       ] GC(31) Skipped phase4 of Reference Processing due to unavailable references
[7.707s][debug][gc,age       ] GC(31) Desired survivor size 15400960 bytes, new threshold 6 (max threshold 6)
[7.707s][info ][gc,heap      ] GC(31) ParNew: 241498K->631K(270976K)
[7.707s][info ][gc,heap      ] GC(31) CMS: 119435K->119457K(602112K)
[7.707s][info ][gc,metaspace ] GC(31) Metaspace: 36604K->36604K(1083392K)
[7.707s][info ][gc           ] GC(31) Pause Young (Allocation Failure) 352M->117M(852M) 1.991ms
[7.707s][info ][gc,cpu       ] GC(31) User=0.01s Sys=0.00s Real=0.00s
[7.707s][info ][safepoint    ] Leaving safepoint region
[7.707s][info ][safepoint    ] Total time for which application threads were stopped: 0.0022088 seconds, Stopping threads took: 0.0000861 seconds
[7.755s][info ][safepoint    ] Application time: 0.0476942 seconds
[7.755s][info ][safepoint    ] Entering safepoint region: GenCollectForAllocation
[7.755s][info ][gc,start     ] GC(32) Pause Young (Allocation Failure)
[7.755s][info ][gc,task      ] GC(32) Using 4 workers of 4 for evacuation
[7.757s][debug][gc,ref       ] GC(32) Skipped phase1 of Reference Processing due to unavailable references
[7.757s][debug][gc,ref       ] GC(32) Skipped phase2 of Reference Processing due to unavailable references
[7.757s][debug][gc,ref       ] GC(32) Skipped phase3 of Reference Processing due to unavailable references
[7.757s][debug][gc,ref       ] GC(32) Skipped phase4 of Reference Processing due to unavailable references
[7.757s][debug][gc,age       ] GC(32) Desired survivor size 15400960 bytes, new threshold 6 (max threshold 6)
[7.757s][info ][gc,heap      ] GC(32) ParNew: 241527K->572K(270976K)
[7.757s][info ][gc,heap      ] GC(32) CMS: 119457K->119533K(602112K)
[7.757s][info ][gc,metaspace ] GC(32) Metaspace: 36604K->36604K(1083392K)
[7.757s][info ][gc           ] GC(32) Pause Young (Allocation Failure) 352M->117M(852M) 2.315ms
[7.757s][info ][gc,cpu       ] GC(32) User=0.00s Sys=0.00s Real=0.01s
[7.757s][info ][safepoint    ] Leaving safepoint region
[7.757s][info ][safepoint    ] Total time for which application threads were stopped: 0.0026208 seconds, Stopping threads took: 0.0001487 seconds
[7.823s][info ][safepoint    ] Application time: 0.0662287 seconds
[7.824s][info ][safepoint    ] Entering safepoint region: GenCollectForAllocation
[7.824s][info ][gc,start     ] GC(33) Pause Young (Allocation Failure)
[7.824s][info ][gc,task      ] GC(33) Using 4 workers of 4 for evacuation
[7.826s][debug][gc,ref       ] GC(33) Skipped phase1 of Reference Processing due to unavailable references
[7.826s][debug][gc,ref       ] GC(33) Skipped phase2 of Reference Processing due to unavailable references
[7.826s][debug][gc,ref       ] GC(33) Skipped phase3 of Reference Processing due to unavailable references
[7.826s][debug][gc,ref       ] GC(33) Skipped phase4 of Reference Processing due to unavailable references
[7.826s][debug][gc,age       ] GC(33) Desired survivor size 15400960 bytes, new threshold 6 (max threshold 6)
[7.826s][info ][gc,heap      ] GC(33) ParNew: 241468K->632K(270976K)
[7.826s][info ][gc,heap      ] GC(33) CMS: 119533K->119567K(602112K)
[7.826s][info ][gc,metaspace ] GC(33) Metaspace: 36604K->36604K(1083392K)
[7.826s][info ][gc           ] GC(33) Pause Young (Allocation Failure) 352M->117M(852M) 2.048ms
[7.826s][info ][gc,cpu       ] GC(33) User=0.01s Sys=0.00s Real=0.01s
[7.826s][info ][safepoint    ] Leaving safepoint region
[7.826s][info ][safepoint    ] Total time for which application threads were stopped: 0.0023091 seconds, Stopping threads took: 0.0001092 seconds
[7.881s][info ][safepoint    ] Application time: 0.0548038 seconds
[7.882s][info ][safepoint    ] Entering safepoint region: GenCollectForAllocation
[7.882s][info ][gc,start     ] GC(34) Pause Young (Allocation Failure)
[7.882s][info ][gc,task      ] GC(34) Using 4 workers of 4 for evacuation
[7.884s][debug][gc,ref       ] GC(34) Skipped phase1 of Reference Processing due to unavailable references
[7.884s][debug][gc,ref       ] GC(34) Skipped phase2 of Reference Processing due to unavailable references
[7.884s][debug][gc,ref       ] GC(34) Skipped phase3 of Reference Processing due to unavailable references
[7.884s][debug][gc,ref       ] GC(34) Skipped phase4 of Reference Processing due to unavailable references
[7.884s][debug][gc,age       ] GC(34) Desired survivor size 15400960 bytes, new threshold 6 (max threshold 6)
[7.884s][info ][gc,heap      ] GC(34) ParNew: 241528K->459K(270976K)
[7.884s][info ][gc,heap      ] GC(34) CMS: 119567K->119620K(602112K)
[7.884s][info ][gc,metaspace ] GC(34) Metaspace: 36604K->36604K(1083392K)
[7.884s][info ][gc           ] GC(34) Pause Young (Allocation Failure) 352M->117M(852M) 1.969ms
[7.884s][info ][gc,cpu       ] GC(34) User=0.01s Sys=0.00s Real=0.00s
[7.884s][info ][safepoint    ] Leaving safepoint region
[7.884s][info ][safepoint    ] Total time for which application threads were stopped: 0.0034093 seconds, Stopping threads took: 0.0012336 seconds
[7.927s][info ][safepoint    ] Application time: 0.0430599 seconds
[7.927s][info ][safepoint    ] Entering safepoint region: GenCollectForAllocation
[7.927s][info ][gc,start     ] GC(35) Pause Young (Allocation Failure)
[7.927s][info ][gc,task      ] GC(35) Using 4 workers of 4 for evacuation
[7.929s][debug][gc,ref       ] GC(35) Skipped phase1 of Reference Processing due to unavailable references
[7.929s][debug][gc,ref       ] GC(35) Skipped phase2 of Reference Processing due to unavailable references
[7.929s][debug][gc,ref       ] GC(35) Skipped phase3 of Reference Processing due to unavailable references
[7.929s][debug][gc,ref       ] GC(35) Skipped phase4 of Reference Processing due to unavailable references
[7.930s][debug][gc,age       ] GC(35) Desired survivor size 15400960 bytes, new threshold 6 (max threshold 6)
[7.930s][info ][gc,heap      ] GC(35) ParNew: 241355K->502K(270976K)
[7.930s][info ][gc,heap      ] GC(35) CMS: 119620K->119675K(602112K)
[7.930s][info ][gc,metaspace ] GC(35) Metaspace: 36607K->36607K(1083392K)
[7.930s][info ][gc           ] GC(35) Pause Young (Allocation Failure) 352M->117M(852M) 2.188ms
[7.930s][info ][gc,cpu       ] GC(35) User=0.01s Sys=0.00s Real=0.00s
[7.930s][info ][safepoint    ] Leaving safepoint region
[7.930s][info ][safepoint    ] Total time for which application threads were stopped: 0.0024894 seconds, Stopping threads took: 0.0001466 seconds
[7.999s][info ][safepoint    ] Application time: 0.0698896 seconds
[8.000s][info ][safepoint    ] Entering safepoint region: GenCollectForAllocation
[8.000s][info ][gc,start     ] GC(36) Pause Young (Allocation Failure)
[8.000s][info ][gc,task      ] GC(36) Using 4 workers of 4 for evacuation
[8.002s][debug][gc,ref       ] GC(36) Skipped phase1 of Reference Processing due to unavailable references
[8.002s][debug][gc,ref       ] GC(36) Skipped phase2 of Reference Processing due to unavailable references
[8.002s][debug][gc,ref       ] GC(36) Skipped phase3 of Reference Processing due to unavailable references
[8.002s][debug][gc,ref       ] GC(36) Skipped phase4 of Reference Processing due to unavailable references
[8.002s][debug][gc,age       ] GC(36) Desired survivor size 15400960 bytes, new threshold 6 (max threshold 6)
[8.002s][info ][gc,heap      ] GC(36) ParNew: 241398K->617K(270976K)
[8.002s][info ][gc,heap      ] GC(36) CMS: 119675K->119709K(602112K)
[8.002s][info ][gc,metaspace ] GC(36) Metaspace: 36617K->36617K(1083392K)
[8.002s][info ][gc           ] GC(36) Pause Young (Allocation Failure) 352M->117M(852M) 2.218ms
[8.002s][info ][gc,cpu       ] GC(36) User=0.01s Sys=0.00s Real=0.00s
[8.002s][info ][safepoint    ] Leaving safepoint region
[8.002s][info ][safepoint    ] Total time for which application threads were stopped: 0.0024508 seconds, Stopping threads took: 0.0000595 seconds
[8.046s][info ][safepoint    ] Application time: 0.0444318 seconds
[8.050s][info ][safepoint    ] Entering safepoint region: GenCollectForAllocation
[8.050s][info ][gc,start     ] GC(37) Pause Young (Allocation Failure)
[8.050s][info ][gc,task      ] GC(37) Using 4 workers of 4 for evacuation
[8.052s][debug][gc,ref       ] GC(37) Skipped phase1 of Reference Processing due to unavailable references
[8.052s][debug][gc,ref       ] GC(37) Skipped phase2 of Reference Processing due to unavailable references
[8.052s][debug][gc,ref       ] GC(37) Skipped phase3 of Reference Processing due to unavailable references
[8.052s][debug][gc,ref       ] GC(37) Skipped phase4 of Reference Processing due to unavailable references
[8.052s][debug][gc,age       ] GC(37) Desired survivor size 15400960 bytes, new threshold 6 (max threshold 6)
[8.052s][info ][gc,heap      ] GC(37) ParNew: 241513K->571K(270976K)
[8.052s][info ][gc,heap      ] GC(37) CMS: 119709K->119770K(602112K)
[8.052s][info ][gc,metaspace ] GC(37) Metaspace: 36617K->36617K(1083392K)
[8.052s][info ][gc           ] GC(37) Pause Young (Allocation Failure) 352M->117M(852M) 2.375ms
[8.052s][info ][gc,cpu       ] GC(37) User=0.01s Sys=0.00s Real=0.00s
[8.052s][info ][safepoint    ] Leaving safepoint region
[8.052s][info ][safepoint    ] Total time for which application threads were stopped: 0.0060153 seconds, Stopping threads took: 0.0034883 seconds
[8.116s][info ][safepoint    ] Application time: 0.0640041 seconds
[8.118s][info ][safepoint    ] Entering safepoint region: GenCollectForAllocation
[8.118s][info ][gc,start     ] GC(38) Pause Young (Allocation Failure)
[8.118s][info ][gc,task      ] GC(38) Using 4 workers of 4 for evacuation
[8.120s][debug][gc,ref       ] GC(38) Skipped phase1 of Reference Processing due to unavailable references
[8.120s][debug][gc,ref       ] GC(38) Skipped phase2 of Reference Processing due to unavailable references
[8.120s][debug][gc,ref       ] GC(38) Skipped phase3 of Reference Processing due to unavailable references
[8.120s][debug][gc,ref       ] GC(38) Skipped phase4 of Reference Processing due to unavailable references
[8.120s][debug][gc,age       ] GC(38) Desired survivor size 15400960 bytes, new threshold 6 (max threshold 6)
[8.120s][info ][gc,heap      ] GC(38) ParNew: 241467K->636K(270976K)
[8.120s][info ][gc,heap      ] GC(38) CMS: 119770K->119798K(602112K)
[8.120s][info ][gc,metaspace ] GC(38) Metaspace: 36617K->36617K(1083392K)
[8.120s][info ][gc           ] GC(38) Pause Young (Allocation Failure) 352M->117M(852M) 2.030ms
[8.120s][info ][gc,cpu       ] GC(38) User=0.00s Sys=0.00s Real=0.00s
[8.120s][info ][safepoint    ] Leaving safepoint region
[8.120s][info ][safepoint    ] Total time for which application threads were stopped: 0.0035518 seconds, Stopping threads took: 0.0013774 seconds
[8.170s][info ][safepoint    ] Application time: 0.0497829 seconds
[8.172s][info ][safepoint    ] Entering safepoint region: GenCollectForAllocation
[8.172s][info ][gc,start     ] GC(39) Pause Young (Allocation Failure)
[8.172s][info ][gc,task      ] GC(39) Using 4 workers of 4 for evacuation
[8.174s][debug][gc,ref       ] GC(39) Skipped phase1 of Reference Processing due to unavailable references
[8.174s][debug][gc,ref       ] GC(39) Skipped phase2 of Reference Processing due to unavailable references
[8.174s][debug][gc,ref       ] GC(39) Skipped phase3 of Reference Processing due to unavailable references
[8.174s][debug][gc,ref       ] GC(39) Skipped phase4 of Reference Processing due to unavailable references
[8.174s][debug][gc,age       ] GC(39) Desired survivor size 15400960 bytes, new threshold 6 (max threshold 6)
[8.174s][info ][gc,heap      ] GC(39) ParNew: 241532K->481K(270976K)
[8.174s][info ][gc,heap      ] GC(39) CMS: 119798K->119862K(602112K)
[8.174s][info ][gc,metaspace ] GC(39) Metaspace: 36617K->36617K(1083392K)
[8.174s][info ][gc           ] GC(39) Pause Young (Allocation Failure) 352M->117M(852M) 2.080ms
[8.174s][info ][gc,cpu       ] GC(39) User=0.01s Sys=0.00s Real=0.00s
[8.174s][info ][safepoint    ] Leaving safepoint region
[8.174s][info ][safepoint    ] Total time for which application threads were stopped: 0.0029708 seconds, Stopping threads took: 0.0007507 seconds
[8.231s][info ][safepoint    ] Application time: 0.0563259 seconds
[8.235s][info ][safepoint    ] Entering safepoint region: GenCollectForAllocation
[8.235s][info ][gc,start     ] GC(40) Pause Young (Allocation Failure)
[8.235s][info ][gc,task      ] GC(40) Using 4 workers of 4 for evacuation
[8.237s][debug][gc,ref       ] GC(40) Skipped phase1 of Reference Processing due to unavailable references
[8.237s][debug][gc,ref       ] GC(40) Skipped phase2 of Reference Processing due to unavailable references
[8.237s][debug][gc,ref       ] GC(40) Skipped phase3 of Reference Processing due to unavailable references
[8.237s][debug][gc,ref       ] GC(40) Skipped phase4 of Reference Processing due to unavailable references
[8.237s][debug][gc,age       ] GC(40) Desired survivor size 15400960 bytes, new threshold 6 (max threshold 6)
[8.237s][info ][gc,heap      ] GC(40) ParNew: 241377K->545K(270976K)
[8.237s][info ][gc,heap      ] GC(40) CMS: 119862K->119904K(602112K)
[8.237s][info ][gc,metaspace ] GC(40) Metaspace: 36617K->36617K(1083392K)
[8.237s][info ][gc           ] GC(40) Pause Young (Allocation Failure) 352M->117M(852M) 2.149ms
[8.237s][info ][gc,cpu       ] GC(40) User=0.00s Sys=0.00s Real=0.01s
[8.237s][info ][safepoint    ] Leaving safepoint region
[8.237s][info ][safepoint    ] Total time for which application threads were stopped: 0.0064560 seconds, Stopping threads took: 0.0041321 seconds
[8.289s][info ][safepoint    ] Application time: 0.0519538 seconds
[8.289s][info ][safepoint    ] Entering safepoint region: GenCollectForAllocation
[8.289s][info ][gc,start     ] GC(41) Pause Young (Allocation Failure)
[8.289s][info ][gc,task      ] GC(41) Using 4 workers of 4 for evacuation
[8.291s][debug][gc,ref       ] GC(41) Skipped phase1 of Reference Processing due to unavailable references
[8.291s][debug][gc,ref       ] GC(41) Skipped phase2 of Reference Processing due to unavailable references
[8.291s][debug][gc,ref       ] GC(41) Skipped phase3 of Reference Processing due to unavailable references
[8.291s][debug][gc,ref       ] GC(41) Skipped phase4 of Reference Processing due to unavailable references
[8.291s][debug][gc,age       ] GC(41) Desired survivor size 15400960 bytes, new threshold 6 (max threshold 6)
[8.291s][info ][gc,heap      ] GC(41) ParNew: 241441K->557K(270976K)
[8.291s][info ][gc,heap      ] GC(41) CMS: 119904K->119945K(602112K)
[8.291s][info ][gc,metaspace ] GC(41) Metaspace: 36617K->36617K(1083392K)
[8.291s][info ][gc           ] GC(41) Pause Young (Allocation Failure) 352M->117M(852M) 2.098ms
[8.291s][info ][gc,cpu       ] GC(41) User=0.01s Sys=0.00s Real=0.00s
[8.292s][info ][safepoint    ] Leaving safepoint region
[8.292s][info ][safepoint    ] Total time for which application threads were stopped: 0.0024311 seconds, Stopping threads took: 0.0001542 seconds
[8.349s][info ][safepoint    ] Application time: 0.0572101 seconds
[8.349s][info ][safepoint    ] Entering safepoint region: GenCollectForAllocation
[8.349s][info ][gc,start     ] GC(42) Pause Young (Allocation Failure)
[8.349s][info ][gc,task      ] GC(42) Using 4 workers of 4 for evacuation
[8.351s][debug][gc,ref       ] GC(42) Skipped phase1 of Reference Processing due to unavailable references
[8.351s][debug][gc,ref       ] GC(42) Skipped phase2 of Reference Processing due to unavailable references
[8.351s][debug][gc,ref       ] GC(42) Skipped phase3 of Reference Processing due to unavailable references
[8.351s][debug][gc,ref       ] GC(42) Skipped phase4 of Reference Processing due to unavailable references
[8.351s][debug][gc,age       ] GC(42) Desired survivor size 15400960 bytes, new threshold 6 (max threshold 6)
[8.351s][info ][gc,heap      ] GC(42) ParNew: 241453K->699K(270976K)
[8.351s][info ][gc,heap      ] GC(42) CMS: 119945K->120011K(602112K)
[8.351s][info ][gc,metaspace ] GC(42) Metaspace: 36617K->36617K(1083392K)
[8.351s][info ][gc           ] GC(42) Pause Young (Allocation Failure) 352M->117M(852M) 2.275ms
[8.351s][info ][gc,cpu       ] GC(42) User=0.01s Sys=0.00s Real=0.00s
[8.351s][info ][safepoint    ] Leaving safepoint region
[8.351s][info ][safepoint    ] Total time for which application threads were stopped: 0.0025392 seconds, Stopping threads took: 0.0001171 seconds
[8.404s][info ][safepoint    ] Application time: 0.0524445 seconds
[8.406s][info ][safepoint    ] Entering safepoint region: GenCollectForAllocation
[8.406s][info ][gc,start     ] GC(43) Pause Young (Allocation Failure)
[8.406s][info ][gc,task      ] GC(43) Using 4 workers of 4 for evacuation
[8.408s][debug][gc,ref       ] GC(43) Skipped phase1 of Reference Processing due to unavailable references
[8.408s][debug][gc,ref       ] GC(43) Skipped phase2 of Reference Processing due to unavailable references
[8.408s][debug][gc,ref       ] GC(43) Skipped phase3 of Reference Processing due to unavailable references
[8.408s][debug][gc,ref       ] GC(43) Skipped phase4 of Reference Processing due to unavailable references
[8.408s][debug][gc,age       ] GC(43) Desired survivor size 15400960 bytes, new threshold 6 (max threshold 6)
[8.408s][info ][gc,heap      ] GC(43) ParNew: 241595K->471K(270976K)
[8.409s][info ][gc,heap      ] GC(43) CMS: 120011K->120051K(602112K)
[8.409s][info ][gc,metaspace ] GC(43) Metaspace: 36617K->36617K(1083392K)
[8.409s][info ][gc           ] GC(43) Pause Young (Allocation Failure) 353M->117M(852M) 2.382ms
[8.409s][info ][gc,cpu       ] GC(43) User=0.00s Sys=0.00s Real=0.00s
[8.409s][info ][safepoint    ] Leaving safepoint region
[8.409s][info ][safepoint    ] Total time for which application threads were stopped: 0.0047651 seconds, Stopping threads took: 0.0022228 seconds
[8.475s][info ][safepoint    ] Application time: 0.0661899 seconds
[8.483s][info ][safepoint    ] Entering safepoint region: GenCollectForAllocation
[8.483s][info ][gc,start     ] GC(44) Pause Young (Allocation Failure)
[8.483s][info ][gc,task      ] GC(44) Using 4 workers of 4 for evacuation
[8.485s][debug][gc,ref       ] GC(44) Skipped phase1 of Reference Processing due to unavailable references
[8.485s][debug][gc,ref       ] GC(44) Skipped phase2 of Reference Processing due to unavailable references
[8.485s][debug][gc,ref       ] GC(44) Skipped phase3 of Reference Processing due to unavailable references
[8.485s][debug][gc,ref       ] GC(44) Skipped phase4 of Reference Processing due to unavailable references
[8.485s][debug][gc,age       ] GC(44) Desired survivor size 15400960 bytes, new threshold 6 (max threshold 6)
[8.485s][info ][gc,heap      ] GC(44) ParNew: 241367K->539K(270976K)
[8.485s][info ][gc,heap      ] GC(44) CMS: 120051K->120105K(602112K)
[8.485s][info ][gc,metaspace ] GC(44) Metaspace: 36617K->36617K(1083392K)
[8.485s][info ][gc           ] GC(44) Pause Young (Allocation Failure) 352M->117M(852M) 2.257ms
[8.485s][info ][gc,cpu       ] GC(44) User=0.01s Sys=0.00s Real=0.01s
[8.485s][info ][safepoint    ] Leaving safepoint region
[8.485s][info ][safepoint    ] Total time for which application threads were stopped: 0.0103062 seconds, Stopping threads took: 0.0078662 seconds
[8.532s][info ][safepoint    ] Application time: 0.0471205 seconds
[8.532s][info ][safepoint    ] Entering safepoint region: GenCollectForAllocation
[8.533s][info ][gc,start     ] GC(45) Pause Young (Allocation Failure)
[8.533s][info ][gc,task      ] GC(45) Using 4 workers of 4 for evacuation
[8.534s][debug][gc,ref       ] GC(45) Skipped phase1 of Reference Processing due to unavailable references
[8.534s][debug][gc,ref       ] GC(45) Skipped phase2 of Reference Processing due to unavailable references
[8.534s][debug][gc,ref       ] GC(45) Skipped phase3 of Reference Processing due to unavailable references
[8.534s][debug][gc,ref       ] GC(45) Skipped phase4 of Reference Processing due to unavailable references
[8.535s][debug][gc,age       ] GC(45) Desired survivor size 15400960 bytes, new threshold 6 (max threshold 6)
[8.535s][info ][gc,heap      ] GC(45) ParNew: 241435K->588K(270976K)
[8.535s][info ][gc,heap      ] GC(45) CMS: 120105K->120150K(602112K)
[8.535s][info ][gc,metaspace ] GC(45) Metaspace: 36617K->36617K(1083392K)
[8.535s][info ][gc           ] GC(45) Pause Young (Allocation Failure) 353M->117M(852M) 2.086ms
[8.535s][info ][gc,cpu       ] GC(45) User=0.00s Sys=0.00s Real=0.00s
[8.535s][info ][safepoint    ] Leaving safepoint region
[8.535s][info ][safepoint    ] Total time for which application threads were stopped: 0.0023961 seconds, Stopping threads took: 0.0001576 seconds
[8.606s][info ][safepoint    ] Application time: 0.0717314 seconds
[8.607s][info ][safepoint    ] Entering safepoint region: GenCollectForAllocation
[8.607s][info ][gc,start     ] GC(46) Pause Young (Allocation Failure)
[8.607s][info ][gc,task      ] GC(46) Using 4 workers of 4 for evacuation
[8.609s][debug][gc,ref       ] GC(46) Skipped phase1 of Reference Processing due to unavailable references
[8.609s][debug][gc,ref       ] GC(46) Skipped phase2 of Reference Processing due to unavailable references
[8.609s][debug][gc,ref       ] GC(46) Skipped phase3 of Reference Processing due to unavailable references
[8.609s][debug][gc,ref       ] GC(46) Skipped phase4 of Reference Processing due to unavailable references
[8.609s][debug][gc,age       ] GC(46) Desired survivor size 15400960 bytes, new threshold 6 (max threshold 6)
[8.609s][info ][gc,heap      ] GC(46) ParNew: 241484K->483K(270976K)
[8.609s][info ][gc,heap      ] GC(46) CMS: 120150K->120201K(602112K)
[8.609s][info ][gc,metaspace ] GC(46) Metaspace: 36618K->36618K(1083392K)
[8.609s][info ][gc           ] GC(46) Pause Young (Allocation Failure) 353M->117M(852M) 2.223ms
[8.609s][info ][gc,cpu       ] GC(46) User=0.00s Sys=0.00s Real=0.00s
[8.609s][info ][safepoint    ] Leaving safepoint region
[8.609s][info ][safepoint    ] Total time for which application threads were stopped: 0.0026797 seconds, Stopping threads took: 0.0001848 seconds
[8.657s][info ][safepoint    ] Application time: 0.0474832 seconds
[8.657s][info ][safepoint    ] Entering safepoint region: GenCollectForAllocation
[8.657s][info ][gc,start     ] GC(47) Pause Young (Allocation Failure)
[8.657s][info ][gc,task      ] GC(47) Using 4 workers of 4 for evacuation
[8.659s][debug][gc,ref       ] GC(47) Skipped phase1 of Reference Processing due to unavailable references
[8.659s][debug][gc,ref       ] GC(47) Skipped phase2 of Reference Processing due to unavailable references
[8.659s][debug][gc,ref       ] GC(47) Skipped phase3 of Reference Processing due to unavailable references
[8.659s][debug][gc,ref       ] GC(47) Skipped phase4 of Reference Processing due to unavailable references
[8.659s][debug][gc,age       ] GC(47) Desired survivor size 15400960 bytes, new threshold 6 (max threshold 6)
[8.659s][info ][gc,heap      ] GC(47) ParNew: 241379K->610K(270976K)
[8.659s][info ][gc,heap      ] GC(47) CMS: 120201K->120250K(602112K)
[8.659s][info ][gc,metaspace ] GC(47) Metaspace: 36618K->36618K(1083392K)
[8.659s][info ][gc           ] GC(47) Pause Young (Allocation Failure) 353M->118M(852M) 1.932ms
[8.659s][info ][gc,cpu       ] GC(47) User=0.00s Sys=0.00s Real=0.00s
[8.659s][info ][safepoint    ] Leaving safepoint region
[8.659s][info ][safepoint    ] Total time for which application threads were stopped: 0.0023211 seconds, Stopping threads took: 0.0002472 seconds
[8.719s][info ][safepoint    ] Application time: 0.0601389 seconds
[8.719s][info ][safepoint    ] Entering safepoint region: GenCollectForAllocation
[8.719s][info ][gc,start     ] GC(48) Pause Young (Allocation Failure)
[8.719s][info ][gc,task      ] GC(48) Using 4 workers of 4 for evacuation
[8.721s][debug][gc,ref       ] GC(48) Skipped phase1 of Reference Processing due to unavailable references
[8.721s][debug][gc,ref       ] GC(48) Skipped phase2 of Reference Processing due to unavailable references
[8.721s][debug][gc,ref       ] GC(48) Skipped phase3 of Reference Processing due to unavailable references
[8.721s][debug][gc,ref       ] GC(48) Skipped phase4 of Reference Processing due to unavailable references
[8.722s][debug][gc,age       ] GC(48) Desired survivor size 15400960 bytes, new threshold 6 (max threshold 6)
[8.722s][info ][gc,heap      ] GC(48) ParNew: 241506K->689K(270976K)
[8.722s][info ][gc,heap      ] GC(48) CMS: 120250K->120313K(602112K)
[8.722s][info ][gc,metaspace ] GC(48) Metaspace: 36620K->36620K(1083392K)
[8.722s][info ][gc           ] GC(48) Pause Young (Allocation Failure) 353M->118M(852M) 2.255ms
[8.722s][info ][gc,cpu       ] GC(48) User=0.01s Sys=0.00s Real=0.00s
[8.722s][info ][safepoint    ] Leaving safepoint region
[8.722s][info ][safepoint    ] Total time for which application threads were stopped: 0.0024781 seconds, Stopping threads took: 0.0000756 seconds
[8.773s][info ][safepoint    ] Application time: 0.0516599 seconds
[8.774s][info ][safepoint    ] Entering safepoint region: GenCollectForAllocation
[8.774s][info ][gc,start     ] GC(49) Pause Young (Allocation Failure)
[8.774s][info ][gc,task      ] GC(49) Using 4 workers of 4 for evacuation
[8.776s][debug][gc,ref       ] GC(49) Skipped phase1 of Reference Processing due to unavailable references
[8.776s][debug][gc,ref       ] GC(49) Skipped phase2 of Reference Processing due to unavailable references
[8.776s][debug][gc,ref       ] GC(49) Skipped phase3 of Reference Processing due to unavailable references
[8.776s][debug][gc,ref       ] GC(49) Skipped phase4 of Reference Processing due to unavailable references
[8.776s][debug][gc,age       ] GC(49) Desired survivor size 15400960 bytes, new threshold 6 (max threshold 6)
[8.776s][info ][gc,heap      ] GC(49) ParNew: 241585K->485K(270976K)
[8.776s][info ][gc,heap      ] GC(49) CMS: 120313K->120354K(602112K)
[8.776s][info ][gc,metaspace ] GC(49) Metaspace: 36626K->36626K(1083392K)
[8.776s][info ][gc           ] GC(49) Pause Young (Allocation Failure) 353M->118M(852M) 2.561ms
[8.776s][info ][gc,cpu       ] GC(49) User=0.01s Sys=0.00s Real=0.01s
[8.776s][info ][safepoint    ] Leaving safepoint region
[8.776s][info ][safepoint    ] Total time for which application threads were stopped: 0.0029885 seconds, Stopping threads took: 0.0002475 seconds
[8.841s][info ][safepoint    ] Application time: 0.0650206 seconds
[8.841s][info ][safepoint    ] Entering safepoint region: GenCollectForAllocation
[8.842s][info ][gc,start     ] GC(50) Pause Young (Allocation Failure)
[8.842s][info ][gc,task      ] GC(50) Using 4 workers of 4 for evacuation
[8.843s][debug][gc,ref       ] GC(50) Skipped phase1 of Reference Processing due to unavailable references
[8.843s][debug][gc,ref       ] GC(50) Skipped phase2 of Reference Processing due to unavailable references
[8.843s][debug][gc,ref       ] GC(50) Skipped phase3 of Reference Processing due to unavailable references
[8.843s][debug][gc,ref       ] GC(50) Skipped phase4 of Reference Processing due to unavailable references
[8.844s][debug][gc,age       ] GC(50) Desired survivor size 15400960 bytes, new threshold 6 (max threshold 6)
[8.844s][info ][gc,heap      ] GC(50) ParNew: 241381K->560K(270976K)
[8.844s][info ][gc,heap      ] GC(50) CMS: 120354K->120431K(602112K)
[8.844s][info ][gc,metaspace ] GC(50) Metaspace: 36626K->36626K(1083392K)
[8.844s][info ][gc           ] GC(50) Pause Young (Allocation Failure) 353M->118M(852M) 2.043ms
[8.844s][info ][gc,cpu       ] GC(50) User=0.01s Sys=0.00s Real=0.00s
[8.844s][info ][safepoint    ] Leaving safepoint region
[8.844s][info ][safepoint    ] Total time for which application threads were stopped: 0.0022722 seconds, Stopping threads took: 0.0000820 seconds
[8.914s][info ][safepoint    ] Application time: 0.0701933 seconds
[8.915s][info ][safepoint    ] Entering safepoint region: GenCollectForAllocation
[8.915s][info ][gc,start     ] GC(51) Pause Young (Allocation Failure)
[8.915s][info ][gc,task      ] GC(51) Using 4 workers of 4 for evacuation
[8.920s][debug][gc,ref       ] GC(51) Skipped phase1 of Reference Processing due to unavailable references
[8.920s][debug][gc,ref       ] GC(51) Skipped phase2 of Reference Processing due to unavailable references
[8.920s][debug][gc,ref       ] GC(51) Skipped phase3 of Reference Processing due to unavailable references
[8.920s][debug][gc,ref       ] GC(51) Skipped phase4 of Reference Processing due to unavailable references
[8.920s][debug][gc,age       ] GC(51) Desired survivor size 15400960 bytes, new threshold 6 (max threshold 6)
[8.920s][info ][gc,heap      ] GC(51) ParNew: 241456K->668K(270976K)
[8.920s][info ][gc,heap      ] GC(51) CMS: 120431K->120462K(602112K)
[8.920s][info ][gc,metaspace ] GC(51) Metaspace: 36626K->36626K(1083392K)
[8.920s][info ][gc           ] GC(51) Pause Young (Allocation Failure) 353M->118M(852M) 5.114ms
[8.920s][info ][gc,cpu       ] GC(51) User=0.01s Sys=0.00s Real=0.01s
[8.920s][info ][safepoint    ] Leaving safepoint region
[8.920s][info ][safepoint    ] Total time for which application threads were stopped: 0.0065203 seconds, Stopping threads took: 0.0012384 seconds
[9.005s][info ][safepoint    ] Application time: 0.0850200 seconds
[9.006s][info ][safepoint    ] Entering safepoint region: GenCollectForAllocation
[9.006s][info ][gc,start     ] GC(52) Pause Young (Allocation Failure)
[9.006s][info ][gc,task      ] GC(52) Using 4 workers of 4 for evacuation
[9.009s][debug][gc,ref       ] GC(52) Skipped phase1 of Reference Processing due to unavailable references
[9.009s][debug][gc,ref       ] GC(52) Skipped phase2 of Reference Processing due to unavailable references
[9.009s][debug][gc,ref       ] GC(52) Skipped phase3 of Reference Processing due to unavailable references
[9.009s][debug][gc,ref       ] GC(52) Skipped phase4 of Reference Processing due to unavailable references
[9.009s][debug][gc,age       ] GC(52) Desired survivor size 15400960 bytes, new threshold 6 (max threshold 6)
[9.009s][info ][gc,heap      ] GC(52) ParNew: 241564K->615K(270976K)
[9.009s][info ][gc,heap      ] GC(52) CMS: 120462K->120526K(602112K)
[9.009s][info ][gc,metaspace ] GC(52) Metaspace: 36626K->36626K(1083392K)
[9.009s][info ][gc           ] GC(52) Pause Young (Allocation Failure) 353M->118M(852M) 2.934ms
[9.009s][info ][gc,cpu       ] GC(52) User=0.01s Sys=0.00s Real=0.00s
[9.009s][info ][safepoint    ] Leaving safepoint region
[9.009s][info ][safepoint    ] Total time for which application threads were stopped: 0.0032646 seconds, Stopping threads took: 0.0001517 seconds
[9.063s][info ][safepoint    ] Application time: 0.0547351 seconds
[9.066s][info ][safepoint    ] Entering safepoint region: GenCollectForAllocation
[9.066s][info ][gc,start     ] GC(53) Pause Young (Allocation Failure)
[9.066s][info ][gc,task      ] GC(53) Using 4 workers of 4 for evacuation
[9.071s][debug][gc,ref       ] GC(53) Skipped phase1 of Reference Processing due to unavailable references
[9.071s][debug][gc,ref       ] GC(53) Skipped phase2 of Reference Processing due to unavailable references
[9.071s][debug][gc,ref       ] GC(53) Skipped phase3 of Reference Processing due to unavailable references
[9.071s][debug][gc,ref       ] GC(53) Skipped phase4 of Reference Processing due to unavailable references
[9.071s][debug][gc,age       ] GC(53) Desired survivor size 15400960 bytes, new threshold 6 (max threshold 6)
[9.071s][info ][gc,heap      ] GC(53) ParNew: 241511K->636K(270976K)
[9.071s][info ][gc,heap      ] GC(53) CMS: 120526K->120574K(602112K)
[9.071s][info ][gc,metaspace ] GC(53) Metaspace: 36626K->36626K(1083392K)
[9.071s][info ][gc           ] GC(53) Pause Young (Allocation Failure) 353M->118M(852M) 4.594ms
[9.071s][info ][gc,cpu       ] GC(53) User=0.01s Sys=0.00s Real=0.00s
[9.071s][info ][safepoint    ] Leaving safepoint region
[9.071s][info ][safepoint    ] Total time for which application threads were stopped: 0.0073480 seconds, Stopping threads took: 0.0025892 seconds
[9.118s][info ][safepoint    ] Application time: 0.0475264 seconds
[9.119s][info ][safepoint    ] Entering safepoint region: GenCollectForAllocation
[9.119s][info ][gc,start     ] GC(54) Pause Young (Allocation Failure)
[9.119s][info ][gc,task      ] GC(54) Using 4 workers of 4 for evacuation
[9.121s][debug][gc,ref       ] GC(54) Skipped phase1 of Reference Processing due to unavailable references
[9.121s][debug][gc,ref       ] GC(54) Skipped phase2 of Reference Processing due to unavailable references
[9.121s][debug][gc,ref       ] GC(54) Skipped phase3 of Reference Processing due to unavailable references
[9.121s][debug][gc,ref       ] GC(54) Skipped phase4 of Reference Processing due to unavailable references
[9.121s][debug][gc,age       ] GC(54) Desired survivor size 15400960 bytes, new threshold 6 (max threshold 6)
[9.121s][info ][gc,heap      ] GC(54) ParNew: 241532K->525K(270976K)
[9.121s][info ][gc,heap      ] GC(54) CMS: 120574K->120641K(602112K)
[9.121s][info ][gc,metaspace ] GC(54) Metaspace: 36626K->36626K(1083392K)
[9.121s][info ][gc           ] GC(54) Pause Young (Allocation Failure) 353M->118M(852M) 2.121ms
[9.121s][info ][gc,cpu       ] GC(54) User=0.01s Sys=0.00s Real=0.00s
[9.121s][info ][safepoint    ] Leaving safepoint region
[9.121s][info ][safepoint    ] Total time for which application threads were stopped: 0.0024875 seconds, Stopping threads took: 0.0001928 seconds
[9.191s][info ][safepoint    ] Application time: 0.0699631 seconds
[9.194s][info ][safepoint    ] Entering safepoint region: GenCollectForAllocation
[9.194s][info ][gc,start     ] GC(55) Pause Young (Allocation Failure)
[9.194s][info ][gc,task      ] GC(55) Using 4 workers of 4 for evacuation
[9.197s][debug][gc,ref       ] GC(55) Skipped phase1 of Reference Processing due to unavailable references
[9.197s][debug][gc,ref       ] GC(55) Skipped phase2 of Reference Processing due to unavailable references
[9.197s][debug][gc,ref       ] GC(55) Skipped phase3 of Reference Processing due to unavailable references
[9.197s][debug][gc,ref       ] GC(55) Skipped phase4 of Reference Processing due to unavailable references
[9.197s][debug][gc,age       ] GC(55) Desired survivor size 15400960 bytes, new threshold 6 (max threshold 6)
[9.197s][info ][gc,heap      ] GC(55) ParNew: 241421K->617K(270976K)
[9.197s][info ][gc,heap      ] GC(55) CMS: 120641K->120678K(602112K)
[9.197s][info ][gc,metaspace ] GC(55) Metaspace: 36626K->36626K(1083392K)
[9.197s][info ][gc           ] GC(55) Pause Young (Allocation Failure) 353M->118M(852M) 2.355ms
[9.197s][info ][gc,cpu       ] GC(55) User=0.01s Sys=0.00s Real=0.01s
[9.197s][info ][safepoint    ] Leaving safepoint region
[9.197s][info ][safepoint    ] Total time for which application threads were stopped: 0.0058928 seconds, Stopping threads took: 0.0033679 seconds
[9.251s][info ][safepoint    ] Application time: 0.0542965 seconds
[9.253s][info ][safepoint    ] Entering safepoint region: GenCollectForAllocation
[9.253s][info ][gc,start     ] GC(56) Pause Young (Allocation Failure)
[9.253s][info ][gc,task      ] GC(56) Using 4 workers of 4 for evacuation
[9.266s][debug][gc,ref       ] GC(56) Skipped phase1 of Reference Processing due to unavailable references
[9.266s][debug][gc,ref       ] GC(56) Skipped phase2 of Reference Processing due to unavailable references
[9.266s][debug][gc,ref       ] GC(56) Skipped phase3 of Reference Processing due to unavailable references
[9.266s][debug][gc,ref       ] GC(56) Skipped phase4 of Reference Processing due to unavailable references
[9.266s][debug][gc,age       ] GC(56) Desired survivor size 15400960 bytes, new threshold 6 (max threshold 6)
[9.266s][info ][gc,heap      ] GC(56) ParNew: 241513K->769K(270976K)
[9.266s][info ][gc,heap      ] GC(56) CMS: 120678K->120753K(602112K)
[9.266s][info ][gc,metaspace ] GC(56) Metaspace: 36626K->36626K(1083392K)
[9.266s][info ][gc           ] GC(56) Pause Young (Allocation Failure) 353M->118M(852M) 12.688ms
[9.266s][info ][gc,cpu       ] GC(56) User=0.01s Sys=0.00s Real=0.02s
[9.266s][info ][safepoint    ] Leaving safepoint region
[9.266s][info ][safepoint    ] Total time for which application threads were stopped: 0.0148906 seconds, Stopping threads took: 0.0020056 seconds
[9.325s][info ][safepoint    ] Application time: 0.0593943 seconds
[9.326s][info ][safepoint    ] Entering safepoint region: GenCollectForAllocation
[9.326s][info ][gc,start     ] GC(57) Pause Young (Allocation Failure)
[9.326s][info ][gc,task      ] GC(57) Using 4 workers of 4 for evacuation
[9.336s][debug][gc,ref       ] GC(57) Skipped phase1 of Reference Processing due to unavailable references
[9.336s][debug][gc,ref       ] GC(57) Skipped phase2 of Reference Processing due to unavailable references
[9.336s][debug][gc,ref       ] GC(57) Skipped phase3 of Reference Processing due to unavailable references
[9.336s][debug][gc,ref       ] GC(57) Skipped phase4 of Reference Processing due to unavailable references
[9.336s][debug][gc,age       ] GC(57) Desired survivor size 15400960 bytes, new threshold 6 (max threshold 6)
[9.336s][info ][gc,heap      ] GC(57) ParNew: 241665K->533K(270976K)
[9.336s][info ][gc,heap      ] GC(57) CMS: 120753K->120793K(602112K)
[9.336s][info ][gc,metaspace ] GC(57) Metaspace: 36627K->36627K(1083392K)
[9.336s][info ][gc           ] GC(57) Pause Young (Allocation Failure) 353M->118M(852M) 10.753ms
[9.336s][info ][gc,cpu       ] GC(57) User=0.03s Sys=0.00s Real=0.01s
[9.337s][info ][safepoint    ] Leaving safepoint region
[9.337s][info ][safepoint    ] Total time for which application threads were stopped: 0.0111096 seconds, Stopping threads took: 0.0001911 seconds
[9.392s][info ][safepoint    ] Application time: 0.0557842 seconds
[9.392s][info ][safepoint    ] Entering safepoint region: GenCollectForAllocation
[9.393s][info ][gc,start     ] GC(58) Pause Young (Allocation Failure)
[9.393s][info ][gc,task      ] GC(58) Using 4 workers of 4 for evacuation
[9.395s][debug][gc,ref       ] GC(58) Skipped phase1 of Reference Processing due to unavailable references
[9.395s][debug][gc,ref       ] GC(58) Skipped phase2 of Reference Processing due to unavailable references
[9.395s][debug][gc,ref       ] GC(58) Skipped phase3 of Reference Processing due to unavailable references
[9.395s][debug][gc,ref       ] GC(58) Skipped phase4 of Reference Processing due to unavailable references
[9.395s][debug][gc,age       ] GC(58) Desired survivor size 15400960 bytes, new threshold 6 (max threshold 6)
[9.395s][info ][gc,heap      ] GC(58) ParNew: 241429K->600K(270976K)
[9.395s][info ][gc,heap      ] GC(58) CMS: 120793K->120871K(602112K)
[9.395s][info ][gc,metaspace ] GC(58) Metaspace: 36627K->36627K(1083392K)
[9.395s][info ][gc           ] GC(58) Pause Young (Allocation Failure) 353M->118M(852M) 2.324ms
[9.395s][info ][gc,cpu       ] GC(58) User=0.01s Sys=0.00s Real=0.00s
[9.395s][info ][safepoint    ] Leaving safepoint region
[9.395s][info ][safepoint    ] Total time for which application threads were stopped: 0.0026612 seconds, Stopping threads took: 0.0001632 seconds
[9.441s][info ][safepoint    ] Application time: 0.0460307 seconds
[9.441s][info ][safepoint    ] Entering safepoint region: GenCollectForAllocation
[9.441s][info ][gc,start     ] GC(59) Pause Young (Allocation Failure)
[9.441s][info ][gc,task      ] GC(59) Using 4 workers of 4 for evacuation
[9.444s][debug][gc,ref       ] GC(59) Skipped phase1 of Reference Processing due to unavailable references
[9.444s][debug][gc,ref       ] GC(59) Skipped phase2 of Reference Processing due to unavailable references
[9.444s][debug][gc,ref       ] GC(59) Skipped phase3 of Reference Processing due to unavailable references
[9.444s][debug][gc,ref       ] GC(59) Skipped phase4 of Reference Processing due to unavailable references
[9.444s][debug][gc,age       ] GC(59) Desired survivor size 15400960 bytes, new threshold 6 (max threshold 6)
[9.444s][info ][gc,heap      ] GC(59) ParNew: 241496K->533K(270976K)
[9.444s][info ][gc,heap      ] GC(59) CMS: 120871K->120928K(602112K)
[9.444s][info ][gc,metaspace ] GC(59) Metaspace: 36634K->36634K(1083392K)
[9.444s][info ][gc           ] GC(59) Pause Young (Allocation Failure) 353M->118M(852M) 2.943ms
[9.444s][info ][gc,cpu       ] GC(59) User=0.01s Sys=0.00s Real=0.01s
[9.444s][info ][safepoint    ] Leaving safepoint region
[9.444s][info ][safepoint    ] Total time for which application threads were stopped: 0.0032453 seconds, Stopping threads took: 0.0001366 seconds
[9.506s][info ][safepoint    ] Application time: 0.0611744 seconds
[9.506s][info ][safepoint    ] Entering safepoint region: GenCollectForAllocation
[9.506s][info ][gc,start     ] GC(60) Pause Young (Allocation Failure)
[9.506s][info ][gc,task      ] GC(60) Using 4 workers of 4 for evacuation
[9.508s][debug][gc,ref       ] GC(60) Skipped phase1 of Reference Processing due to unavailable references
[9.508s][debug][gc,ref       ] GC(60) Skipped phase2 of Reference Processing due to unavailable references
[9.508s][debug][gc,ref       ] GC(60) Skipped phase3 of Reference Processing due to unavailable references
[9.508s][debug][gc,ref       ] GC(60) Skipped phase4 of Reference Processing due to unavailable references
[9.519s][debug][gc,age       ] GC(60) Desired survivor size 15400960 bytes, new threshold 6 (max threshold 6)
[9.519s][info ][gc,heap      ] GC(60) ParNew: 241429K->654K(270976K)
[9.519s][info ][gc,heap      ] GC(60) CMS: 120928K->120961K(602112K)
[9.519s][info ][gc,metaspace ] GC(60) Metaspace: 36634K->36634K(1083392K)
[9.519s][info ][gc           ] GC(60) Pause Young (Allocation Failure) 353M->118M(852M) 13.668ms
[9.519s][info ][gc,cpu       ] GC(60) User=0.00s Sys=0.00s Real=0.01s
[9.519s][info ][safepoint    ] Leaving safepoint region
[9.519s][info ][safepoint    ] Total time for which application threads were stopped: 0.0139577 seconds, Stopping threads took: 0.0001069 seconds
[9.576s][info ][safepoint    ] Application time: 0.0569596 seconds
[9.577s][info ][safepoint    ] Entering safepoint region: GenCollectForAllocation
[9.577s][info ][gc,start     ] GC(61) Pause Young (Allocation Failure)
[9.577s][info ][gc,task      ] GC(61) Using 4 workers of 4 for evacuation
[9.579s][debug][gc,ref       ] GC(61) Skipped phase1 of Reference Processing due to unavailable references
[9.579s][debug][gc,ref       ] GC(61) Skipped phase2 of Reference Processing due to unavailable references
[9.579s][debug][gc,ref       ] GC(61) Skipped phase3 of Reference Processing due to unavailable references
[9.579s][debug][gc,ref       ] GC(61) Skipped phase4 of Reference Processing due to unavailable references
[9.579s][debug][gc,age       ] GC(61) Desired survivor size 15400960 bytes, new threshold 6 (max threshold 6)
[9.580s][info ][gc,heap      ] GC(61) ParNew: 241550K->675K(270976K)
[9.580s][info ][gc,heap      ] GC(61) CMS: 120961K->121041K(602112K)
[9.580s][info ][gc,metaspace ] GC(61) Metaspace: 36634K->36634K(1083392K)
[9.580s][info ][gc           ] GC(61) Pause Young (Allocation Failure) 354M->118M(852M) 2.761ms
[9.580s][info ][gc,cpu       ] GC(61) User=0.01s Sys=0.00s Real=0.00s
[9.580s][info ][safepoint    ] Leaving safepoint region
[9.580s][info ][safepoint    ] Total time for which application threads were stopped: 0.0030873 seconds, Stopping threads took: 0.0001664 seconds
[9.667s][info ][safepoint    ] Application time: 0.0874873 seconds
[9.668s][info ][safepoint    ] Entering safepoint region: GenCollectForAllocation
[9.668s][info ][gc,start     ] GC(62) Pause Young (Allocation Failure)
[9.668s][info ][gc,task      ] GC(62) Using 4 workers of 4 for evacuation
[9.670s][debug][gc,ref       ] GC(62) Skipped phase1 of Reference Processing due to unavailable references
[9.670s][debug][gc,ref       ] GC(62) Skipped phase2 of Reference Processing due to unavailable references
[9.670s][debug][gc,ref       ] GC(62) Skipped phase3 of Reference Processing due to unavailable references
[9.670s][debug][gc,ref       ] GC(62) Skipped phase4 of Reference Processing due to unavailable references
[9.670s][debug][gc,age       ] GC(62) Desired survivor size 15400960 bytes, new threshold 6 (max threshold 6)
[9.670s][info ][gc,heap      ] GC(62) ParNew: 241571K->673K(270976K)
[9.670s][info ][gc,heap      ] GC(62) CMS: 121041K->121092K(602112K)
[9.670s][info ][gc,metaspace ] GC(62) Metaspace: 36634K->36634K(1083392K)
[9.670s][info ][gc           ] GC(62) Pause Young (Allocation Failure) 354M->118M(852M) 2.140ms
[9.670s][info ][gc,cpu       ] GC(62) User=0.01s Sys=0.01s Real=0.00s
[9.670s][info ][safepoint    ] Leaving safepoint region
[9.670s][info ][safepoint    ] Total time for which application threads were stopped: 0.0033035 seconds, Stopping threads took: 0.0009851 seconds
[9.734s][info ][safepoint    ] Application time: 0.0632838 seconds
[9.736s][info ][safepoint    ] Entering safepoint region: GenCollectForAllocation
[9.736s][info ][gc,start     ] GC(63) Pause Young (Allocation Failure)
[9.736s][info ][gc,task      ] GC(63) Using 4 workers of 4 for evacuation
[9.738s][debug][gc,ref       ] GC(63) Skipped phase1 of Reference Processing due to unavailable references
[9.738s][debug][gc,ref       ] GC(63) Skipped phase2 of Reference Processing due to unavailable references
[9.738s][debug][gc,ref       ] GC(63) Skipped phase3 of Reference Processing due to unavailable references
[9.738s][debug][gc,ref       ] GC(63) Skipped phase4 of Reference Processing due to unavailable references
[9.738s][debug][gc,age       ] GC(63) Desired survivor size 15400960 bytes, new threshold 6 (max threshold 6)
[9.738s][info ][gc,heap      ] GC(63) ParNew: 241569K->767K(270976K)
[9.738s][info ][gc,heap      ] GC(63) CMS: 121092K->121166K(602112K)
[9.738s][info ][gc,metaspace ] GC(63) Metaspace: 36634K->36634K(1083392K)
[9.738s][info ][gc           ] GC(63) Pause Young (Allocation Failure) 354M->119M(852M) 2.334ms
[9.738s][info ][gc,cpu       ] GC(63) User=0.00s Sys=0.00s Real=0.01s
[9.738s][info ][safepoint    ] Leaving safepoint region
[9.738s][info ][safepoint    ] Total time for which application threads were stopped: 0.0045317 seconds, Stopping threads took: 0.0020407 seconds
[9.790s][info ][safepoint    ] Application time: 0.0514427 seconds
[9.790s][info ][safepoint    ] Entering safepoint region: GenCollectForAllocation
[9.790s][info ][gc,start     ] GC(64) Pause Young (Allocation Failure)
[9.790s][info ][gc,task      ] GC(64) Using 4 workers of 4 for evacuation
[9.792s][debug][gc,ref       ] GC(64) Skipped phase1 of Reference Processing due to unavailable references
[9.792s][debug][gc,ref       ] GC(64) Skipped phase2 of Reference Processing due to unavailable references
[9.792s][debug][gc,ref       ] GC(64) Skipped phase3 of Reference Processing due to unavailable references
[9.792s][debug][gc,ref       ] GC(64) Skipped phase4 of Reference Processing due to unavailable references
[9.792s][debug][gc,age       ] GC(64) Desired survivor size 15400960 bytes, new threshold 6 (max threshold 6)
[9.792s][info ][gc,heap      ] GC(64) ParNew: 241663K->701K(270976K)
[9.792s][info ][gc,heap      ] GC(64) CMS: 121166K->121237K(602112K)
[9.792s][info ][gc,metaspace ] GC(64) Metaspace: 36634K->36634K(1083392K)
[9.792s][info ][gc           ] GC(64) Pause Young (Allocation Failure) 354M->119M(852M) 2.201ms
[9.792s][info ][gc,cpu       ] GC(64) User=0.01s Sys=0.01s Real=0.00s
[9.792s][info ][safepoint    ] Leaving safepoint region
[9.792s][info ][safepoint    ] Total time for which application threads were stopped: 0.0024404 seconds, Stopping threads took: 0.0000765 seconds
[9.853s][info ][safepoint    ] Application time: 0.0609125 seconds
[9.853s][info ][safepoint    ] Entering safepoint region: GenCollectForAllocation
[9.853s][info ][gc,start     ] GC(65) Pause Young (Allocation Failure)
[9.853s][info ][gc,task      ] GC(65) Using 4 workers of 4 for evacuation
[9.855s][debug][gc,ref       ] GC(65) Skipped phase1 of Reference Processing due to unavailable references
[9.855s][debug][gc,ref       ] GC(65) Skipped phase2 of Reference Processing due to unavailable references
[9.855s][debug][gc,ref       ] GC(65) Skipped phase3 of Reference Processing due to unavailable references
[9.855s][debug][gc,ref       ] GC(65) Skipped phase4 of Reference Processing due to unavailable references
[9.855s][debug][gc,age       ] GC(65) Desired survivor size 15400960 bytes, new threshold 6 (max threshold 6)
[9.855s][info ][gc,heap      ] GC(65) ParNew: 241597K->645K(270976K)
[9.855s][info ][gc,heap      ] GC(65) CMS: 121237K->121288K(602112K)
[9.855s][info ][gc,metaspace ] GC(65) Metaspace: 36634K->36634K(1083392K)
[9.855s][info ][gc           ] GC(65) Pause Young (Allocation Failure) 354M->119M(852M) 2.120ms
[9.856s][info ][gc,cpu       ] GC(65) User=0.01s Sys=0.00s Real=0.00s
[9.856s][info ][safepoint    ] Leaving safepoint region
[9.856s][info ][safepoint    ] Total time for which application threads were stopped: 0.0024033 seconds, Stopping threads took: 0.0001284 seconds
[9.909s][info ][safepoint    ] Application time: 0.0538456 seconds
[9.909s][info ][safepoint    ] Entering safepoint region: GenCollectForAllocation
[9.910s][info ][gc,start     ] GC(66) Pause Young (Allocation Failure)
[9.910s][info ][gc,task      ] GC(66) Using 4 workers of 4 for evacuation
[9.912s][debug][gc,ref       ] GC(66) Skipped phase1 of Reference Processing due to unavailable references
[9.912s][debug][gc,ref       ] GC(66) Skipped phase2 of Reference Processing due to unavailable references
[9.912s][debug][gc,ref       ] GC(66) Skipped phase3 of Reference Processing due to unavailable references
[9.912s][debug][gc,ref       ] GC(66) Skipped phase4 of Reference Processing due to unavailable references
[9.912s][debug][gc,age       ] GC(66) Desired survivor size 15400960 bytes, new threshold 6 (max threshold 6)
[9.912s][info ][gc,heap      ] GC(66) ParNew: 241541K->817K(270976K)
[9.912s][info ][gc,heap      ] GC(66) CMS: 121288K->121347K(602112K)
[9.912s][info ][gc,metaspace ] GC(66) Metaspace: 36638K->36638K(1083392K)
[9.912s][info ][gc           ] GC(66) Pause Young (Allocation Failure) 354M->119M(852M) 2.765ms
[9.912s][info ][gc,cpu       ] GC(66) User=0.01s Sys=0.00s Real=0.00s
[9.912s][info ][safepoint    ] Leaving safepoint region
[9.912s][info ][safepoint    ] Total time for which application threads were stopped: 0.0030410 seconds, Stopping threads took: 0.0000828 seconds
[9.969s][info ][safepoint    ] Application time: 0.0565379 seconds
[9.970s][info ][safepoint    ] Entering safepoint region: GenCollectForAllocation
[9.970s][info ][gc,start     ] GC(67) Pause Young (Allocation Failure)
[9.970s][info ][gc,task      ] GC(67) Using 4 workers of 4 for evacuation
[9.974s][debug][gc,ref       ] GC(67) Skipped phase1 of Reference Processing due to unavailable references
[9.974s][debug][gc,ref       ] GC(67) Skipped phase2 of Reference Processing due to unavailable references
[9.974s][debug][gc,ref       ] GC(67) Skipped phase3 of Reference Processing due to unavailable references
[9.974s][debug][gc,ref       ] GC(67) Skipped phase4 of Reference Processing due to unavailable references
[9.974s][debug][gc,age       ] GC(67) Desired survivor size 15400960 bytes, new threshold 6 (max threshold 6)
[9.974s][info ][gc,heap      ] GC(67) ParNew: 241713K->1947K(270976K)
[9.974s][info ][gc,heap      ] GC(67) CMS: 121347K->121415K(602112K)
[9.974s][info ][gc,metaspace ] GC(67) Metaspace: 36638K->36638K(1083392K)
[9.974s][info ][gc           ] GC(67) Pause Young (Allocation Failure) 354M->120M(852M) 4.238ms
[9.974s][info ][gc,cpu       ] GC(67) User=0.02s Sys=0.00s Real=0.00s
[9.974s][info ][safepoint    ] Leaving safepoint region
[9.974s][info ][safepoint    ] Total time for which application threads were stopped: 0.0054139 seconds, Stopping threads took: 0.0010115 seconds
[10.027s][info ][safepoint    ] Application time: 0.0524993 seconds
[10.027s][info ][safepoint    ] Entering safepoint region: GenCollectForAllocation
[10.027s][info ][gc,start     ] GC(68) Pause Young (Allocation Failure)
[10.027s][info ][gc,task      ] GC(68) Using 4 workers of 4 for evacuation
[10.031s][debug][gc,ref       ] GC(68) Skipped phase1 of Reference Processing due to unavailable references
[10.031s][debug][gc,ref       ] GC(68) Skipped phase2 of Reference Processing due to unavailable references
[10.031s][debug][gc,ref       ] GC(68) Skipped phase3 of Reference Processing due to unavailable references
[10.031s][debug][gc,ref       ] GC(68) Skipped phase4 of Reference Processing due to unavailable references
[10.031s][debug][gc,age       ] GC(68) Desired survivor size 15400960 bytes, new threshold 6 (max threshold 6)
[10.031s][info ][gc,heap      ] GC(68) ParNew: 242843K->2679K(270976K)
[10.031s][info ][gc,heap      ] GC(68) CMS: 121415K->121490K(602112K)
[10.031s][info ][gc,metaspace ] GC(68) Metaspace: 36638K->36638K(1083392K)
[10.031s][info ][gc           ] GC(68) Pause Young (Allocation Failure) 355M->121M(852M) 3.364ms
[10.031s][info ][gc,cpu       ] GC(68) User=0.02s Sys=0.00s Real=0.00s
[10.031s][info ][safepoint    ] Leaving safepoint region
[10.031s][info ][safepoint    ] Total time for which application threads were stopped: 0.0037095 seconds, Stopping threads took: 0.0001616 seconds
[10.090s][info ][safepoint    ] Application time: 0.0596294 seconds
[10.096s][info ][safepoint    ] Entering safepoint region: GenCollectForAllocation
[10.096s][info ][gc,start     ] GC(69) Pause Young (Allocation Failure)
[10.096s][info ][gc,task      ] GC(69) Using 4 workers of 4 for evacuation
[10.101s][debug][gc,ref       ] GC(69) Skipped phase1 of Reference Processing due to unavailable references
[10.101s][debug][gc,ref       ] GC(69) Skipped phase2 of Reference Processing due to unavailable references
[10.101s][debug][gc,ref       ] GC(69) Skipped phase3 of Reference Processing due to unavailable references
[10.101s][debug][gc,ref       ] GC(69) Skipped phase4 of Reference Processing due to unavailable references
[10.101s][debug][gc,age       ] GC(69) Desired survivor size 15400960 bytes, new threshold 6 (max threshold 6)
[10.101s][info ][gc,heap      ] GC(69) ParNew: 243575K->2073K(270976K)
[10.101s][info ][gc,heap      ] GC(69) CMS: 121490K->121564K(602112K)
[10.101s][info ][gc,metaspace ] GC(69) Metaspace: 36638K->36638K(1083392K)
[10.101s][info ][gc           ] GC(69) Pause Young (Allocation Failure) 356M->120M(852M) 4.517ms
[10.101s][info ][gc,cpu       ] GC(69) User=0.02s Sys=0.00s Real=0.00s
[10.101s][info ][safepoint    ] Leaving safepoint region
[10.101s][info ][safepoint    ] Total time for which application threads were stopped: 0.0103632 seconds, Stopping threads took: 0.0056614 seconds
[10.164s][info ][safepoint    ] Application time: 0.0635828 seconds
[10.169s][info ][safepoint    ] Entering safepoint region: GenCollectForAllocation
[10.169s][info ][gc,start     ] GC(70) Pause Young (Allocation Failure)
[10.169s][info ][gc,task      ] GC(70) Using 4 workers of 4 for evacuation
[10.172s][debug][gc,ref       ] GC(70) Skipped phase1 of Reference Processing due to unavailable references
[10.172s][debug][gc,ref       ] GC(70) Skipped phase2 of Reference Processing due to unavailable references
[10.172s][debug][gc,ref       ] GC(70) Skipped phase3 of Reference Processing due to unavailable references
[10.172s][debug][gc,ref       ] GC(70) Skipped phase4 of Reference Processing due to unavailable references
[10.172s][debug][gc,age       ] GC(70) Desired survivor size 15400960 bytes, new threshold 6 (max threshold 6)
[10.172s][info ][gc,heap      ] GC(70) ParNew: 242969K->2812K(270976K)
[10.172s][info ][gc,heap      ] GC(70) CMS: 121564K->121637K(602112K)
[10.172s][info ][gc,metaspace ] GC(70) Metaspace: 36638K->36638K(1083392K)
[10.172s][info ][gc           ] GC(70) Pause Young (Allocation Failure) 355M->121M(852M) 3.522ms
[10.172s][info ][gc,cpu       ] GC(70) User=0.02s Sys=0.00s Real=0.00s
[10.172s][info ][safepoint    ] Leaving safepoint region
[10.172s][info ][safepoint    ] Total time for which application threads were stopped: 0.0081008 seconds, Stopping threads took: 0.0044131 seconds
[10.243s][info ][safepoint    ] Application time: 0.0706926 seconds
[10.244s][info ][safepoint    ] Entering safepoint region: GenCollectForAllocation
[10.244s][info ][gc,start     ] GC(71) Pause Young (Allocation Failure)
[10.244s][info ][gc,task      ] GC(71) Using 4 workers of 4 for evacuation
[10.248s][debug][gc,ref       ] GC(71) Skipped phase1 of Reference Processing due to unavailable references
[10.248s][debug][gc,ref       ] GC(71) Skipped phase2 of Reference Processing due to unavailable references
[10.248s][debug][gc,ref       ] GC(71) Skipped phase3 of Reference Processing due to unavailable references
[10.248s][debug][gc,ref       ] GC(71) Skipped phase4 of Reference Processing due to unavailable references
[10.248s][debug][gc,age       ] GC(71) Desired survivor size 15400960 bytes, new threshold 6 (max threshold 6)
[10.248s][info ][gc,heap      ] GC(71) ParNew: 243708K->1867K(270976K)
[10.248s][info ][gc,heap      ] GC(71) CMS: 121637K->121710K(602112K)
[10.248s][info ][gc,metaspace ] GC(71) Metaspace: 36638K->36638K(1083392K)
[10.248s][info ][gc           ] GC(71) Pause Young (Allocation Failure) 356M->120M(852M) 4.310ms
[10.248s][info ][gc,cpu       ] GC(71) User=0.02s Sys=0.00s Real=0.01s
[10.248s][info ][safepoint    ] Leaving safepoint region
[10.248s][info ][safepoint    ] Total time for which application threads were stopped: 0.0049101 seconds, Stopping threads took: 0.0004394 seconds
[10.299s][info ][safepoint    ] Application time: 0.0508178 seconds
[10.299s][info ][safepoint    ] Entering safepoint region: GenCollectForAllocation
[10.299s][info ][gc,start     ] GC(72) Pause Young (Allocation Failure)
[10.299s][info ][gc,task      ] GC(72) Using 4 workers of 4 for evacuation
[10.303s][debug][gc,ref       ] GC(72) Skipped phase1 of Reference Processing due to unavailable references
[10.303s][debug][gc,ref       ] GC(72) Skipped phase2 of Reference Processing due to unavailable references
[10.303s][debug][gc,ref       ] GC(72) Skipped phase3 of Reference Processing due to unavailable references
[10.303s][debug][gc,ref       ] GC(72) Skipped phase4 of Reference Processing due to unavailable references
[10.303s][debug][gc,age       ] GC(72) Desired survivor size 15400960 bytes, new threshold 6 (max threshold 6)
[10.304s][info ][gc,heap      ] GC(72) ParNew: 242763K->2158K(270976K)
[10.304s][info ][gc,heap      ] GC(72) CMS: 121710K->121992K(602112K)
[10.304s][info ][gc,metaspace ] GC(72) Metaspace: 36638K->36638K(1083392K)
[10.304s][info ][gc           ] GC(72) Pause Young (Allocation Failure) 355M->121M(852M) 4.251ms
[10.304s][info ][gc,cpu       ] GC(72) User=0.01s Sys=0.00s Real=0.00s
[10.304s][info ][safepoint    ] Leaving safepoint region
[10.304s][info ][safepoint    ] Total time for which application threads were stopped: 0.0046034 seconds, Stopping threads took: 0.0001849 seconds
[10.351s][info ][safepoint    ] Application time: 0.0475786 seconds
[10.351s][info ][safepoint    ] Entering safepoint region: GenCollectForAllocation
[10.352s][info ][gc,start     ] GC(73) Pause Young (Allocation Failure)
[10.352s][info ][gc,task      ] GC(73) Using 4 workers of 4 for evacuation
[10.355s][debug][gc,ref       ] GC(73) Skipped phase1 of Reference Processing due to unavailable references
[10.355s][debug][gc,ref       ] GC(73) Skipped phase2 of Reference Processing due to unavailable references
[10.355s][debug][gc,ref       ] GC(73) Skipped phase3 of Reference Processing due to unavailable references
[10.355s][debug][gc,ref       ] GC(73) Skipped phase4 of Reference Processing due to unavailable references
[10.356s][debug][gc,age       ] GC(73) Desired survivor size 15400960 bytes, new threshold 6 (max threshold 6)
[10.356s][info ][gc,heap      ] GC(73) ParNew: 243054K->1420K(270976K)
[10.356s][info ][gc,heap      ] GC(73) CMS: 121992K->122972K(602112K)
[10.356s][info ][gc,metaspace ] GC(73) Metaspace: 36638K->36638K(1083392K)
[10.356s][info ][gc           ] GC(73) Pause Young (Allocation Failure) 356M->121M(852M) 4.017ms
[10.356s][info ][gc,cpu       ] GC(73) User=0.01s Sys=0.00s Real=0.00s
[10.356s][info ][safepoint    ] Leaving safepoint region
[10.356s][info ][safepoint    ] Total time for which application threads were stopped: 0.0044217 seconds, Stopping threads took: 0.0002369 seconds
[10.422s][info ][safepoint    ] Application time: 0.0662930 seconds
[10.422s][info ][safepoint    ] Entering safepoint region: GenCollectForAllocation
[10.422s][info ][gc,start     ] GC(74) Pause Young (Allocation Failure)
[10.422s][info ][gc,task      ] GC(74) Using 4 workers of 4 for evacuation
[10.425s][debug][gc,ref       ] GC(74) Skipped phase1 of Reference Processing due to unavailable references
[10.425s][debug][gc,ref       ] GC(74) Skipped phase2 of Reference Processing due to unavailable references
[10.425s][debug][gc,ref       ] GC(74) Skipped phase3 of Reference Processing due to unavailable references
[10.425s][debug][gc,ref       ] GC(74) Skipped phase4 of Reference Processing due to unavailable references
[10.425s][debug][gc,age       ] GC(74) Desired survivor size 15400960 bytes, new threshold 6 (max threshold 6)
[10.425s][info ][gc,heap      ] GC(74) ParNew: 242316K->976K(270976K)
[10.425s][info ][gc,heap      ] GC(74) CMS: 122972K->123031K(602112K)
[10.425s][info ][gc,metaspace ] GC(74) Metaspace: 36638K->36638K(1083392K)
[10.425s][info ][gc           ] GC(74) Pause Young (Allocation Failure) 356M->121M(852M) 2.558ms
[10.425s][info ][gc,cpu       ] GC(74) User=0.01s Sys=0.00s Real=0.01s
[10.425s][info ][safepoint    ] Leaving safepoint region
[10.425s][info ][safepoint    ] Total time for which application threads were stopped: 0.0029674 seconds, Stopping threads took: 0.0002406 seconds
[10.493s][info ][safepoint    ] Application time: 0.0679956 seconds
[10.493s][info ][safepoint    ] Entering safepoint region: GenCollectForAllocation
[10.493s][info ][gc,start     ] GC(75) Pause Young (Allocation Failure)
[10.493s][info ][gc,task      ] GC(75) Using 4 workers of 4 for evacuation
[10.496s][debug][gc,ref       ] GC(75) Skipped phase1 of Reference Processing due to unavailable references
[10.496s][debug][gc,ref       ] GC(75) Skipped phase2 of Reference Processing due to unavailable references
[10.496s][debug][gc,ref       ] GC(75) Skipped phase3 of Reference Processing due to unavailable references
[10.496s][debug][gc,ref       ] GC(75) Skipped phase4 of Reference Processing due to unavailable references
[10.496s][debug][gc,age       ] GC(75) Desired survivor size 15400960 bytes, new threshold 6 (max threshold 6)
[10.496s][info ][gc,heap      ] GC(75) ParNew: 241872K->1211K(270976K)
[10.496s][info ][gc,heap      ] GC(75) CMS: 123031K->123120K(602112K)
[10.496s][info ][gc,metaspace ] GC(75) Metaspace: 36638K->36638K(1083392K)
[10.496s][info ][gc           ] GC(75) Pause Young (Allocation Failure) 356M->121M(852M) 3.258ms
[10.496s][info ][gc,cpu       ] GC(75) User=0.02s Sys=0.00s Real=0.01s
[10.496s][info ][safepoint    ] Leaving safepoint region
[10.496s][info ][safepoint    ] Total time for which application threads were stopped: 0.0034931 seconds, Stopping threads took: 0.0000776 seconds
[10.543s][info ][safepoint    ] Application time: 0.0466678 seconds
[10.544s][info ][safepoint    ] Entering safepoint region: GenCollectForAllocation
[10.544s][info ][gc,start     ] GC(76) Pause Young (Allocation Failure)
[10.544s][info ][gc,task      ] GC(76) Using 4 workers of 4 for evacuation
[10.547s][debug][gc,ref       ] GC(76) Skipped phase1 of Reference Processing due to unavailable references
[10.547s][debug][gc,ref       ] GC(76) Skipped phase2 of Reference Processing due to unavailable references
[10.547s][debug][gc,ref       ] GC(76) Skipped phase3 of Reference Processing due to unavailable references
[10.547s][debug][gc,ref       ] GC(76) Skipped phase4 of Reference Processing due to unavailable references
[10.547s][debug][gc,age       ] GC(76) Desired survivor size 15400960 bytes, new threshold 6 (max threshold 6)
[10.547s][info ][gc,heap      ] GC(76) ParNew: 242107K->1778K(270976K)
[10.547s][info ][gc,heap      ] GC(76) CMS: 123120K->123204K(602112K)
[10.547s][info ][gc,metaspace ] GC(76) Metaspace: 36638K->36638K(1083392K)
[10.547s][info ][gc           ] GC(76) Pause Young (Allocation Failure) 356M->122M(852M) 3.566ms
[10.547s][info ][gc,cpu       ] GC(76) User=0.01s Sys=0.00s Real=0.01s
[10.547s][info ][safepoint    ] Leaving safepoint region
[10.547s][info ][safepoint    ] Total time for which application threads were stopped: 0.0042015 seconds, Stopping threads took: 0.0004484 seconds
[10.602s][info ][safepoint    ] Application time: 0.0545371 seconds
[10.602s][info ][safepoint    ] Entering safepoint region: GenCollectForAllocation
[10.602s][info ][gc,start     ] GC(77) Pause Young (Allocation Failure)
[10.602s][info ][gc,task      ] GC(77) Using 4 workers of 4 for evacuation
[10.607s][debug][gc,ref       ] GC(77) Skipped phase1 of Reference Processing due to unavailable references
[10.607s][debug][gc,ref       ] GC(77) Skipped phase2 of Reference Processing due to unavailable references
[10.607s][debug][gc,ref       ] GC(77) Skipped phase3 of Reference Processing due to unavailable references
[10.607s][debug][gc,ref       ] GC(77) Skipped phase4 of Reference Processing due to unavailable references
[10.607s][debug][gc,age       ] GC(77) Desired survivor size 15400960 bytes, new threshold 6 (max threshold 6)
[10.607s][info ][gc,heap      ] GC(77) ParNew: 242674K->2666K(270976K)
[10.607s][info ][gc,heap      ] GC(77) CMS: 123204K->123314K(602112K)
[10.607s][info ][gc,metaspace ] GC(77) Metaspace: 36638K->36638K(1083392K)
[10.607s][info ][gc           ] GC(77) Pause Young (Allocation Failure) 357M->123M(852M) 4.486ms
[10.607s][info ][gc,cpu       ] GC(77) User=0.01s Sys=0.00s Real=0.01s
[10.607s][info ][safepoint    ] Leaving safepoint region
[10.607s][info ][safepoint    ] Total time for which application threads were stopped: 0.0048376 seconds, Stopping threads took: 0.0001900 seconds
[10.682s][info ][safepoint    ] Application time: 0.0755477 seconds
[10.687s][info ][safepoint    ] Entering safepoint region: GenCollectForAllocation
[10.687s][info ][gc,start     ] GC(78) Pause Young (Allocation Failure)
[10.687s][info ][gc,task      ] GC(78) Using 4 workers of 4 for evacuation
[10.691s][debug][gc,ref       ] GC(78) Skipped phase1 of Reference Processing due to unavailable references
[10.691s][debug][gc,ref       ] GC(78) Skipped phase2 of Reference Processing due to unavailable references
[10.691s][debug][gc,ref       ] GC(78) Skipped phase3 of Reference Processing due to unavailable references
[10.691s][debug][gc,ref       ] GC(78) Skipped phase4 of Reference Processing due to unavailable references
[10.691s][debug][gc,age       ] GC(78) Desired survivor size 15400960 bytes, new threshold 6 (max threshold 6)
[10.691s][info ][gc,heap      ] GC(78) ParNew: 243562K->3853K(270976K)
[10.691s][info ][gc,heap      ] GC(78) CMS: 123314K->123371K(602112K)
[10.691s][info ][gc,metaspace ] GC(78) Metaspace: 36638K->36638K(1083392K)
[10.691s][info ][gc           ] GC(78) Pause Young (Allocation Failure) 358M->124M(852M) 4.650ms
[10.691s][info ][gc,cpu       ] GC(78) User=0.01s Sys=0.00s Real=0.00s
[10.691s][info ][safepoint    ] Leaving safepoint region
[10.691s][info ][safepoint    ] Total time for which application threads were stopped: 0.0090660 seconds, Stopping threads took: 0.0042364 seconds
[10.769s][info ][safepoint    ] Application time: 0.0776364 seconds
[10.769s][info ][safepoint    ] Entering safepoint region: GenCollectForAllocation
[10.769s][info ][gc,start     ] GC(79) Pause Young (Allocation Failure)
[10.770s][info ][gc,task      ] GC(79) Using 4 workers of 4 for evacuation
[10.775s][debug][gc,ref       ] GC(79) Skipped phase1 of Reference Processing due to unavailable references
[10.775s][debug][gc,ref       ] GC(79) Skipped phase2 of Reference Processing due to unavailable references
[10.775s][debug][gc,ref       ] GC(79) Skipped phase3 of Reference Processing due to unavailable references
[10.775s][debug][gc,ref       ] GC(79) Skipped phase4 of Reference Processing due to unavailable references
[10.775s][debug][gc,age       ] GC(79) Desired survivor size 15400960 bytes, new threshold 6 (max threshold 6)
[10.775s][info ][gc,heap      ] GC(79) ParNew: 244749K->4715K(270976K)
[10.775s][info ][gc,heap      ] GC(79) CMS: 123371K->123436K(602112K)
[10.775s][info ][gc,metaspace ] GC(79) Metaspace: 36638K->36638K(1083392K)
[10.775s][info ][gc           ] GC(79) Pause Young (Allocation Failure) 359M->125M(852M) 5.615ms
[10.775s][info ][gc,cpu       ] GC(79) User=0.02s Sys=0.00s Real=0.00s
[10.775s][info ][safepoint    ] Leaving safepoint region
[10.775s][info ][safepoint    ] Total time for which application threads were stopped: 0.0059971 seconds, Stopping threads took: 0.0002226 seconds
[10.853s][info ][safepoint    ] Application time: 0.0781076 seconds
[10.854s][info ][safepoint    ] Entering safepoint region: GenCollectForAllocation
[10.854s][info ][gc,start     ] GC(80) Pause Young (Allocation Failure)
[10.854s][info ][gc,task      ] GC(80) Using 4 workers of 4 for evacuation
[10.859s][debug][gc,ref       ] GC(80) Skipped phase1 of Reference Processing due to unavailable references
[10.859s][debug][gc,ref       ] GC(80) Skipped phase2 of Reference Processing due to unavailable references
[10.859s][debug][gc,ref       ] GC(80) Skipped phase3 of Reference Processing due to unavailable references
[10.859s][debug][gc,ref       ] GC(80) Skipped phase4 of Reference Processing due to unavailable references
[10.859s][debug][gc,age       ] GC(80) Desired survivor size 15400960 bytes, new threshold 6 (max threshold 6)
[10.860s][info ][gc,heap      ] GC(80) ParNew: 245611K->5448K(270976K)
[10.860s][info ][gc,heap      ] GC(80) CMS: 123436K->123629K(602112K)
[10.860s][info ][gc,metaspace ] GC(80) Metaspace: 36638K->36638K(1083392K)
[10.860s][info ][gc           ] GC(80) Pause Young (Allocation Failure) 360M->126M(852M) 5.853ms
[10.860s][info ][gc,cpu       ] GC(80) User=0.02s Sys=0.00s Real=0.01s
[10.860s][info ][safepoint    ] Leaving safepoint region
[10.860s][info ][safepoint    ] Total time for which application threads were stopped: 0.0062387 seconds, Stopping threads took: 0.0001814 seconds
[10.961s][info ][safepoint    ] Application time: 0.1010144 seconds
[10.964s][info ][safepoint    ] Entering safepoint region: GenCollectForAllocation
[10.964s][info ][gc,start     ] GC(81) Pause Young (Allocation Failure)
[10.964s][info ][gc,task      ] GC(81) Using 4 workers of 4 for evacuation
[10.975s][debug][gc,ref       ] GC(81) Skipped phase1 of Reference Processing due to unavailable references
[10.975s][debug][gc,ref       ] GC(81) Skipped phase2 of Reference Processing due to unavailable references
[10.975s][debug][gc,ref       ] GC(81) Skipped phase3 of Reference Processing due to unavailable references
[10.975s][debug][gc,ref       ] GC(81) Skipped phase4 of Reference Processing due to unavailable references
[10.976s][debug][gc,age       ] GC(81) Desired survivor size 15400960 bytes, new threshold 6 (max threshold 6)
[10.976s][info ][gc,heap      ] GC(81) ParNew: 246344K->8585K(270976K)
[10.976s][info ][gc,heap      ] GC(81) CMS: 123629K->124057K(602112K)
[10.976s][info ][gc,metaspace ] GC(81) Metaspace: 36638K->36638K(1083392K)
[10.976s][info ][gc           ] GC(81) Pause Young (Allocation Failure) 361M->129M(852M) 11.329ms
[10.976s][info ][gc,cpu       ] GC(81) User=0.04s Sys=0.00s Real=0.00s
[10.976s][info ][safepoint    ] Leaving safepoint region
[10.976s][info ][safepoint    ] Total time for which application threads were stopped: 0.0150571 seconds, Stopping threads took: 0.0034707 seconds
[11.041s][info ][safepoint    ] Application time: 0.0651519 seconds
[11.041s][info ][safepoint    ] Entering safepoint region: GenCollectForAllocation
[11.041s][info ][gc,start     ] GC(82) Pause Young (Allocation Failure)
[11.041s][info ][gc,task      ] GC(82) Using 4 workers of 4 for evacuation
[11.050s][debug][gc,ref       ] GC(82) Skipped phase1 of Reference Processing due to unavailable references
[11.050s][debug][gc,ref       ] GC(82) Skipped phase2 of Reference Processing due to unavailable references
[11.050s][debug][gc,ref       ] GC(82) Skipped phase3 of Reference Processing due to unavailable references
[11.050s][debug][gc,ref       ] GC(82) Skipped phase4 of Reference Processing due to unavailable references
[11.050s][debug][gc,age       ] GC(82) Desired survivor size 15400960 bytes, new threshold 6 (max threshold 6)
[11.050s][info ][gc,heap      ] GC(82) ParNew: 249481K->11942K(270976K)
[11.050s][info ][gc,heap      ] GC(82) CMS: 124057K->124665K(602112K)
[11.050s][info ][gc,metaspace ] GC(82) Metaspace: 36638K->36638K(1083392K)
[11.050s][info ][gc           ] GC(82) Pause Young (Allocation Failure) 364M->133M(852M) 8.861ms
[11.050s][info ][gc,cpu       ] GC(82) User=0.03s Sys=0.00s Real=0.01s
[11.050s][info ][safepoint    ] Leaving safepoint region
[11.050s][info ][safepoint    ] Total time for which application threads were stopped: 0.0092437 seconds, Stopping threads took: 0.0002374 seconds
[11.120s][info ][safepoint    ] Application time: 0.0697289 seconds
[11.120s][info ][safepoint    ] Entering safepoint region: GenCollectForAllocation
[11.120s][info ][gc,start     ] GC(83) Pause Young (Allocation Failure)
[11.120s][info ][gc,task      ] GC(83) Using 4 workers of 4 for evacuation
[11.129s][debug][gc,ref       ] GC(83) Skipped phase1 of Reference Processing due to unavailable references
[11.129s][debug][gc,ref       ] GC(83) Skipped phase2 of Reference Processing due to unavailable references
[11.129s][debug][gc,ref       ] GC(83) Skipped phase3 of Reference Processing due to unavailable references
[11.129s][debug][gc,ref       ] GC(83) Skipped phase4 of Reference Processing due to unavailable references
[11.129s][debug][gc,age       ] GC(83) Desired survivor size 15400960 bytes, new threshold 6 (max threshold 6)
[11.129s][info ][gc,heap      ] GC(83) ParNew: 252838K->8137K(270976K)
[11.129s][info ][gc,heap      ] GC(83) CMS: 124665K->125452K(602112K)
[11.129s][info ][gc,metaspace ] GC(83) Metaspace: 36638K->36638K(1083392K)
[11.129s][info ][gc           ] GC(83) Pause Young (Allocation Failure) 368M->130M(852M) 8.798ms
[11.129s][info ][gc,cpu       ] GC(83) User=0.03s Sys=0.00s Real=0.01s
[11.129s][info ][safepoint    ] Leaving safepoint region
[11.129s][info ][safepoint    ] Total time for which application threads were stopped: 0.0090872 seconds, Stopping threads took: 0.0001390 seconds
[11.190s][info ][safepoint    ] Application time: 0.0608791 seconds
[11.190s][info ][safepoint    ] Entering safepoint region: GenCollectForAllocation
[11.190s][info ][gc,start     ] GC(84) Pause Young (Allocation Failure)
[11.190s][info ][gc,task      ] GC(84) Using 4 workers of 4 for evacuation
[11.198s][debug][gc,ref       ] GC(84) Skipped phase1 of Reference Processing due to unavailable references
[11.198s][debug][gc,ref       ] GC(84) Skipped phase2 of Reference Processing due to unavailable references
[11.198s][debug][gc,ref       ] GC(84) Skipped phase3 of Reference Processing due to unavailable references
[11.198s][debug][gc,ref       ] GC(84) Skipped phase4 of Reference Processing due to unavailable references
[11.198s][debug][gc,age       ] GC(84) Desired survivor size 15400960 bytes, new threshold 6 (max threshold 6)
[11.199s][info ][gc,heap      ] GC(84) ParNew: 249033K->9953K(270976K)
[11.199s][info ][gc,heap      ] GC(84) CMS: 125452K->125907K(602112K)
[11.199s][info ][gc,metaspace ] GC(84) Metaspace: 36638K->36638K(1083392K)
[11.199s][info ][gc           ] GC(84) Pause Young (Allocation Failure) 365M->132M(852M) 8.275ms
[11.199s][info ][gc,cpu       ] GC(84) User=0.03s Sys=0.00s Real=0.01s
[11.199s][info ][safepoint    ] Leaving safepoint region
[11.199s][info ][safepoint    ] Total time for which application threads were stopped: 0.0087339 seconds, Stopping threads took: 0.0002584 seconds
[11.276s][info ][safepoint    ] Application time: 0.0771449 seconds
[11.276s][info ][safepoint    ] Entering safepoint region: GenCollectForAllocation
[11.276s][info ][gc,start     ] GC(85) Pause Young (Allocation Failure)
[11.276s][info ][gc,task      ] GC(85) Using 4 workers of 4 for evacuation
[11.284s][debug][gc,ref       ] GC(85) Skipped phase1 of Reference Processing due to unavailable references
[11.284s][debug][gc,ref       ] GC(85) Skipped phase2 of Reference Processing due to unavailable references
[11.284s][debug][gc,ref       ] GC(85) Skipped phase3 of Reference Processing due to unavailable references
[11.284s][debug][gc,ref       ] GC(85) Skipped phase4 of Reference Processing due to unavailable references
[11.284s][debug][gc,age       ] GC(85) Desired survivor size 15400960 bytes, new threshold 6 (max threshold 6)
[11.284s][info ][gc,heap      ] GC(85) ParNew: 250849K->7292K(270976K)
[11.284s][info ][gc,heap      ] GC(85) CMS: 125907K->126356K(602112K)
[11.284s][info ][gc,metaspace ] GC(85) Metaspace: 36638K->36638K(1083392K)
[11.284s][info ][gc           ] GC(85) Pause Young (Allocation Failure) 367M->130M(852M) 7.635ms
[11.284s][info ][gc,cpu       ] GC(85) User=0.03s Sys=0.00s Real=0.00s
[11.284s][info ][safepoint    ] Leaving safepoint region
[11.284s][info ][safepoint    ] Total time for which application threads were stopped: 0.0080367 seconds, Stopping threads took: 0.0001963 seconds
[11.367s][info ][safepoint    ] Application time: 0.0835461 seconds
[11.377s][info ][safepoint    ] Entering safepoint region: GenCollectForAllocation
[11.377s][info ][gc,start     ] GC(86) Pause Young (Allocation Failure)
[11.377s][info ][gc,task      ] GC(86) Using 4 workers of 4 for evacuation
[11.386s][debug][gc,ref       ] GC(86) Skipped phase1 of Reference Processing due to unavailable references
[11.386s][debug][gc,ref       ] GC(86) Skipped phase2 of Reference Processing due to unavailable references
[11.386s][debug][gc,ref       ] GC(86) Skipped phase3 of Reference Processing due to unavailable references
[11.386s][debug][gc,ref       ] GC(86) Skipped phase4 of Reference Processing due to unavailable references
[11.387s][debug][gc,age       ] GC(86) Desired survivor size 15400960 bytes, new threshold 6 (max threshold 6)
[11.387s][info ][gc,heap      ] GC(86) ParNew: 248188K->10284K(270976K)
[11.387s][info ][gc,heap      ] GC(86) CMS: 126356K->126704K(602112K)
[11.387s][info ][gc,metaspace ] GC(86) Metaspace: 36638K->36638K(1083392K)
[11.387s][info ][gc           ] GC(86) Pause Young (Allocation Failure) 365M->133M(852M) 9.544ms
[11.387s][info ][gc,cpu       ] GC(86) User=0.02s Sys=0.01s Real=0.01s
[11.387s][info ][safepoint    ] Leaving safepoint region
[11.387s][info ][safepoint    ] Total time for which application threads were stopped: 0.0192195 seconds, Stopping threads took: 0.0095163 seconds
[11.486s][info ][safepoint    ] Application time: 0.0995768 seconds
[11.488s][info ][safepoint    ] Entering safepoint region: GenCollectForAllocation
[11.488s][info ][gc,start     ] GC(87) Pause Young (Allocation Failure)
[11.488s][info ][gc,task      ] GC(87) Using 4 workers of 4 for evacuation
[11.499s][debug][gc,ref       ] GC(87) Skipped phase1 of Reference Processing due to unavailable references
[11.499s][debug][gc,ref       ] GC(87) Skipped phase2 of Reference Processing due to unavailable references
[11.499s][debug][gc,ref       ] GC(87) Skipped phase3 of Reference Processing due to unavailable references
[11.499s][debug][gc,ref       ] GC(87) Skipped phase4 of Reference Processing due to unavailable references
[11.499s][debug][gc,age       ] GC(87) Desired survivor size 15400960 bytes, new threshold 6 (max threshold 6)
[11.499s][info ][gc,heap      ] GC(87) ParNew: 251180K->3352K(270976K)
[11.499s][info ][gc,heap      ] GC(87) CMS: 126704K->131641K(602112K)
[11.499s][info ][gc,metaspace ] GC(87) Metaspace: 36638K->36638K(1083392K)
[11.499s][info ][gc           ] GC(87) Pause Young (Allocation Failure) 369M->131M(852M) 10.945ms
[11.499s][info ][gc,cpu       ] GC(87) User=0.04s Sys=0.00s Real=0.01s
[11.499s][info ][safepoint    ] Leaving safepoint region
[11.499s][info ][safepoint    ] Total time for which application threads were stopped: 0.0124975 seconds, Stopping threads took: 0.0013968 seconds
[11.593s][info ][safepoint    ] Application time: 0.0940071 seconds
[11.593s][info ][safepoint    ] Entering safepoint region: GenCollectForAllocation
[11.593s][info ][gc,start     ] GC(88) Pause Young (Allocation Failure)
[11.593s][info ][gc,task      ] GC(88) Using 4 workers of 4 for evacuation
[11.596s][debug][gc,ref       ] GC(88) Skipped phase1 of Reference Processing due to unavailable references
[11.597s][debug][gc,ref       ] GC(88) Skipped phase2 of Reference Processing due to unavailable references
[11.597s][debug][gc,ref       ] GC(88) Skipped phase3 of Reference Processing due to unavailable references
[11.597s][debug][gc,ref       ] GC(88) Skipped phase4 of Reference Processing due to unavailable references
[11.597s][debug][gc,age       ] GC(88) Desired survivor size 15400960 bytes, new threshold 6 (max threshold 6)
[11.597s][info ][gc,heap      ] GC(88) ParNew: 244248K->1933K(270976K)
[11.597s][info ][gc,heap      ] GC(88) CMS: 131641K->131742K(602112K)
[11.597s][info ][gc,metaspace ] GC(88) Metaspace: 36638K->36638K(1083392K)
[11.597s][info ][gc           ] GC(88) Pause Young (Allocation Failure) 367M->130M(852M) 3.498ms
[11.597s][info ][gc,cpu       ] GC(88) User=0.02s Sys=0.00s Real=0.01s
[11.597s][info ][safepoint    ] Leaving safepoint region
[11.597s][info ][safepoint    ] Total time for which application threads were stopped: 0.0039053 seconds, Stopping threads took: 0.0002223 seconds
[11.647s][info ][safepoint    ] Application time: 0.0507305 seconds
[11.648s][info ][safepoint    ] Entering safepoint region: RevokeBias
[11.648s][info ][safepoint    ] Leaving safepoint region
[11.648s][info ][safepoint    ] Total time for which application threads were stopped: 0.0003836 seconds, Stopping threads took: 0.0002486 seconds
[11.648s][info ][safepoint    ] Application time: 0.0005871 seconds
[11.649s][info ][safepoint    ] Entering safepoint region: RevokeBias
[11.649s][info ][safepoint    ] Leaving safepoint region
[11.649s][info ][safepoint    ] Total time for which application threads were stopped: 0.0002667 seconds, Stopping threads took: 0.0001921 seconds
[11.649s][info ][safepoint    ] Application time: 0.0002998 seconds
[11.649s][info ][safepoint    ] Entering safepoint region: RevokeBias
[11.649s][info ][safepoint    ] Leaving safepoint region
[11.649s][info ][safepoint    ] Total time for which application threads were stopped: 0.0001641 seconds, Stopping threads took: 0.0000943 seconds
[11.650s][info ][safepoint    ] Application time: 0.0004854 seconds
[11.650s][info ][safepoint    ] Entering safepoint region: RevokeBias
[11.650s][info ][safepoint    ] Leaving safepoint region
[11.650s][info ][safepoint    ] Total time for which application threads were stopped: 0.0001868 seconds, Stopping threads took: 0.0000980 seconds
[11.667s][info ][safepoint    ] Application time: 0.0167584 seconds
[11.667s][info ][safepoint    ] Entering safepoint region: RevokeBias
[11.667s][info ][safepoint    ] Leaving safepoint region
[11.667s][info ][safepoint    ] Total time for which application threads were stopped: 0.0002120 seconds, Stopping threads took: 0.0001121 seconds
[11.710s][info ][safepoint    ] Application time: 0.0434163 seconds
[11.710s][info ][safepoint    ] Entering safepoint region: RevokeBias
[11.711s][info ][safepoint    ] Leaving safepoint region
[11.711s][info ][safepoint    ] Total time for which application threads were stopped: 0.0001545 seconds, Stopping threads took: 0.0000803 seconds
[12.144s][info ][safepoint    ] Application time: 0.4331257 seconds
[12.144s][info ][safepoint    ] Entering safepoint region: GenCollectForAllocation
[12.144s][info ][gc,start     ] GC(89) Pause Young (Allocation Failure)
[12.144s][info ][gc,task      ] GC(89) Using 4 workers of 4 for evacuation
[12.153s][debug][gc,ref       ] GC(89) Skipped phase1 of Reference Processing due to unavailable references
[12.153s][debug][gc,ref       ] GC(89) Skipped phase3 of Reference Processing due to unavailable references
[12.153s][debug][gc,age       ] GC(89) Desired survivor size 15400960 bytes, new threshold 6 (max threshold 6)
[12.153s][info ][gc,heap      ] GC(89) ParNew: 242829K->10017K(270976K)
[12.153s][info ][gc,heap      ] GC(89) CMS: 131742K->131865K(602112K)
[12.153s][info ][gc,metaspace ] GC(89) Metaspace: 37166K->37166K(1083392K)
[12.153s][info ][gc           ] GC(89) Pause Young (Allocation Failure) 365M->138M(852M) 9.528ms
[12.153s][info ][gc,cpu       ] GC(89) User=0.04s Sys=0.00s Real=0.01s
[12.153s][info ][safepoint    ] Leaving safepoint region
[12.153s][info ][safepoint    ] Total time for which application threads were stopped: 0.0097913 seconds, Stopping threads took: 0.0000884 seconds
[12.263s][info ][safepoint    ] Application time: 0.1095360 seconds
[12.263s][info ][safepoint    ] Entering safepoint region: RevokeBias
[12.263s][info ][safepoint    ] Leaving safepoint region
[12.263s][info ][safepoint    ] Total time for which application threads were stopped: 0.0001437 seconds, Stopping threads took: 0.0000133 seconds
[12.542s][info ][safepoint    ] Application time: 0.2785948 seconds
[12.542s][info ][safepoint    ] Entering safepoint region: RevokeBias
[12.542s][info ][safepoint    ] Leaving safepoint region
[12.542s][info ][safepoint    ] Total time for which application threads were stopped: 0.0001558 seconds, Stopping threads took: 0.0000133 seconds
[12.557s][info ][safepoint    ] Application time: 0.0145797 seconds
[12.557s][info ][safepoint    ] Entering safepoint region: RevokeBias
[12.557s][info ][safepoint    ] Leaving safepoint region
[12.557s][info ][safepoint    ] Total time for which application threads were stopped: 0.0001201 seconds, Stopping threads took: 0.0000600 seconds
[12.573s][info ][safepoint    ] Application time: 0.0167096 seconds
[12.573s][info ][safepoint    ] Entering safepoint region: Deoptimize
[12.574s][info ][safepoint    ] Leaving safepoint region
[12.574s][info ][safepoint    ] Total time for which application threads were stopped: 0.0006991 seconds, Stopping threads took: 0.0000140 seconds
[12.591s][info ][safepoint    ] Application time: 0.0163749 seconds
[12.591s][info ][safepoint    ] Entering safepoint region: RevokeBias
[12.591s][info ][safepoint    ] Leaving safepoint region
[12.591s][info ][safepoint    ] Total time for which application threads were stopped: 0.0000800 seconds, Stopping threads took: 0.0000249 seconds
[12.591s][info ][safepoint    ] Application time: 0.0007163 seconds
[12.591s][info ][safepoint    ] Entering safepoint region: RevokeBias
[12.591s][info ][safepoint    ] Leaving safepoint region
[12.591s][info ][safepoint    ] Total time for which application threads were stopped: 0.0000981 seconds, Stopping threads took: 0.0000679 seconds
[12.592s][info ][safepoint    ] Application time: 0.0000593 seconds
[12.592s][info ][safepoint    ] Entering safepoint region: RevokeBias
[12.592s][info ][safepoint    ] Leaving safepoint region
[12.592s][info ][safepoint    ] Total time for which application threads were stopped: 0.0000307 seconds, Stopping threads took: 0.0000132 seconds
[12.592s][info ][safepoint    ] Application time: 0.0005327 seconds
[12.592s][info ][safepoint    ] Entering safepoint region: Deoptimize
[12.594s][info ][safepoint    ] Leaving safepoint region
[12.594s][info ][safepoint    ] Total time for which application threads were stopped: 0.0021315 seconds, Stopping threads took: 0.0000521 seconds
[12.596s][info ][safepoint    ] Application time: 0.0018705 seconds
[12.596s][info ][safepoint    ] Entering safepoint region: RevokeBias
[12.596s][info ][safepoint    ] Leaving safepoint region
[12.596s][info ][safepoint    ] Total time for which application threads were stopped: 0.0000443 seconds, Stopping threads took: 0.0000184 seconds
[12.629s][info ][safepoint    ] Application time: 0.0323743 seconds
[12.629s][info ][safepoint    ] Entering safepoint region: Deoptimize
[12.630s][info ][safepoint    ] Leaving safepoint region
[12.630s][info ][safepoint    ] Total time for which application threads were stopped: 0.0011665 seconds, Stopping threads took: 0.0000135 seconds
[12.647s][info ][safepoint    ] Application time: 0.0175891 seconds
[12.647s][info ][safepoint    ] Entering safepoint region: RevokeBias
[12.647s][info ][safepoint    ] Leaving safepoint region
[12.647s][info ][safepoint    ] Total time for which application threads were stopped: 0.0000873 seconds, Stopping threads took: 0.0000152 seconds
[12.709s][info ][safepoint    ] Application time: 0.0610310 seconds
[12.709s][info ][safepoint    ] Entering safepoint region: Deoptimize
[12.709s][info ][safepoint    ] Leaving safepoint region
[12.709s][info ][safepoint    ] Total time for which application threads were stopped: 0.0008109 seconds, Stopping threads took: 0.0000962 seconds
[12.721s][info ][safepoint    ] Application time: 0.0117409 seconds
[12.721s][info ][safepoint    ] Entering safepoint region: RevokeBias
[12.721s][info ][safepoint    ] Leaving safepoint region
[12.721s][info ][safepoint    ] Total time for which application threads were stopped: 0.0001386 seconds, Stopping threads took: 0.0000703 seconds
[12.761s][info ][safepoint    ] Application time: 0.0393875 seconds
[12.761s][info ][safepoint    ] Entering safepoint region: RevokeBias
[12.761s][info ][safepoint    ] Leaving safepoint region
[12.761s][info ][safepoint    ] Total time for which application threads were stopped: 0.0001540 seconds, Stopping threads took: 0.0000570 seconds
[12.761s][info ][safepoint    ] Application time: 0.0000940 seconds
[12.761s][info ][safepoint    ] Entering safepoint region: RevokeBias
[12.761s][info ][safepoint    ] Leaving safepoint region
[12.761s][info ][safepoint    ] Total time for which application threads were stopped: 0.0000624 seconds, Stopping threads took: 0.0000320 seconds
[13.085s][info ][safepoint    ] Application time: 0.3236826 seconds
[13.085s][info ][safepoint    ] Entering safepoint region: ICBufferFull
[13.085s][info ][safepoint    ] Leaving safepoint region
[13.085s][info ][safepoint    ] Total time for which application threads were stopped: 0.0002177 seconds, Stopping threads took: 0.0000631 seconds
[13.160s][info ][safepoint    ] Application time: 0.0747458 seconds
[13.160s][info ][safepoint    ] Entering safepoint region: BulkRevokeBias
[13.160s][info ][safepoint    ] Leaving safepoint region
[13.160s][info ][safepoint    ] Total time for which application threads were stopped: 0.0002565 seconds, Stopping threads took: 0.0000159 seconds
[13.630s][info ][safepoint    ] Application time: 0.4701750 seconds
[13.630s][info ][safepoint    ] Entering safepoint region: ICBufferFull
[13.630s][info ][safepoint    ] Leaving safepoint region
[13.630s][info ][safepoint    ] Total time for which application threads were stopped: 0.0002246 seconds, Stopping threads took: 0.0000645 seconds
[13.699s][info ][safepoint    ] Application time: 0.0682744 seconds
[13.699s][info ][safepoint    ] Entering safepoint region: GenCollectForAllocation
[13.699s][info ][gc,start     ] GC(90) Pause Young (Allocation Failure)
[13.699s][info ][gc,task      ] GC(90) Using 4 workers of 4 for evacuation
[13.813s][debug][gc,ref       ] GC(90) Skipped phase1 of Reference Processing due to unavailable references
[13.813s][debug][gc,ref       ] GC(90) Skipped phase3 of Reference Processing due to unavailable references
[13.813s][debug][gc,age       ] GC(90) Desired survivor size 15400960 bytes, new threshold 1 (max threshold 6)
[13.813s][info ][gc,heap      ] GC(90) ParNew: 250913K->30080K(270976K)
[13.813s][info ][gc,heap      ] GC(90) CMS: 131865K->177642K(602112K)
[13.813s][info ][gc,metaspace ] GC(90) Metaspace: 42343K->42343K(1087488K)
[13.813s][info ][gc           ] GC(90) Pause Young (Allocation Failure) 373M->202M(852M) 114.258ms
[13.813s][info ][gc,cpu       ] GC(90) User=0.32s Sys=0.05s Real=0.11s
[13.813s][info ][safepoint    ] Leaving safepoint region
[13.813s][info ][safepoint    ] Total time for which application threads were stopped: 0.1145466 seconds, Stopping threads took: 0.0001108 seconds
[13.976s][info ][safepoint    ] Application time: 0.1629781 seconds
[13.977s][info ][safepoint    ] Entering safepoint region: RevokeBias
[13.977s][info ][safepoint    ] Leaving safepoint region
[13.977s][info ][safepoint    ] Total time for which application threads were stopped: 0.0004573 seconds, Stopping threads took: 0.0002642 seconds
[14.000s][info ][safepoint    ] Application time: 0.0229349 seconds
[14.000s][info ][safepoint    ] Entering safepoint region: Deoptimize
[14.001s][info ][safepoint    ] Leaving safepoint region
[14.001s][info ][safepoint    ] Total time for which application threads were stopped: 0.0009292 seconds, Stopping threads took: 0.0000823 seconds
[14.016s][info ][safepoint    ] Application time: 0.0151403 seconds
[14.019s][info ][safepoint    ] Entering safepoint region: RevokeBias
[14.019s][info ][safepoint    ] Leaving safepoint region
[14.019s][info ][safepoint    ] Total time for which application threads were stopped: 0.0028437 seconds, Stopping threads took: 0.0027114 seconds
[14.177s][info ][safepoint    ] Application time: 0.1586259 seconds
[14.178s][info ][safepoint    ] Entering safepoint region: ICBufferFull
[14.178s][info ][safepoint    ] Leaving safepoint region
[14.178s][info ][safepoint    ] Total time for which application threads were stopped: 0.0004026 seconds, Stopping threads took: 0.0002464 seconds
[14.294s][info ][safepoint    ] Application time: 0.1160267 seconds
[14.294s][info ][safepoint    ] Entering safepoint region: CollectForMetadataAllocation
[14.294s][info ][safepoint    ] Leaving safepoint region
[14.294s][info ][safepoint    ] Total time for which application threads were stopped: 0.0002163 seconds, Stopping threads took: 0.0000682 seconds
[14.467s][info ][safepoint    ] Application time: 0.1726593 seconds
[14.467s][info ][safepoint    ] Entering safepoint region: CollectForMetadataAllocation
[14.467s][info ][safepoint    ] Leaving safepoint region
[14.467s][info ][safepoint    ] Total time for which application threads were stopped: 0.0001289 seconds, Stopping threads took: 0.0000156 seconds
[14.472s][info ][safepoint    ] Application time: 0.0048352 seconds
[14.472s][info ][safepoint    ] Entering safepoint region: RevokeBias
[14.472s][info ][safepoint    ] Leaving safepoint region
[14.472s][info ][safepoint    ] Total time for which application threads were stopped: 0.0001264 seconds, Stopping threads took: 0.0000647 seconds
[14.474s][info ][safepoint    ] Application time: 0.0019748 seconds
[14.474s][info ][safepoint    ] Entering safepoint region: RevokeBias
[14.474s][info ][safepoint    ] Leaving safepoint region
[14.474s][info ][safepoint    ] Total time for which application threads were stopped: 0.0000534 seconds, Stopping threads took: 0.0000112 seconds
[14.475s][info ][safepoint    ] Application time: 0.0007723 seconds
[14.475s][info ][safepoint    ] Entering safepoint region: RevokeBias
[14.475s][info ][safepoint    ] Leaving safepoint region
[14.475s][info ][safepoint    ] Total time for which application threads were stopped: 0.0000323 seconds, Stopping threads took: 0.0000078 seconds
[14.476s][info ][safepoint    ] Application time: 0.0015224 seconds
[14.476s][info ][safepoint    ] Entering safepoint region: RevokeBias
[14.476s][info ][safepoint    ] Leaving safepoint region
[14.476s][info ][safepoint    ] Total time for which application threads were stopped: 0.0000553 seconds, Stopping threads took: 0.0000086 seconds
[14.501s][info ][safepoint    ] Application time: 0.0244683 seconds
[14.501s][info ][safepoint    ] Entering safepoint region: CollectForMetadataAllocation
[14.501s][info ][safepoint    ] Leaving safepoint region
[14.501s][info ][safepoint    ] Total time for which application threads were stopped: 0.0001484 seconds, Stopping threads took: 0.0000155 seconds
[14.544s][info ][safepoint    ] Application time: 0.0428315 seconds
[14.544s][info ][safepoint    ] Entering safepoint region: Deoptimize
[14.545s][info ][safepoint    ] Leaving safepoint region
[14.545s][info ][safepoint    ] Total time for which application threads were stopped: 0.0009373 seconds, Stopping threads took: 0.0000319 seconds
[14.545s][info ][safepoint    ] Application time: 0.0001089 seconds
[14.545s][info ][safepoint    ] Entering safepoint region: CollectForMetadataAllocation
[14.545s][info ][safepoint    ] Leaving safepoint region
[14.545s][info ][safepoint    ] Total time for which application threads were stopped: 0.0000815 seconds, Stopping threads took: 0.0000336 seconds
[14.547s][info ][safepoint    ] Application time: 0.0017286 seconds
[14.547s][info ][safepoint    ] Entering safepoint region: Deoptimize
[14.547s][info ][safepoint    ] Leaving safepoint region
[14.547s][info ][safepoint    ] Total time for which application threads were stopped: 0.0005838 seconds, Stopping threads took: 0.0000079 seconds
[14.714s][info ][safepoint    ] Application time: 0.1665975 seconds
[14.714s][info ][safepoint    ] Entering safepoint region: ICBufferFull
[14.714s][info ][safepoint    ] Leaving safepoint region
[14.714s][info ][safepoint    ] Total time for which application threads were stopped: 0.0001912 seconds, Stopping threads took: 0.0000151 seconds
[14.769s][info ][safepoint    ] Application time: 0.0550357 seconds
[14.769s][info ][safepoint    ] Entering safepoint region: CollectForMetadataAllocation
[14.770s][info ][safepoint    ] Leaving safepoint region
[14.770s][info ][safepoint    ] Total time for which application threads were stopped: 0.0002637 seconds, Stopping threads took: 0.0000684 seconds
[15.082s][info ][safepoint    ] Application time: 0.3123161 seconds
[15.082s][info ][safepoint    ] Entering safepoint region: ICBufferFull
[15.082s][info ][safepoint    ] Leaving safepoint region
[15.082s][info ][safepoint    ] Total time for which application threads were stopped: 0.0001728 seconds, Stopping threads took: 0.0000178 seconds
[15.211s][info ][safepoint    ] Application time: 0.1292805 seconds
[15.211s][info ][safepoint    ] Entering safepoint region: ICBufferFull
[15.212s][info ][safepoint    ] Leaving safepoint region
[15.212s][info ][safepoint    ] Total time for which application threads were stopped: 0.0002275 seconds, Stopping threads took: 0.0000640 seconds
[15.355s][info ][safepoint    ] Application time: 0.1436922 seconds
[15.355s][info ][safepoint    ] Entering safepoint region: ICBufferFull
[15.356s][info ][safepoint    ] Leaving safepoint region
[15.356s][info ][safepoint    ] Total time for which application threads were stopped: 0.0002389 seconds, Stopping threads took: 0.0000692 seconds
[15.524s][info ][safepoint    ] Application time: 0.1682144 seconds
[15.524s][info ][safepoint    ] Entering safepoint region: CollectForMetadataAllocation
[15.524s][info ][safepoint    ] Leaving safepoint region
[15.524s][info ][safepoint    ] Total time for which application threads were stopped: 0.0001989 seconds, Stopping threads took: 0.0000152 seconds
[15.711s][info ][safepoint    ] Application time: 0.1873952 seconds
[15.712s][info ][safepoint    ] Entering safepoint region: ICBufferFull
[15.712s][info ][safepoint    ] Leaving safepoint region
[15.712s][info ][safepoint    ] Total time for which application threads were stopped: 0.0002743 seconds, Stopping threads took: 0.0000967 seconds
[15.813s][info ][safepoint    ] Application time: 0.1012135 seconds
[15.813s][info ][safepoint    ] Entering safepoint region: CMS_Initial_Mark
[15.813s][info ][gc,start     ] GC(91) Pause Initial Mark
[15.843s][info ][gc           ] GC(91) Pause Initial Mark 349M->349M(852M) 30.209ms
[15.843s][info ][gc,cpu       ] GC(91) User=0.12s Sys=0.00s Real=0.03s
[15.843s][info ][safepoint    ] Leaving safepoint region
[15.843s][info ][safepoint    ] Total time for which application threads were stopped: 0.0304359 seconds, Stopping threads took: 0.0000317 seconds
[15.843s][info ][gc           ] GC(91) Concurrent Mark
[16.056s][info ][safepoint    ] Application time: 0.2126695 seconds
[16.056s][info ][safepoint    ] Entering safepoint region: ICBufferFull
[16.056s][info ][safepoint    ] Leaving safepoint region
[16.056s][info ][safepoint    ] Total time for which application threads were stopped: 0.0002084 seconds, Stopping threads took: 0.0000166 seconds
[16.081s][info ][gc           ] GC(91) Concurrent Mark 237.708ms
[16.081s][info ][gc,cpu       ] GC(91) User=0.44s Sys=0.04s Real=0.24s
[16.081s][info ][gc           ] GC(91) Concurrent Preclean
[16.081s][debug][gc,ref       ] GC(91) Preclean SoftReferences 0.001ms
[16.081s][debug][gc,ref       ] GC(91) Preclean WeakReferences 0.019ms
[16.081s][debug][gc,ref       ] GC(91) Preclean FinalReferences 0.004ms
[16.081s][debug][gc,ref       ] GC(91) Preclean PhantomReferences 0.001ms
[16.088s][info ][gc           ] GC(91) Concurrent Preclean 6.373ms
[16.088s][info ][gc,cpu       ] GC(91) User=0.01s Sys=0.00s Real=0.01s
[16.088s][info ][gc           ] GC(91) Concurrent Abortable Preclean
[16.312s][info ][safepoint    ] Application time: 0.2558160 seconds
[16.312s][info ][safepoint    ] Entering safepoint region: ICBufferFull
[16.312s][info ][safepoint    ] Leaving safepoint region
[16.312s][info ][safepoint    ] Total time for which application threads were stopped: 0.0001846 seconds, Stopping threads took: 0.0000163 seconds
[16.762s][info ][safepoint    ] Application time: 0.4497613 seconds
[16.762s][info ][safepoint    ] Entering safepoint region: ICBufferFull
[16.762s][info ][safepoint    ] Leaving safepoint region
[16.762s][info ][safepoint    ] Total time for which application threads were stopped: 0.0002282 seconds, Stopping threads took: 0.0000169 seconds
[17.259s][info ][safepoint    ] Application time: 0.4961139 seconds
[17.259s][info ][safepoint    ] Entering safepoint region: ICBufferFull
[17.259s][info ][safepoint    ] Leaving safepoint region
[17.259s][info ][safepoint    ] Total time for which application threads were stopped: 0.0002186 seconds, Stopping threads took: 0.0000171 seconds
[17.305s][info ][safepoint    ] Application time: 0.0462514 seconds
[17.305s][info ][safepoint    ] Entering safepoint region: CollectForMetadataAllocation
[17.305s][info ][safepoint    ] Leaving safepoint region
[17.305s][info ][safepoint    ] Total time for which application threads were stopped: 0.0001733 seconds, Stopping threads took: 0.0000676 seconds
[17.613s][info ][safepoint    ] Application time: 0.3078320 seconds
[17.613s][info ][safepoint    ] Entering safepoint region: ICBufferFull
[17.613s][info ][safepoint    ] Leaving safepoint region
[17.613s][info ][safepoint    ] Total time for which application threads were stopped: 0.0002295 seconds, Stopping threads took: 0.0000154 seconds
[17.618s][info ][safepoint    ] Application time: 0.0044954 seconds
[17.618s][info ][safepoint    ] Entering safepoint region: ICBufferFull
[17.618s][info ][safepoint    ] Leaving safepoint region
[17.618s][info ][safepoint    ] Total time for which application threads were stopped: 0.0001844 seconds, Stopping threads took: 0.0000125 seconds
[17.620s][info ][safepoint    ] Application time: 0.0018468 seconds
[17.620s][info ][safepoint    ] Entering safepoint region: ICBufferFull
[17.620s][info ][safepoint    ] Leaving safepoint region
[17.620s][info ][safepoint    ] Total time for which application threads were stopped: 0.0001974 seconds, Stopping threads took: 0.0000105 seconds
[18.620s][info ][safepoint    ] Application time: 1.0001341 seconds
[18.620s][info ][safepoint    ] Entering safepoint region: Cleanup
[18.620s][info ][safepoint    ] Leaving safepoint region
[18.620s][info ][safepoint    ] Total time for which application threads were stopped: 0.0001830 seconds, Stopping threads took: 0.0000171 seconds
[19.621s][info ][safepoint    ] Application time: 1.0001232 seconds
[19.621s][info ][safepoint    ] Entering safepoint region: Cleanup
[19.621s][info ][safepoint    ] Leaving safepoint region
[19.621s][info ][safepoint    ] Total time for which application threads were stopped: 0.0002011 seconds, Stopping threads took: 0.0000399 seconds
[19.956s][info ][safepoint    ] Application time: 0.3355739 seconds
[19.956s][info ][safepoint    ] Entering safepoint region: GenCollectForAllocation
[19.957s][info ][gc,start     ] GC(92) Pause Young (Allocation Failure)
[19.957s][info ][gc,task      ] GC(92) Using 4 workers of 4 for evacuation
[20.004s][debug][gc,ref       ] GC(92) Skipped phase1 of Reference Processing due to unavailable references
[20.004s][debug][gc,ref       ] GC(92) Skipped phase3 of Reference Processing due to unavailable references
[20.004s][debug][gc,age       ] GC(92) Desired survivor size 15400960 bytes, new threshold 1 (max threshold 6)
[20.004s][info ][gc,heap      ] GC(92) ParNew: 270976K->30080K(270976K)
[20.004s][info ][gc,heap      ] GC(92) CMS: 177642K->200772K(602112K)
[20.004s][info ][gc,metaspace ] GC(92) Metaspace: 45618K->45618K(1091584K)
[20.004s][info ][gc           ] GC(92) Pause Young (Allocation Failure) 438M->225M(852M) 47.880ms
[20.005s][info ][gc,cpu       ] GC(92) User=0.16s Sys=0.01s Real=0.05s
[20.005s][info ][safepoint    ] Leaving safepoint region
[20.005s][info ][safepoint    ] Total time for which application threads were stopped: 0.0480750 seconds, Stopping threads took: 0.0000171 seconds
[20.812s][info ][safepoint    ] Application time: 0.8076271 seconds
[20.812s][info ][safepoint    ] Entering safepoint region: CollectForMetadataAllocation
[20.812s][info ][safepoint    ] Leaving safepoint region
[20.812s][info ][safepoint    ] Total time for which application threads were stopped: 0.0001323 seconds, Stopping threads took: 0.0000157 seconds
[21.206s][info ][gc           ] GC(91) Concurrent Abortable Preclean 5118.084ms
[21.206s][info ][gc,cpu       ] GC(91) User=7.63s Sys=0.32s Real=5.12s
[21.206s][info ][safepoint    ] Application time: 0.3934621 seconds
[21.206s][info ][safepoint    ] Entering safepoint region: CMS_Final_Remark
[21.206s][info ][gc,start     ] GC(91) Pause Remark
[21.216s][debug][gc,phases    ] GC(91) Rescan (parallel) 9.956ms
[21.216s][debug][gc,ref       ] GC(91) Skipped phase1 of Reference Processing due to unavailable references
[21.216s][debug][gc,ref       ] GC(91) Skipped phase3 of Reference Processing due to unavailable references
[21.216s][debug][gc,ref       ] GC(91) Skipped phase4 of Reference Processing due to unavailable references
[21.216s][debug][gc,phases    ] GC(91) Reference Processing 0.033ms
[21.216s][debug][gc,phases    ] GC(91) Weak Processing 0.100ms
[21.217s][debug][gc,phases    ] GC(91) ClassLoaderData 0.898ms
[21.217s][debug][gc,phases    ] GC(91) Dictionary 0.018ms
[21.217s][debug][gc,phases    ] GC(91) ProtectionDomainCacheTable 0.003ms
[21.217s][debug][gc,phases    ] GC(91) ResolvedMethodTable 0.120ms
[21.239s][debug][gc,phases    ] GC(91) Class Unloading 23.112ms
[21.242s][debug][gc,phases    ] GC(91) Scrub Symbol Table 2.943ms
[21.243s][debug][gc,phases    ] GC(91) Scrub String Table 0.333ms
[21.243s][info ][gc           ] GC(91) Pause Remark 258M->258M(852M) 37.215ms
[21.243s][info ][gc,cpu       ] GC(91) User=0.06s Sys=0.00s Real=0.03s
[21.243s][info ][safepoint    ] Leaving safepoint region
[21.243s][info ][safepoint    ] Total time for which application threads were stopped: 0.0374213 seconds, Stopping threads took: 0.0000392 seconds
[21.243s][info ][gc           ] GC(91) Concurrent Sweep
[21.249s][info ][safepoint    ] Application time: 0.0053177 seconds
[21.249s][info ][safepoint    ] Entering safepoint region: ICBufferFull
[21.249s][info ][safepoint    ] Leaving safepoint region
[21.249s][info ][safepoint    ] Total time for which application threads were stopped: 0.0002201 seconds, Stopping threads took: 0.0000157 seconds
[21.356s][info ][gc           ] GC(91) Concurrent Sweep 112.351ms
[21.356s][info ][gc,cpu       ] GC(91) User=0.16s Sys=0.01s Real=0.11s
[21.356s][info ][gc           ] GC(91) Concurrent Reset
[21.366s][info ][gc           ] GC(91) Concurrent Reset 10.641ms
[21.366s][info ][gc,cpu       ] GC(91) User=0.02s Sys=0.00s Real=0.02s
[21.366s][info ][gc,heap      ] GC(91) Old: 177642K->167126K(602112K)
[21.457s][info ][safepoint    ] Application time: 0.2076571 seconds
[21.457s][info ][safepoint    ] Entering safepoint region: ICBufferFull
[21.457s][info ][safepoint    ] Leaving safepoint region
[21.457s][info ][safepoint    ] Total time for which application threads were stopped: 0.0003263 seconds, Stopping threads took: 0.0000166 seconds
[22.457s][info ][safepoint    ] Application time: 1.0000957 seconds
[22.457s][info ][safepoint    ] Entering safepoint region: Cleanup
[22.457s][info ][safepoint    ] Leaving safepoint region
[22.457s][info ][safepoint    ] Total time for which application threads were stopped: 0.0001702 seconds, Stopping threads took: 0.0000368 seconds
[23.309s][info ][safepoint    ] Application time: 0.8513838 seconds
[23.309s][info ][safepoint    ] Entering safepoint region: RevokeBias
[23.309s][info ][safepoint    ] Leaving safepoint region
[23.309s][info ][safepoint    ] Total time for which application threads were stopped: 0.0002662 seconds, Stopping threads took: 0.0001037 seconds
[23.316s][info ][safepoint    ] Application time: 0.0073709 seconds
[23.320s][info ][safepoint    ] Entering safepoint region: RevokeBias
[23.320s][info ][safepoint    ] Leaving safepoint region
[23.320s][info ][safepoint    ] Total time for which application threads were stopped: 0.0041619 seconds, Stopping threads took: 0.0040771 seconds
[23.321s][info ][safepoint    ] Application time: 0.0005945 seconds
[23.321s][info ][safepoint    ] Entering safepoint region: RevokeBias
[23.321s][info ][safepoint    ] Leaving safepoint region
[23.321s][info ][safepoint    ] Total time for which application threads were stopped: 0.0000539 seconds, Stopping threads took: 0.0000106 seconds
[23.361s][info ][safepoint    ] Application time: 0.0399041 seconds
[23.361s][info ][safepoint    ] Entering safepoint region: Deoptimize
[23.362s][info ][safepoint    ] Leaving safepoint region
[23.362s][info ][safepoint    ] Total time for which application threads were stopped: 0.0011269 seconds, Stopping threads took: 0.0000318 seconds
[23.367s][info ][safepoint    ] Application time: 0.0053197 seconds
[23.367s][info ][safepoint    ] Entering safepoint region: RevokeBias
[23.368s][info ][safepoint    ] Leaving safepoint region
[23.368s][info ][safepoint    ] Total time for which application threads were stopped: 0.0001091 seconds, Stopping threads took: 0.0000179 seconds
[23.388s][info ][safepoint    ] Application time: 0.0201632 seconds
[23.388s][info ][safepoint    ] Entering safepoint region: RevokeBias
[23.388s][info ][safepoint    ] Leaving safepoint region
[23.388s][info ][safepoint    ] Total time for which application threads were stopped: 0.0001036 seconds, Stopping threads took: 0.0000152 seconds
[24.388s][info ][safepoint    ] Application time: 1.0000969 seconds
[24.388s][info ][safepoint    ] Entering safepoint region: Cleanup
[24.388s][info ][safepoint    ] Leaving safepoint region
[24.388s][info ][safepoint    ] Total time for which application threads were stopped: 0.0001459 seconds, Stopping threads took: 0.0000194 seconds
[24.489s][info ][safepoint    ] Application time: 0.1009875 seconds
[24.489s][info ][safepoint    ] Entering safepoint region: RevokeBias
[24.489s][info ][safepoint    ] Leaving safepoint region
[24.489s][info ][safepoint    ] Total time for which application threads were stopped: 0.0001157 seconds, Stopping threads took: 0.0000155 seconds
[24.967s][info ][safepoint    ] Application time: 0.4777007 seconds
[24.967s][info ][safepoint    ] Entering safepoint region: RevokeBias
[24.967s][info ][safepoint    ] Leaving safepoint region
[24.967s][info ][safepoint    ] Total time for which application threads were stopped: 0.0001969 seconds, Stopping threads took: 0.0000136 seconds
[24.968s][info ][safepoint    ] Application time: 0.0011295 seconds
[24.968s][info ][safepoint    ] Entering safepoint region: RevokeBias
[24.968s][info ][safepoint    ] Leaving safepoint region
[24.968s][info ][safepoint    ] Total time for which application threads were stopped: 0.0000728 seconds, Stopping threads took: 0.0000080 seconds
[24.990s][info ][safepoint    ] Application time: 0.0216242 seconds
[24.990s][info ][safepoint    ] Entering safepoint region: Deoptimize
[24.991s][info ][safepoint    ] Leaving safepoint region
[24.991s][info ][safepoint    ] Total time for which application threads were stopped: 0.0012028 seconds, Stopping threads took: 0.0000163 seconds
[24.993s][info ][safepoint    ] Application time: 0.0015012 seconds
[24.993s][info ][safepoint    ] Entering safepoint region: RevokeBias
[24.993s][info ][safepoint    ] Leaving safepoint region
[24.993s][info ][safepoint    ] Total time for which application threads were stopped: 0.0000646 seconds, Stopping threads took: 0.0000107 seconds
[24.993s][info ][safepoint    ] Application time: 0.0000578 seconds
[24.993s][info ][safepoint    ] Entering safepoint region: RevokeBias
[24.993s][info ][safepoint    ] Leaving safepoint region
[24.993s][info ][safepoint    ] Total time for which application threads were stopped: 0.0000443 seconds, Stopping threads took: 0.0000123 seconds
[24.993s][info ][safepoint    ] Application time: 0.0000498 seconds
[24.993s][info ][safepoint    ] Entering safepoint region: RevokeBias
[24.993s][info ][safepoint    ] Leaving safepoint region
[24.993s][info ][safepoint    ] Total time for which application threads were stopped: 0.0000298 seconds, Stopping threads took: 0.0000062 seconds
[24.993s][info ][safepoint    ] Application time: 0.0000469 seconds
[24.993s][info ][safepoint    ] Entering safepoint region: RevokeBias
[24.993s][info ][safepoint    ] Leaving safepoint region
[24.993s][info ][safepoint    ] Total time for which application threads were stopped: 0.0000289 seconds, Stopping threads took: 0.0000058 seconds
[24.999s][info ][safepoint    ] Application time: 0.0059926 seconds
[24.999s][info ][safepoint    ] Entering safepoint region: RevokeBias
[24.999s][info ][safepoint    ] Leaving safepoint region
[24.999s][info ][safepoint    ] Total time for which application threads were stopped: 0.0000524 seconds, Stopping threads took: 0.0000103 seconds
[25.005s][info ][safepoint    ] Application time: 0.0060265 seconds
[25.005s][info ][safepoint    ] Entering safepoint region: RevokeBias
[25.006s][info ][safepoint    ] Leaving safepoint region
[25.006s][info ][safepoint    ] Total time for which application threads were stopped: 0.0001350 seconds, Stopping threads took: 0.0000748 seconds
[25.027s][info ][safepoint    ] Application time: 0.0212662 seconds
[25.027s][info ][safepoint    ] Entering safepoint region: RevokeBias
[25.027s][info ][safepoint    ] Leaving safepoint region
[25.027s][info ][safepoint    ] Total time for which application threads were stopped: 0.0000874 seconds, Stopping threads took: 0.0000152 seconds
[25.027s][info ][safepoint    ] Application time: 0.0001234 seconds
[25.027s][info ][safepoint    ] Entering safepoint region: RevokeBias
[25.027s][info ][safepoint    ] Leaving safepoint region
[25.027s][info ][safepoint    ] Total time for which application threads were stopped: 0.0000314 seconds, Stopping threads took: 0.0000068 seconds
[25.074s][info ][safepoint    ] Application time: 0.0463867 seconds
[25.074s][info ][safepoint    ] Entering safepoint region: Deoptimize
[25.075s][info ][safepoint    ] Leaving safepoint region
[25.075s][info ][safepoint    ] Total time for which application threads were stopped: 0.0011839 seconds, Stopping threads took: 0.0000175 seconds
[25.124s][info ][safepoint    ] Application time: 0.0493447 seconds
[25.124s][info ][safepoint    ] Entering safepoint region: Deoptimize
[25.125s][info ][safepoint    ] Leaving safepoint region
[25.125s][info ][safepoint    ] Total time for which application threads were stopped: 0.0011528 seconds, Stopping threads took: 0.0000170 seconds
[25.145s][info ][safepoint    ] Application time: 0.0199148 seconds
[25.145s][info ][safepoint    ] Entering safepoint region: RevokeBias
[25.147s][info ][safepoint    ] Leaving safepoint region
[25.147s][info ][safepoint    ] Total time for which application threads were stopped: 0.0014438 seconds, Stopping threads took: 0.0000175 seconds
[25.148s][info ][safepoint    ] Application time: 0.0016556 seconds
[25.148s][info ][safepoint    ] Entering safepoint region: RevokeBias
[25.149s][info ][safepoint    ] Leaving safepoint region
[25.151s][info ][safepoint    ] Total time for which application threads were stopped: 0.0031264 seconds, Stopping threads took: 0.0000106 seconds
[25.152s][info ][safepoint    ] Application time: 0.0005512 seconds
[25.152s][info ][safepoint    ] Entering safepoint region: RevokeBias
[25.152s][info ][safepoint    ] Leaving safepoint region
[25.152s][info ][safepoint    ] Total time for which application threads were stopped: 0.0000495 seconds, Stopping threads took: 0.0000093 seconds
[25.152s][info ][safepoint    ] Application time: 0.0000756 seconds
[25.152s][info ][safepoint    ] Entering safepoint region: RevokeBias
[25.152s][info ][safepoint    ] Leaving safepoint region
[25.152s][info ][safepoint    ] Total time for which application threads were stopped: 0.0000323 seconds, Stopping threads took: 0.0000067 seconds
[25.239s][info ][safepoint    ] Application time: 0.0868907 seconds
[25.239s][info ][safepoint    ] Entering safepoint region: RevokeBias
[25.239s][info ][safepoint    ] Leaving safepoint region
[25.239s][info ][safepoint    ] Total time for which application threads were stopped: 0.0002255 seconds, Stopping threads took: 0.0000815 seconds
[25.343s][info ][safepoint    ] Application time: 0.1036701 seconds
[25.343s][info ][safepoint    ] Entering safepoint region: Deoptimize
[25.345s][info ][safepoint    ] Leaving safepoint region
[25.345s][info ][safepoint    ] Total time for which application threads were stopped: 0.0017871 seconds, Stopping threads took: 0.0004893 seconds
[25.345s][info ][safepoint    ] Application time: 0.0003384 seconds
[25.345s][info ][safepoint    ] Entering safepoint region: Deoptimize
[25.346s][info ][safepoint    ] Leaving safepoint region
[25.346s][info ][safepoint    ] Total time for which application threads were stopped: 0.0004337 seconds, Stopping threads took: 0.0000237 seconds
[25.347s][info ][safepoint    ] Application time: 0.0010910 seconds
[25.347s][info ][safepoint    ] Entering safepoint region: RevokeBias
[25.347s][info ][safepoint    ] Leaving safepoint region
[25.347s][info ][safepoint    ] Total time for which application threads were stopped: 0.0000978 seconds, Stopping threads took: 0.0000409 seconds
[25.348s][info ][safepoint    ] Application time: 0.0005707 seconds
[25.348s][info ][safepoint    ] Entering safepoint region: Deoptimize
[25.348s][info ][safepoint    ] Leaving safepoint region
[25.348s][info ][safepoint    ] Total time for which application threads were stopped: 0.0007175 seconds, Stopping threads took: 0.0000104 seconds
[25.352s][info ][safepoint    ] Application time: 0.0041890 seconds
[25.352s][info ][safepoint    ] Entering safepoint region: RevokeBias
[25.353s][info ][safepoint    ] Leaving safepoint region
[25.353s][info ][safepoint    ] Total time for which application threads were stopped: 0.0000736 seconds, Stopping threads took: 0.0000224 seconds
[25.359s][info ][safepoint    ] Application time: 0.0067368 seconds
[25.359s][info ][safepoint    ] Entering safepoint region: RevokeBias
[25.359s][info ][safepoint    ] Leaving safepoint region
[25.359s][info ][safepoint    ] Total time for which application threads were stopped: 0.0000928 seconds, Stopping threads took: 0.0000124 seconds
[25.366s][info ][safepoint    ] Application time: 0.0065031 seconds
[25.366s][info ][safepoint    ] Entering safepoint region: Deoptimize
[25.367s][info ][safepoint    ] Leaving safepoint region
[25.367s][info ][safepoint    ] Total time for which application threads were stopped: 0.0011116 seconds, Stopping threads took: 0.0000131 seconds
[25.556s][info ][safepoint    ] Application time: 0.1884362 seconds
[25.556s][info ][safepoint    ] Entering safepoint region: RevokeBias
[25.556s][info ][safepoint    ] Leaving safepoint region
[25.556s][info ][safepoint    ] Total time for which application threads were stopped: 0.0002938 seconds, Stopping threads took: 0.0000817 seconds
[25.557s][info ][safepoint    ] Application time: 0.0007998 seconds
[25.557s][info ][safepoint    ] Entering safepoint region: RevokeBias
[25.557s][info ][safepoint    ] Leaving safepoint region
[25.557s][info ][safepoint    ] Total time for which application threads were stopped: 0.0001017 seconds, Stopping threads took: 0.0000411 seconds
[25.592s][info ][safepoint    ] Application time: 0.0355249 seconds
[25.592s][info ][safepoint    ] Entering safepoint region: Deoptimize
[25.594s][info ][safepoint    ] Leaving safepoint region
[25.594s][info ][safepoint    ] Total time for which application threads were stopped: 0.0013933 seconds, Stopping threads took: 0.0000668 seconds
[25.628s][info ][safepoint    ] Application time: 0.0346112 seconds
[25.628s][info ][safepoint    ] Entering safepoint region: RevokeBias
[25.629s][info ][safepoint    ] Leaving safepoint region
[25.629s][info ][safepoint    ] Total time for which application threads were stopped: 0.0002166 seconds, Stopping threads took: 0.0000540 seconds
[25.629s][info ][safepoint    ] Application time: 0.0008680 seconds
[25.630s][info ][safepoint    ] Entering safepoint region: BulkRevokeBias
[25.630s][info ][safepoint    ] Leaving safepoint region
[25.630s][info ][safepoint    ] Total time for which application threads were stopped: 0.0002864 seconds, Stopping threads took: 0.0000817 seconds
[25.661s][info ][safepoint    ] Application time: 0.0314366 seconds
[25.661s][info ][safepoint    ] Entering safepoint region: Deoptimize
[25.663s][info ][safepoint    ] Leaving safepoint region
[25.663s][info ][safepoint    ] Total time for which application threads were stopped: 0.0014900 seconds, Stopping threads took: 0.0000849 seconds
[25.741s][info ][safepoint    ] Application time: 0.0787127 seconds
[25.742s][info ][safepoint    ] Entering safepoint region: ICBufferFull
[25.742s][info ][safepoint    ] Leaving safepoint region
[25.742s][info ][safepoint    ] Total time for which application threads were stopped: 0.0002484 seconds, Stopping threads took: 0.0000614 seconds
[25.910s][info ][safepoint    ] Application time: 0.1680408 seconds
[25.910s][info ][safepoint    ] Entering safepoint region: ICBufferFull
[25.910s][info ][safepoint    ] Leaving safepoint region
[25.910s][info ][safepoint    ] Total time for which application threads were stopped: 0.0002488 seconds, Stopping threads took: 0.0000321 seconds
[25.929s][info ][safepoint    ] Application time: 0.0187397 seconds
[25.929s][info ][safepoint    ] Entering safepoint region: Deoptimize
[25.931s][info ][safepoint    ] Leaving safepoint region
[25.931s][info ][safepoint    ] Total time for which application threads were stopped: 0.0017780 seconds, Stopping threads took: 0.0000291 seconds
[25.974s][info ][safepoint    ] Application time: 0.0431206 seconds
[25.974s][info ][safepoint    ] Entering safepoint region: Deoptimize
[25.975s][info ][safepoint    ] Leaving safepoint region
[25.975s][info ][safepoint    ] Total time for which application threads were stopped: 0.0012690 seconds, Stopping threads took: 0.0000357 seconds
[25.975s][info ][safepoint    ] Application time: 0.0002722 seconds
[25.975s][info ][safepoint    ] Entering safepoint region: Deoptimize
[25.976s][info ][safepoint    ] Leaving safepoint region
[25.976s][info ][safepoint    ] Total time for which application threads were stopped: 0.0005322 seconds, Stopping threads took: 0.0000530 seconds
[26.146s][info ][safepoint    ] Application time: 0.1705950 seconds
[26.147s][info ][safepoint    ] Entering safepoint region: GenCollectForAllocation
[26.147s][info ][gc,start     ] GC(93) Pause Young (Allocation Failure)
[26.147s][info ][gc,task      ] GC(93) Using 4 workers of 4 for evacuation
[26.170s][debug][gc,ref       ] GC(93) Skipped phase1 of Reference Processing due to unavailable references
[26.170s][debug][gc,age       ] GC(93) Desired survivor size 15400960 bytes, new threshold 6 (max threshold 6)
[26.170s][info ][gc,heap      ] GC(93) ParNew: 270976K->16035K(270976K)
[26.170s][info ][gc,heap      ] GC(93) CMS: 167126K->184066K(602112K)
[26.170s][info ][gc,metaspace ] GC(93) Metaspace: 54003K->54003K(1097728K)
[26.170s][info ][gc           ] GC(93) Pause Young (Allocation Failure) 427M->195M(852M) 23.182ms
[26.170s][info ][gc,cpu       ] GC(93) User=0.11s Sys=0.00s Real=0.02s
[26.170s][info ][safepoint    ] Leaving safepoint region
[26.170s][info ][safepoint    ] Total time for which application threads were stopped: 0.0234532 seconds, Stopping threads took: 0.0000479 seconds
[26.289s][info ][safepoint    ] Application time: 0.1191300 seconds
[26.289s][info ][safepoint    ] Entering safepoint region: Deoptimize
[26.290s][info ][safepoint    ] Leaving safepoint region
[26.290s][info ][safepoint    ] Total time for which application threads were stopped: 0.0013417 seconds, Stopping threads took: 0.0000152 seconds
[26.291s][info ][safepoint    ] Application time: 0.0002287 seconds
[26.291s][info ][safepoint    ] Entering safepoint region: Deoptimize
[26.291s][info ][safepoint    ] Leaving safepoint region
[26.291s][info ][safepoint    ] Total time for which application threads were stopped: 0.0005763 seconds, Stopping threads took: 0.0000460 seconds
[26.488s][info ][safepoint    ] Application time: 0.1966771 seconds
[26.488s][info ][safepoint    ] Entering safepoint region: ICBufferFull
[26.488s][info ][safepoint    ] Leaving safepoint region
[26.488s][info ][safepoint    ] Total time for which application threads were stopped: 0.0002561 seconds, Stopping threads took: 0.0000155 seconds
[26.687s][info ][safepoint    ] Application time: 0.1986125 seconds
[26.687s][info ][safepoint    ] Entering safepoint region: ICBufferFull
[26.687s][info ][safepoint    ] Leaving safepoint region
[26.687s][info ][safepoint    ] Total time for which application threads were stopped: 0.0004422 seconds, Stopping threads took: 0.0002614 seconds
[26.858s][info ][safepoint    ] Application time: 0.1703575 seconds
[26.858s][info ][safepoint    ] Entering safepoint region: ICBufferFull
[26.858s][info ][safepoint    ] Leaving safepoint region
[26.858s][info ][safepoint    ] Total time for which application threads were stopped: 0.0002567 seconds, Stopping threads took: 0.0000162 seconds
[27.475s][info ][safepoint    ] Application time: 0.6170332 seconds
[27.475s][info ][safepoint    ] Entering safepoint region: GenCollectForAllocation
[27.475s][info ][gc,start     ] GC(94) Pause Young (Allocation Failure)
[27.475s][info ][gc,task      ] GC(94) Using 4 workers of 4 for evacuation
[27.499s][debug][gc,ref       ] GC(94) Skipped phase1 of Reference Processing due to unavailable references
[27.499s][debug][gc,ref       ] GC(94) Skipped phase3 of Reference Processing due to unavailable references
[27.499s][debug][gc,age       ] GC(94) Desired survivor size 15400960 bytes, new threshold 1 (max threshold 6)
[27.499s][info ][gc,heap      ] GC(94) ParNew: 256931K->30080K(270976K)
[27.499s][info ][gc,heap      ] GC(94) CMS: 184066K->196532K(602112K)
[27.499s][info ][gc,metaspace ] GC(94) Metaspace: 54529K->54529K(1099776K)
[27.499s][info ][gc           ] GC(94) Pause Young (Allocation Failure) 430M->221M(852M) 23.639ms
[27.499s][info ][gc,cpu       ] GC(94) User=0.10s Sys=0.00s Real=0.03s
[27.499s][info ][safepoint    ] Leaving safepoint region
[27.499s][info ][safepoint    ] Total time for which application threads were stopped: 0.0239841 seconds, Stopping threads took: 0.0000335 seconds
[28.499s][info ][safepoint    ] Application time: 1.0001118 seconds
[28.499s][info ][safepoint    ] Entering safepoint region: Cleanup
[28.499s][info ][safepoint    ] Leaving safepoint region
[28.499s][info ][safepoint    ] Total time for which application threads were stopped: 0.0002153 seconds, Stopping threads took: 0.0000353 seconds
[29.166s][info ][safepoint    ] Application time: 0.6670383 seconds
[29.167s][info ][safepoint    ] Entering safepoint region: ICBufferFull
[29.167s][info ][safepoint    ] Leaving safepoint region
[29.167s][info ][safepoint    ] Total time for which application threads were stopped: 0.0002308 seconds, Stopping threads took: 0.0000297 seconds
[30.008s][info ][safepoint    ] Application time: 0.8414089 seconds
[30.008s][info ][safepoint    ] Entering safepoint region: GenCollectForAllocation
[30.008s][info ][gc,start     ] GC(95) Pause Young (Allocation Failure)
[30.008s][info ][gc,task      ] GC(95) Using 4 workers of 4 for evacuation
[30.026s][debug][gc,ref       ] GC(95) Skipped phase1 of Reference Processing due to unavailable references
[30.026s][debug][gc,ref       ] GC(95) Skipped phase3 of Reference Processing due to unavailable references
[30.026s][debug][gc,age       ] GC(95) Desired survivor size 15400960 bytes, new threshold 6 (max threshold 6)
[30.026s][info ][gc,heap      ] GC(95) ParNew: 270976K->13265K(270976K)
[30.026s][info ][gc,heap      ] GC(95) CMS: 196532K->226681K(602112K)
[30.026s][info ][gc,metaspace ] GC(95) Metaspace: 54740K->54740K(1099776K)
[30.026s][info ][gc           ] GC(95) Pause Young (Allocation Failure) 456M->234M(852M) 17.450ms
[30.026s][info ][gc,cpu       ] GC(95) User=0.04s Sys=0.02s Real=0.02s
[30.026s][info ][safepoint    ] Leaving safepoint region
[30.026s][info ][safepoint    ] Total time for which application threads were stopped: 0.0177415 seconds, Stopping threads took: 0.0000172 seconds
[30.348s][info ][safepoint    ] Application time: 0.3216938 seconds
[31.371s][info ][safepoint    ] Entering safepoint region: RevokeBias
[31.372s][info ][safepoint    ] Leaving safepoint region
[31.372s][info ][safepoint    ] Total time for which application threads were stopped: 0.0003260 seconds, Stopping threads took: 0.0000315 seconds
[31.372s][info ][safepoint    ] Application time: 0.0001234 seconds
[31.372s][info ][safepoint    ] Entering safepoint region: RevokeBias
[31.372s][info ][safepoint    ] Leaving safepoint region
[31.372s][info ][safepoint    ] Total time for which application threads were stopped: 0.0000607 seconds, Stopping threads took: 0.0000072 seconds
[31.372s][info ][safepoint    ] Application time: 0.0000783 seconds
[31.372s][info ][safepoint    ] Entering safepoint region: RevokeBias
[31.372s][info ][safepoint    ] Leaving safepoint region
[31.372s][info ][safepoint    ] Total time for which application threads were stopped: 0.0000481 seconds, Stopping threads took: 0.0000179 seconds
[31.373s][info ][safepoint    ] Application time: 0.0010400 seconds
[31.373s][info ][safepoint    ] Entering safepoint region: RevokeBias
[31.373s][info ][safepoint    ] Leaving safepoint region
[31.373s][info ][safepoint    ] Total time for which application threads were stopped: 0.0000949 seconds, Stopping threads took: 0.0000091 seconds
[31.373s][info ][safepoint    ] Application time: 0.0000643 seconds
[31.373s][info ][safepoint    ] Entering safepoint region: RevokeBias
[31.373s][info ][safepoint    ] Leaving safepoint region
[31.373s][info ][safepoint    ] Total time for which application threads were stopped: 0.0000683 seconds, Stopping threads took: 0.0000066 seconds
[31.374s][info ][safepoint    ] Application time: 0.0001063 seconds
[31.374s][info ][safepoint    ] Entering safepoint region: RevokeBias
[31.374s][info ][safepoint    ] Leaving safepoint region
[31.374s][info ][safepoint    ] Total time for which application threads were stopped: 0.0000329 seconds, Stopping threads took: 0.0000069 seconds
[31.374s][info ][safepoint    ] Application time: 0.0001833 seconds
[31.374s][info ][safepoint    ] Entering safepoint region: RevokeBias
[31.374s][info ][safepoint    ] Leaving safepoint region
[31.374s][info ][safepoint    ] Total time for which application threads were stopped: 0.0001774 seconds, Stopping threads took: 0.0000076 seconds
[32.224s][info ][safepoint    ] Application time: 0.8495725 seconds
[32.224s][info ][safepoint    ] Entering safepoint region: ICBufferFull
[32.224s][info ][safepoint    ] Leaving safepoint region
[32.224s][info ][safepoint    ] Total time for which application threads were stopped: 0.0002169 seconds, Stopping threads took: 0.0000175 seconds
[32.566s][info ][safepoint    ] Application time: 0.3421462 seconds
[32.566s][info ][safepoint    ] Entering safepoint region: GenCollectForAllocation
[32.566s][info ][gc,start     ] GC(96) Pause Young (Allocation Failure)
[32.566s][info ][gc,task      ] GC(96) Using 4 workers of 4 for evacuation
[32.570s][debug][gc,ref       ] GC(96) Skipped phase1 of Reference Processing due to unavailable references
[32.570s][debug][gc,ref       ] GC(96) Skipped phase3 of Reference Processing due to unavailable references
[32.570s][debug][gc,ref       ] GC(96) Skipped phase4 of Reference Processing due to unavailable references
[32.571s][debug][gc,age       ] GC(96) Desired survivor size 15400960 bytes, new threshold 6 (max threshold 6)
[32.571s][info ][gc,heap      ] GC(96) ParNew: 254161K->3643K(270976K)
[32.571s][info ][gc,heap      ] GC(96) CMS: 226681K->226681K(602112K)
[32.571s][info ][gc,metaspace ] GC(96) Metaspace: 54881K->54881K(1099776K)
[32.571s][info ][gc           ] GC(96) Pause Young (Allocation Failure) 469M->224M(852M) 4.481ms
[32.571s][info ][gc,cpu       ] GC(96) User=0.02s Sys=0.00s Real=0.00s
[32.571s][info ][safepoint    ] Leaving safepoint region
[32.571s][info ][safepoint    ] Total time for which application threads were stopped: 0.0046757 seconds, Stopping threads took: 0.0000162 seconds
[33.557s][info ][safepoint    ] Application time: 0.9867538 seconds
[33.557s][info ][safepoint    ] Entering safepoint region: ICBufferFull
[33.558s][info ][safepoint    ] Leaving safepoint region
[33.558s][info ][safepoint    ] Total time for which application threads were stopped: 0.0001909 seconds, Stopping threads took: 0.0000167 seconds
[33.814s][info ][safepoint    ] Application time: 0.2567054 seconds
[33.815s][info ][safepoint    ] Entering safepoint region: RevokeBias
[33.815s][info ][safepoint    ] Leaving safepoint region
[33.815s][info ][safepoint    ] Total time for which application threads were stopped: 0.0002803 seconds, Stopping threads took: 0.0001619 seconds
[34.658s][info ][safepoint    ] Application time: 0.8431595 seconds
[34.658s][info ][safepoint    ] Entering safepoint region: ICBufferFull
[34.658s][info ][safepoint    ] Leaving safepoint region
[34.658s][info ][safepoint    ] Total time for which application threads were stopped: 0.0002415 seconds, Stopping threads took: 0.0000175 seconds
[35.359s][info ][safepoint    ] Application time: 0.7006713 seconds
[35.359s][info ][safepoint    ] Entering safepoint region: GenCollectForAllocation
[35.359s][info ][gc,start     ] GC(97) Pause Young (Allocation Failure)
[35.359s][info ][gc,task      ] GC(97) Using 4 workers of 4 for evacuation
[35.363s][debug][gc,ref       ] GC(97) Skipped phase1 of Reference Processing due to unavailable references
[35.363s][debug][gc,ref       ] GC(97) Skipped phase3 of Reference Processing due to unavailable references
[35.363s][debug][gc,age       ] GC(97) Desired survivor size 15400960 bytes, new threshold 6 (max threshold 6)
[35.363s][info ][gc,heap      ] GC(97) ParNew: 244539K->4036K(270976K)
[35.363s][info ][gc,heap      ] GC(97) CMS: 226681K->226681K(602112K)
[35.363s][info ][gc,metaspace ] GC(97) Metaspace: 54959K->54959K(1099776K)
[35.363s][info ][gc           ] GC(97) Pause Young (Allocation Failure) 460M->225M(852M) 3.769ms
[35.363s][info ][gc,cpu       ] GC(97) User=0.02s Sys=0.00s Real=0.00s
[35.363s][info ][safepoint    ] Leaving safepoint region
[35.363s][info ][safepoint    ] Total time for which application threads were stopped: 0.0040754 seconds, Stopping threads took: 0.0000612 seconds
[35.713s][info ][safepoint    ] Application time: 0.3497608 seconds
[35.713s][info ][safepoint    ] Entering safepoint region: ICBufferFull
[35.713s][info ][safepoint    ] Leaving safepoint region
[35.713s][info ][safepoint    ] Total time for which application threads were stopped: 0.0002552 seconds, Stopping threads took: 0.0000158 seconds
[36.361s][info ][safepoint    ] Application time: 0.6477453 seconds
[36.361s][info ][safepoint    ] Entering safepoint region: ICBufferFull
[36.361s][info ][safepoint    ] Leaving safepoint region
[36.361s][info ][safepoint    ] Total time for which application threads were stopped: 0.0002290 seconds, Stopping threads took: 0.0000161 seconds
[37.361s][info ][safepoint    ] Application time: 1.0001166 seconds
[37.361s][info ][safepoint    ] Entering safepoint region: Cleanup
[37.361s][info ][safepoint    ] Leaving safepoint region
[37.361s][info ][safepoint    ] Total time for which application threads were stopped: 0.0001511 seconds, Stopping threads took: 0.0000438 seconds
[38.168s][info ][safepoint    ] Application time: 0.8069096 seconds
[38.168s][info ][safepoint    ] Entering safepoint region: GenCollectForAllocation
[38.168s][info ][gc,start     ] GC(98) Pause Young (Allocation Failure)
[38.168s][info ][gc,task      ] GC(98) Using 4 workers of 4 for evacuation
[38.173s][debug][gc,ref       ] GC(98) Skipped phase1 of Reference Processing due to unavailable references
[38.173s][debug][gc,ref       ] GC(98) Skipped phase3 of Reference Processing due to unavailable references
[38.173s][debug][gc,age       ] GC(98) Desired survivor size 15400960 bytes, new threshold 6 (max threshold 6)
[38.174s][info ][gc,heap      ] GC(98) ParNew: 244932K->4314K(270976K)
[38.174s][info ][gc,heap      ] GC(98) CMS: 226681K->226681K(602112K)
[38.174s][info ][gc,metaspace ] GC(98) Metaspace: 55074K->55074K(1099776K)
[38.174s][info ][gc           ] GC(98) Pause Young (Allocation Failure) 460M->225M(852M) 5.134ms
[38.174s][info ][gc,cpu       ] GC(98) User=0.01s Sys=0.00s Real=0.00s
[38.174s][info ][safepoint    ] Leaving safepoint region
[38.174s][info ][safepoint    ] Total time for which application threads were stopped: 0.0053244 seconds, Stopping threads took: 0.0000155 seconds
[39.174s][info ][safepoint    ] Application time: 1.0001536 seconds
[39.174s][info ][safepoint    ] Entering safepoint region: Cleanup
[39.174s][info ][safepoint    ] Leaving safepoint region
[39.174s][info ][safepoint    ] Total time for which application threads were stopped: 0.0001687 seconds, Stopping threads took: 0.0000176 seconds
[40.174s][info ][safepoint    ] Application time: 1.0000983 seconds
[40.174s][info ][safepoint    ] Entering safepoint region: Cleanup
[40.174s][info ][safepoint    ] Leaving safepoint region
[40.174s][info ][safepoint    ] Total time for which application threads were stopped: 0.0001799 seconds, Stopping threads took: 0.0000160 seconds
[40.870s][info ][safepoint    ] Application time: 0.6955489 seconds
[40.870s][info ][safepoint    ] Entering safepoint region: GenCollectForAllocation
[40.870s][info ][gc,start     ] GC(99) Pause Young (Allocation Failure)
[40.870s][info ][gc,task      ] GC(99) Using 4 workers of 4 for evacuation
[40.874s][debug][gc,ref       ] GC(99) Skipped phase1 of Reference Processing due to unavailable references
[40.874s][debug][gc,ref       ] GC(99) Skipped phase3 of Reference Processing due to unavailable references
[40.874s][debug][gc,ref       ] GC(99) Skipped phase4 of Reference Processing due to unavailable references
[40.874s][debug][gc,age       ] GC(99) Desired survivor size 15400960 bytes, new threshold 6 (max threshold 6)
[40.874s][info ][gc,heap      ] GC(99) ParNew: 245210K->4892K(270976K)
[40.874s][info ][gc,heap      ] GC(99) CMS: 226681K->226681K(602112K)
[40.874s][info ][gc,metaspace ] GC(99) Metaspace: 55109K->55109K(1099776K)
[40.874s][info ][gc           ] GC(99) Pause Young (Allocation Failure) 460M->226M(852M) 4.251ms
[40.874s][info ][gc,cpu       ] GC(99) User=0.02s Sys=0.00s Real=0.00s
[40.874s][info ][safepoint    ] Leaving safepoint region
[40.874s][info ][safepoint    ] Total time for which application threads were stopped: 0.0044650 seconds, Stopping threads took: 0.0000184 seconds
[41.875s][info ][safepoint    ] Application time: 1.0002524 seconds
[41.875s][info ][safepoint    ] Entering safepoint region: Cleanup
[41.875s][info ][safepoint    ] Leaving safepoint region
[41.875s][info ][safepoint    ] Total time for which application threads were stopped: 0.0002069 seconds, Stopping threads took: 0.0000780 seconds
[42.875s][info ][safepoint    ] Application time: 1.0001098 seconds
[42.875s][info ][safepoint    ] Entering safepoint region: Cleanup
[42.876s][info ][safepoint    ] Leaving safepoint region
[42.876s][info ][safepoint    ] Total time for which application threads were stopped: 0.0001222 seconds, Stopping threads took: 0.0000174 seconds
[43.722s][info ][safepoint    ] Application time: 0.8460113 seconds
[43.722s][info ][safepoint    ] Entering safepoint region: GenCollectForAllocation
[43.722s][info ][gc,start     ] GC(100) Pause Young (Allocation Failure)
[43.722s][info ][gc,task      ] GC(100) Using 4 workers of 4 for evacuation
[43.725s][debug][gc,ref       ] GC(100) Skipped phase1 of Reference Processing due to unavailable references
[43.725s][debug][gc,ref       ] GC(100) Skipped phase3 of Reference Processing due to unavailable references
[43.725s][debug][gc,ref       ] GC(100) Skipped phase4 of Reference Processing due to unavailable references
[43.726s][debug][gc,age       ] GC(100) Desired survivor size 15400960 bytes, new threshold 6 (max threshold 6)
[43.726s][info ][gc,heap      ] GC(100) ParNew: 245788K->4587K(270976K)
[43.726s][info ][gc,heap      ] GC(100) CMS: 226681K->226681K(602112K)
[43.726s][info ][gc,metaspace ] GC(100) Metaspace: 55137K->55137K(1099776K)
[43.726s][info ][gc           ] GC(100) Pause Young (Allocation Failure) 461M->225M(852M) 3.869ms
[43.726s][info ][gc,cpu       ] GC(100) User=0.02s Sys=0.00s Real=0.01s
[43.726s][info ][safepoint    ] Leaving safepoint region
[43.726s][info ][safepoint    ] Total time for which application threads were stopped: 0.0040723 seconds, Stopping threads took: 0.0000153 seconds
[44.501s][info ][safepoint    ] Application time: 0.7756279 seconds
[44.501s][info ][safepoint    ] Entering safepoint region: ICBufferFull
[44.502s][info ][safepoint    ] Leaving safepoint region
[44.502s][info ][safepoint    ] Total time for which application threads were stopped: 0.0002279 seconds, Stopping threads took: 0.0000293 seconds
[45.502s][info ][safepoint    ] Application time: 1.0000994 seconds
[45.502s][info ][safepoint    ] Entering safepoint region: Cleanup
[45.502s][info ][safepoint    ] Leaving safepoint region
[45.502s][info ][safepoint    ] Total time for which application threads were stopped: 0.0001191 seconds, Stopping threads took: 0.0000160 seconds
[46.293s][info ][safepoint    ] Application time: 0.7916687 seconds
[46.294s][info ][safepoint    ] Entering safepoint region: ICBufferFull
[46.294s][info ][safepoint    ] Leaving safepoint region
[46.294s][info ][safepoint    ] Total time for which application threads were stopped: 0.0002184 seconds, Stopping threads took: 0.0000168 seconds
[46.471s][info ][safepoint    ] Application time: 0.1770171 seconds
[46.471s][info ][safepoint    ] Entering safepoint region: GenCollectForAllocation
[46.471s][info ][gc,start     ] GC(101) Pause Young (Allocation Failure)
[46.471s][info ][gc,task      ] GC(101) Using 4 workers of 4 for evacuation
[46.477s][debug][gc,ref       ] GC(101) Skipped phase1 of Reference Processing due to unavailable references
[46.477s][debug][gc,ref       ] GC(101) Skipped phase3 of Reference Processing due to unavailable references
[46.477s][debug][gc,age       ] GC(101) Desired survivor size 15400960 bytes, new threshold 6 (max threshold 6)
[46.477s][info ][gc,heap      ] GC(101) ParNew: 245483K->6094K(270976K)
[46.477s][info ][gc,heap      ] GC(101) CMS: 226681K->227782K(602112K)
[46.477s][info ][gc,metaspace ] GC(101) Metaspace: 55208K->55208K(1099776K)
[46.477s][info ][gc           ] GC(101) Pause Young (Allocation Failure) 461M->228M(852M) 6.091ms
[46.477s][info ][gc,cpu       ] GC(101) User=0.03s Sys=0.00s Real=0.01s
[46.477s][info ][safepoint    ] Leaving safepoint region
[46.477s][info ][safepoint    ] Total time for which application threads were stopped: 0.0063066 seconds, Stopping threads took: 0.0000280 seconds
[47.477s][info ][safepoint    ] Application time: 1.0001105 seconds
[47.477s][info ][safepoint    ] Entering safepoint region: Cleanup
[47.477s][info ][safepoint    ] Leaving safepoint region
[47.477s][info ][safepoint    ] Total time for which application threads were stopped: 0.0001166 seconds, Stopping threads took: 0.0000169 seconds
[48.478s][info ][safepoint    ] Application time: 1.0004757 seconds
[48.478s][info ][safepoint    ] Entering safepoint region: Cleanup
[48.478s][info ][safepoint    ] Leaving safepoint region
[48.478s][info ][safepoint    ] Total time for which application threads were stopped: 0.0001506 seconds, Stopping threads took: 0.0000535 seconds
[49.304s][info ][safepoint    ] Application time: 0.8256457 seconds
[49.304s][info ][safepoint    ] Entering safepoint region: GenCollectForAllocation
[49.304s][info ][gc,start     ] GC(102) Pause Young (Allocation Failure)
[49.304s][info ][gc,task      ] GC(102) Using 4 workers of 4 for evacuation
[49.309s][debug][gc,ref       ] GC(102) Skipped phase1 of Reference Processing due to unavailable references
[49.309s][debug][gc,ref       ] GC(102) Skipped phase3 of Reference Processing due to unavailable references
[49.309s][debug][gc,ref       ] GC(102) Skipped phase4 of Reference Processing due to unavailable references
[49.309s][debug][gc,age       ] GC(102) Desired survivor size 15400960 bytes, new threshold 6 (max threshold 6)
[49.309s][info ][gc,heap      ] GC(102) ParNew: 246990K->6302K(270976K)
[49.309s][info ][gc,heap      ] GC(102) CMS: 227782K->228231K(602112K)
[49.309s][info ][gc,metaspace ] GC(102) Metaspace: 55282K->55282K(1099776K)
[49.309s][info ][gc           ] GC(102) Pause Young (Allocation Failure) 463M->229M(852M) 5.199ms
[49.309s][info ][gc,cpu       ] GC(102) User=0.02s Sys=0.01s Real=0.01s
[49.309s][info ][safepoint    ] Leaving safepoint region
[49.309s][info ][safepoint    ] Total time for which application threads were stopped: 0.0054072 seconds, Stopping threads took: 0.0000166 seconds
[50.309s][info ][safepoint    ] Application time: 1.0000978 seconds
[50.310s][info ][safepoint    ] Entering safepoint region: Cleanup
[50.310s][info ][safepoint    ] Leaving safepoint region
[50.310s][info ][safepoint    ] Total time for which application threads were stopped: 0.0008740 seconds, Stopping threads took: 0.0007886 seconds
[51.310s][info ][safepoint    ] Application time: 1.0000808 seconds
[51.310s][info ][safepoint    ] Entering safepoint region: Cleanup
[51.310s][info ][safepoint    ] Leaving safepoint region
[51.310s][info ][safepoint    ] Total time for which application threads were stopped: 0.0001802 seconds, Stopping threads took: 0.0000826 seconds
[52.208s][info ][safepoint    ] Application time: 0.8976959 seconds
[52.208s][info ][safepoint    ] Entering safepoint region: GenCollectForAllocation
[52.208s][info ][gc,start     ] GC(103) Pause Young (Allocation Failure)
[52.208s][info ][gc,task      ] GC(103) Using 4 workers of 4 for evacuation
[52.222s][debug][gc,ref       ] GC(103) Skipped phase1 of Reference Processing due to unavailable references
[52.222s][debug][gc,ref       ] GC(103) Skipped phase3 of Reference Processing due to unavailable references
[52.222s][debug][gc,ref       ] GC(103) Skipped phase4 of Reference Processing due to unavailable references
[52.222s][debug][gc,age       ] GC(103) Desired survivor size 15400960 bytes, new threshold 6 (max threshold 6)
[52.222s][info ][gc,heap      ] GC(103) ParNew: 247198K->8373K(270976K)
[52.222s][info ][gc,heap      ] GC(103) CMS: 228231K->228423K(602112K)
[52.222s][info ][gc,metaspace ] GC(103) Metaspace: 55295K->55295K(1099776K)
[52.222s][info ][gc           ] GC(103) Pause Young (Allocation Failure) 464M->231M(852M) 13.960ms
[52.222s][info ][gc,cpu       ] GC(103) User=0.04s Sys=0.00s Real=0.01s
[52.222s][info ][safepoint    ] Leaving safepoint region
[52.222s][info ][safepoint    ] Total time for which application threads were stopped: 0.0141689 seconds, Stopping threads took: 0.0000169 seconds
[53.222s][info ][safepoint    ] Application time: 1.0000974 seconds
[53.223s][info ][safepoint    ] Entering safepoint region: Cleanup
[53.223s][info ][safepoint    ] Leaving safepoint region
[53.223s][info ][safepoint    ] Total time for which application threads were stopped: 0.0001436 seconds, Stopping threads took: 0.0000164 seconds
[54.223s][info ][safepoint    ] Application time: 1.0001383 seconds
[54.223s][info ][safepoint    ] Entering safepoint region: Cleanup
[54.223s][info ][safepoint    ] Leaving safepoint region
[54.223s][info ][safepoint    ] Total time for which application threads were stopped: 0.0001299 seconds, Stopping threads took: 0.0000156 seconds
[55.064s][info ][safepoint    ] Application time: 0.8409621 seconds
[55.064s][info ][safepoint    ] Entering safepoint region: GenCollectForAllocation
[55.064s][info ][gc,start     ] GC(104) Pause Young (Allocation Failure)
[55.064s][info ][gc,task      ] GC(104) Using 4 workers of 4 for evacuation
[55.073s][debug][gc,ref       ] GC(104) Skipped phase1 of Reference Processing due to unavailable references
[55.073s][debug][gc,ref       ] GC(104) Skipped phase3 of Reference Processing due to unavailable references
[55.073s][debug][gc,ref       ] GC(104) Skipped phase4 of Reference Processing due to unavailable references
[55.073s][debug][gc,age       ] GC(104) Desired survivor size 15400960 bytes, new threshold 6 (max threshold 6)
[55.073s][info ][gc,heap      ] GC(104) ParNew: 249269K->6684K(270976K)
[55.073s][info ][gc,heap      ] GC(104) CMS: 228423K->228645K(602112K)
[55.073s][info ][gc,metaspace ] GC(104) Metaspace: 55336K->55336K(1099776K)
[55.073s][info ][gc           ] GC(104) Pause Young (Allocation Failure) 466M->229M(852M) 9.272ms
[55.073s][info ][gc,cpu       ] GC(104) User=0.03s Sys=0.00s Real=0.00s
[55.073s][info ][safepoint    ] Leaving safepoint region
[55.073s][info ][safepoint    ] Total time for which application threads were stopped: 0.0094447 seconds, Stopping threads took: 0.0000192 seconds
[56.074s][info ][safepoint    ] Application time: 1.0001035 seconds
[56.074s][info ][safepoint    ] Entering safepoint region: Cleanup
[56.074s][info ][safepoint    ] Leaving safepoint region
[56.074s][info ][safepoint    ] Total time for which application threads were stopped: 0.0001763 seconds, Stopping threads took: 0.0000788 seconds
[57.074s][info ][safepoint    ] Application time: 1.0001043 seconds
[57.074s][info ][safepoint    ] Entering safepoint region: Cleanup
[57.074s][info ][safepoint    ] Leaving safepoint region
[57.074s][info ][safepoint    ] Total time for which application threads were stopped: 0.0001183 seconds, Stopping threads took: 0.0000164 seconds
[57.915s][info ][safepoint    ] Application time: 0.8405006 seconds
[57.915s][info ][safepoint    ] Entering safepoint region: GenCollectForAllocation
[57.915s][info ][gc,start     ] GC(105) Pause Young (Allocation Failure)
[57.915s][info ][gc,task      ] GC(105) Using 4 workers of 4 for evacuation
[57.920s][debug][gc,ref       ] GC(105) Skipped phase1 of Reference Processing due to unavailable references
[57.920s][debug][gc,ref       ] GC(105) Skipped phase3 of Reference Processing due to unavailable references
[57.920s][debug][gc,ref       ] GC(105) Skipped phase4 of Reference Processing due to unavailable references
[57.920s][debug][gc,age       ] GC(105) Desired survivor size 15400960 bytes, new threshold 6 (max threshold 6)
[57.920s][info ][gc,heap      ] GC(105) ParNew: 247580K->7803K(270976K)
[57.920s][info ][gc,heap      ] GC(105) CMS: 228645K->228772K(602112K)
[57.920s][info ][gc,metaspace ] GC(105) Metaspace: 55361K->55361K(1099776K)
[57.920s][info ][gc           ] GC(105) Pause Young (Allocation Failure) 465M->231M(852M) 5.365ms
[57.920s][info ][gc,cpu       ] GC(105) User=0.02s Sys=0.00s Real=0.01s
[57.920s][info ][safepoint    ] Leaving safepoint region
[57.920s][info ][safepoint    ] Total time for which application threads were stopped: 0.0055721 seconds, Stopping threads took: 0.0000166 seconds
[58.920s][info ][safepoint    ] Application time: 1.0001030 seconds
[58.920s][info ][safepoint    ] Entering safepoint region: Cleanup
[58.920s][info ][safepoint    ] Leaving safepoint region
[58.920s][info ][safepoint    ] Total time for which application threads were stopped: 0.0001778 seconds, Stopping threads took: 0.0000784 seconds
[59.921s][info ][safepoint    ] Application time: 1.0000981 seconds
[59.921s][info ][safepoint    ] Entering safepoint region: Cleanup
[59.921s][info ][safepoint    ] Leaving safepoint region
[59.921s][info ][safepoint    ] Total time for which application threads were stopped: 0.0001901 seconds, Stopping threads took: 0.0000424 seconds
[60.412s][info ][safepoint    ] Application time: 0.4910352 seconds
[60.412s][info ][safepoint    ] Entering safepoint region: GenCollectForAllocation
[60.412s][info ][gc,start     ] GC(106) Pause Young (Allocation Failure)
[60.412s][info ][gc,task      ] GC(106) Using 4 workers of 4 for evacuation
[60.418s][debug][gc,ref       ] GC(106) Skipped phase1 of Reference Processing due to unavailable references
[60.418s][debug][gc,ref       ] GC(106) Skipped phase3 of Reference Processing due to unavailable references
[60.418s][debug][gc,ref       ] GC(106) Skipped phase4 of Reference Processing due to unavailable references
[60.418s][debug][gc,age       ] GC(106) Desired survivor size 15400960 bytes, new threshold 6 (max threshold 6)
[60.418s][info ][gc,heap      ] GC(106) ParNew: 248699K->9575K(270976K)
[60.418s][info ][gc,heap      ] GC(106) CMS: 228772K->228831K(602112K)
[60.418s][info ][gc,metaspace ] GC(106) Metaspace: 55430K->55430K(1099776K)
[60.418s][info ][gc           ] GC(106) Pause Young (Allocation Failure) 466M->232M(852M) 6.447ms
[60.418s][info ][gc,cpu       ] GC(106) User=0.02s Sys=0.00s Real=0.01s
[60.418s][info ][safepoint    ] Leaving safepoint region
[60.418s][info ][safepoint    ] Total time for which application threads were stopped: 0.0066324 seconds, Stopping threads took: 0.0000169 seconds
[61.419s][info ][safepoint    ] Application time: 1.0001094 seconds
[61.419s][info ][safepoint    ] Entering safepoint region: Cleanup
[61.419s][info ][safepoint    ] Leaving safepoint region
[61.419s][info ][safepoint    ] Total time for which application threads were stopped: 0.0001384 seconds, Stopping threads took: 0.0000450 seconds
[62.419s][info ][safepoint    ] Application time: 1.0000974 seconds
[62.419s][info ][safepoint    ] Entering safepoint region: Cleanup
[62.419s][info ][safepoint    ] Leaving safepoint region
[62.419s][info ][safepoint    ] Total time for which application threads were stopped: 0.0001516 seconds, Stopping threads took: 0.0000384 seconds
[62.666s][info ][safepoint    ] Application time: 0.2467450 seconds
[62.666s][info ][safepoint    ] Entering safepoint region: GenCollectForAllocation
[62.666s][info ][gc,start     ] GC(107) Pause Young (Allocation Failure)
[62.666s][info ][gc,task      ] GC(107) Using 4 workers of 4 for evacuation
[62.673s][debug][gc,ref       ] GC(107) Skipped phase1 of Reference Processing due to unavailable references
[62.673s][debug][gc,ref       ] GC(107) Skipped phase3 of Reference Processing due to unavailable references
[62.673s][debug][gc,ref       ] GC(107) Skipped phase4 of Reference Processing due to unavailable references
[62.673s][debug][gc,age       ] GC(107) Desired survivor size 15400960 bytes, new threshold 6 (max threshold 6)
[62.673s][info ][gc,heap      ] GC(107) ParNew: 250471K->14143K(270976K)
[62.673s][info ][gc,heap      ] GC(107) CMS: 228831K->229895K(602112K)
[62.673s][info ][gc,metaspace ] GC(107) Metaspace: 55446K->55446K(1099776K)
[62.673s][info ][gc           ] GC(107) Pause Young (Allocation Failure) 468M->238M(852M) 7.083ms
[62.673s][info ][gc,cpu       ] GC(107) User=0.02s Sys=0.00s Real=0.00s
[62.673s][info ][safepoint    ] Leaving safepoint region
[62.673s][info ][safepoint    ] Total time for which application threads were stopped: 0.0072479 seconds, Stopping threads took: 0.0000169 seconds
[63.673s][info ][safepoint    ] Application time: 1.0000882 seconds
[63.673s][info ][safepoint    ] Entering safepoint region: Cleanup
[63.673s][info ][safepoint    ] Leaving safepoint region
[63.673s][info ][safepoint    ] Total time for which application threads were stopped: 0.0001253 seconds, Stopping threads took: 0.0000340 seconds
[64.673s][info ][safepoint    ] Application time: 1.0000940 seconds
[64.674s][info ][safepoint    ] Entering safepoint region: Cleanup
[64.674s][info ][safepoint    ] Leaving safepoint region
[64.674s][info ][safepoint    ] Total time for which application threads were stopped: 0.0001305 seconds, Stopping threads took: 0.0000511 seconds
[65.156s][info ][safepoint    ] Application time: 0.4827213 seconds
[65.156s][info ][safepoint    ] Entering safepoint region: GenCollectForAllocation
[65.157s][info ][gc,start     ] GC(108) Pause Young (Allocation Failure)
[65.157s][info ][gc,task      ] GC(108) Using 4 workers of 4 for evacuation
[65.164s][debug][gc,ref       ] GC(108) Skipped phase1 of Reference Processing due to unavailable references
[65.164s][debug][gc,ref       ] GC(108) Skipped phase3 of Reference Processing due to unavailable references
[65.164s][debug][gc,ref       ] GC(108) Skipped phase4 of Reference Processing due to unavailable references
[65.164s][debug][gc,age       ] GC(108) Desired survivor size 15400960 bytes, new threshold 6 (max threshold 6)
[65.164s][info ][gc,heap      ] GC(108) ParNew: 255039K->12213K(270976K)
[65.164s][info ][gc,heap      ] GC(108) CMS: 229895K->230375K(602112K)
[65.164s][info ][gc,metaspace ] GC(108) Metaspace: 55462K->55462K(1099776K)
[65.164s][info ][gc           ] GC(108) Pause Young (Allocation Failure) 473M->236M(852M) 7.382ms
[65.164s][info ][gc,cpu       ] GC(108) User=0.03s Sys=0.00s Real=0.00s
[65.164s][info ][safepoint    ] Leaving safepoint region
[65.164s][info ][safepoint    ] Total time for which application threads were stopped: 0.0076228 seconds, Stopping threads took: 0.0000177 seconds
[66.164s][info ][safepoint    ] Application time: 1.0001115 seconds
[66.164s][info ][safepoint    ] Entering safepoint region: Cleanup
[66.164s][info ][safepoint    ] Leaving safepoint region
[66.164s][info ][safepoint    ] Total time for which application threads were stopped: 0.0001455 seconds, Stopping threads took: 0.0000448 seconds
[67.164s][info ][safepoint    ] Application time: 1.0001058 seconds
[67.165s][info ][safepoint    ] Entering safepoint region: Cleanup
[67.165s][info ][safepoint    ] Leaving safepoint region
[67.165s][info ][safepoint    ] Total time for which application threads were stopped: 0.0001263 seconds, Stopping threads took: 0.0000478 seconds
[67.715s][info ][safepoint    ] Application time: 0.5508226 seconds
[67.716s][info ][safepoint    ] Entering safepoint region: GenCollectForAllocation
[67.716s][info ][gc,start     ] GC(109) Pause Young (Allocation Failure)
[67.716s][info ][gc,task      ] GC(109) Using 4 workers of 4 for evacuation
[67.722s][debug][gc,ref       ] GC(109) Skipped phase1 of Reference Processing due to unavailable references
[67.722s][debug][gc,ref       ] GC(109) Skipped phase3 of Reference Processing due to unavailable references
[67.722s][debug][gc,ref       ] GC(109) Skipped phase4 of Reference Processing due to unavailable references
[67.722s][debug][gc,age       ] GC(109) Desired survivor size 15400960 bytes, new threshold 6 (max threshold 6)
[67.722s][info ][gc,heap      ] GC(109) ParNew: 253109K->14498K(270976K)
[67.722s][info ][gc,heap      ] GC(109) CMS: 230375K->230435K(602112K)
[67.722s][info ][gc,metaspace ] GC(109) Metaspace: 55481K->55481K(1099776K)
[67.722s][info ][gc           ] GC(109) Pause Young (Allocation Failure) 472M->239M(852M) 6.468ms
[67.722s][info ][gc,cpu       ] GC(109) User=0.02s Sys=0.00s Real=0.01s
[67.722s][info ][safepoint    ] Leaving safepoint region
[67.722s][info ][safepoint    ] Total time for which application threads were stopped: 0.0067113 seconds, Stopping threads took: 0.0000184 seconds
[68.722s][info ][safepoint    ] Application time: 1.0001166 seconds
[68.722s][info ][safepoint    ] Entering safepoint region: Cleanup
[68.722s][info ][safepoint    ] Leaving safepoint region
[68.722s][info ][safepoint    ] Total time for which application threads were stopped: 0.0000952 seconds, Stopping threads took: 0.0000170 seconds
[69.723s][info ][safepoint    ] Application time: 1.0000720 seconds
[69.723s][info ][safepoint    ] Entering safepoint region: Cleanup
[69.723s][info ][safepoint    ] Leaving safepoint region
[69.723s][info ][safepoint    ] Total time for which application threads were stopped: 0.0000965 seconds, Stopping threads took: 0.0000157 seconds
[70.305s][info ][safepoint    ] Application time: 0.5826908 seconds
[70.305s][info ][safepoint    ] Entering safepoint region: GenCollectForAllocation
[70.306s][info ][gc,start     ] GC(110) Pause Young (Allocation Failure)
[70.306s][info ][gc,task      ] GC(110) Using 4 workers of 4 for evacuation
[70.312s][debug][gc,ref       ] GC(110) Skipped phase1 of Reference Processing due to unavailable references
[70.312s][debug][gc,ref       ] GC(110) Skipped phase3 of Reference Processing due to unavailable references
[70.312s][debug][gc,ref       ] GC(110) Skipped phase4 of Reference Processing due to unavailable references
[70.312s][debug][gc,age       ] GC(110) Desired survivor size 15400960 bytes, new threshold 6 (max threshold 6)
[70.312s][info ][gc,heap      ] GC(110) ParNew: 255394K->10519K(270976K)
[70.312s][info ][gc,heap      ] GC(110) CMS: 230435K->231209K(602112K)
[70.312s][info ][gc,metaspace ] GC(110) Metaspace: 55482K->55482K(1099776K)
[70.312s][info ][gc           ] GC(110) Pause Young (Allocation Failure) 474M->236M(852M) 6.888ms
[70.312s][info ][gc,cpu       ] GC(110) User=0.03s Sys=0.00s Real=0.00s
[70.312s][info ][safepoint    ] Leaving safepoint region
[70.313s][info ][safepoint    ] Total time for which application threads were stopped: 0.0070912 seconds, Stopping threads took: 0.0000419 seconds
[71.313s][info ][safepoint    ] Application time: 1.0001472 seconds
[71.313s][info ][safepoint    ] Entering safepoint region: Cleanup
[71.313s][info ][safepoint    ] Leaving safepoint region
[71.313s][info ][safepoint    ] Total time for which application threads were stopped: 0.0001502 seconds, Stopping threads took: 0.0000530 seconds
[72.313s][info ][safepoint    ] Application time: 1.0001022 seconds
[72.313s][info ][safepoint    ] Entering safepoint region: Cleanup
[72.313s][info ][safepoint    ] Leaving safepoint region
[72.313s][info ][safepoint    ] Total time for which application threads were stopped: 0.0001562 seconds, Stopping threads took: 0.0000645 seconds
[72.905s][info ][safepoint    ] Application time: 0.5923215 seconds
[72.906s][info ][safepoint    ] Entering safepoint region: GenCollectForAllocation
[72.906s][info ][gc,start     ] GC(111) Pause Young (Allocation Failure)
[72.906s][info ][gc,task      ] GC(111) Using 4 workers of 4 for evacuation
[72.912s][debug][gc,ref       ] GC(111) Skipped phase1 of Reference Processing due to unavailable references
[72.912s][debug][gc,ref       ] GC(111) Skipped phase3 of Reference Processing due to unavailable references
[72.912s][debug][gc,ref       ] GC(111) Skipped phase4 of Reference Processing due to unavailable references
[72.912s][debug][gc,age       ] GC(111) Desired survivor size 15400960 bytes, new threshold 6 (max threshold 6)
[72.912s][info ][gc,heap      ] GC(111) ParNew: 251415K->12668K(270976K)
[72.912s][info ][gc,heap      ] GC(111) CMS: 231209K->231375K(602112K)
[72.912s][info ][gc,metaspace ] GC(111) Metaspace: 55505K->55505K(1099776K)
[72.912s][info ][gc           ] GC(111) Pause Young (Allocation Failure) 471M->238M(852M) 6.381ms
[72.912s][info ][gc,cpu       ] GC(111) User=0.03s Sys=0.00s Real=0.00s
[72.912s][info ][safepoint    ] Leaving safepoint region
[72.912s][info ][safepoint    ] Total time for which application threads were stopped: 0.0065975 seconds, Stopping threads took: 0.0000422 seconds
[73.912s][info ][safepoint    ] Application time: 1.0001538 seconds
[73.912s][info ][safepoint    ] Entering safepoint region: Cleanup
[73.913s][info ][safepoint    ] Leaving safepoint region
[73.913s][info ][safepoint    ] Total time for which application threads were stopped: 0.0002943 seconds, Stopping threads took: 0.0000461 seconds
[74.826s][info ][safepoint    ] Application time: 0.9128978 seconds
[74.826s][info ][safepoint    ] Entering safepoint region: ICBufferFull
[74.826s][info ][safepoint    ] Leaving safepoint region
[74.826s][info ][safepoint    ] Total time for which application threads were stopped: 0.0002079 seconds, Stopping threads took: 0.0000343 seconds
[74.998s][info ][safepoint    ] Application time: 0.1718820 seconds
[74.998s][info ][safepoint    ] Entering safepoint region: GenCollectForAllocation
[74.998s][info ][gc,start     ] GC(112) Pause Young (Allocation Failure)
[74.998s][info ][gc,task      ] GC(112) Using 4 workers of 4 for evacuation
[75.010s][debug][gc,ref       ] GC(112) Skipped phase1 of Reference Processing due to unavailable references
[75.010s][debug][gc,ref       ] GC(112) Skipped phase3 of Reference Processing due to unavailable references
[75.010s][debug][gc,age       ] GC(112) Desired survivor size 15400960 bytes, new threshold 6 (max threshold 6)
[75.010s][info ][gc,heap      ] GC(112) ParNew: 253564K->17192K(270976K)
[75.010s][info ][gc,heap      ] GC(112) CMS: 231375K->234072K(602112K)
[75.010s][info ][gc,metaspace ] GC(112) Metaspace: 55750K->55750K(1099776K)
[75.010s][info ][gc           ] GC(112) Pause Young (Allocation Failure) 473M->245M(852M) 12.554ms
[75.010s][info ][gc,cpu       ] GC(112) User=0.05s Sys=0.00s Real=0.01s
[75.011s][info ][safepoint    ] Leaving safepoint region
[75.011s][info ][safepoint    ] Total time for which application threads were stopped: 0.0128505 seconds, Stopping threads took: 0.0001052 seconds
[75.737s][info ][safepoint    ] Application time: 0.7266559 seconds
[75.737s][info ][safepoint    ] Entering safepoint region: ICBufferFull
[75.737s][info ][safepoint    ] Leaving safepoint region
[75.737s][info ][safepoint    ] Total time for which application threads were stopped: 0.0002357 seconds, Stopping threads took: 0.0000139 seconds
[76.323s][info ][safepoint    ] Application time: 0.5852783 seconds
[76.323s][info ][safepoint    ] Entering safepoint region: GenCollectForAllocation
[76.323s][info ][gc,start     ] GC(113) Pause Young (Allocation Failure)
[76.323s][info ][gc,task      ] GC(113) Using 4 workers of 4 for evacuation
[76.335s][debug][gc,ref       ] GC(113) Skipped phase1 of Reference Processing due to unavailable references
[76.335s][debug][gc,ref       ] GC(113) Skipped phase3 of Reference Processing due to unavailable references
[76.335s][debug][gc,age       ] GC(113) Desired survivor size 15400960 bytes, new threshold 6 (max threshold 6)
[76.335s][info ][gc,heap      ] GC(113) ParNew: 258088K->11994K(270976K)
[76.335s][info ][gc,heap      ] GC(113) CMS: 234072K->236085K(602112K)
[76.335s][info ][gc,metaspace ] GC(113) Metaspace: 55867K->55867K(1099776K)
[76.335s][info ][gc           ] GC(113) Pause Young (Allocation Failure) 480M->242M(852M) 12.458ms
[76.335s][info ][gc,cpu       ] GC(113) User=0.03s Sys=0.00s Real=0.01s
[76.335s][info ][safepoint    ] Leaving safepoint region
[76.335s][info ][safepoint    ] Total time for which application threads were stopped: 0.0126721 seconds, Stopping threads took: 0.0000171 seconds
[77.336s][info ][safepoint    ] Application time: 1.0001019 seconds
[77.336s][info ][safepoint    ] Entering safepoint region: Cleanup
[77.336s][info ][safepoint    ] Leaving safepoint region
[77.336s][info ][safepoint    ] Total time for which application threads were stopped: 0.0001381 seconds, Stopping threads took: 0.0000325 seconds
[78.336s][info ][safepoint    ] Application time: 1.0000938 seconds
[78.340s][info ][safepoint    ] Entering safepoint region: Cleanup
[78.340s][info ][safepoint    ] Leaving safepoint region
[78.340s][info ][safepoint    ] Total time for which application threads were stopped: 0.0044535 seconds, Stopping threads took: 0.0043748 seconds
[78.930s][info ][safepoint    ] Application time: 0.5894102 seconds
[78.930s][info ][safepoint    ] Entering safepoint region: GenCollectForAllocation
[78.930s][info ][gc,start     ] GC(114) Pause Young (Allocation Failure)
[78.930s][info ][gc,task      ] GC(114) Using 4 workers of 4 for evacuation
[78.954s][debug][gc,ref       ] GC(114) Skipped phase1 of Reference Processing due to unavailable references
[78.954s][debug][gc,ref       ] GC(114) Skipped phase3 of Reference Processing due to unavailable references
[78.954s][debug][gc,ref       ] GC(114) Skipped phase4 of Reference Processing due to unavailable references
[78.954s][debug][gc,age       ] GC(114) Desired survivor size 15400960 bytes, new threshold 6 (max threshold 6)
[78.954s][info ][gc,heap      ] GC(114) ParNew: 252890K->6269K(270976K)
[78.954s][info ][gc,heap      ] GC(114) CMS: 236085K->236566K(602112K)
[78.954s][info ][gc,metaspace ] GC(114) Metaspace: 55888K->55888K(1099776K)
[78.954s][info ][gc           ] GC(114) Pause Young (Allocation Failure) 477M->237M(852M) 24.006ms
[78.954s][info ][gc,cpu       ] GC(114) User=0.04s Sys=0.00s Real=0.02s
[78.954s][info ][safepoint    ] Leaving safepoint region
[78.954s][info ][safepoint    ] Total time for which application threads were stopped: 0.0241906 seconds, Stopping threads took: 0.0000317 seconds
[79.954s][info ][safepoint    ] Application time: 1.0000604 seconds
[79.954s][info ][safepoint    ] Entering safepoint region: Cleanup
[79.954s][info ][safepoint    ] Leaving safepoint region
[79.954s][info ][safepoint    ] Total time for which application threads were stopped: 0.0001670 seconds, Stopping threads took: 0.0000428 seconds
[80.954s][info ][safepoint    ] Application time: 1.0000876 seconds
[80.954s][info ][safepoint    ] Entering safepoint region: Cleanup
[80.954s][info ][safepoint    ] Leaving safepoint region
[80.954s][info ][safepoint    ] Total time for which application threads were stopped: 0.0000921 seconds, Stopping threads took: 0.0000187 seconds
[81.537s][info ][safepoint    ] Application time: 0.5827708 seconds
[81.537s][info ][safepoint    ] Entering safepoint region: GenCollectForAllocation
[81.537s][info ][gc,start     ] GC(115) Pause Young (Allocation Failure)
[81.537s][info ][gc,task      ] GC(115) Using 4 workers of 4 for evacuation
[81.544s][debug][gc,ref       ] GC(115) Skipped phase1 of Reference Processing due to unavailable references
[81.544s][debug][gc,ref       ] GC(115) Skipped phase3 of Reference Processing due to unavailable references
[81.544s][debug][gc,ref       ] GC(115) Skipped phase4 of Reference Processing due to unavailable references
[81.544s][debug][gc,age       ] GC(115) Desired survivor size 15400960 bytes, new threshold 6 (max threshold 6)
[81.544s][info ][gc,heap      ] GC(115) ParNew: 247165K->8496K(270976K)
[81.544s][info ][gc,heap      ] GC(115) CMS: 236566K->236721K(602112K)
[81.544s][info ][gc,metaspace ] GC(115) Metaspace: 55904K->55904K(1099776K)
[81.544s][info ][gc           ] GC(115) Pause Young (Allocation Failure) 472M->239M(852M) 6.491ms
[81.544s][info ][gc,cpu       ] GC(115) User=0.02s Sys=0.01s Real=0.00s
[81.544s][info ][safepoint    ] Leaving safepoint region
[81.544s][info ][safepoint    ] Total time for which application threads were stopped: 0.0067557 seconds, Stopping threads took: 0.0000977 seconds
[82.544s][info ][safepoint    ] Application time: 1.0001201 seconds
[82.556s][info ][safepoint    ] Entering safepoint region: Cleanup
[82.557s][info ][safepoint    ] Leaving safepoint region
[82.557s][info ][safepoint    ] Total time for which application threads were stopped: 0.0124411 seconds, Stopping threads took: 0.0123432 seconds
[83.557s][info ][safepoint    ] Application time: 1.0001672 seconds
[83.557s][info ][safepoint    ] Entering safepoint region: Cleanup
[83.557s][info ][safepoint    ] Leaving safepoint region
[83.557s][info ][safepoint    ] Total time for which application threads were stopped: 0.0001527 seconds, Stopping threads took: 0.0000289 seconds
[84.123s][info ][safepoint    ] Application time: 0.5659235 seconds
[84.123s][info ][safepoint    ] Entering safepoint region: GenCollectForAllocation
[84.123s][info ][gc,start     ] GC(116) Pause Young (Allocation Failure)
[84.123s][info ][gc,task      ] GC(116) Using 4 workers of 4 for evacuation
[84.130s][debug][gc,ref       ] GC(116) Skipped phase1 of Reference Processing due to unavailable references
[84.130s][debug][gc,ref       ] GC(116) Skipped phase3 of Reference Processing due to unavailable references
[84.130s][debug][gc,ref       ] GC(116) Skipped phase4 of Reference Processing due to unavailable references
[84.130s][debug][gc,age       ] GC(116) Desired survivor size 15400960 bytes, new threshold 6 (max threshold 6)
[84.130s][info ][gc,heap      ] GC(116) ParNew: 249392K->10661K(270976K)
[84.130s][info ][gc,heap      ] GC(116) CMS: 236721K->236791K(602112K)
[84.130s][info ][gc,metaspace ] GC(116) Metaspace: 55915K->55915K(1099776K)
[84.130s][info ][gc           ] GC(116) Pause Young (Allocation Failure) 474M->241M(852M) 6.836ms
[84.130s][info ][gc,cpu       ] GC(116) User=0.02s Sys=0.00s Real=0.01s
[84.130s][info ][safepoint    ] Leaving safepoint region
[84.130s][info ][safepoint    ] Total time for which application threads were stopped: 0.0072203 seconds, Stopping threads took: 0.0002068 seconds
[85.130s][info ][safepoint    ] Application time: 1.0001959 seconds
[85.130s][info ][safepoint    ] Entering safepoint region: Cleanup
[85.131s][info ][safepoint    ] Leaving safepoint region
[85.131s][info ][safepoint    ] Total time for which application threads were stopped: 0.0001965 seconds, Stopping threads took: 0.0001131 seconds
[86.131s][info ][safepoint    ] Application time: 1.0000933 seconds
[86.131s][info ][safepoint    ] Entering safepoint region: Cleanup
[86.132s][info ][safepoint    ] Leaving safepoint region
[86.132s][info ][safepoint    ] Total time for which application threads were stopped: 0.0009745 seconds, Stopping threads took: 0.0007352 seconds
[86.594s][info ][safepoint    ] Application time: 0.4624747 seconds
[86.594s][info ][safepoint    ] Entering safepoint region: GenCollectForAllocation
[86.595s][info ][gc,start     ] GC(117) Pause Young (Allocation Failure)
[86.595s][info ][gc,task      ] GC(117) Using 4 workers of 4 for evacuation
[86.610s][debug][gc,ref       ] GC(117) Skipped phase1 of Reference Processing due to unavailable references
[86.610s][debug][gc,ref       ] GC(117) Skipped phase3 of Reference Processing due to unavailable references
[86.610s][debug][gc,age       ] GC(117) Desired survivor size 15400960 bytes, new threshold 6 (max threshold 6)
[86.610s][info ][gc,heap      ] GC(117) ParNew: 251557K->12460K(270976K)
[86.610s][info ][gc,heap      ] GC(117) CMS: 236791K->236895K(602112K)
[86.610s][info ][gc,metaspace ] GC(117) Metaspace: 55971K->55971K(1099776K)
[86.610s][info ][gc           ] GC(117) Pause Young (Allocation Failure) 476M->243M(852M) 15.802ms
[86.610s][info ][gc,cpu       ] GC(117) User=0.04s Sys=0.00s Real=0.02s
[86.610s][info ][safepoint    ] Leaving safepoint region
[86.610s][info ][safepoint    ] Total time for which application threads were stopped: 0.0162209 seconds, Stopping threads took: 0.0002316 seconds
[87.613s][info ][safepoint    ] Application time: 1.0025587 seconds
[87.613s][info ][safepoint    ] Entering safepoint region: Cleanup
[87.613s][info ][safepoint    ] Leaving safepoint region
[87.613s][info ][safepoint    ] Total time for which application threads were stopped: 0.0001994 seconds, Stopping threads took: 0.0000546 seconds
[88.613s][info ][safepoint    ] Application time: 1.0000997 seconds
[88.613s][info ][safepoint    ] Entering safepoint region: Cleanup
[88.614s][info ][safepoint    ] Leaving safepoint region
[88.614s][info ][safepoint    ] Total time for which application threads were stopped: 0.0002112 seconds, Stopping threads took: 0.0000837 seconds
[89.218s][info ][safepoint    ] Application time: 0.6047109 seconds
[89.218s][info ][safepoint    ] Entering safepoint region: GenCollectForAllocation
[89.218s][info ][gc,start     ] GC(118) Pause Young (Allocation Failure)
[89.218s][info ][gc,task      ] GC(118) Using 4 workers of 4 for evacuation
[89.228s][debug][gc,ref       ] GC(118) Skipped phase1 of Reference Processing due to unavailable references
[89.228s][debug][gc,ref       ] GC(118) Skipped phase3 of Reference Processing due to unavailable references
[89.228s][debug][gc,ref       ] GC(118) Skipped phase4 of Reference Processing due to unavailable references
[89.228s][debug][gc,age       ] GC(118) Desired survivor size 15400960 bytes, new threshold 6 (max threshold 6)
[89.228s][info ][gc,heap      ] GC(118) ParNew: 253356K->19008K(270976K)
[89.228s][info ][gc,heap      ] GC(118) CMS: 236895K->238286K(602112K)
[89.228s][info ][gc,metaspace ] GC(118) Metaspace: 55983K->55983K(1099776K)
[89.228s][info ][gc           ] GC(118) Pause Young (Allocation Failure) 478M->251M(852M) 9.504ms
[89.228s][info ][gc,cpu       ] GC(118) User=0.03s Sys=0.00s Real=0.01s
[89.228s][info ][safepoint    ] Leaving safepoint region
[89.228s][info ][safepoint    ] Total time for which application threads were stopped: 0.0096873 seconds, Stopping threads took: 0.0000165 seconds
[90.228s][info ][safepoint    ] Application time: 1.0001031 seconds
[90.228s][info ][safepoint    ] Entering safepoint region: Cleanup
[90.228s][info ][safepoint    ] Leaving safepoint region
[90.228s][info ][safepoint    ] Total time for which application threads were stopped: 0.0000734 seconds, Stopping threads took: 0.0000183 seconds
[91.229s][info ][safepoint    ] Application time: 1.0005023 seconds
[91.229s][info ][safepoint    ] Entering safepoint region: Cleanup
[91.229s][info ][safepoint    ] Leaving safepoint region
[91.229s][info ][safepoint    ] Total time for which application threads were stopped: 0.0000864 seconds, Stopping threads took: 0.0000174 seconds
[92.162s][info ][safepoint    ] Application time: 0.9334446 seconds
[92.162s][info ][safepoint    ] Entering safepoint region: GenCollectForAllocation
[92.162s][info ][gc,start     ] GC(119) Pause Young (Allocation Failure)
[92.162s][info ][gc,task      ] GC(119) Using 4 workers of 4 for evacuation
[92.169s][debug][gc,ref       ] GC(119) Skipped phase1 of Reference Processing due to unavailable references
[92.169s][debug][gc,ref       ] GC(119) Skipped phase3 of Reference Processing due to unavailable references
[92.169s][debug][gc,ref       ] GC(119) Skipped phase4 of Reference Processing due to unavailable references
[92.170s][debug][gc,age       ] GC(119) Desired survivor size 15400960 bytes, new threshold 6 (max threshold 6)
[92.170s][info ][gc,heap      ] GC(119) ParNew: 259904K->12236K(270976K)
[92.170s][info ][gc,heap      ] GC(119) CMS: 238286K->238601K(602112K)
[92.170s][info ][gc,metaspace ] GC(119) Metaspace: 55987K->55987K(1099776K)
[92.170s][info ][gc           ] GC(119) Pause Young (Allocation Failure) 486M->244M(852M) 7.161ms
[92.170s][info ][gc,cpu       ] GC(119) User=0.02s Sys=0.00s Real=0.01s
[92.170s][info ][safepoint    ] Leaving safepoint region
[92.170s][info ][safepoint    ] Total time for which application threads were stopped: 0.0073211 seconds, Stopping threads took: 0.0000159 seconds
[93.170s][info ][safepoint    ] Application time: 1.0000709 seconds
[93.170s][info ][safepoint    ] Entering safepoint region: Cleanup
[93.170s][info ][safepoint    ] Leaving safepoint region
[93.170s][info ][safepoint    ] Total time for which application threads were stopped: 0.0000820 seconds, Stopping threads took: 0.0000186 seconds
[94.170s][info ][safepoint    ] Application time: 1.0000869 seconds
[94.170s][info ][safepoint    ] Entering safepoint region: Cleanup
[94.170s][info ][safepoint    ] Leaving safepoint region
[94.170s][info ][safepoint    ] Total time for which application threads were stopped: 0.0001032 seconds, Stopping threads took: 0.0000394 seconds
[95.170s][info ][safepoint    ] Application time: 1.0000805 seconds
[95.170s][info ][safepoint    ] Entering safepoint region: Cleanup
[95.171s][info ][safepoint    ] Leaving safepoint region
[95.171s][info ][safepoint    ] Total time for which application threads were stopped: 0.0003541 seconds, Stopping threads took: 0.0002585 seconds
[95.339s][info ][safepoint    ] Application time: 0.1685300 seconds
[95.339s][info ][safepoint    ] Entering safepoint region: GenCollectForAllocation
[95.339s][info ][gc,start     ] GC(120) Pause Young (Allocation Failure)
[95.339s][info ][gc,task      ] GC(120) Using 4 workers of 4 for evacuation
[95.346s][debug][gc,ref       ] GC(120) Skipped phase1 of Reference Processing due to unavailable references
[95.346s][debug][gc,ref       ] GC(120) Skipped phase3 of Reference Processing due to unavailable references
[95.346s][debug][gc,age       ] GC(120) Desired survivor size 15400960 bytes, new threshold 6 (max threshold 6)
[95.346s][info ][gc,heap      ] GC(120) ParNew: 253132K->15407K(270976K)
[95.346s][info ][gc,heap      ] GC(120) CMS: 238601K->239152K(602112K)
[95.346s][info ][gc,metaspace ] GC(120) Metaspace: 55994K->55994K(1099776K)
[95.346s][info ][gc           ] GC(120) Pause Young (Allocation Failure) 480M->248M(852M) 7.138ms
[95.346s][info ][gc,cpu       ] GC(120) User=0.03s Sys=0.00s Real=0.01s
[95.346s][info ][safepoint    ] Leaving safepoint region
[95.346s][info ][safepoint    ] Total time for which application threads were stopped: 0.0073526 seconds, Stopping threads took: 0.0000415 seconds
[96.347s][info ][safepoint    ] Application time: 1.0001285 seconds
[96.347s][info ][safepoint    ] Entering safepoint region: Cleanup
[96.347s][info ][safepoint    ] Leaving safepoint region
[96.347s][info ][safepoint    ] Total time for which application threads were stopped: 0.0000920 seconds, Stopping threads took: 0.0000175 seconds
[97.347s][info ][safepoint    ] Application time: 1.0000956 seconds
[97.347s][info ][safepoint    ] Entering safepoint region: Cleanup
[97.347s][info ][safepoint    ] Leaving safepoint region
[97.347s][info ][safepoint    ] Total time for which application threads were stopped: 0.0001389 seconds, Stopping threads took: 0.0000737 seconds
[98.347s][info ][safepoint    ] Application time: 1.0000914 seconds
[98.347s][info ][safepoint    ] Entering safepoint region: Cleanup
[98.347s][info ][safepoint    ] Leaving safepoint region
[98.347s][info ][safepoint    ] Total time for which application threads were stopped: 0.0000746 seconds, Stopping threads took: 0.0000201 seconds
[98.418s][info ][safepoint    ] Application time: 0.0703140 seconds
[98.418s][info ][safepoint    ] Entering safepoint region: GenCollectForAllocation
[98.418s][info ][gc,start     ] GC(121) Pause Young (Allocation Failure)
[98.418s][info ][gc,task      ] GC(121) Using 4 workers of 4 for evacuation
[98.425s][debug][gc,ref       ] GC(121) Skipped phase1 of Reference Processing due to unavailable references
[98.425s][debug][gc,ref       ] GC(121) Skipped phase3 of Reference Processing due to unavailable references
[98.425s][debug][gc,ref       ] GC(121) Skipped phase4 of Reference Processing due to unavailable references
[98.426s][debug][gc,age       ] GC(121) Desired survivor size 15400960 bytes, new threshold 6 (max threshold 6)
[98.426s][info ][gc,heap      ] GC(121) ParNew: 256303K->16203K(270976K)
[98.426s][info ][gc,heap      ] GC(121) CMS: 239152K->239801K(602112K)
[98.426s][info ][gc,metaspace ] GC(121) Metaspace: 55997K->55997K(1099776K)
[98.426s][info ][gc           ] GC(121) Pause Young (Allocation Failure) 483M->250M(852M) 7.895ms
[98.426s][info ][gc,cpu       ] GC(121) User=0.02s Sys=0.00s Real=0.01s
[98.426s][info ][safepoint    ] Leaving safepoint region
[98.426s][info ][safepoint    ] Total time for which application threads were stopped: 0.0080513 seconds, Stopping threads took: 0.0000167 seconds
[99.426s][info ][safepoint    ] Application time: 1.0000887 seconds
[99.426s][info ][safepoint    ] Entering safepoint region: Cleanup
[99.426s][info ][safepoint    ] Leaving safepoint region
[99.426s][info ][safepoint    ] Total time for which application threads were stopped: 0.0000855 seconds, Stopping threads took: 0.0000291 seconds
[100.426s][info ][safepoint    ] Application time: 1.0000849 seconds
[100.426s][info ][safepoint    ] Entering safepoint region: Cleanup
[100.426s][info ][safepoint    ] Leaving safepoint region
[100.426s][info ][safepoint    ] Total time for which application threads were stopped: 0.0000926 seconds, Stopping threads took: 0.0000185 seconds
[101.426s][info ][safepoint    ] Application time: 1.0000984 seconds
[101.426s][info ][safepoint    ] Entering safepoint region: Cleanup
[101.426s][info ][safepoint    ] Leaving safepoint region
[101.426s][info ][safepoint    ] Total time for which application threads were stopped: 0.0001105 seconds, Stopping threads took: 0.0000185 seconds
[101.604s][info ][safepoint    ] Application time: 0.1775827 seconds
[101.604s][info ][safepoint    ] Entering safepoint region: GenCollectForAllocation
[101.604s][info ][gc,start     ] GC(122) Pause Young (Allocation Failure)
[101.604s][info ][gc,task      ] GC(122) Using 4 workers of 4 for evacuation
[101.610s][debug][gc,ref       ] GC(122) Skipped phase1 of Reference Processing due to unavailable references
[101.610s][debug][gc,ref       ] GC(122) Skipped phase2 of Reference Processing due to unavailable references
[101.610s][debug][gc,ref       ] GC(122) Skipped phase3 of Reference Processing due to unavailable references
[101.610s][debug][gc,ref       ] GC(122) Skipped phase4 of Reference Processing due to unavailable references
[101.610s][debug][gc,age       ] GC(122) Desired survivor size 15400960 bytes, new threshold 6 (max threshold 6)
[101.610s][info ][gc,heap      ] GC(122) ParNew: 257099K->11177K(270976K)
[101.610s][info ][gc,heap      ] GC(122) CMS: 239801K->240719K(602112K)
[101.610s][info ][gc,metaspace ] GC(122) Metaspace: 56004K->56004K(1099776K)
[101.610s][info ][gc           ] GC(122) Pause Young (Allocation Failure) 485M->245M(852M) 6.230ms
[101.610s][info ][gc,cpu       ] GC(122) User=0.02s Sys=0.00s Real=0.00s
[101.610s][info ][safepoint    ] Leaving safepoint region
[101.610s][info ][safepoint    ] Total time for which application threads were stopped: 0.0063809 seconds, Stopping threads took: 0.0000180 seconds
[102.610s][info ][safepoint    ] Application time: 1.0000945 seconds
[102.611s][info ][safepoint    ] Entering safepoint region: Cleanup
[102.611s][info ][safepoint    ] Leaving safepoint region
[102.611s][info ][safepoint    ] Total time for which application threads were stopped: 0.0001271 seconds, Stopping threads took: 0.0000432 seconds
[103.611s][info ][safepoint    ] Application time: 1.0000967 seconds
[103.611s][info ][safepoint    ] Entering safepoint region: Cleanup
[103.611s][info ][safepoint    ] Leaving safepoint region
[103.611s][info ][safepoint    ] Total time for which application threads were stopped: 0.0001215 seconds, Stopping threads took: 0.0000511 seconds
[104.611s][info ][safepoint    ] Application time: 1.0000921 seconds
[104.611s][info ][safepoint    ] Entering safepoint region: Cleanup
[104.611s][info ][safepoint    ] Leaving safepoint region
[104.611s][info ][safepoint    ] Total time for which application threads were stopped: 0.0001794 seconds, Stopping threads took: 0.0000771 seconds
[104.656s][info ][safepoint    ] Application time: 0.0448301 seconds
[104.656s][info ][safepoint    ] Entering safepoint region: GenCollectForAllocation
[104.656s][info ][gc,start     ] GC(123) Pause Young (Allocation Failure)
[104.656s][info ][gc,task      ] GC(123) Using 4 workers of 4 for evacuation
[104.665s][debug][gc,ref       ] GC(123) Skipped phase1 of Reference Processing due to unavailable references
[104.665s][debug][gc,ref       ] GC(123) Skipped phase2 of Reference Processing due to unavailable references
[104.665s][debug][gc,ref       ] GC(123) Skipped phase3 of Reference Processing due to unavailable references
[104.665s][debug][gc,ref       ] GC(123) Skipped phase4 of Reference Processing due to unavailable references
[104.665s][debug][gc,age       ] GC(123) Desired survivor size 15400960 bytes, new threshold 6 (max threshold 6)
[104.665s][info ][gc,heap      ] GC(123) ParNew: 252073K->7231K(270976K)
[104.665s][info ][gc,heap      ] GC(123) CMS: 240719K->244342K(602112K)
[104.665s][info ][gc,metaspace ] GC(123) Metaspace: 56012K->56012K(1099776K)
[104.665s][info ][gc           ] GC(123) Pause Young (Allocation Failure) 481M->245M(852M) 9.122ms
[104.665s][info ][gc,cpu       ] GC(123) User=0.03s Sys=0.00s Real=0.01s
[104.665s][info ][safepoint    ] Leaving safepoint region
[104.665s][info ][safepoint    ] Total time for which application threads were stopped: 0.0093498 seconds, Stopping threads took: 0.0000524 seconds
[105.666s][info ][safepoint    ] Application time: 1.0001120 seconds
[105.666s][info ][safepoint    ] Entering safepoint region: Cleanup
[105.666s][info ][safepoint    ] Leaving safepoint region
[105.666s][info ][safepoint    ] Total time for which application threads were stopped: 0.0001556 seconds, Stopping threads took: 0.0000655 seconds
[106.667s][info ][safepoint    ] Application time: 1.0014674 seconds
[106.667s][info ][safepoint    ] Entering safepoint region: Cleanup
[106.667s][info ][safepoint    ] Leaving safepoint region
[106.667s][info ][safepoint    ] Total time for which application threads were stopped: 0.0001741 seconds, Stopping threads took: 0.0000837 seconds
[107.570s][info ][safepoint    ] Application time: 0.9029559 seconds
[107.570s][info ][safepoint    ] Entering safepoint region: GenCollectForAllocation
[107.571s][info ][gc,start     ] GC(124) Pause Young (Allocation Failure)
[107.571s][info ][gc,task      ] GC(124) Using 4 workers of 4 for evacuation
[107.576s][debug][gc,ref       ] GC(124) Skipped phase1 of Reference Processing due to unavailable references
[107.576s][debug][gc,ref       ] GC(124) Skipped phase2 of Reference Processing due to unavailable references
[107.576s][debug][gc,ref       ] GC(124) Skipped phase3 of Reference Processing due to unavailable references
[107.576s][debug][gc,ref       ] GC(124) Skipped phase4 of Reference Processing due to unavailable references
[107.576s][debug][gc,age       ] GC(124) Desired survivor size 15400960 bytes, new threshold 6 (max threshold 6)
[107.576s][info ][gc,heap      ] GC(124) ParNew: 248127K->3378K(270976K)
[107.576s][info ][gc,heap      ] GC(124) CMS: 244342K->247429K(602112K)
[107.576s][info ][gc,metaspace ] GC(124) Metaspace: 56021K->56021K(1099776K)
[107.576s][info ][gc           ] GC(124) Pause Young (Allocation Failure) 480M->244M(852M) 5.883ms
[107.576s][info ][gc,cpu       ] GC(124) User=0.03s Sys=0.00s Real=0.01s
[107.577s][info ][safepoint    ] Leaving safepoint region
[107.577s][info ][safepoint    ] Total time for which application threads were stopped: 0.0060389 seconds, Stopping threads took: 0.0000161 seconds
[108.577s][info ][safepoint    ] Application time: 1.0000869 seconds
[108.577s][info ][safepoint    ] Entering safepoint region: Cleanup
[108.577s][info ][safepoint    ] Leaving safepoint region
[108.577s][info ][safepoint    ] Total time for which application threads were stopped: 0.0000901 seconds, Stopping threads took: 0.0000170 seconds
[109.577s][info ][safepoint    ] Application time: 1.0001439 seconds
[109.577s][info ][safepoint    ] Entering safepoint region: Cleanup
[109.577s][info ][safepoint    ] Leaving safepoint region
[109.577s][info ][safepoint    ] Total time for which application threads were stopped: 0.0002613 seconds, Stopping threads took: 0.0000160 seconds
[110.577s][info ][safepoint    ] Application time: 1.0000923 seconds
[110.577s][info ][safepoint    ] Entering safepoint region: Cleanup
[110.577s][info ][safepoint    ] Leaving safepoint region
[110.577s][info ][safepoint    ] Total time for which application threads were stopped: 0.0001564 seconds, Stopping threads took: 0.0000164 seconds
[110.609s][info ][safepoint    ] Application time: 0.0312174 seconds
[110.609s][info ][safepoint    ] Entering safepoint region: GenCollectForAllocation
[110.609s][info ][gc,start     ] GC(125) Pause Young (Allocation Failure)
[110.609s][info ][gc,task      ] GC(125) Using 4 workers of 4 for evacuation
[110.613s][debug][gc,ref       ] GC(125) Skipped phase1 of Reference Processing due to unavailable references
[110.613s][debug][gc,ref       ] GC(125) Skipped phase3 of Reference Processing due to unavailable references
[110.613s][debug][gc,age       ] GC(125) Desired survivor size 15400960 bytes, new threshold 6 (max threshold 6)
[110.613s][info ][gc,heap      ] GC(125) ParNew: 244274K->2531K(270976K)
[110.613s][info ][gc,heap      ] GC(125) CMS: 247429K->247630K(602112K)
[110.613s][info ][gc,metaspace ] GC(125) Metaspace: 56036K->56036K(1099776K)
[110.613s][info ][gc           ] GC(125) Pause Young (Allocation Failure) 480M->244M(852M) 3.901ms
[110.613s][info ][gc,cpu       ] GC(125) User=0.01s Sys=0.00s Real=0.00s
[110.613s][info ][safepoint    ] Leaving safepoint region
[110.613s][info ][safepoint    ] Total time for which application threads were stopped: 0.0040604 seconds, Stopping threads took: 0.0000162 seconds
[111.613s][info ][safepoint    ] Application time: 1.0000969 seconds
[111.613s][info ][safepoint    ] Entering safepoint region: Cleanup
[111.613s][info ][safepoint    ] Leaving safepoint region
[111.613s][info ][safepoint    ] Total time for which application threads were stopped: 0.0001789 seconds, Stopping threads took: 0.0000445 seconds
[112.613s][info ][safepoint    ] Application time: 1.0000576 seconds
[112.613s][info ][safepoint    ] Entering safepoint region: Cleanup
[112.613s][info ][safepoint    ] Leaving safepoint region
[112.613s][info ][safepoint    ] Total time for which application threads were stopped: 0.0001399 seconds, Stopping threads took: 0.0000429 seconds
[113.473s][info ][safepoint    ] Application time: 0.8596598 seconds
[113.473s][info ][safepoint    ] Entering safepoint region: GenCollectForAllocation
[113.473s][info ][gc,start     ] GC(126) Pause Young (Allocation Failure)
[113.473s][info ][gc,task      ] GC(126) Using 4 workers of 4 for evacuation
[113.478s][debug][gc,ref       ] GC(126) Skipped phase1 of Reference Processing due to unavailable references
[113.478s][debug][gc,ref       ] GC(126) Skipped phase3 of Reference Processing due to unavailable references
[113.478s][debug][gc,ref       ] GC(126) Skipped phase4 of Reference Processing due to unavailable references
[113.478s][debug][gc,age       ] GC(126) Desired survivor size 15400960 bytes, new threshold 6 (max threshold 6)
[113.478s][info ][gc,heap      ] GC(126) ParNew: 243427K->2713K(270976K)
[113.478s][info ][gc,heap      ] GC(126) CMS: 247630K->247728K(602112K)
[113.478s][info ][gc,metaspace ] GC(126) Metaspace: 56051K->56051K(1099776K)
[113.478s][info ][gc           ] GC(126) Pause Young (Allocation Failure) 479M->244M(852M) 4.605ms
[113.478s][info ][gc,cpu       ] GC(126) User=0.01s Sys=0.00s Real=0.01s
[113.478s][info ][safepoint    ] Leaving safepoint region
[113.478s][info ][safepoint    ] Total time for which application threads were stopped: 0.0047557 seconds, Stopping threads took: 0.0000160 seconds
[114.478s][info ][safepoint    ] Application time: 1.0000950 seconds
[114.478s][info ][safepoint    ] Entering safepoint region: Cleanup
[114.478s][info ][safepoint    ] Leaving safepoint region
[114.478s][info ][safepoint    ] Total time for which application threads were stopped: 0.0001060 seconds, Stopping threads took: 0.0000179 seconds
[115.478s][info ][safepoint    ] Application time: 1.0000949 seconds
[115.478s][info ][safepoint    ] Entering safepoint region: Cleanup
[115.478s][info ][safepoint    ] Leaving safepoint region
[115.478s][info ][safepoint    ] Total time for which application threads were stopped: 0.0001073 seconds, Stopping threads took: 0.0000173 seconds
[116.120s][info ][safepoint    ] Application time: 0.6419695 seconds
[116.120s][info ][safepoint    ] Entering safepoint region: GenCollectForAllocation
[116.120s][info ][gc,start     ] GC(127) Pause Young (Allocation Failure)
[116.120s][info ][gc,task      ] GC(127) Using 4 workers of 4 for evacuation
[116.126s][debug][gc,ref       ] GC(127) Skipped phase1 of Reference Processing due to unavailable references
[116.126s][debug][gc,ref       ] GC(127) Skipped phase3 of Reference Processing due to unavailable references
[116.126s][debug][gc,ref       ] GC(127) Skipped phase4 of Reference Processing due to unavailable references
[116.126s][debug][gc,age       ] GC(127) Desired survivor size 15400960 bytes, new threshold 6 (max threshold 6)
[116.126s][info ][gc,heap      ] GC(127) ParNew: 243609K->3939K(270976K)
[116.126s][info ][gc,heap      ] GC(127) CMS: 247728K->247825K(602112K)
[116.126s][info ][gc,metaspace ] GC(127) Metaspace: 56059K->56059K(1099776K)
[116.126s][info ][gc           ] GC(127) Pause Young (Allocation Failure) 479M->245M(852M) 5.316ms
[116.126s][info ][gc,cpu       ] GC(127) User=0.02s Sys=0.00s Real=0.01s
[116.126s][info ][safepoint    ] Leaving safepoint region
[116.126s][info ][safepoint    ] Total time for which application threads were stopped: 0.0055562 seconds, Stopping threads took: 0.0000693 seconds
[117.126s][info ][safepoint    ] Application time: 1.0001057 seconds
[117.126s][info ][safepoint    ] Entering safepoint region: Cleanup
[117.126s][info ][safepoint    ] Leaving safepoint region
[117.126s][info ][safepoint    ] Total time for which application threads were stopped: 0.0001099 seconds, Stopping threads took: 0.0000399 seconds
[118.126s][info ][safepoint    ] Application time: 1.0001066 seconds
[118.126s][info ][safepoint    ] Entering safepoint region: Cleanup
[118.126s][info ][safepoint    ] Leaving safepoint region
[118.126s][info ][safepoint    ] Total time for which application threads were stopped: 0.0000811 seconds, Stopping threads took: 0.0000187 seconds
[118.508s][info ][safepoint    ] Application time: 0.3818206 seconds
[118.508s][info ][safepoint    ] Entering safepoint region: GenCollectForAllocation
[118.508s][info ][gc,start     ] GC(128) Pause Young (Allocation Failure)
[118.508s][info ][gc,task      ] GC(128) Using 4 workers of 4 for evacuation
[118.512s][debug][gc,ref       ] GC(128) Skipped phase1 of Reference Processing due to unavailable references
[118.512s][debug][gc,ref       ] GC(128) Skipped phase2 of Reference Processing due to unavailable references
[118.512s][debug][gc,ref       ] GC(128) Skipped phase3 of Reference Processing due to unavailable references
[118.512s][debug][gc,ref       ] GC(128) Skipped phase4 of Reference Processing due to unavailable references
[118.513s][debug][gc,age       ] GC(128) Desired survivor size 15400960 bytes, new threshold 6 (max threshold 6)
[118.513s][info ][gc,heap      ] GC(128) ParNew: 244835K->5195K(270976K)
[118.513s][info ][gc,heap      ] GC(128) CMS: 247825K->247857K(602112K)
[118.513s][info ][gc,metaspace ] GC(128) Metaspace: 56061K->56061K(1099776K)
[118.513s][info ][gc           ] GC(128) Pause Young (Allocation Failure) 481M->247M(852M) 4.300ms
[118.513s][info ][gc,cpu       ] GC(128) User=0.02s Sys=0.00s Real=0.00s
[118.513s][info ][safepoint    ] Leaving safepoint region
[118.513s][info ][safepoint    ] Total time for which application threads were stopped: 0.0044692 seconds, Stopping threads took: 0.0000176 seconds
[119.513s][info ][safepoint    ] Application time: 1.0001152 seconds
[119.513s][info ][safepoint    ] Entering safepoint region: Cleanup
[119.513s][info ][safepoint    ] Leaving safepoint region
[119.513s][info ][safepoint    ] Total time for which application threads were stopped: 0.0001073 seconds, Stopping threads took: 0.0000400 seconds
[120.513s][info ][safepoint    ] Application time: 1.0000916 seconds
[120.513s][info ][safepoint    ] Entering safepoint region: Cleanup
[120.513s][info ][safepoint    ] Leaving safepoint region
[120.513s][info ][safepoint    ] Total time for which application threads were stopped: 0.0002331 seconds, Stopping threads took: 0.0000798 seconds
[121.114s][info ][safepoint    ] Application time: 0.6007141 seconds
[121.114s][info ][safepoint    ] Entering safepoint region: GenCollectForAllocation
[121.114s][info ][gc,start     ] GC(129) Pause Young (Allocation Failure)
[121.115s][info ][gc,task      ] GC(129) Using 4 workers of 4 for evacuation
[121.119s][debug][gc,ref       ] GC(129) Skipped phase1 of Reference Processing due to unavailable references
[121.119s][debug][gc,ref       ] GC(129) Skipped phase3 of Reference Processing due to unavailable references
[121.119s][debug][gc,ref       ] GC(129) Skipped phase4 of Reference Processing due to unavailable references
[121.119s][debug][gc,age       ] GC(129) Desired survivor size 15400960 bytes, new threshold 6 (max threshold 6)
[121.119s][info ][gc,heap      ] GC(129) ParNew: 246091K->5574K(270976K)
[121.119s][info ][gc,heap      ] GC(129) CMS: 247857K->247926K(602112K)
[121.119s][info ][gc,metaspace ] GC(129) Metaspace: 56069K->56069K(1099776K)
[121.119s][info ][gc           ] GC(129) Pause Young (Allocation Failure) 482M->247M(852M) 4.820ms
[121.119s][info ][gc,cpu       ] GC(129) User=0.01s Sys=0.00s Real=0.01s
[121.119s][info ][safepoint    ] Leaving safepoint region
[121.119s][info ][safepoint    ] Total time for which application threads were stopped: 0.0049789 seconds, Stopping threads took: 0.0000188 seconds
[122.119s][info ][safepoint    ] Application time: 1.0000999 seconds
[122.119s][info ][safepoint    ] Entering safepoint region: Cleanup
[122.119s][info ][safepoint    ] Leaving safepoint region
[122.119s][info ][safepoint    ] Total time for which application threads were stopped: 0.0001051 seconds, Stopping threads took: 0.0000352 seconds
[123.119s][info ][safepoint    ] Application time: 1.0001589 seconds
[123.120s][info ][safepoint    ] Entering safepoint region: Cleanup
[123.120s][info ][safepoint    ] Leaving safepoint region
[123.120s][info ][safepoint    ] Total time for which application threads were stopped: 0.0001241 seconds, Stopping threads took: 0.0000556 seconds
[123.813s][info ][safepoint    ] Application time: 0.6932606 seconds
[123.813s][info ][safepoint    ] Entering safepoint region: GenCollectForAllocation
[123.813s][info ][gc,start     ] GC(130) Pause Young (Allocation Failure)
[123.813s][info ][gc,task      ] GC(130) Using 4 workers of 4 for evacuation
[123.817s][debug][gc,ref       ] GC(130) Skipped phase1 of Reference Processing due to unavailable references
[123.817s][debug][gc,ref       ] GC(130) Skipped phase3 of Reference Processing due to unavailable references
[123.817s][debug][gc,ref       ] GC(130) Skipped phase4 of Reference Processing due to unavailable references
[123.817s][debug][gc,age       ] GC(130) Desired survivor size 15400960 bytes, new threshold 6 (max threshold 6)
[123.817s][info ][gc,heap      ] GC(130) ParNew: 246470K->5452K(270976K)
[123.817s][info ][gc,heap      ] GC(130) CMS: 247926K->248069K(602112K)
[123.817s][info ][gc,metaspace ] GC(130) Metaspace: 56073K->56073K(1099776K)
[123.818s][info ][gc           ] GC(130) Pause Young (Allocation Failure) 482M->247M(852M) 4.250ms
[123.818s][info ][gc,cpu       ] GC(130) User=0.01s Sys=0.00s Real=0.01s
[123.818s][info ][safepoint    ] Leaving safepoint region
[123.818s][info ][safepoint    ] Total time for which application threads were stopped: 0.0046330 seconds, Stopping threads took: 0.0000173 seconds
[124.819s][info ][safepoint    ] Application time: 1.0019336 seconds
[124.820s][info ][safepoint    ] Entering safepoint region: Cleanup
[124.820s][info ][safepoint    ] Leaving safepoint region
[124.820s][info ][safepoint    ] Total time for which application threads were stopped: 0.0001583 seconds, Stopping threads took: 0.0000833 seconds
[125.820s][info ][safepoint    ] Application time: 1.0001017 seconds
[125.820s][info ][safepoint    ] Entering safepoint region: Cleanup
[125.820s][info ][safepoint    ] Leaving safepoint region
[125.820s][info ][safepoint    ] Total time for which application threads were stopped: 0.0001680 seconds, Stopping threads took: 0.0000853 seconds
[126.512s][info ][safepoint    ] Application time: 0.6917952 seconds
[126.512s][info ][safepoint    ] Entering safepoint region: GenCollectForAllocation
[126.512s][info ][gc,start     ] GC(131) Pause Young (Allocation Failure)
[126.512s][info ][gc,task      ] GC(131) Using 4 workers of 4 for evacuation
[126.516s][debug][gc,ref       ] GC(131) Skipped phase1 of Reference Processing due to unavailable references
[126.516s][debug][gc,ref       ] GC(131) Skipped phase2 of Reference Processing due to unavailable references
[126.516s][debug][gc,ref       ] GC(131) Skipped phase3 of Reference Processing due to unavailable references
[126.516s][debug][gc,ref       ] GC(131) Skipped phase4 of Reference Processing due to unavailable references
[126.516s][debug][gc,age       ] GC(131) Desired survivor size 15400960 bytes, new threshold 6 (max threshold 6)
[126.516s][info ][gc,heap      ] GC(131) ParNew: 246348K->5159K(270976K)
[126.516s][info ][gc,heap      ] GC(131) CMS: 248069K->248478K(602112K)
[126.517s][info ][gc,metaspace ] GC(131) Metaspace: 56077K->56077K(1099776K)
[126.517s][info ][gc           ] GC(131) Pause Young (Allocation Failure) 482M->247M(852M) 4.575ms
[126.517s][info ][gc,cpu       ] GC(131) User=0.02s Sys=0.00s Real=0.01s
[126.517s][info ][safepoint    ] Leaving safepoint region
[126.517s][info ][safepoint    ] Total time for which application threads were stopped: 0.0047375 seconds, Stopping threads took: 0.0000173 seconds
[127.517s][info ][safepoint    ] Application time: 1.0001127 seconds
[127.517s][info ][safepoint    ] Entering safepoint region: Cleanup
[127.517s][info ][safepoint    ] Leaving safepoint region
[127.517s][info ][safepoint    ] Total time for which application threads were stopped: 0.0001167 seconds, Stopping threads took: 0.0000455 seconds
[128.517s][info ][safepoint    ] Application time: 1.0000984 seconds
[128.517s][info ][safepoint    ] Entering safepoint region: Cleanup
[128.517s][info ][safepoint    ] Leaving safepoint region
[128.517s][info ][safepoint    ] Total time for which application threads were stopped: 0.0001573 seconds, Stopping threads took: 0.0000904 seconds
[129.269s][info ][safepoint    ] Application time: 0.7519145 seconds
[129.269s][info ][safepoint    ] Entering safepoint region: GenCollectForAllocation
[129.269s][info ][gc,start     ] GC(132) Pause Young (Allocation Failure)
[129.269s][info ][gc,task      ] GC(132) Using 4 workers of 4 for evacuation
[129.273s][debug][gc,ref       ] GC(132) Skipped phase1 of Reference Processing due to unavailable references
[129.273s][debug][gc,ref       ] GC(132) Skipped phase2 of Reference Processing due to unavailable references
[129.273s][debug][gc,ref       ] GC(132) Skipped phase3 of Reference Processing due to unavailable references
[129.273s][debug][gc,ref       ] GC(132) Skipped phase4 of Reference Processing due to unavailable references
[129.273s][debug][gc,age       ] GC(132) Desired survivor size 15400960 bytes, new threshold 6 (max threshold 6)
[129.273s][info ][gc,heap      ] GC(132) ParNew: 246055K->5015K(270976K)
[129.273s][info ][gc,heap      ] GC(132) CMS: 248478K->248718K(602112K)
[129.273s][info ][gc,metaspace ] GC(132) Metaspace: 56087K->56087K(1099776K)
[129.274s][info ][gc           ] GC(132) Pause Young (Allocation Failure) 482M->247M(852M) 4.299ms
[129.274s][info ][gc,cpu       ] GC(132) User=0.01s Sys=0.00s Real=0.00s
[129.274s][info ][safepoint    ] Leaving safepoint region
[129.274s][info ][safepoint    ] Total time for which application threads were stopped: 0.0044733 seconds, Stopping threads took: 0.0000303 seconds
[130.274s][info ][safepoint    ] Application time: 1.0000477 seconds
[130.274s][info ][safepoint    ] Entering safepoint region: Cleanup
[130.274s][info ][safepoint    ] Leaving safepoint region
[130.274s][info ][safepoint    ] Total time for which application threads were stopped: 0.0000768 seconds, Stopping threads took: 0.0000166 seconds
[131.274s][info ][safepoint    ] Application time: 1.0001259 seconds
[131.274s][info ][safepoint    ] Entering safepoint region: Cleanup
[131.274s][info ][safepoint    ] Leaving safepoint region
[131.274s][info ][safepoint    ] Total time for which application threads were stopped: 0.0000779 seconds, Stopping threads took: 0.0000179 seconds
[132.068s][info ][safepoint    ] Application time: 0.7939091 seconds
[132.068s][info ][safepoint    ] Entering safepoint region: GenCollectForAllocation
[132.068s][info ][gc,start     ] GC(133) Pause Young (Allocation Failure)
[132.068s][info ][gc,task      ] GC(133) Using 4 workers of 4 for evacuation
[132.073s][debug][gc,ref       ] GC(133) Skipped phase1 of Reference Processing due to unavailable references
[132.073s][debug][gc,ref       ] GC(133) Skipped phase2 of Reference Processing due to unavailable references
[132.073s][debug][gc,ref       ] GC(133) Skipped phase3 of Reference Processing due to unavailable references
[132.073s][debug][gc,ref       ] GC(133) Skipped phase4 of Reference Processing due to unavailable references
[132.073s][debug][gc,age       ] GC(133) Desired survivor size 15400960 bytes, new threshold 6 (max threshold 6)
[132.073s][info ][gc,heap      ] GC(133) ParNew: 245911K->3908K(270976K)
[132.073s][info ][gc,heap      ] GC(133) CMS: 248718K->249751K(602112K)
[132.073s][info ][gc,metaspace ] GC(133) Metaspace: 56087K->56087K(1099776K)
[132.073s][info ][gc           ] GC(133) Pause Young (Allocation Failure) 483M->247M(852M) 5.141ms
[132.073s][info ][gc,cpu       ] GC(133) User=0.02s Sys=0.00s Real=0.00s
[132.073s][info ][safepoint    ] Leaving safepoint region
[132.073s][info ][safepoint    ] Total time for which application threads were stopped: 0.0053263 seconds, Stopping threads took: 0.0000176 seconds
[133.073s][info ][safepoint    ] Application time: 1.0001795 seconds
[133.074s][info ][safepoint    ] Entering safepoint region: Cleanup
[133.074s][info ][safepoint    ] Leaving safepoint region
[133.074s][info ][safepoint    ] Total time for which application threads were stopped: 0.0001556 seconds, Stopping threads took: 0.0000186 seconds
[134.074s][info ][safepoint    ] Application time: 1.0000935 seconds
[134.074s][info ][safepoint    ] Entering safepoint region: Cleanup
[134.074s][info ][safepoint    ] Leaving safepoint region
[134.074s][info ][safepoint    ] Total time for which application threads were stopped: 0.0001487 seconds, Stopping threads took: 0.0000785 seconds
[134.908s][info ][safepoint    ] Application time: 0.8343375 seconds
[134.908s][info ][safepoint    ] Entering safepoint region: GenCollectForAllocation
[134.909s][info ][gc,start     ] GC(134) Pause Young (Allocation Failure)
[134.909s][info ][gc,task      ] GC(134) Using 4 workers of 4 for evacuation
[134.913s][debug][gc,ref       ] GC(134) Skipped phase1 of Reference Processing due to unavailable references
[134.913s][debug][gc,ref       ] GC(134) Skipped phase2 of Reference Processing due to unavailable references
[134.913s][debug][gc,ref       ] GC(134) Skipped phase3 of Reference Processing due to unavailable references
[134.913s][debug][gc,ref       ] GC(134) Skipped phase4 of Reference Processing due to unavailable references
[134.913s][debug][gc,age       ] GC(134) Desired survivor size 15400960 bytes, new threshold 6 (max threshold 6)
[134.913s][info ][gc,heap      ] GC(134) ParNew: 244804K->2554K(270976K)
[134.913s][info ][gc,heap      ] GC(134) CMS: 249751K->250369K(602112K)
[134.913s][info ][gc,metaspace ] GC(134) Metaspace: 56092K->56092K(1099776K)
[134.913s][info ][gc           ] GC(134) Pause Young (Allocation Failure) 482M->246M(852M) 4.565ms
[134.913s][info ][gc,cpu       ] GC(134) User=0.02s Sys=0.00s Real=0.00s
[134.913s][info ][safepoint    ] Leaving safepoint region
[134.913s][info ][safepoint    ] Total time for which application threads were stopped: 0.0047590 seconds, Stopping threads took: 0.0000167 seconds
[135.913s][info ][safepoint    ] Application time: 1.0000914 seconds
[135.914s][info ][safepoint    ] Entering safepoint region: Cleanup
[135.914s][info ][safepoint    ] Leaving safepoint region
[135.914s][info ][safepoint    ] Total time for which application threads were stopped: 0.0002298 seconds, Stopping threads took: 0.0001642 seconds
[136.914s][info ][safepoint    ] Application time: 1.0001599 seconds
[136.914s][info ][safepoint    ] Entering safepoint region: Cleanup
[136.914s][info ][safepoint    ] Leaving safepoint region
[136.914s][info ][safepoint    ] Total time for which application threads were stopped: 0.0001801 seconds, Stopping threads took: 0.0000854 seconds
[137.712s][info ][safepoint    ] Application time: 0.7983923 seconds
[137.712s][info ][safepoint    ] Entering safepoint region: GenCollectForAllocation
[137.713s][info ][gc,start     ] GC(135) Pause Young (Allocation Failure)
[137.713s][info ][gc,task      ] GC(135) Using 4 workers of 4 for evacuation
[137.717s][debug][gc,ref       ] GC(135) Skipped phase1 of Reference Processing due to unavailable references
[137.717s][debug][gc,ref       ] GC(135) Skipped phase2 of Reference Processing due to unavailable references
[137.717s][debug][gc,ref       ] GC(135) Skipped phase3 of Reference Processing due to unavailable references
[137.717s][debug][gc,ref       ] GC(135) Skipped phase4 of Reference Processing due to unavailable references
[137.717s][debug][gc,age       ] GC(135) Desired survivor size 15400960 bytes, new threshold 6 (max threshold 6)
[137.717s][info ][gc,heap      ] GC(135) ParNew: 243450K->2226K(270976K)
[137.717s][info ][gc,heap      ] GC(135) CMS: 250369K->250713K(602112K)
[137.717s][info ][gc,metaspace ] GC(135) Metaspace: 56093K->56093K(1099776K)
[137.717s][info ][gc           ] GC(135) Pause Young (Allocation Failure) 482M->247M(852M) 3.928ms
[137.717s][info ][gc,cpu       ] GC(135) User=0.01s Sys=0.00s Real=0.01s
[137.717s][info ][safepoint    ] Leaving safepoint region
[137.717s][info ][safepoint    ] Total time for which application threads were stopped: 0.0044884 seconds, Stopping threads took: 0.0000914 seconds
[138.717s][info ][safepoint    ] Application time: 1.0001115 seconds
[138.717s][info ][safepoint    ] Entering safepoint region: Cleanup
[138.717s][info ][safepoint    ] Leaving safepoint region
[138.717s][info ][safepoint    ] Total time for which application threads were stopped: 0.0001191 seconds, Stopping threads took: 0.0000445 seconds
[139.717s][info ][safepoint    ] Application time: 1.0000879 seconds
[139.717s][info ][safepoint    ] Entering safepoint region: Cleanup
[139.717s][info ][safepoint    ] Leaving safepoint region
[139.717s][info ][safepoint    ] Total time for which application threads were stopped: 0.0001581 seconds, Stopping threads took: 0.0000682 seconds
[140.417s][info ][safepoint    ] Application time: 0.6990772 seconds
[140.417s][info ][safepoint    ] Entering safepoint region: GenCollectForAllocation
[140.417s][info ][gc,start     ] GC(136) Pause Young (Allocation Failure)
[140.417s][info ][gc,task      ] GC(136) Using 4 workers of 4 for evacuation
[140.422s][debug][gc,ref       ] GC(136) Skipped phase1 of Reference Processing due to unavailable references
[140.422s][debug][gc,ref       ] GC(136) Skipped phase2 of Reference Processing due to unavailable references
[140.422s][debug][gc,ref       ] GC(136) Skipped phase3 of Reference Processing due to unavailable references
[140.422s][debug][gc,ref       ] GC(136) Skipped phase4 of Reference Processing due to unavailable references
[140.422s][debug][gc,age       ] GC(136) Desired survivor size 15400960 bytes, new threshold 6 (max threshold 6)
[140.422s][info ][gc,heap      ] GC(136) ParNew: 243122K->3302K(270976K)
[140.422s][info ][gc,heap      ] GC(136) CMS: 250713K->250809K(602112K)
[140.422s][info ][gc,metaspace ] GC(136) Metaspace: 56096K->56096K(1099776K)
[140.422s][info ][gc           ] GC(136) Pause Young (Allocation Failure) 482M->248M(852M) 5.229ms
[140.422s][info ][gc,cpu       ] GC(136) User=0.01s Sys=0.00s Real=0.00s
[140.422s][info ][safepoint    ] Leaving safepoint region
[140.422s][info ][safepoint    ] Total time for which application threads were stopped: 0.0053861 seconds, Stopping threads took: 0.0000190 seconds
[141.422s][info ][safepoint    ] Application time: 1.0000921 seconds
[141.422s][info ][safepoint    ] Entering safepoint region: Cleanup
[141.422s][info ][safepoint    ] Leaving safepoint region
[141.422s][info ][safepoint    ] Total time for which application threads were stopped: 0.0000877 seconds, Stopping threads took: 0.0000167 seconds
[142.422s][info ][safepoint    ] Application time: 1.0001041 seconds
[142.422s][info ][safepoint    ] Entering safepoint region: Cleanup
[142.422s][info ][safepoint    ] Leaving safepoint region
[142.422s][info ][safepoint    ] Total time for which application threads were stopped: 0.0000890 seconds, Stopping threads took: 0.0000320 seconds
[143.243s][info ][safepoint    ] Application time: 0.8203936 seconds
[143.243s][info ][safepoint    ] Entering safepoint region: GenCollectForAllocation
[143.243s][info ][gc,start     ] GC(137) Pause Young (Allocation Failure)
[143.243s][info ][gc,task      ] GC(137) Using 4 workers of 4 for evacuation
[143.247s][debug][gc,ref       ] GC(137) Skipped phase1 of Reference Processing due to unavailable references
[143.247s][debug][gc,ref       ] GC(137) Skipped phase2 of Reference Processing due to unavailable references
[143.247s][debug][gc,ref       ] GC(137) Skipped phase3 of Reference Processing due to unavailable references
[143.247s][debug][gc,ref       ] GC(137) Skipped phase4 of Reference Processing due to unavailable references
[143.247s][debug][gc,age       ] GC(137) Desired survivor size 15400960 bytes, new threshold 6 (max threshold 6)
[143.247s][info ][gc,heap      ] GC(137) ParNew: 244198K->3458K(270976K)
[143.247s][info ][gc,heap      ] GC(137) CMS: 250809K->250972K(602112K)
[143.247s][info ][gc,metaspace ] GC(137) Metaspace: 56096K->56096K(1099776K)
[143.247s][info ][gc           ] GC(137) Pause Young (Allocation Failure) 483M->248M(852M) 3.836ms
[143.247s][info ][gc,cpu       ] GC(137) User=0.02s Sys=0.00s Real=0.01s
[143.247s][info ][safepoint    ] Leaving safepoint region
[143.247s][info ][safepoint    ] Total time for which application threads were stopped: 0.0039953 seconds, Stopping threads took: 0.0000165 seconds
[144.247s][info ][safepoint    ] Application time: 1.0001104 seconds
[144.247s][info ][safepoint    ] Entering safepoint region: Cleanup
[144.247s][info ][safepoint    ] Leaving safepoint region
[144.247s][info ][safepoint    ] Total time for which application threads were stopped: 0.0000797 seconds, Stopping threads took: 0.0000200 seconds
[144.814s][info ][safepoint    ] Application time: 0.5665971 seconds
[144.814s][info ][safepoint    ] Entering safepoint region: Deoptimize
[144.815s][info ][safepoint    ] Leaving safepoint region
[144.815s][info ][safepoint    ] Total time for which application threads were stopped: 0.0017175 seconds, Stopping threads took: 0.0000328 seconds
[145.816s][info ][safepoint    ] Application time: 1.0001105 seconds
[145.816s][info ][safepoint    ] Entering safepoint region: Cleanup
[145.816s][info ][safepoint    ] Leaving safepoint region
[145.816s][info ][safepoint    ] Total time for which application threads were stopped: 0.0001366 seconds, Stopping threads took: 0.0000552 seconds
[146.119s][info ][safepoint    ] Application time: 0.3032501 seconds
[146.119s][info ][safepoint    ] Entering safepoint region: GenCollectForAllocation
[146.119s][info ][gc,start     ] GC(138) Pause Young (Allocation Failure)
[146.119s][info ][gc,task      ] GC(138) Using 4 workers of 4 for evacuation
[146.123s][debug][gc,ref       ] GC(138) Skipped phase1 of Reference Processing due to unavailable references
[146.123s][debug][gc,ref       ] GC(138) Skipped phase3 of Reference Processing due to unavailable references
[146.124s][debug][gc,age       ] GC(138) Desired survivor size 15400960 bytes, new threshold 6 (max threshold 6)
[146.124s][info ][gc,heap      ] GC(138) ParNew: 244354K->3763K(270976K)
[146.124s][info ][gc,heap      ] GC(138) CMS: 250972K->251176K(602112K)
[146.124s][info ][gc,metaspace ] GC(138) Metaspace: 56116K->56116K(1099776K)
[146.124s][info ][gc           ] GC(138) Pause Young (Allocation Failure) 483M->248M(852M) 4.500ms
[146.124s][info ][gc,cpu       ] GC(138) User=0.02s Sys=0.00s Real=0.00s
[146.124s][info ][safepoint    ] Leaving safepoint region
[146.124s][info ][safepoint    ] Total time for which application threads were stopped: 0.0046723 seconds, Stopping threads took: 0.0000181 seconds
[147.124s][info ][safepoint    ] Application time: 1.0001484 seconds
[147.124s][info ][safepoint    ] Entering safepoint region: Cleanup
[147.124s][info ][safepoint    ] Leaving safepoint region
[147.124s][info ][safepoint    ] Total time for which application threads were stopped: 0.0000804 seconds, Stopping threads took: 0.0000174 seconds
[148.124s][info ][safepoint    ] Application time: 1.0001600 seconds
[148.124s][info ][safepoint    ] Entering safepoint region: Cleanup
[148.124s][info ][safepoint    ] Leaving safepoint region
[148.124s][info ][safepoint    ] Total time for which application threads were stopped: 0.0000764 seconds, Stopping threads took: 0.0000161 seconds
[148.965s][info ][safepoint    ] Application time: 0.8404603 seconds
[148.965s][info ][safepoint    ] Entering safepoint region: GenCollectForAllocation
[148.965s][info ][gc,start     ] GC(139) Pause Young (Allocation Failure)
[148.965s][info ][gc,task      ] GC(139) Using 4 workers of 4 for evacuation
[148.969s][debug][gc,ref       ] GC(139) Skipped phase1 of Reference Processing due to unavailable references
[148.969s][debug][gc,ref       ] GC(139) Skipped phase2 of Reference Processing due to unavailable references
[148.969s][debug][gc,ref       ] GC(139) Skipped phase3 of Reference Processing due to unavailable references
[148.969s][debug][gc,ref       ] GC(139) Skipped phase4 of Reference Processing due to unavailable references
[148.969s][debug][gc,age       ] GC(139) Desired survivor size 15400960 bytes, new threshold 6 (max threshold 6)
[148.969s][info ][gc,heap      ] GC(139) ParNew: 244659K->4571K(270976K)
[148.969s][info ][gc,heap      ] GC(139) CMS: 251176K->251287K(602112K)
[148.969s][info ][gc,metaspace ] GC(139) Metaspace: 56118K->56118K(1099776K)
[148.969s][info ][gc           ] GC(139) Pause Young (Allocation Failure) 484M->249M(852M) 3.976ms
[148.969s][info ][gc,cpu       ] GC(139) User=0.01s Sys=0.00s Real=0.00s
[148.969s][info ][safepoint    ] Leaving safepoint region
[148.969s][info ][safepoint    ] Total time for which application threads were stopped: 0.0041570 seconds, Stopping threads took: 0.0000173 seconds
[149.969s][info ][safepoint    ] Application time: 1.0001701 seconds
[149.969s][info ][safepoint    ] Entering safepoint region: Cleanup
[149.969s][info ][safepoint    ] Leaving safepoint region
[149.969s][info ][safepoint    ] Total time for which application threads were stopped: 0.0001569 seconds, Stopping threads took: 0.0000591 seconds
[150.969s][info ][safepoint    ] Application time: 1.0001064 seconds
[150.969s][info ][safepoint    ] Entering safepoint region: Cleanup
[150.970s][info ][safepoint    ] Leaving safepoint region
[150.970s][info ][safepoint    ] Total time for which application threads were stopped: 0.0001202 seconds, Stopping threads took: 0.0000449 seconds
[151.715s][info ][safepoint    ] Application time: 0.7457848 seconds
[151.715s][info ][safepoint    ] Entering safepoint region: GenCollectForAllocation
[151.715s][info ][gc,start     ] GC(140) Pause Young (Allocation Failure)
[151.716s][info ][gc,task      ] GC(140) Using 4 workers of 4 for evacuation
[151.721s][debug][gc,ref       ] GC(140) Skipped phase1 of Reference Processing due to unavailable references
[151.721s][debug][gc,ref       ] GC(140) Skipped phase2 of Reference Processing due to unavailable references
[151.721s][debug][gc,ref       ] GC(140) Skipped phase3 of Reference Processing due to unavailable references
[151.721s][debug][gc,ref       ] GC(140) Skipped phase4 of Reference Processing due to unavailable references
[151.721s][debug][gc,age       ] GC(140) Desired survivor size 15400960 bytes, new threshold 6 (max threshold 6)
[151.721s][info ][gc,heap      ] GC(140) ParNew: 245467K->6284K(270976K)
[151.721s][info ][gc,heap      ] GC(140) CMS: 251287K->251373K(602112K)
[151.721s][info ][gc,metaspace ] GC(140) Metaspace: 56120K->56120K(1099776K)
[151.721s][info ][gc           ] GC(140) Pause Young (Allocation Failure) 485M->251M(852M) 5.896ms
[151.721s][info ][gc,cpu       ] GC(140) User=0.03s Sys=0.00s Real=0.01s
[151.721s][info ][safepoint    ] Leaving safepoint region
[151.721s][info ][safepoint    ] Total time for which application threads were stopped: 0.0060693 seconds, Stopping threads took: 0.0000171 seconds
[152.722s][info ][safepoint    ] Application time: 1.0000962 seconds
[152.722s][info ][safepoint    ] Entering safepoint region: Cleanup
[152.722s][info ][safepoint    ] Leaving safepoint region
[152.722s][info ][safepoint    ] Total time for which application threads were stopped: 0.0000931 seconds, Stopping threads took: 0.0000319 seconds
[153.722s][info ][safepoint    ] Application time: 1.0000954 seconds
[153.722s][info ][safepoint    ] Entering safepoint region: Cleanup
[153.722s][info ][safepoint    ] Leaving safepoint region
[153.722s][info ][safepoint    ] Total time for which application threads were stopped: 0.0000932 seconds, Stopping threads took: 0.0000166 seconds
[154.566s][info ][safepoint    ] Application time: 0.8439383 seconds
[154.566s][info ][safepoint    ] Entering safepoint region: GenCollectForAllocation
[154.566s][info ][gc,start     ] GC(141) Pause Young (Allocation Failure)
[154.566s][info ][gc,task      ] GC(141) Using 4 workers of 4 for evacuation
[154.571s][debug][gc,ref       ] GC(141) Skipped phase1 of Reference Processing due to unavailable references
[154.571s][debug][gc,ref       ] GC(141) Skipped phase2 of Reference Processing due to unavailable references
[154.571s][debug][gc,ref       ] GC(141) Skipped phase3 of Reference Processing due to unavailable references
[154.571s][debug][gc,ref       ] GC(141) Skipped phase4 of Reference Processing due to unavailable references
[154.571s][debug][gc,age       ] GC(141) Desired survivor size 15400960 bytes, new threshold 6 (max threshold 6)
[154.572s][info ][gc,heap      ] GC(141) ParNew: 247180K->9006K(270976K)
[154.572s][info ][gc,heap      ] GC(141) CMS: 251373K->251436K(602112K)
[154.572s][info ][gc,metaspace ] GC(141) Metaspace: 56121K->56121K(1099776K)
[154.572s][info ][gc           ] GC(141) Pause Young (Allocation Failure) 486M->254M(852M) 5.427ms
[154.572s][info ][gc,cpu       ] GC(141) User=0.02s Sys=0.01s Real=0.00s
[154.572s][info ][safepoint    ] Leaving safepoint region
[154.572s][info ][safepoint    ] Total time for which application threads were stopped: 0.0057111 seconds, Stopping threads took: 0.0001304 seconds
[155.572s][info ][safepoint    ] Application time: 1.0001083 seconds
[155.572s][info ][safepoint    ] Entering safepoint region: Cleanup
[155.572s][info ][safepoint    ] Leaving safepoint region
[155.572s][info ][safepoint    ] Total time for which application threads were stopped: 0.0000736 seconds, Stopping threads took: 0.0000170 seconds
[156.572s][info ][safepoint    ] Application time: 1.0000592 seconds
[156.572s][info ][safepoint    ] Entering safepoint region: Cleanup
[156.572s][info ][safepoint    ] Leaving safepoint region
[156.572s][info ][safepoint    ] Total time for which application threads were stopped: 0.0000895 seconds, Stopping threads took: 0.0000170 seconds
[157.572s][info ][safepoint    ] Application time: 1.0001430 seconds
[157.572s][info ][safepoint    ] Entering safepoint region: Cleanup
[157.572s][info ][safepoint    ] Leaving safepoint region
[157.572s][info ][safepoint    ] Total time for which application threads were stopped: 0.0000750 seconds, Stopping threads took: 0.0000213 seconds
[157.664s][info ][safepoint    ] Application time: 0.0918699 seconds
[157.664s][info ][safepoint    ] Entering safepoint region: GenCollectForAllocation
[157.664s][info ][gc,start     ] GC(142) Pause Young (Allocation Failure)
[157.664s][info ][gc,task      ] GC(142) Using 4 workers of 4 for evacuation
[157.669s][debug][gc,ref       ] GC(142) Skipped phase1 of Reference Processing due to unavailable references
[157.669s][debug][gc,ref       ] GC(142) Skipped phase2 of Reference Processing due to unavailable references
[157.669s][debug][gc,ref       ] GC(142) Skipped phase3 of Reference Processing due to unavailable references
[157.669s][debug][gc,ref       ] GC(142) Skipped phase4 of Reference Processing due to unavailable references
[157.669s][debug][gc,age       ] GC(142) Desired survivor size 15400960 bytes, new threshold 6 (max threshold 6)
[157.670s][info ][gc,heap      ] GC(142) ParNew: 249902K->6725K(270976K)
[157.670s][info ][gc,heap      ] GC(142) CMS: 251436K->251896K(602112K)
[157.670s][info ][gc,metaspace ] GC(142) Metaspace: 56122K->56122K(1099776K)
[157.670s][info ][gc           ] GC(142) Pause Young (Allocation Failure) 489M->252M(852M) 5.156ms
[157.670s][info ][gc,cpu       ] GC(142) User=0.02s Sys=0.00s Real=0.00s
[157.670s][info ][safepoint    ] Leaving safepoint region
[157.670s][info ][safepoint    ] Total time for which application threads were stopped: 0.0053262 seconds, Stopping threads took: 0.0000176 seconds
[158.670s][info ][safepoint    ] Application time: 1.0001386 seconds
[158.670s][info ][safepoint    ] Entering safepoint region: Cleanup
[158.670s][info ][safepoint    ] Leaving safepoint region
[158.670s][info ][safepoint    ] Total time for which application threads were stopped: 0.0001369 seconds, Stopping threads took: 0.0000642 seconds
[159.670s][info ][safepoint    ] Application time: 1.0000988 seconds
[159.670s][info ][safepoint    ] Entering safepoint region: Cleanup
[159.670s][info ][safepoint    ] Leaving safepoint region
[159.670s][info ][safepoint    ] Total time for which application threads were stopped: 0.0000943 seconds, Stopping threads took: 0.0000185 seconds
[160.656s][info ][safepoint    ] Application time: 0.9862950 seconds
[160.657s][info ][safepoint    ] Entering safepoint region: GenCollectForAllocation
[160.657s][info ][gc,start     ] GC(143) Pause Young (Allocation Failure)
[160.657s][info ][gc,task      ] GC(143) Using 4 workers of 4 for evacuation
[160.661s][debug][gc,ref       ] GC(143) Skipped phase1 of Reference Processing due to unavailable references
[160.661s][debug][gc,ref       ] GC(143) Skipped phase2 of Reference Processing due to unavailable references
[160.661s][debug][gc,ref       ] GC(143) Skipped phase3 of Reference Processing due to unavailable references
[160.661s][debug][gc,ref       ] GC(143) Skipped phase4 of Reference Processing due to unavailable references
[160.662s][debug][gc,age       ] GC(143) Desired survivor size 15400960 bytes, new threshold 6 (max threshold 6)
[160.662s][info ][gc,heap      ] GC(143) ParNew: 247621K->7956K(270976K)
[160.662s][info ][gc,heap      ] GC(143) CMS: 251896K->252012K(602112K)
[160.662s][info ][gc,metaspace ] GC(143) Metaspace: 56124K->56124K(1099776K)
[160.662s][info ][gc           ] GC(143) Pause Young (Allocation Failure) 487M->253M(852M) 4.973ms
[160.662s][info ][gc,cpu       ] GC(143) User=0.02s Sys=0.00s Real=0.00s
[160.662s][info ][safepoint    ] Leaving safepoint region
[160.662s][info ][safepoint    ] Total time for which application threads were stopped: 0.0051480 seconds, Stopping threads took: 0.0000366 seconds
[161.662s][info ][safepoint    ] Application time: 1.0001005 seconds
[161.662s][info ][safepoint    ] Entering safepoint region: Cleanup
[161.662s][info ][safepoint    ] Leaving safepoint region
[161.662s][info ][safepoint    ] Total time for which application threads were stopped: 0.0002439 seconds, Stopping threads took: 0.0001474 seconds
[162.662s][info ][safepoint    ] Application time: 1.0001115 seconds
[162.662s][info ][safepoint    ] Entering safepoint region: Cleanup
[162.662s][info ][safepoint    ] Leaving safepoint region
[162.662s][info ][safepoint    ] Total time for which application threads were stopped: 0.0001048 seconds, Stopping threads took: 0.0000412 seconds
[163.471s][info ][safepoint    ] Application time: 0.8084140 seconds
[163.471s][info ][safepoint    ] Entering safepoint region: GenCollectForAllocation
[163.471s][info ][gc,start     ] GC(144) Pause Young (Allocation Failure)
[163.471s][info ][gc,task      ] GC(144) Using 4 workers of 4 for evacuation
[163.476s][debug][gc,ref       ] GC(144) Skipped phase1 of Reference Processing due to unavailable references
[163.476s][debug][gc,ref       ] GC(144) Skipped phase2 of Reference Processing due to unavailable references
[163.476s][debug][gc,ref       ] GC(144) Skipped phase3 of Reference Processing due to unavailable references
[163.476s][debug][gc,ref       ] GC(144) Skipped phase4 of Reference Processing due to unavailable references
[163.476s][debug][gc,age       ] GC(144) Desired survivor size 15400960 bytes, new threshold 6 (max threshold 6)
[163.476s][info ][gc,heap      ] GC(144) ParNew: 248824K->8002K(270976K)
[163.476s][info ][gc,heap      ] GC(144) CMS: 252012K->252266K(602112K)
[163.477s][info ][gc,metaspace ] GC(144) Metaspace: 56130K->56130K(1099776K)
[163.477s][info ][gc           ] GC(144) Pause Young (Allocation Failure) 489M->254M(852M) 5.669ms
[163.477s][info ][gc,cpu       ] GC(144) User=0.02s Sys=0.00s Real=0.01s
[163.477s][info ][safepoint    ] Leaving safepoint region
[163.477s][info ][safepoint    ] Total time for which application threads were stopped: 0.0058486 seconds, Stopping threads took: 0.0000177 seconds
[164.477s][info ][safepoint    ] Application time: 1.0001088 seconds
[164.477s][info ][safepoint    ] Entering safepoint region: Cleanup
[164.477s][info ][safepoint    ] Leaving safepoint region
[164.477s][info ][safepoint    ] Total time for which application threads were stopped: 0.0000754 seconds, Stopping threads took: 0.0000184 seconds
[165.477s][info ][safepoint    ] Application time: 1.0000913 seconds
[165.477s][info ][safepoint    ] Entering safepoint region: Cleanup
[165.477s][info ][safepoint    ] Leaving safepoint region
[165.477s][info ][safepoint    ] Total time for which application threads were stopped: 0.0000729 seconds, Stopping threads took: 0.0000163 seconds
[166.456s][info ][safepoint    ] Application time: 0.9787221 seconds
[166.456s][info ][safepoint    ] Entering safepoint region: GenCollectForAllocation
[166.456s][info ][gc,start     ] GC(145) Pause Young (Allocation Failure)
[166.456s][info ][gc,task      ] GC(145) Using 4 workers of 4 for evacuation
[166.461s][debug][gc,ref       ] GC(145) Skipped phase1 of Reference Processing due to unavailable references
[166.461s][debug][gc,ref       ] GC(145) Skipped phase2 of Reference Processing due to unavailable references
[166.461s][debug][gc,ref       ] GC(145) Skipped phase3 of Reference Processing due to unavailable references
[166.461s][debug][gc,ref       ] GC(145) Skipped phase4 of Reference Processing due to unavailable references
[166.461s][debug][gc,age       ] GC(145) Desired survivor size 15400960 bytes, new threshold 6 (max threshold 6)
[166.461s][info ][gc,heap      ] GC(145) ParNew: 248898K->8095K(270976K)
[166.462s][info ][gc,heap      ] GC(145) CMS: 252266K->252354K(602112K)
[166.462s][info ][gc,metaspace ] GC(145) Metaspace: 56131K->56131K(1099776K)
[166.462s][info ][gc           ] GC(145) Pause Young (Allocation Failure) 489M->254M(852M) 5.614ms
[166.462s][info ][gc,cpu       ] GC(145) User=0.03s Sys=0.00s Real=0.01s
[166.462s][info ][safepoint    ] Leaving safepoint region
[166.462s][info ][safepoint    ] Total time for which application threads were stopped: 0.0058005 seconds, Stopping threads took: 0.0000176 seconds
[167.462s][info ][safepoint    ] Application time: 1.0001129 seconds
[167.462s][info ][safepoint    ] Entering safepoint region: Cleanup
[167.462s][info ][safepoint    ] Leaving safepoint region
[167.462s][info ][safepoint    ] Total time for which application threads were stopped: 0.0001237 seconds, Stopping threads took: 0.0000427 seconds
[168.462s][info ][safepoint    ] Application time: 1.0001440 seconds
[168.462s][info ][safepoint    ] Entering safepoint region: Cleanup
[168.462s][info ][safepoint    ] Leaving safepoint region
[168.462s][info ][safepoint    ] Total time for which application threads were stopped: 0.0001305 seconds, Stopping threads took: 0.0000576 seconds
[169.462s][info ][safepoint    ] Application time: 1.0000944 seconds
[169.462s][info ][safepoint    ] Entering safepoint region: Cleanup
[169.463s][info ][safepoint    ] Leaving safepoint region
[169.463s][info ][safepoint    ] Total time for which application threads were stopped: 0.0002074 seconds, Stopping threads took: 0.0000891 seconds
[170.107s][info ][safepoint    ] Application time: 0.6445641 seconds
[170.107s][info ][safepoint    ] Entering safepoint region: GenCollectForAllocation
[170.107s][info ][gc,start     ] GC(146) Pause Young (Allocation Failure)
[170.107s][info ][gc,task      ] GC(146) Using 4 workers of 4 for evacuation
[170.119s][debug][gc,ref       ] GC(146) Skipped phase1 of Reference Processing due to unavailable references
[170.119s][debug][gc,ref       ] GC(146) Skipped phase3 of Reference Processing due to unavailable references
[170.119s][debug][gc,age       ] GC(146) Desired survivor size 15400960 bytes, new threshold 6 (max threshold 6)
[170.119s][info ][gc,heap      ] GC(146) ParNew: 248991K->5448K(270976K)
[170.119s][info ][gc,heap      ] GC(146) CMS: 252354K->256126K(602112K)
[170.119s][info ][gc,metaspace ] GC(146) Metaspace: 56185K->56185K(1099776K)
[170.119s][info ][gc           ] GC(146) Pause Young (Allocation Failure) 489M->255M(852M) 11.886ms
[170.119s][info ][gc,cpu       ] GC(146) User=0.03s Sys=0.01s Real=0.01s
[170.119s][info ][safepoint    ] Leaving safepoint region
[170.119s][info ][safepoint    ] Total time for which application threads were stopped: 0.0120528 seconds, Stopping threads took: 0.0000181 seconds
[171.119s][info ][safepoint    ] Application time: 1.0001077 seconds
[171.119s][info ][safepoint    ] Entering safepoint region: Cleanup
[171.120s][info ][safepoint    ] Leaving safepoint region
[171.120s][info ][safepoint    ] Total time for which application threads were stopped: 0.0000738 seconds, Stopping threads took: 0.0000195 seconds
[172.120s][info ][safepoint    ] Application time: 1.0000864 seconds
[172.120s][info ][safepoint    ] Entering safepoint region: Cleanup
[172.120s][info ][safepoint    ] Leaving safepoint region
[172.120s][info ][safepoint    ] Total time for which application threads were stopped: 0.0000739 seconds, Stopping threads took: 0.0000196 seconds
[173.120s][info ][safepoint    ] Application time: 1.0000970 seconds
[173.120s][info ][safepoint    ] Entering safepoint region: Cleanup
[173.120s][info ][safepoint    ] Leaving safepoint region
[173.120s][info ][safepoint    ] Total time for which application threads were stopped: 0.0001026 seconds, Stopping threads took: 0.0000216 seconds
[174.120s][info ][safepoint    ] Application time: 1.0000896 seconds
[174.120s][info ][safepoint    ] Entering safepoint region: Cleanup
[174.120s][info ][safepoint    ] Leaving safepoint region
[174.120s][info ][safepoint    ] Total time for which application threads were stopped: 0.0000842 seconds, Stopping threads took: 0.0000170 seconds
[175.120s][info ][safepoint    ] Application time: 1.0000911 seconds
[175.120s][info ][safepoint    ] Entering safepoint region: Cleanup
[175.120s][info ][safepoint    ] Leaving safepoint region
[175.120s][info ][safepoint    ] Total time for which application threads were stopped: 0.0000710 seconds, Stopping threads took: 0.0000172 seconds
[176.121s][info ][safepoint    ] Application time: 1.0001281 seconds
[176.121s][info ][safepoint    ] Entering safepoint region: Cleanup
[176.121s][info ][safepoint    ] Leaving safepoint region
[176.121s][info ][safepoint    ] Total time for which application threads were stopped: 0.0000723 seconds, Stopping threads took: 0.0000171 seconds
[177.121s][info ][safepoint    ] Application time: 1.0001469 seconds
[177.121s][info ][safepoint    ] Entering safepoint region: Cleanup
[177.121s][info ][safepoint    ] Leaving safepoint region
[177.121s][info ][safepoint    ] Total time for which application threads were stopped: 0.0001093 seconds, Stopping threads took: 0.0000186 seconds
[177.207s][info ][safepoint    ] Application time: 0.0863372 seconds
[177.207s][info ][safepoint    ] Entering safepoint region: GenCollectForAllocation
[177.207s][info ][gc,start     ] GC(147) Pause Young (Allocation Failure)
[177.207s][info ][gc,task      ] GC(147) Using 4 workers of 4 for evacuation
[177.211s][debug][gc,ref       ] GC(147) Skipped phase1 of Reference Processing due to unavailable references
[177.211s][debug][gc,ref       ] GC(147) Skipped phase3 of Reference Processing due to unavailable references
[177.211s][debug][gc,ref       ] GC(147) Skipped phase4 of Reference Processing due to unavailable references
[177.211s][debug][gc,age       ] GC(147) Desired survivor size 15400960 bytes, new threshold 6 (max threshold 6)
[177.211s][info ][gc,heap      ] GC(147) ParNew: 246344K->2901K(270976K)
[177.211s][info ][gc,heap      ] GC(147) CMS: 256126K->256281K(602112K)
[177.211s][info ][gc,metaspace ] GC(147) Metaspace: 56190K->56190K(1099776K)
[177.211s][info ][gc           ] GC(147) Pause Young (Allocation Failure) 490M->253M(852M) 3.886ms
[177.211s][info ][gc,cpu       ] GC(147) User=0.01s Sys=0.00s Real=0.00s
[177.211s][info ][safepoint    ] Leaving safepoint region
[177.211s][info ][safepoint    ] Total time for which application threads were stopped: 0.0040571 seconds, Stopping threads took: 0.0000164 seconds
[178.212s][info ][safepoint    ] Application time: 1.0001384 seconds
[178.212s][info ][safepoint    ] Entering safepoint region: Cleanup
[178.212s][info ][safepoint    ] Leaving safepoint region
[178.212s][info ][safepoint    ] Total time for which application threads were stopped: 0.0000689 seconds, Stopping threads took: 0.0000174 seconds
[179.212s][info ][safepoint    ] Application time: 1.0000810 seconds
[179.212s][info ][safepoint    ] Entering safepoint region: Cleanup
[179.212s][info ][safepoint    ] Leaving safepoint region
[179.212s][info ][safepoint    ] Total time for which application threads were stopped: 0.0000853 seconds, Stopping threads took: 0.0000170 seconds
[180.212s][info ][safepoint    ] Application time: 1.0001167 seconds
[180.212s][info ][safepoint    ] Entering safepoint region: Cleanup
[180.212s][info ][safepoint    ] Leaving safepoint region
[180.212s][info ][safepoint    ] Total time for which application threads were stopped: 0.0000699 seconds, Stopping threads took: 0.0000175 seconds
[181.212s][info ][safepoint    ] Application time: 1.0001071 seconds
[181.212s][info ][safepoint    ] Entering safepoint region: Cleanup
[181.212s][info ][safepoint    ] Leaving safepoint region
[181.212s][info ][safepoint    ] Total time for which application threads were stopped: 0.0000797 seconds, Stopping threads took: 0.0000187 seconds
[182.212s][info ][safepoint    ] Application time: 1.0000920 seconds
[182.212s][info ][safepoint    ] Entering safepoint region: Cleanup
[182.213s][info ][safepoint    ] Leaving safepoint region
[182.213s][info ][safepoint    ] Total time for which application threads were stopped: 0.0000689 seconds, Stopping threads took: 0.0000173 seconds
[183.213s][info ][safepoint    ] Application time: 1.0001014 seconds
[183.213s][info ][safepoint    ] Entering safepoint region: Cleanup
[183.213s][info ][safepoint    ] Leaving safepoint region
[183.213s][info ][safepoint    ] Total time for which application threads were stopped: 0.0000745 seconds, Stopping threads took: 0.0000167 seconds
[184.213s][info ][safepoint    ] Application time: 1.0001142 seconds
[184.213s][info ][safepoint    ] Entering safepoint region: Cleanup
[184.213s][info ][safepoint    ] Leaving safepoint region
[184.213s][info ][safepoint    ] Total time for which application threads were stopped: 0.0000719 seconds, Stopping threads took: 0.0000193 seconds
[185.213s][info ][safepoint    ] Application time: 1.0001330 seconds
[185.213s][info ][safepoint    ] Entering safepoint region: Cleanup
[185.213s][info ][safepoint    ] Leaving safepoint region
[185.213s][info ][safepoint    ] Total time for which application threads were stopped: 0.0000744 seconds, Stopping threads took: 0.0000167 seconds
[186.216s][info ][safepoint    ] Application time: 1.0024197 seconds
[186.216s][info ][safepoint    ] Entering safepoint region: Cleanup
[186.216s][info ][safepoint    ] Leaving safepoint region
[186.216s][info ][safepoint    ] Total time for which application threads were stopped: 0.0000833 seconds, Stopping threads took: 0.0000289 seconds
[187.216s][info ][safepoint    ] Application time: 1.0001757 seconds
[187.216s][info ][safepoint    ] Entering safepoint region: Cleanup
[187.216s][info ][safepoint    ] Leaving safepoint region
[187.216s][info ][safepoint    ] Total time for which application threads were stopped: 0.0000913 seconds, Stopping threads took: 0.0000350 seconds
[188.216s][info ][safepoint    ] Application time: 1.0001263 seconds
[188.216s][info ][safepoint    ] Entering safepoint region: Cleanup
[188.216s][info ][safepoint    ] Leaving safepoint region
[188.216s][info ][safepoint    ] Total time for which application threads were stopped: 0.0000721 seconds, Stopping threads took: 0.0000175 seconds
[189.216s][info ][safepoint    ] Application time: 1.0000941 seconds
[189.216s][info ][safepoint    ] Entering safepoint region: Cleanup
[189.217s][info ][safepoint    ] Leaving safepoint region
[189.217s][info ][safepoint    ] Total time for which application threads were stopped: 0.0000919 seconds, Stopping threads took: 0.0000357 seconds
[189.456s][info ][safepoint    ] Application time: 0.2389903 seconds
[189.456s][info ][safepoint    ] Entering safepoint region: GenCollectForAllocation
[189.456s][info ][gc,start     ] GC(148) Pause Young (Allocation Failure)
[189.456s][info ][gc,task      ] GC(148) Using 4 workers of 4 for evacuation
[189.459s][debug][gc,ref       ] GC(148) Skipped phase1 of Reference Processing due to unavailable references
[189.459s][debug][gc,ref       ] GC(148) Skipped phase3 of Reference Processing due to unavailable references
[189.459s][debug][gc,ref       ] GC(148) Skipped phase4 of Reference Processing due to unavailable references
[189.459s][debug][gc,age       ] GC(148) Desired survivor size 15400960 bytes, new threshold 6 (max threshold 6)
[189.459s][info ][gc,heap      ] GC(148) ParNew: 243797K->2880K(270976K)
[189.459s][info ][gc,heap      ] GC(148) CMS: 256281K->256333K(602112K)
[189.459s][info ][gc,metaspace ] GC(148) Metaspace: 56192K->56192K(1099776K)
[189.459s][info ][gc           ] GC(148) Pause Young (Allocation Failure) 488M->253M(852M) 3.562ms
[189.459s][info ][gc,cpu       ] GC(148) User=0.01s Sys=0.00s Real=0.01s
[189.459s][info ][safepoint    ] Leaving safepoint region
[189.459s][info ][safepoint    ] Total time for which application threads were stopped: 0.0037028 seconds, Stopping threads took: 0.0000170 seconds
[190.459s][info ][safepoint    ] Application time: 1.0000965 seconds
[190.459s][info ][safepoint    ] Entering safepoint region: Cleanup
[190.460s][info ][safepoint    ] Leaving safepoint region
[190.460s][info ][safepoint    ] Total time for which application threads were stopped: 0.0000705 seconds, Stopping threads took: 0.0000177 seconds
[191.460s][info ][safepoint    ] Application time: 1.0001201 seconds
[191.460s][info ][safepoint    ] Entering safepoint region: Cleanup
[191.460s][info ][safepoint    ] Leaving safepoint region
[191.460s][info ][safepoint    ] Total time for which application threads were stopped: 0.0000695 seconds, Stopping threads took: 0.0000172 seconds
[192.460s][info ][safepoint    ] Application time: 1.0000965 seconds
[192.460s][info ][safepoint    ] Entering safepoint region: Cleanup
[192.460s][info ][safepoint    ] Leaving safepoint region
[192.460s][info ][safepoint    ] Total time for which application threads were stopped: 0.0000852 seconds, Stopping threads took: 0.0000165 seconds
[193.460s][info ][safepoint    ] Application time: 1.0000910 seconds
[193.460s][info ][safepoint    ] Entering safepoint region: Cleanup
[193.460s][info ][safepoint    ] Leaving safepoint region
[193.460s][info ][safepoint    ] Total time for which application threads were stopped: 0.0000697 seconds, Stopping threads took: 0.0000170 seconds
[194.460s][info ][safepoint    ] Application time: 1.0001381 seconds
[194.461s][info ][safepoint    ] Entering safepoint region: Cleanup
[194.461s][info ][safepoint    ] Leaving safepoint region
[194.461s][info ][safepoint    ] Total time for which application threads were stopped: 0.0000778 seconds, Stopping threads took: 0.0000194 seconds
[195.461s][info ][safepoint    ] Application time: 1.0000961 seconds
[195.461s][info ][safepoint    ] Entering safepoint region: Cleanup
[195.461s][info ][safepoint    ] Leaving safepoint region
[195.461s][info ][safepoint    ] Total time for which application threads were stopped: 0.0000705 seconds, Stopping threads took: 0.0000172 seconds
[196.461s][info ][safepoint    ] Application time: 1.0001668 seconds
[196.461s][info ][safepoint    ] Entering safepoint region: Cleanup
[196.461s][info ][safepoint    ] Leaving safepoint region
[196.461s][info ][safepoint    ] Total time for which application threads were stopped: 0.0000730 seconds, Stopping threads took: 0.0000179 seconds
[197.461s][info ][safepoint    ] Application time: 1.0000993 seconds
[197.461s][info ][safepoint    ] Entering safepoint region: Cleanup
[197.461s][info ][safepoint    ] Leaving safepoint region
[197.461s][info ][safepoint    ] Total time for which application threads were stopped: 0.0000906 seconds, Stopping threads took: 0.0000358 seconds
[198.461s][info ][safepoint    ] Application time: 1.0000880 seconds
[198.462s][info ][safepoint    ] Entering safepoint region: Cleanup
[198.462s][info ][safepoint    ] Leaving safepoint region
[198.462s][info ][safepoint    ] Total time for which application threads were stopped: 0.0000922 seconds, Stopping threads took: 0.0000184 seconds
[199.462s][info ][safepoint    ] Application time: 1.0000964 seconds
[199.462s][info ][safepoint    ] Entering safepoint region: Cleanup
[199.462s][info ][safepoint    ] Leaving safepoint region
[199.462s][info ][safepoint    ] Total time for which application threads were stopped: 0.0000886 seconds, Stopping threads took: 0.0000184 seconds
[200.462s][info ][safepoint    ] Application time: 1.0000925 seconds
[200.462s][info ][safepoint    ] Entering safepoint region: Cleanup
[200.462s][info ][safepoint    ] Leaving safepoint region
[200.462s][info ][safepoint    ] Total time for which application threads were stopped: 0.0000729 seconds, Stopping threads took: 0.0000187 seconds
[201.462s][info ][safepoint    ] Application time: 1.0001736 seconds
[201.462s][info ][safepoint    ] Entering safepoint region: Cleanup
[201.462s][info ][safepoint    ] Leaving safepoint region
[201.462s][info ][safepoint    ] Total time for which application threads were stopped: 0.0000737 seconds, Stopping threads took: 0.0000169 seconds
[202.462s][info ][safepoint    ] Application time: 1.0001076 seconds
[202.463s][info ][safepoint    ] Entering safepoint region: Cleanup
[202.463s][info ][safepoint    ] Leaving safepoint region
[202.463s][info ][safepoint    ] Total time for which application threads were stopped: 0.0000912 seconds, Stopping threads took: 0.0000190 seconds
[203.463s][info ][safepoint    ] Application time: 1.0003005 seconds
[203.463s][info ][safepoint    ] Entering safepoint region: Cleanup
[203.463s][info ][safepoint    ] Leaving safepoint region
[203.463s][info ][safepoint    ] Total time for which application threads were stopped: 0.0000726 seconds, Stopping threads took: 0.0000185 seconds
[204.463s][info ][safepoint    ] Application time: 1.0000996 seconds
[204.463s][info ][safepoint    ] Entering safepoint region: Cleanup
[204.463s][info ][safepoint    ] Leaving safepoint region
[204.463s][info ][safepoint    ] Total time for which application threads were stopped: 0.0000710 seconds, Stopping threads took: 0.0000189 seconds
[205.463s][info ][safepoint    ] Application time: 1.0000867 seconds
[205.463s][info ][safepoint    ] Entering safepoint region: Cleanup
[205.463s][info ][safepoint    ] Leaving safepoint region
[205.463s][info ][safepoint    ] Total time for which application threads were stopped: 0.0000722 seconds, Stopping threads took: 0.0000186 seconds
[206.464s][info ][safepoint    ] Application time: 1.0002914 seconds
[206.464s][info ][safepoint    ] Entering safepoint region: Cleanup
[206.464s][info ][safepoint    ] Leaving safepoint region
[206.464s][info ][safepoint    ] Total time for which application threads were stopped: 0.0000732 seconds, Stopping threads took: 0.0000177 seconds
[207.468s][info ][safepoint    ] Application time: 1.0042531 seconds
[207.468s][info ][safepoint    ] Entering safepoint region: Cleanup
[207.468s][info ][safepoint    ] Leaving safepoint region
[207.468s][info ][safepoint    ] Total time for which application threads were stopped: 0.0000942 seconds, Stopping threads took: 0.0000205 seconds
[208.468s][info ][safepoint    ] Application time: 1.0000843 seconds
[208.468s][info ][safepoint    ] Entering safepoint region: Cleanup
[208.468s][info ][safepoint    ] Leaving safepoint region
[208.468s][info ][safepoint    ] Total time for which application threads were stopped: 0.0000864 seconds, Stopping threads took: 0.0000186 seconds
[209.469s][info ][safepoint    ] Application time: 1.0000928 seconds
[209.469s][info ][safepoint    ] Entering safepoint region: Cleanup
[209.469s][info ][safepoint    ] Leaving safepoint region
[209.469s][info ][safepoint    ] Total time for which application threads were stopped: 0.0000886 seconds, Stopping threads took: 0.0000336 seconds
[210.469s][info ][safepoint    ] Application time: 1.0000711 seconds
[210.469s][info ][safepoint    ] Entering safepoint region: Cleanup
[210.469s][info ][safepoint    ] Leaving safepoint region
[210.469s][info ][safepoint    ] Total time for which application threads were stopped: 0.0001014 seconds, Stopping threads took: 0.0000178 seconds
[211.469s][info ][safepoint    ] Application time: 1.0000951 seconds
[211.469s][info ][safepoint    ] Entering safepoint region: Cleanup
[211.469s][info ][safepoint    ] Leaving safepoint region
[211.469s][info ][safepoint    ] Total time for which application threads were stopped: 0.0000741 seconds, Stopping threads took: 0.0000183 seconds
[212.469s][info ][safepoint    ] Application time: 1.0000896 seconds
[212.469s][info ][safepoint    ] Entering safepoint region: Cleanup
[212.469s][info ][safepoint    ] Leaving safepoint region
[212.469s][info ][safepoint    ] Total time for which application threads were stopped: 0.0002496 seconds, Stopping threads took: 0.0000178 seconds
[213.470s][info ][safepoint    ] Application time: 1.0003516 seconds
[213.470s][info ][safepoint    ] Entering safepoint region: Cleanup
[213.470s][info ][safepoint    ] Leaving safepoint region
[213.470s][info ][safepoint    ] Total time for which application threads were stopped: 0.0000895 seconds, Stopping threads took: 0.0000177 seconds
[214.470s][info ][safepoint    ] Application time: 1.0000700 seconds
[214.470s][info ][safepoint    ] Entering safepoint region: Cleanup
[214.470s][info ][safepoint    ] Leaving safepoint region
[214.470s][info ][safepoint    ] Total time for which application threads were stopped: 0.0000912 seconds, Stopping threads took: 0.0000186 seconds
[215.470s][info ][safepoint    ] Application time: 1.0000906 seconds
[215.470s][info ][safepoint    ] Entering safepoint region: Cleanup
[215.470s][info ][safepoint    ] Leaving safepoint region
[215.470s][info ][safepoint    ] Total time for which application threads were stopped: 0.0000890 seconds, Stopping threads took: 0.0000184 seconds
[216.471s][info ][safepoint    ] Application time: 1.0000984 seconds
[216.471s][info ][safepoint    ] Entering safepoint region: Cleanup
[216.471s][info ][safepoint    ] Leaving safepoint region
[216.471s][info ][safepoint    ] Total time for which application threads were stopped: 0.0000729 seconds, Stopping threads took: 0.0000183 seconds
[217.471s][info ][safepoint    ] Application time: 1.0001367 seconds
[217.471s][info ][safepoint    ] Entering safepoint region: Cleanup
[217.471s][info ][safepoint    ] Leaving safepoint region
[217.471s][info ][safepoint    ] Total time for which application threads were stopped: 0.0000921 seconds, Stopping threads took: 0.0000348 seconds
[218.471s][info ][safepoint    ] Application time: 1.0000914 seconds
[218.471s][info ][safepoint    ] Entering safepoint region: Cleanup
[218.471s][info ][safepoint    ] Leaving safepoint region
[218.471s][info ][safepoint    ] Total time for which application threads were stopped: 0.0000734 seconds, Stopping threads took: 0.0000199 seconds
[219.471s][info ][safepoint    ] Application time: 1.0001355 seconds
[219.471s][info ][safepoint    ] Entering safepoint region: Cleanup
[219.471s][info ][safepoint    ] Leaving safepoint region
[219.471s][info ][safepoint    ] Total time for which application threads were stopped: 0.0001385 seconds, Stopping threads took: 0.0000181 seconds
[220.472s][info ][safepoint    ] Application time: 1.0000931 seconds
[220.472s][info ][safepoint    ] Entering safepoint region: Cleanup
[220.472s][info ][safepoint    ] Leaving safepoint region
[220.472s][info ][safepoint    ] Total time for which application threads were stopped: 0.0001027 seconds, Stopping threads took: 0.0000197 seconds
[221.472s][info ][safepoint    ] Application time: 1.0001282 seconds
[221.472s][info ][safepoint    ] Entering safepoint region: Cleanup
[221.472s][info ][safepoint    ] Leaving safepoint region
[221.472s][info ][safepoint    ] Total time for which application threads were stopped: 0.0000841 seconds, Stopping threads took: 0.0000279 seconds
[222.472s][info ][safepoint    ] Application time: 1.0001511 seconds
[222.472s][info ][safepoint    ] Entering safepoint region: Cleanup
[222.472s][info ][safepoint    ] Leaving safepoint region
[222.472s][info ][safepoint    ] Total time for which application threads were stopped: 0.0000716 seconds, Stopping threads took: 0.0000181 seconds
[223.472s][info ][safepoint    ] Application time: 1.0000875 seconds
[223.472s][info ][safepoint    ] Entering safepoint region: Cleanup
[223.472s][info ][safepoint    ] Leaving safepoint region
[223.472s][info ][safepoint    ] Total time for which application threads were stopped: 0.0000738 seconds, Stopping threads took: 0.0000186 seconds
[224.472s][info ][safepoint    ] Application time: 1.0000974 seconds
[224.473s][info ][safepoint    ] Entering safepoint region: Cleanup
[224.473s][info ][safepoint    ] Leaving safepoint region
[224.473s][info ][safepoint    ] Total time for which application threads were stopped: 0.0000707 seconds, Stopping threads took: 0.0000179 seconds
[225.473s][info ][safepoint    ] Application time: 1.0000922 seconds
[225.473s][info ][safepoint    ] Entering safepoint region: Cleanup
[225.473s][info ][safepoint    ] Leaving safepoint region
[225.473s][info ][safepoint    ] Total time for which application threads were stopped: 0.0000678 seconds, Stopping threads took: 0.0000180 seconds
[226.473s][info ][safepoint    ] Application time: 1.0001318 seconds
[226.473s][info ][safepoint    ] Entering safepoint region: Cleanup
[226.473s][info ][safepoint    ] Leaving safepoint region
[226.473s][info ][safepoint    ] Total time for which application threads were stopped: 0.0000739 seconds, Stopping threads took: 0.0000183 seconds
[227.473s][info ][safepoint    ] Application time: 1.0001039 seconds
[227.473s][info ][safepoint    ] Entering safepoint region: Cleanup
[227.473s][info ][safepoint    ] Leaving safepoint region
[227.473s][info ][safepoint    ] Total time for which application threads were stopped: 0.0000849 seconds, Stopping threads took: 0.0000188 seconds
[228.473s][info ][safepoint    ] Application time: 1.0001300 seconds
[228.473s][info ][safepoint    ] Entering safepoint region: Cleanup
[228.474s][info ][safepoint    ] Leaving safepoint region
[228.474s][info ][safepoint    ] Total time for which application threads were stopped: 0.0000880 seconds, Stopping threads took: 0.0000341 seconds
[229.474s][info ][safepoint    ] Application time: 1.0000502 seconds
[229.474s][info ][safepoint    ] Entering safepoint region: Cleanup
[229.474s][info ][safepoint    ] Leaving safepoint region
[229.474s][info ][safepoint    ] Total time for which application threads were stopped: 0.0000706 seconds, Stopping threads took: 0.0000190 seconds
[229.661s][info ][safepoint    ] Application time: 0.1874695 seconds
[229.661s][info ][safepoint    ] Entering safepoint region: RevokeBias
[229.661s][info ][safepoint    ] Leaving safepoint region
[229.661s][info ][safepoint    ] Total time for which application threads were stopped: 0.0000846 seconds, Stopping threads took: 0.0000155 seconds
[230.661s][info ][safepoint    ] Application time: 1.0001080 seconds
[230.661s][info ][safepoint    ] Entering safepoint region: Cleanup
[230.662s][info ][safepoint    ] Leaving safepoint region
[230.662s][info ][safepoint    ] Total time for which application threads were stopped: 0.0000740 seconds, Stopping threads took: 0.0000175 seconds
[231.662s][info ][safepoint    ] Application time: 1.0000986 seconds
[231.662s][info ][safepoint    ] Entering safepoint region: Cleanup
[231.662s][info ][safepoint    ] Leaving safepoint region
[231.662s][info ][safepoint    ] Total time for which application threads were stopped: 0.0000717 seconds, Stopping threads took: 0.0000177 seconds
[232.663s][info ][safepoint    ] Application time: 1.0008622 seconds
[232.663s][info ][safepoint    ] Entering safepoint region: Cleanup
[232.663s][info ][safepoint    ] Leaving safepoint region
[232.663s][info ][safepoint    ] Total time for which application threads were stopped: 0.0001096 seconds, Stopping threads took: 0.0000555 seconds
[233.663s][info ][safepoint    ] Application time: 1.0001060 seconds
[233.663s][info ][safepoint    ] Entering safepoint region: Cleanup
[233.663s][info ][safepoint    ] Leaving safepoint region
[233.663s][info ][safepoint    ] Total time for which application threads were stopped: 0.0000868 seconds, Stopping threads took: 0.0000332 seconds
[234.663s][info ][safepoint    ] Application time: 1.0000925 seconds
[234.663s][info ][safepoint    ] Entering safepoint region: Cleanup
[234.663s][info ][safepoint    ] Leaving safepoint region
[234.663s][info ][safepoint    ] Total time for which application threads were stopped: 0.0000701 seconds, Stopping threads took: 0.0000180 seconds
[235.663s][info ][safepoint    ] Application time: 1.0001047 seconds
[235.664s][info ][safepoint    ] Entering safepoint region: Cleanup
[235.664s][info ][safepoint    ] Leaving safepoint region
[235.664s][info ][safepoint    ] Total time for which application threads were stopped: 0.0000881 seconds, Stopping threads took: 0.0000243 seconds
[236.664s][info ][safepoint    ] Application time: 1.0001040 seconds
[236.664s][info ][safepoint    ] Entering safepoint region: Cleanup
[236.664s][info ][safepoint    ] Leaving safepoint region
[236.664s][info ][safepoint    ] Total time for which application threads were stopped: 0.0001264 seconds, Stopping threads took: 0.0000620 seconds
[237.664s][info ][safepoint    ] Application time: 1.0001005 seconds
[237.664s][info ][safepoint    ] Entering safepoint region: Cleanup
[237.664s][info ][safepoint    ] Leaving safepoint region
[237.664s][info ][safepoint    ] Total time for which application threads were stopped: 0.0000850 seconds, Stopping threads took: 0.0000182 seconds
[238.155s][info ][safepoint    ] Application time: 0.4903584 seconds
[238.155s][info ][safepoint    ] Entering safepoint region: GenCollectForAllocation
[238.155s][info ][gc,start     ] GC(149) Pause Young (Allocation Failure)
[238.155s][info ][gc,task      ] GC(149) Using 4 workers of 4 for evacuation
[238.158s][debug][gc,ref       ] GC(149) Skipped phase1 of Reference Processing due to unavailable references
[238.158s][debug][gc,ref       ] GC(149) Skipped phase3 of Reference Processing due to unavailable references
[238.158s][debug][gc,ref       ] GC(149) Skipped phase4 of Reference Processing due to unavailable references
[238.158s][debug][gc,age       ] GC(149) Desired survivor size 15400960 bytes, new threshold 6 (max threshold 6)
[238.158s][info ][gc,heap      ] GC(149) ParNew: 243776K->2393K(270976K)
[238.158s][info ][gc,heap      ] GC(149) CMS: 256333K->256713K(602112K)
[238.158s][info ][gc,metaspace ] GC(149) Metaspace: 56195K->56195K(1099776K)
[238.158s][info ][gc           ] GC(149) Pause Young (Allocation Failure) 488M->253M(852M) 3.075ms
[238.158s][info ][gc,cpu       ] GC(149) User=0.01s Sys=0.00s Real=0.01s
[238.158s][info ][safepoint    ] Leaving safepoint region
[238.158s][info ][safepoint    ] Total time for which application threads were stopped: 0.0032451 seconds, Stopping threads took: 0.0000181 seconds
[239.158s][info ][safepoint    ] Application time: 1.0001186 seconds
[239.158s][info ][safepoint    ] Entering safepoint region: Cleanup
[239.158s][info ][safepoint    ] Leaving safepoint region
[239.158s][info ][safepoint    ] Total time for which application threads were stopped: 0.0000702 seconds, Stopping threads took: 0.0000178 seconds
[240.158s][info ][safepoint    ] Application time: 1.0001043 seconds
[240.158s][info ][safepoint    ] Entering safepoint region: Cleanup
[240.158s][info ][safepoint    ] Leaving safepoint region
[240.158s][info ][safepoint    ] Total time for which application threads were stopped: 0.0000756 seconds, Stopping threads took: 0.0000207 seconds
[241.158s][info ][safepoint    ] Application time: 1.0000840 seconds
[241.158s][info ][safepoint    ] Entering safepoint region: Cleanup
[241.159s][info ][safepoint    ] Leaving safepoint region
[241.159s][info ][safepoint    ] Total time for which application threads were stopped: 0.0001599 seconds, Stopping threads took: 0.0001035 seconds
[242.159s][info ][safepoint    ] Application time: 1.0000936 seconds
[242.159s][info ][safepoint    ] Entering safepoint region: Cleanup
[242.159s][info ][safepoint    ] Leaving safepoint region
[242.159s][info ][safepoint    ] Total time for which application threads were stopped: 0.0000694 seconds, Stopping threads took: 0.0000182 seconds
[243.159s][info ][safepoint    ] Application time: 1.0000846 seconds
[243.159s][info ][safepoint    ] Entering safepoint region: Cleanup
[243.159s][info ][safepoint    ] Leaving safepoint region
[243.159s][info ][safepoint    ] Total time for which application threads were stopped: 0.0000882 seconds, Stopping threads took: 0.0000180 seconds
[244.159s][info ][safepoint    ] Application time: 1.0001289 seconds
[244.159s][info ][safepoint    ] Entering safepoint region: Cleanup
[244.159s][info ][safepoint    ] Leaving safepoint region
[244.159s][info ][safepoint    ] Total time for which application threads were stopped: 0.0000683 seconds, Stopping threads took: 0.0000167 seconds
[245.159s][info ][safepoint    ] Application time: 1.0000913 seconds
[245.160s][info ][safepoint    ] Entering safepoint region: Cleanup
[245.160s][info ][safepoint    ] Leaving safepoint region
[245.160s][info ][safepoint    ] Total time for which application threads were stopped: 0.0001128 seconds, Stopping threads took: 0.0000541 seconds
[246.160s][info ][safepoint    ] Application time: 1.0001068 seconds
[246.160s][info ][safepoint    ] Entering safepoint region: Cleanup
[246.160s][info ][safepoint    ] Leaving safepoint region
[246.160s][info ][safepoint    ] Total time for which application threads were stopped: 0.0000699 seconds, Stopping threads took: 0.0000170 seconds
[247.160s][info ][safepoint    ] Application time: 1.0000594 seconds
[247.160s][info ][safepoint    ] Entering safepoint region: Cleanup
[247.160s][info ][safepoint    ] Leaving safepoint region
[247.160s][info ][safepoint    ] Total time for which application threads were stopped: 0.0001106 seconds, Stopping threads took: 0.0000317 seconds
[248.160s][info ][safepoint    ] Application time: 1.0000968 seconds
[248.160s][info ][safepoint    ] Entering safepoint region: Cleanup
[248.160s][info ][safepoint    ] Leaving safepoint region
[248.160s][info ][safepoint    ] Total time for which application threads were stopped: 0.0000877 seconds, Stopping threads took: 0.0000340 seconds
[249.160s][info ][safepoint    ] Application time: 1.0000886 seconds
[249.160s][info ][safepoint    ] Entering safepoint region: Cleanup
[249.160s][info ][safepoint    ] Leaving safepoint region
[249.160s][info ][safepoint    ] Total time for which application threads were stopped: 0.0000703 seconds, Stopping threads took: 0.0000183 seconds
[250.161s][info ][safepoint    ] Application time: 1.0003642 seconds
[250.161s][info ][safepoint    ] Entering safepoint region: Cleanup
[250.161s][info ][safepoint    ] Leaving safepoint region
[250.161s][info ][safepoint    ] Total time for which application threads were stopped: 0.0000701 seconds, Stopping threads took: 0.0000180 seconds
[251.161s][info ][safepoint    ] Application time: 1.0000967 seconds
[251.161s][info ][safepoint    ] Entering safepoint region: Cleanup
[251.161s][info ][safepoint    ] Leaving safepoint region
[251.161s][info ][safepoint    ] Total time for which application threads were stopped: 0.0000688 seconds, Stopping threads took: 0.0000176 seconds
[252.161s][info ][safepoint    ] Application time: 1.0001260 seconds
[252.161s][info ][safepoint    ] Entering safepoint region: Cleanup
[252.161s][info ][safepoint    ] Leaving safepoint region
[252.161s][info ][safepoint    ] Total time for which application threads were stopped: 0.0000675 seconds, Stopping threads took: 0.0000163 seconds
[253.161s][info ][safepoint    ] Application time: 1.0000933 seconds
[253.161s][info ][safepoint    ] Entering safepoint region: Cleanup
[253.162s][info ][safepoint    ] Leaving safepoint region
[253.162s][info ][safepoint    ] Total time for which application threads were stopped: 0.0000859 seconds, Stopping threads took: 0.0000193 seconds
[254.162s][info ][safepoint    ] Application time: 1.0001313 seconds
[254.162s][info ][safepoint    ] Entering safepoint region: Cleanup
[254.162s][info ][safepoint    ] Leaving safepoint region
[254.162s][info ][safepoint    ] Total time for which application threads were stopped: 0.0000746 seconds, Stopping threads took: 0.0000165 seconds
[255.162s][info ][safepoint    ] Application time: 1.0000970 seconds
[255.162s][info ][safepoint    ] Entering safepoint region: Cleanup
[255.162s][info ][safepoint    ] Leaving safepoint region
[255.162s][info ][safepoint    ] Total time for which application threads were stopped: 0.0000715 seconds, Stopping threads took: 0.0000179 seconds
[256.162s][info ][safepoint    ] Application time: 1.0002189 seconds
[256.162s][info ][safepoint    ] Entering safepoint region: Cleanup
[256.162s][info ][safepoint    ] Leaving safepoint region
[256.162s][info ][safepoint    ] Total time for which application threads were stopped: 0.0000701 seconds, Stopping threads took: 0.0000176 seconds
[257.162s][info ][safepoint    ] Application time: 1.0000843 seconds
[257.162s][info ][safepoint    ] Entering safepoint region: Cleanup
[257.163s][info ][safepoint    ] Leaving safepoint region
[257.163s][info ][safepoint    ] Total time for which application threads were stopped: 0.0000690 seconds, Stopping threads took: 0.0000181 seconds
[258.163s][info ][safepoint    ] Application time: 1.0000878 seconds
[258.163s][info ][safepoint    ] Entering safepoint region: Cleanup
[258.163s][info ][safepoint    ] Leaving safepoint region
[258.163s][info ][safepoint    ] Total time for which application threads were stopped: 0.0000730 seconds, Stopping threads took: 0.0000187 seconds
[259.163s][info ][safepoint    ] Application time: 1.0000921 seconds
[259.163s][info ][safepoint    ] Entering safepoint region: Cleanup
[259.163s][info ][safepoint    ] Leaving safepoint region
[259.163s][info ][safepoint    ] Total time for which application threads were stopped: 0.0005089 seconds, Stopping threads took: 0.0000720 seconds
[260.164s][info ][safepoint    ] Application time: 1.0000982 seconds
[260.164s][info ][safepoint    ] Entering safepoint region: Cleanup
[260.164s][info ][safepoint    ] Leaving safepoint region
[260.164s][info ][safepoint    ] Total time for which application threads were stopped: 0.0000910 seconds, Stopping threads took: 0.0000181 seconds
[261.164s][info ][safepoint    ] Application time: 1.0000942 seconds
[261.164s][info ][safepoint    ] Entering safepoint region: Cleanup
[261.164s][info ][safepoint    ] Leaving safepoint region
[261.164s][info ][safepoint    ] Total time for which application threads were stopped: 0.0000701 seconds, Stopping threads took: 0.0000185 seconds
[262.164s][info ][safepoint    ] Application time: 1.0001687 seconds
[262.164s][info ][safepoint    ] Entering safepoint region: Cleanup
[262.164s][info ][safepoint    ] Leaving safepoint region
[262.164s][info ][safepoint    ] Total time for which application threads were stopped: 0.0000692 seconds, Stopping threads took: 0.0000176 seconds
[263.164s][info ][safepoint    ] Application time: 1.0000989 seconds
[263.164s][info ][safepoint    ] Entering safepoint region: Cleanup
[263.164s][info ][safepoint    ] Leaving safepoint region
[263.164s][info ][safepoint    ] Total time for which application threads were stopped: 0.0000852 seconds, Stopping threads took: 0.0000325 seconds
[264.164s][info ][safepoint    ] Application time: 1.0000997 seconds
[264.165s][info ][safepoint    ] Entering safepoint region: Cleanup
[264.165s][info ][safepoint    ] Leaving safepoint region
[264.165s][info ][safepoint    ] Total time for which application threads were stopped: 0.0000687 seconds, Stopping threads took: 0.0000173 seconds
[265.165s][info ][safepoint    ] Application time: 1.0000917 seconds
[265.165s][info ][safepoint    ] Entering safepoint region: Cleanup
[265.165s][info ][safepoint    ] Leaving safepoint region
[265.165s][info ][safepoint    ] Total time for which application threads were stopped: 0.0000862 seconds, Stopping threads took: 0.0000186 seconds
[266.165s][info ][safepoint    ] Application time: 1.0001319 seconds
[266.165s][info ][safepoint    ] Entering safepoint region: Cleanup
[266.165s][info ][safepoint    ] Leaving safepoint region
[266.165s][info ][safepoint    ] Total time for which application threads were stopped: 0.0000764 seconds, Stopping threads took: 0.0000177 seconds
[267.165s][info ][safepoint    ] Application time: 1.0000950 seconds
[267.165s][info ][safepoint    ] Entering safepoint region: Cleanup
[267.165s][info ][safepoint    ] Leaving safepoint region
[267.165s][info ][safepoint    ] Total time for which application threads were stopped: 0.0000749 seconds, Stopping threads took: 0.0000215 seconds
[268.165s][info ][safepoint    ] Application time: 1.0000959 seconds
[268.165s][info ][safepoint    ] Entering safepoint region: Cleanup
[268.166s][info ][safepoint    ] Leaving safepoint region
[268.166s][info ][safepoint    ] Total time for which application threads were stopped: 0.0000893 seconds, Stopping threads took: 0.0000186 seconds
[269.166s][info ][safepoint    ] Application time: 1.0000900 seconds
[269.166s][info ][safepoint    ] Entering safepoint region: Cleanup
[269.166s][info ][safepoint    ] Leaving safepoint region
[269.166s][info ][safepoint    ] Total time for which application threads were stopped: 0.0000963 seconds, Stopping threads took: 0.0000340 seconds
[270.166s][info ][safepoint    ] Application time: 1.0003942 seconds
[270.166s][info ][safepoint    ] Entering safepoint region: Cleanup
[270.166s][info ][safepoint    ] Leaving safepoint region
[270.166s][info ][safepoint    ] Total time for which application threads were stopped: 0.0000743 seconds, Stopping threads took: 0.0000204 seconds
[271.166s][info ][safepoint    ] Application time: 1.0000822 seconds
[271.166s][info ][safepoint    ] Entering safepoint region: Cleanup
[271.166s][info ][safepoint    ] Leaving safepoint region
[271.166s][info ][safepoint    ] Total time for which application threads were stopped: 0.0000867 seconds, Stopping threads took: 0.0000190 seconds
[272.167s][info ][safepoint    ] Application time: 1.0001185 seconds
[272.167s][info ][safepoint    ] Entering safepoint region: Cleanup
[272.167s][info ][safepoint    ] Leaving safepoint region
[272.167s][info ][safepoint    ] Total time for which application threads were stopped: 0.0000740 seconds, Stopping threads took: 0.0000204 seconds
[273.167s][info ][safepoint    ] Application time: 1.0000888 seconds
[273.167s][info ][safepoint    ] Entering safepoint region: Cleanup
[273.167s][info ][safepoint    ] Leaving safepoint region
[273.167s][info ][safepoint    ] Total time for which application threads were stopped: 0.0000725 seconds, Stopping threads took: 0.0000185 seconds
[274.167s][info ][safepoint    ] Application time: 1.0000752 seconds
[274.167s][info ][safepoint    ] Entering safepoint region: Cleanup
[274.167s][info ][safepoint    ] Leaving safepoint region
[274.167s][info ][safepoint    ] Total time for which application threads were stopped: 0.0000711 seconds, Stopping threads took: 0.0000185 seconds
[275.167s][info ][safepoint    ] Application time: 1.0000995 seconds
[275.167s][info ][safepoint    ] Entering safepoint region: Cleanup
[275.167s][info ][safepoint    ] Leaving safepoint region
[275.167s][info ][safepoint    ] Total time for which application threads were stopped: 0.0000703 seconds, Stopping threads took: 0.0000195 seconds
[276.167s][info ][safepoint    ] Application time: 1.0000942 seconds
[276.168s][info ][safepoint    ] Entering safepoint region: Cleanup
[276.168s][info ][safepoint    ] Leaving safepoint region
[276.168s][info ][safepoint    ] Total time for which application threads were stopped: 0.0000750 seconds, Stopping threads took: 0.0000206 seconds
[277.168s][info ][safepoint    ] Application time: 1.0000982 seconds
[277.168s][info ][safepoint    ] Entering safepoint region: Cleanup
[277.168s][info ][safepoint    ] Leaving safepoint region
[277.168s][info ][safepoint    ] Total time for which application threads were stopped: 0.0000759 seconds, Stopping threads took: 0.0000201 seconds
[278.168s][info ][safepoint    ] Application time: 1.0000856 seconds
[278.168s][info ][safepoint    ] Entering safepoint region: Cleanup
[278.168s][info ][safepoint    ] Leaving safepoint region
[278.168s][info ][safepoint    ] Total time for which application threads were stopped: 0.0000746 seconds, Stopping threads took: 0.0000203 seconds
[279.168s][info ][safepoint    ] Application time: 1.0000905 seconds
[279.168s][info ][safepoint    ] Entering safepoint region: Cleanup
[279.168s][info ][safepoint    ] Leaving safepoint region
[279.168s][info ][safepoint    ] Total time for which application threads were stopped: 0.0000880 seconds, Stopping threads took: 0.0000343 seconds
[280.168s][info ][safepoint    ] Application time: 1.0000596 seconds
[280.170s][info ][safepoint    ] Entering safepoint region: Cleanup
[280.170s][info ][safepoint    ] Leaving safepoint region
[280.170s][info ][safepoint    ] Total time for which application threads were stopped: 0.0012755 seconds, Stopping threads took: 0.0012075 seconds
[281.170s][info ][safepoint    ] Application time: 1.0000917 seconds
[281.170s][info ][safepoint    ] Entering safepoint region: Cleanup
[281.170s][info ][safepoint    ] Leaving safepoint region
[281.170s][info ][safepoint    ] Total time for which application threads were stopped: 0.0000879 seconds, Stopping threads took: 0.0000178 seconds
[282.170s][info ][safepoint    ] Application time: 1.0000825 seconds
[282.170s][info ][safepoint    ] Entering safepoint region: Cleanup
[282.170s][info ][safepoint    ] Leaving safepoint region
[282.170s][info ][safepoint    ] Total time for which application threads were stopped: 0.0000719 seconds, Stopping threads took: 0.0000187 seconds
[283.170s][info ][safepoint    ] Application time: 1.0000810 seconds
[283.170s][info ][safepoint    ] Entering safepoint region: Cleanup
[283.170s][info ][safepoint    ] Leaving safepoint region
[283.170s][info ][safepoint    ] Total time for which application threads were stopped: 0.0000720 seconds, Stopping threads took: 0.0000181 seconds
[284.170s][info ][safepoint    ] Application time: 1.0000974 seconds
[284.170s][info ][safepoint    ] Entering safepoint region: Cleanup
[284.170s][info ][safepoint    ] Leaving safepoint region
[284.170s][info ][safepoint    ] Total time for which application threads were stopped: 0.0000732 seconds, Stopping threads took: 0.0000199 seconds
[285.171s][info ][safepoint    ] Application time: 1.0001202 seconds
[285.171s][info ][safepoint    ] Entering safepoint region: Cleanup
[285.171s][info ][safepoint    ] Leaving safepoint region
[285.171s][info ][safepoint    ] Total time for which application threads were stopped: 0.0000731 seconds, Stopping threads took: 0.0000198 seconds
[286.171s][info ][safepoint    ] Application time: 1.0001466 seconds
[286.171s][info ][safepoint    ] Entering safepoint region: Cleanup
[286.171s][info ][safepoint    ] Leaving safepoint region
[286.171s][info ][safepoint    ] Total time for which application threads were stopped: 0.0000729 seconds, Stopping threads took: 0.0000189 seconds
[286.856s][info ][safepoint    ] Application time: 0.6848329 seconds
[286.856s][info ][safepoint    ] Entering safepoint region: GenCollectForAllocation
[286.856s][info ][gc,start     ] GC(150) Pause Young (Allocation Failure)
[286.856s][info ][gc,task      ] GC(150) Using 4 workers of 4 for evacuation
[286.859s][debug][gc,ref       ] GC(150) Skipped phase1 of Reference Processing due to unavailable references
[286.859s][debug][gc,ref       ] GC(150) Skipped phase3 of Reference Processing due to unavailable references
[286.859s][debug][gc,ref       ] GC(150) Skipped phase4 of Reference Processing due to unavailable references
[286.859s][debug][gc,age       ] GC(150) Desired survivor size 15400960 bytes, new threshold 6 (max threshold 6)
[286.859s][info ][gc,heap      ] GC(150) ParNew: 243289K->2107K(270976K)
[286.859s][info ][gc,heap      ] GC(150) CMS: 256713K->256949K(602112K)
[286.859s][info ][gc,metaspace ] GC(150) Metaspace: 56195K->56195K(1099776K)
[286.859s][info ][gc           ] GC(150) Pause Young (Allocation Failure) 488M->252M(852M) 2.925ms
[286.859s][info ][gc,cpu       ] GC(150) User=0.01s Sys=0.00s Real=0.00s
[286.859s][info ][safepoint    ] Leaving safepoint region
[286.859s][info ][safepoint    ] Total time for which application threads were stopped: 0.0031101 seconds, Stopping threads took: 0.0000328 seconds
[287.859s][info ][safepoint    ] Application time: 1.0000917 seconds
[287.859s][info ][safepoint    ] Entering safepoint region: Cleanup
[287.859s][info ][safepoint    ] Leaving safepoint region
[287.859s][info ][safepoint    ] Total time for which application threads were stopped: 0.0000693 seconds, Stopping threads took: 0.0000169 seconds
[288.859s][info ][safepoint    ] Application time: 1.0000937 seconds
[288.859s][info ][safepoint    ] Entering safepoint region: Cleanup
[288.859s][info ][safepoint    ] Leaving safepoint region
[288.859s][info ][safepoint    ] Total time for which application threads were stopped: 0.0000697 seconds, Stopping threads took: 0.0000165 seconds
[289.661s][info ][safepoint    ] Application time: 0.8016874 seconds
[289.661s][info ][safepoint    ] Entering safepoint region: RevokeBias
[289.661s][info ][safepoint    ] Leaving safepoint region
[289.661s][info ][safepoint    ] Total time for which application threads were stopped: 0.0000720 seconds, Stopping threads took: 0.0000164 seconds
[290.661s][info ][safepoint    ] Application time: 1.0000976 seconds
[290.661s][info ][safepoint    ] Entering safepoint region: Cleanup
[290.661s][info ][safepoint    ] Leaving safepoint region
[290.661s][info ][safepoint    ] Total time for which application threads were stopped: 0.0000682 seconds, Stopping threads took: 0.0000170 seconds
[291.662s][info ][safepoint    ] Application time: 1.0000930 seconds
[291.662s][info ][safepoint    ] Entering safepoint region: Cleanup
[291.662s][info ][safepoint    ] Leaving safepoint region
[291.662s][info ][safepoint    ] Total time for which application threads were stopped: 0.0000830 seconds, Stopping threads took: 0.0000316 seconds
[292.662s][info ][safepoint    ] Application time: 1.0000898 seconds
[292.662s][info ][safepoint    ] Entering safepoint region: Cleanup
[292.662s][info ][safepoint    ] Leaving safepoint region
[292.662s][info ][safepoint    ] Total time for which application threads were stopped: 0.0002646 seconds, Stopping threads took: 0.0000168 seconds
[293.662s][info ][safepoint    ] Application time: 1.0001386 seconds
[293.662s][info ][safepoint    ] Entering safepoint region: Cleanup
[293.663s][info ][safepoint    ] Leaving safepoint region
[293.663s][info ][safepoint    ] Total time for which application threads were stopped: 0.0002470 seconds, Stopping threads took: 0.0001895 seconds
[294.663s][info ][safepoint    ] Application time: 1.0001055 seconds
[294.663s][info ][safepoint    ] Entering safepoint region: Cleanup
[294.663s][info ][safepoint    ] Leaving safepoint region
[294.663s][info ][safepoint    ] Total time for which application threads were stopped: 0.0000807 seconds, Stopping threads took: 0.0000238 seconds
[295.663s][info ][safepoint    ] Application time: 1.0000946 seconds
[295.663s][info ][safepoint    ] Entering safepoint region: Cleanup
[295.663s][info ][safepoint    ] Leaving safepoint region
[295.663s][info ][safepoint    ] Total time for which application threads were stopped: 0.0000707 seconds, Stopping threads took: 0.0000172 seconds
[296.663s][info ][safepoint    ] Application time: 1.0000974 seconds
[296.663s][info ][safepoint    ] Entering safepoint region: Cleanup
[296.663s][info ][safepoint    ] Leaving safepoint region
[296.663s][info ][safepoint    ] Total time for which application threads were stopped: 0.0000658 seconds, Stopping threads took: 0.0000169 seconds
[297.663s][info ][safepoint    ] Application time: 1.0001351 seconds
[297.663s][info ][safepoint    ] Entering safepoint region: Cleanup
[297.663s][info ][safepoint    ] Leaving safepoint region
[297.663s][info ][safepoint    ] Total time for which application threads were stopped: 0.0000678 seconds, Stopping threads took: 0.0000167 seconds
[298.664s][info ][safepoint    ] Application time: 1.0001059 seconds
[298.664s][info ][safepoint    ] Entering safepoint region: Cleanup
[298.664s][info ][safepoint    ] Leaving safepoint region
[298.664s][info ][safepoint    ] Total time for which application threads were stopped: 0.0000680 seconds, Stopping threads took: 0.0000181 seconds
[299.664s][info ][safepoint    ] Application time: 1.0001292 seconds
[299.664s][info ][safepoint    ] Entering safepoint region: Cleanup
[299.664s][info ][safepoint    ] Leaving safepoint region
[299.664s][info ][safepoint    ] Total time for which application threads were stopped: 0.0000770 seconds, Stopping threads took: 0.0000175 seconds
[300.664s][info ][safepoint    ] Application time: 1.0001360 seconds
[300.664s][info ][safepoint    ] Entering safepoint region: Cleanup
[300.664s][info ][safepoint    ] Leaving safepoint region
[300.664s][info ][safepoint    ] Total time for which application threads were stopped: 0.0000860 seconds, Stopping threads took: 0.0000182 seconds
[301.664s][info ][safepoint    ] Application time: 1.0000984 seconds
[301.664s][info ][safepoint    ] Entering safepoint region: Cleanup
[301.664s][info ][safepoint    ] Leaving safepoint region
[301.664s][info ][safepoint    ] Total time for which application threads were stopped: 0.0000880 seconds, Stopping threads took: 0.0000176 seconds
[302.665s][info ][safepoint    ] Application time: 1.0001416 seconds
[302.665s][info ][safepoint    ] Entering safepoint region: Cleanup
[302.665s][info ][safepoint    ] Leaving safepoint region
[302.665s][info ][safepoint    ] Total time for which application threads were stopped: 0.0000712 seconds, Stopping threads took: 0.0000185 seconds
[303.665s][info ][safepoint    ] Application time: 1.0001347 seconds
[303.665s][info ][safepoint    ] Entering safepoint region: Cleanup
[303.665s][info ][safepoint    ] Leaving safepoint region
[303.665s][info ][safepoint    ] Total time for which application threads were stopped: 0.0000679 seconds, Stopping threads took: 0.0000178 seconds
[304.665s][info ][safepoint    ] Application time: 1.0000874 seconds
[304.665s][info ][safepoint    ] Entering safepoint region: Cleanup
[304.665s][info ][safepoint    ] Leaving safepoint region
[304.665s][info ][safepoint    ] Total time for which application threads were stopped: 0.0000829 seconds, Stopping threads took: 0.0000173 seconds
[305.665s][info ][safepoint    ] Application time: 1.0000863 seconds
[305.665s][info ][safepoint    ] Entering safepoint region: Cleanup
[305.665s][info ][safepoint    ] Leaving safepoint region
[305.665s][info ][safepoint    ] Total time for which application threads were stopped: 0.0000699 seconds, Stopping threads took: 0.0000174 seconds
[306.665s][info ][safepoint    ] Application time: 1.0000920 seconds
[306.666s][info ][safepoint    ] Entering safepoint region: Cleanup
[306.666s][info ][safepoint    ] Leaving safepoint region
[306.666s][info ][safepoint    ] Total time for which application threads were stopped: 0.0000705 seconds, Stopping threads took: 0.0000188 seconds
[307.666s][info ][safepoint    ] Application time: 1.0000924 seconds
[307.666s][info ][safepoint    ] Entering safepoint region: Cleanup
[307.666s][info ][safepoint    ] Leaving safepoint region
[307.666s][info ][safepoint    ] Total time for which application threads were stopped: 0.0000852 seconds, Stopping threads took: 0.0000190 seconds
[308.666s][info ][safepoint    ] Application time: 1.0000906 seconds
[308.666s][info ][safepoint    ] Entering safepoint region: Cleanup
[308.666s][info ][safepoint    ] Leaving safepoint region
[308.666s][info ][safepoint    ] Total time for which application threads were stopped: 0.0000694 seconds, Stopping threads took: 0.0000201 seconds
[309.666s][info ][safepoint    ] Application time: 1.0000935 seconds
[309.666s][info ][safepoint    ] Entering safepoint region: Cleanup
[309.666s][info ][safepoint    ] Leaving safepoint region
[309.666s][info ][safepoint    ] Total time for which application threads were stopped: 0.0000814 seconds, Stopping threads took: 0.0000322 seconds
[310.666s][info ][safepoint    ] Application time: 1.0000577 seconds
[310.666s][info ][safepoint    ] Entering safepoint region: Cleanup
[310.666s][info ][safepoint    ] Leaving safepoint region
[310.666s][info ][safepoint    ] Total time for which application threads were stopped: 0.0000680 seconds, Stopping threads took: 0.0000180 seconds
[311.667s][info ][safepoint    ] Application time: 1.0001124 seconds
[311.667s][info ][safepoint    ] Entering safepoint region: Cleanup
[311.667s][info ][safepoint    ] Leaving safepoint region
[311.667s][info ][safepoint    ] Total time for which application threads were stopped: 0.0000874 seconds, Stopping threads took: 0.0000328 seconds
[312.667s][info ][safepoint    ] Application time: 1.0002654 seconds
[312.667s][info ][safepoint    ] Entering safepoint region: Cleanup
[312.667s][info ][safepoint    ] Leaving safepoint region
[312.667s][info ][safepoint    ] Total time for which application threads were stopped: 0.0000661 seconds, Stopping threads took: 0.0000174 seconds
[313.667s][info ][safepoint    ] Application time: 1.0000552 seconds
[313.667s][info ][safepoint    ] Entering safepoint region: Cleanup
[313.667s][info ][safepoint    ] Leaving safepoint region
[313.667s][info ][safepoint    ] Total time for which application threads were stopped: 0.0000842 seconds, Stopping threads took: 0.0000181 seconds
[314.667s][info ][safepoint    ] Application time: 1.0001292 seconds
[314.670s][info ][safepoint    ] Entering safepoint region: Cleanup
[314.670s][info ][safepoint    ] Leaving safepoint region
[314.670s][info ][safepoint    ] Total time for which application threads were stopped: 0.0028047 seconds, Stopping threads took: 0.0027002 seconds
[315.670s][info ][safepoint    ] Application time: 1.0001004 seconds
[315.670s][info ][safepoint    ] Entering safepoint region: Cleanup
[315.670s][info ][safepoint    ] Leaving safepoint region
[315.670s][info ][safepoint    ] Total time for which application threads were stopped: 0.0000821 seconds, Stopping threads took: 0.0000172 seconds
[315.855s][info ][safepoint    ] Application time: 0.1843659 seconds
[315.855s][info ][safepoint    ] Entering safepoint region: GenCollectForAllocation
[315.855s][info ][gc,start     ] GC(151) Pause Young (Allocation Failure)
[315.855s][info ][gc,task      ] GC(151) Using 4 workers of 4 for evacuation
[315.858s][debug][gc,ref       ] GC(151) Skipped phase1 of Reference Processing due to unavailable references
[315.859s][debug][gc,ref       ] GC(151) Skipped phase3 of Reference Processing due to unavailable references
[315.859s][debug][gc,age       ] GC(151) Desired survivor size 15400960 bytes, new threshold 6 (max threshold 6)
[315.859s][info ][gc,heap      ] GC(151) ParNew: 243003K->2075K(270976K)
[315.859s][info ][gc,heap      ] GC(151) CMS: 256949K->257095K(602112K)
[315.859s][info ][gc,metaspace ] GC(151) Metaspace: 56205K->56205K(1099776K)
[315.859s][info ][gc           ] GC(151) Pause Young (Allocation Failure) 488M->253M(852M) 3.650ms
[315.859s][info ][gc,cpu       ] GC(151) User=0.01s Sys=0.00s Real=0.01s
[315.859s][info ][safepoint    ] Leaving safepoint region
[315.859s][info ][safepoint    ] Total time for which application threads were stopped: 0.0038105 seconds, Stopping threads took: 0.0000168 seconds
[316.859s][info ][safepoint    ] Application time: 1.0001127 seconds
[316.859s][info ][safepoint    ] Entering safepoint region: Cleanup
[316.859s][info ][safepoint    ] Leaving safepoint region
[316.859s][info ][safepoint    ] Total time for which application threads were stopped: 0.0000679 seconds, Stopping threads took: 0.0000171 seconds
[317.859s][info ][safepoint    ] Application time: 1.0001309 seconds
[317.859s][info ][safepoint    ] Entering safepoint region: Cleanup
[317.859s][info ][safepoint    ] Leaving safepoint region
[317.859s][info ][safepoint    ] Total time for which application threads were stopped: 0.0000768 seconds, Stopping threads took: 0.0000267 seconds
[318.859s][info ][safepoint    ] Application time: 1.0000990 seconds
[318.859s][info ][safepoint    ] Entering safepoint region: Cleanup
[318.859s][info ][safepoint    ] Leaving safepoint region
[318.859s][info ][safepoint    ] Total time for which application threads were stopped: 0.0000695 seconds, Stopping threads took: 0.0000182 seconds
[319.860s][info ][safepoint    ] Application time: 1.0001486 seconds
[319.871s][info ][safepoint    ] Entering safepoint region: Cleanup
[319.871s][info ][safepoint    ] Leaving safepoint region
[319.871s][info ][safepoint    ] Total time for which application threads were stopped: 0.0114525 seconds, Stopping threads took: 0.0113800 seconds
[320.871s][info ][safepoint    ] Application time: 1.0001032 seconds
[320.871s][info ][safepoint    ] Entering safepoint region: Cleanup
[320.871s][info ][safepoint    ] Leaving safepoint region
[320.871s][info ][safepoint    ] Total time for which application threads were stopped: 0.0000773 seconds, Stopping threads took: 0.0000191 seconds
[321.871s][info ][safepoint    ] Application time: 1.0000954 seconds
[321.871s][info ][safepoint    ] Entering safepoint region: Cleanup
[321.871s][info ][safepoint    ] Leaving safepoint region
[321.871s][info ][safepoint    ] Total time for which application threads were stopped: 0.0000656 seconds, Stopping threads took: 0.0000171 seconds
[322.872s][info ][safepoint    ] Application time: 1.0001011 seconds
[322.872s][info ][safepoint    ] Entering safepoint region: Cleanup
[322.872s][info ][safepoint    ] Leaving safepoint region
[322.872s][info ][safepoint    ] Total time for which application threads were stopped: 0.0000921 seconds, Stopping threads took: 0.0000185 seconds
[323.872s][info ][safepoint    ] Application time: 1.0001186 seconds
[323.872s][info ][safepoint    ] Entering safepoint region: Cleanup
[323.872s][info ][safepoint    ] Leaving safepoint region
[323.872s][info ][safepoint    ] Total time for which application threads were stopped: 0.0000678 seconds, Stopping threads took: 0.0000191 seconds
[324.872s][info ][safepoint    ] Application time: 1.0001875 seconds
[324.874s][info ][safepoint    ] Entering safepoint region: Cleanup
[324.874s][info ][safepoint    ] Leaving safepoint region
[324.874s][info ][safepoint    ] Total time for which application threads were stopped: 0.0000768 seconds, Stopping threads took: 0.0000260 seconds
[325.874s][info ][safepoint    ] Application time: 1.0001189 seconds
[325.874s][info ][safepoint    ] Entering safepoint region: Cleanup
[325.874s][info ][safepoint    ] Leaving safepoint region
[325.874s][info ][safepoint    ] Total time for which application threads were stopped: 0.0000716 seconds, Stopping threads took: 0.0000192 seconds
[326.874s][info ][safepoint    ] Application time: 1.0001308 seconds
[326.874s][info ][safepoint    ] Entering safepoint region: Cleanup
[326.874s][info ][safepoint    ] Leaving safepoint region
[326.874s][info ][safepoint    ] Total time for which application threads were stopped: 0.0000695 seconds, Stopping threads took: 0.0000186 seconds
[327.875s][info ][safepoint    ] Application time: 1.0001394 seconds
[327.875s][info ][safepoint    ] Entering safepoint region: Cleanup
[327.875s][info ][safepoint    ] Leaving safepoint region
[327.875s][info ][safepoint    ] Total time for which application threads were stopped: 0.0000709 seconds, Stopping threads took: 0.0000183 seconds
[328.875s][info ][safepoint    ] Application time: 1.0000933 seconds
[328.875s][info ][safepoint    ] Entering safepoint region: Cleanup
[328.875s][info ][safepoint    ] Leaving safepoint region
[328.875s][info ][safepoint    ] Total time for which application threads were stopped: 0.0000731 seconds, Stopping threads took: 0.0000193 seconds
[329.875s][info ][safepoint    ] Application time: 1.0000752 seconds
[329.875s][info ][safepoint    ] Entering safepoint region: Cleanup
[329.875s][info ][safepoint    ] Leaving safepoint region
[329.875s][info ][safepoint    ] Total time for which application threads were stopped: 0.0001055 seconds, Stopping threads took: 0.0000515 seconds
[330.875s][info ][safepoint    ] Application time: 1.0000968 seconds
[330.875s][info ][safepoint    ] Entering safepoint region: Cleanup
[330.875s][info ][safepoint    ] Leaving safepoint region
[330.875s][info ][safepoint    ] Total time for which application threads were stopped: 0.0000722 seconds, Stopping threads took: 0.0000196 seconds
[331.875s][info ][safepoint    ] Application time: 1.0000584 seconds
[331.875s][info ][safepoint    ] Entering safepoint region: Cleanup
[331.875s][info ][safepoint    ] Leaving safepoint region
[331.875s][info ][safepoint    ] Total time for which application threads were stopped: 0.0000714 seconds, Stopping threads took: 0.0000191 seconds
[332.876s][info ][safepoint    ] Application time: 1.0001515 seconds
[332.876s][info ][safepoint    ] Entering safepoint region: Cleanup
[332.876s][info ][safepoint    ] Leaving safepoint region
[332.876s][info ][safepoint    ] Total time for which application threads were stopped: 0.0000872 seconds, Stopping threads took: 0.0000333 seconds
[333.876s][info ][safepoint    ] Application time: 1.0000927 seconds
[333.876s][info ][safepoint    ] Entering safepoint region: Cleanup
[333.876s][info ][safepoint    ] Leaving safepoint region
[333.876s][info ][safepoint    ] Total time for which application threads were stopped: 0.0000964 seconds, Stopping threads took: 0.0000413 seconds
[334.876s][info ][safepoint    ] Application time: 1.0000877 seconds
[334.876s][info ][safepoint    ] Entering safepoint region: Cleanup
[334.876s][info ][safepoint    ] Leaving safepoint region
[334.876s][info ][safepoint    ] Total time for which application threads were stopped: 0.0000866 seconds, Stopping threads took: 0.0000179 seconds
[335.876s][info ][safepoint    ] Application time: 1.0000964 seconds
[335.876s][info ][safepoint    ] Entering safepoint region: Cleanup
[335.876s][info ][safepoint    ] Leaving safepoint region
[335.877s][info ][safepoint    ] Total time for which application threads were stopped: 0.0000871 seconds, Stopping threads took: 0.0000176 seconds
[336.877s][info ][safepoint    ] Application time: 1.0001052 seconds
[336.877s][info ][safepoint    ] Entering safepoint region: Cleanup
[336.877s][info ][safepoint    ] Leaving safepoint region
[336.877s][info ][safepoint    ] Total time for which application threads were stopped: 0.0000729 seconds, Stopping threads took: 0.0000187 seconds
[337.877s][info ][safepoint    ] Application time: 1.0001046 seconds
[337.877s][info ][safepoint    ] Entering safepoint region: Cleanup
[337.877s][info ][safepoint    ] Leaving safepoint region
[337.877s][info ][safepoint    ] Total time for which application threads were stopped: 0.0000898 seconds, Stopping threads took: 0.0000182 seconds
[338.877s][info ][safepoint    ] Application time: 1.0000980 seconds
[338.877s][info ][safepoint    ] Entering safepoint region: Cleanup
[338.877s][info ][safepoint    ] Leaving safepoint region
[338.877s][info ][safepoint    ] Total time for which application threads were stopped: 0.0000830 seconds, Stopping threads took: 0.0000206 seconds
[339.877s][info ][safepoint    ] Application time: 1.0000972 seconds
[339.877s][info ][safepoint    ] Entering safepoint region: Cleanup
[339.877s][info ][safepoint    ] Leaving safepoint region
[339.877s][info ][safepoint    ] Total time for which application threads were stopped: 0.0000694 seconds, Stopping threads took: 0.0000178 seconds
[340.878s][info ][safepoint    ] Application time: 1.0000826 seconds
[340.878s][info ][safepoint    ] Entering safepoint region: Cleanup
[340.878s][info ][safepoint    ] Leaving safepoint region
[340.878s][info ][safepoint    ] Total time for which application threads were stopped: 0.0001030 seconds, Stopping threads took: 0.0000480 seconds
[341.878s][info ][safepoint    ] Application time: 1.0001018 seconds
[341.878s][info ][safepoint    ] Entering safepoint region: Cleanup
[341.878s][info ][safepoint    ] Leaving safepoint region
[341.878s][info ][safepoint    ] Total time for which application threads were stopped: 0.0000720 seconds, Stopping threads took: 0.0000181 seconds
[342.878s][info ][safepoint    ] Application time: 1.0000908 seconds
[342.878s][info ][safepoint    ] Entering safepoint region: Cleanup
[342.878s][info ][safepoint    ] Leaving safepoint region
[342.878s][info ][safepoint    ] Total time for which application threads were stopped: 0.0000728 seconds, Stopping threads took: 0.0000193 seconds
[343.878s][info ][safepoint    ] Application time: 1.0000957 seconds
[343.878s][info ][safepoint    ] Entering safepoint region: Cleanup
[343.878s][info ][safepoint    ] Leaving safepoint region
[343.878s][info ][safepoint    ] Total time for which application threads were stopped: 0.0000904 seconds, Stopping threads took: 0.0000369 seconds
[344.878s][info ][safepoint    ] Application time: 1.0001208 seconds
[344.879s][info ][safepoint    ] Entering safepoint region: Cleanup
[344.879s][info ][safepoint    ] Leaving safepoint region
[344.879s][info ][safepoint    ] Total time for which application threads were stopped: 0.0000683 seconds, Stopping threads took: 0.0000172 seconds
[345.879s][info ][safepoint    ] Application time: 1.0001343 seconds
[345.879s][info ][safepoint    ] Entering safepoint region: Cleanup
[345.879s][info ][safepoint    ] Leaving safepoint region
[345.879s][info ][safepoint    ] Total time for which application threads were stopped: 0.0000671 seconds, Stopping threads took: 0.0000180 seconds
[346.879s][info ][safepoint    ] Application time: 1.0000962 seconds
[346.879s][info ][safepoint    ] Entering safepoint region: Cleanup
[346.879s][info ][safepoint    ] Leaving safepoint region
[346.879s][info ][safepoint    ] Total time for which application threads were stopped: 0.0000894 seconds, Stopping threads took: 0.0000203 seconds
[347.879s][info ][safepoint    ] Application time: 1.0001034 seconds
[347.879s][info ][safepoint    ] Entering safepoint region: Cleanup
[347.879s][info ][safepoint    ] Leaving safepoint region
[347.879s][info ][safepoint    ] Total time for which application threads were stopped: 0.0000715 seconds, Stopping threads took: 0.0000194 seconds
[348.879s][info ][safepoint    ] Application time: 1.0001093 seconds
[348.879s][info ][safepoint    ] Entering safepoint region: Cleanup
[348.879s][info ][safepoint    ] Leaving safepoint region
[348.879s][info ][safepoint    ] Total time for which application threads were stopped: 0.0000718 seconds, Stopping threads took: 0.0000177 seconds
[349.661s][info ][safepoint    ] Application time: 0.7816200 seconds
[349.661s][info ][safepoint    ] Entering safepoint region: RevokeBias
[349.661s][info ][safepoint    ] Leaving safepoint region
[349.661s][info ][safepoint    ] Total time for which application threads were stopped: 0.0000712 seconds, Stopping threads took: 0.0000162 seconds
[350.661s][info ][safepoint    ] Application time: 1.0001507 seconds
[350.661s][info ][safepoint    ] Entering safepoint region: Cleanup
[350.661s][info ][safepoint    ] Leaving safepoint region
[350.661s][info ][safepoint    ] Total time for which application threads were stopped: 0.0000689 seconds, Stopping threads took: 0.0000169 seconds
[351.662s][info ][safepoint    ] Application time: 1.0000972 seconds
[351.662s][info ][safepoint    ] Entering safepoint region: Cleanup
[351.662s][info ][safepoint    ] Leaving safepoint region
[351.662s][info ][safepoint    ] Total time for which application threads were stopped: 0.0000688 seconds, Stopping threads took: 0.0000174 seconds
[352.662s][info ][safepoint    ] Application time: 1.0000686 seconds
[352.662s][info ][safepoint    ] Entering safepoint region: Cleanup
[352.662s][info ][safepoint    ] Leaving safepoint region
[352.662s][info ][safepoint    ] Total time for which application threads were stopped: 0.0000679 seconds, Stopping threads took: 0.0000175 seconds
[353.662s][info ][safepoint    ] Application time: 1.0000955 seconds
[353.662s][info ][safepoint    ] Entering safepoint region: Cleanup
[353.662s][info ][safepoint    ] Leaving safepoint region
[353.662s][info ][safepoint    ] Total time for which application threads were stopped: 0.0001017 seconds, Stopping threads took: 0.0000176 seconds
[354.662s][info ][safepoint    ] Application time: 1.0001277 seconds
[354.662s][info ][safepoint    ] Entering safepoint region: Cleanup
[354.662s][info ][safepoint    ] Leaving safepoint region
[354.662s][info ][safepoint    ] Total time for which application threads were stopped: 0.0000670 seconds, Stopping threads took: 0.0000166 seconds
[355.662s][info ][safepoint    ] Application time: 1.0000971 seconds
[355.663s][info ][safepoint    ] Entering safepoint region: Cleanup
[355.663s][info ][safepoint    ] Leaving safepoint region
[355.663s][info ][safepoint    ] Total time for which application threads were stopped: 0.0000741 seconds, Stopping threads took: 0.0000178 seconds
[356.663s][info ][safepoint    ] Application time: 1.0000980 seconds
[356.663s][info ][safepoint    ] Entering safepoint region: Cleanup
[356.663s][info ][safepoint    ] Leaving safepoint region
[356.663s][info ][safepoint    ] Total time for which application threads were stopped: 0.0003121 seconds, Stopping threads took: 0.0000175 seconds
[357.663s][info ][safepoint    ] Application time: 1.0000998 seconds
[357.663s][info ][safepoint    ] Entering safepoint region: Cleanup
[357.663s][info ][safepoint    ] Leaving safepoint region
[357.663s][info ][safepoint    ] Total time for which application threads were stopped: 0.0000700 seconds, Stopping threads took: 0.0000170 seconds
[358.663s][info ][safepoint    ] Application time: 1.0000884 seconds
[358.663s][info ][safepoint    ] Entering safepoint region: Cleanup
[358.663s][info ][safepoint    ] Leaving safepoint region
[358.663s][info ][safepoint    ] Total time for which application threads were stopped: 0.0000792 seconds, Stopping threads took: 0.0000176 seconds
[359.664s][info ][safepoint    ] Application time: 1.0001141 seconds
[359.664s][info ][safepoint    ] Entering safepoint region: Cleanup
[359.664s][info ][safepoint    ] Leaving safepoint region
[359.664s][info ][safepoint    ] Total time for which application threads were stopped: 0.0001377 seconds, Stopping threads took: 0.0000203 seconds
[360.664s][info ][safepoint    ] Application time: 1.0000898 seconds
[360.664s][info ][safepoint    ] Entering safepoint region: Cleanup
[360.664s][info ][safepoint    ] Leaving safepoint region
[360.664s][info ][safepoint    ] Total time for which application threads were stopped: 0.0000858 seconds, Stopping threads took: 0.0000359 seconds
[361.664s][info ][safepoint    ] Application time: 1.0000892 seconds
[361.664s][info ][safepoint    ] Entering safepoint region: Cleanup
[361.664s][info ][safepoint    ] Leaving safepoint region
[361.664s][info ][safepoint    ] Total time for which application threads were stopped: 0.0000825 seconds, Stopping threads took: 0.0000312 seconds
[362.664s][info ][safepoint    ] Application time: 1.0001084 seconds
[362.664s][info ][safepoint    ] Entering safepoint region: Cleanup
[362.665s][info ][safepoint    ] Leaving safepoint region
[362.665s][info ][safepoint    ] Total time for which application threads were stopped: 0.0001734 seconds, Stopping threads took: 0.0000308 seconds
[363.665s][info ][safepoint    ] Application time: 1.0001761 seconds
[363.665s][info ][safepoint    ] Entering safepoint region: Cleanup
[363.665s][info ][safepoint    ] Leaving safepoint region
[363.665s][info ][safepoint    ] Total time for which application threads were stopped: 0.0001085 seconds, Stopping threads took: 0.0000188 seconds
[364.554s][info ][safepoint    ] Application time: 0.8891350 seconds
[364.554s][info ][safepoint    ] Entering safepoint region: GenCollectForAllocation
[364.554s][info ][gc,start     ] GC(152) Pause Young (Allocation Failure)
[364.554s][info ][gc,task      ] GC(152) Using 4 workers of 4 for evacuation
[364.558s][debug][gc,ref       ] GC(152) Skipped phase1 of Reference Processing due to unavailable references
[364.558s][debug][gc,ref       ] GC(152) Skipped phase2 of Reference Processing due to unavailable references
[364.558s][debug][gc,ref       ] GC(152) Skipped phase3 of Reference Processing due to unavailable references
[364.558s][debug][gc,ref       ] GC(152) Skipped phase4 of Reference Processing due to unavailable references
[364.558s][debug][gc,age       ] GC(152) Desired survivor size 15400960 bytes, new threshold 6 (max threshold 6)
[364.559s][info ][gc,heap      ] GC(152) ParNew: 242971K->743K(270976K)
[364.559s][info ][gc,heap      ] GC(152) CMS: 257095K->257931K(602112K)
[364.559s][info ][gc,metaspace ] GC(152) Metaspace: 56205K->56205K(1099776K)
[364.559s][info ][gc           ] GC(152) Pause Young (Allocation Failure) 488M->252M(852M) 4.348ms
[364.559s][info ][gc,cpu       ] GC(152) User=0.02s Sys=0.00s Real=0.01s
[364.559s][info ][safepoint    ] Leaving safepoint region
[364.559s][info ][safepoint    ] Total time for which application threads were stopped: 0.0044938 seconds, Stopping threads took: 0.0000182 seconds
[365.559s][info ][safepoint    ] Application time: 1.0000983 seconds
[365.559s][info ][safepoint    ] Entering safepoint region: Cleanup
[365.559s][info ][safepoint    ] Leaving safepoint region
[365.559s][info ][safepoint    ] Total time for which application threads were stopped: 0.0000682 seconds, Stopping threads took: 0.0000161 seconds
[366.559s][info ][safepoint    ] Application time: 1.0000819 seconds
[366.559s][info ][safepoint    ] Entering safepoint region: Cleanup
[366.559s][info ][safepoint    ] Leaving safepoint region
[366.559s][info ][safepoint    ] Total time for which application threads were stopped: 0.0000871 seconds, Stopping threads took: 0.0000331 seconds
[367.559s][info ][safepoint    ] Application time: 1.0000829 seconds
[367.559s][info ][safepoint    ] Entering safepoint region: Cleanup
[367.559s][info ][safepoint    ] Leaving safepoint region
[367.559s][info ][safepoint    ] Total time for which application threads were stopped: 0.0000690 seconds, Stopping threads took: 0.0000182 seconds
[368.559s][info ][safepoint    ] Application time: 1.0000924 seconds
[368.559s][info ][safepoint    ] Entering safepoint region: Cleanup
[368.559s][info ][safepoint    ] Leaving safepoint region
[368.559s][info ][safepoint    ] Total time for which application threads were stopped: 0.0000710 seconds, Stopping threads took: 0.0000189 seconds
[369.560s][info ][safepoint    ] Application time: 1.0001002 seconds
[369.560s][info ][safepoint    ] Entering safepoint region: Cleanup
[369.560s][info ][safepoint    ] Leaving safepoint region
[369.560s][info ][safepoint    ] Total time for which application threads were stopped: 0.0000657 seconds, Stopping threads took: 0.0000172 seconds
[370.560s][info ][safepoint    ] Application time: 1.0001009 seconds
[370.560s][info ][safepoint    ] Entering safepoint region: Cleanup
[370.560s][info ][safepoint    ] Leaving safepoint region
[370.560s][info ][safepoint    ] Total time for which application threads were stopped: 0.0000707 seconds, Stopping threads took: 0.0000180 seconds
[371.560s][info ][safepoint    ] Application time: 1.0000933 seconds
[371.560s][info ][safepoint    ] Entering safepoint region: Cleanup
[371.560s][info ][safepoint    ] Leaving safepoint region
[371.560s][info ][safepoint    ] Total time for which application threads were stopped: 0.0000887 seconds, Stopping threads took: 0.0000345 seconds
[372.560s][info ][safepoint    ] Application time: 1.0001058 seconds
[372.560s][info ][safepoint    ] Entering safepoint region: Cleanup
[372.560s][info ][safepoint    ] Leaving safepoint region
[372.560s][info ][safepoint    ] Total time for which application threads were stopped: 0.0000895 seconds, Stopping threads took: 0.0000194 seconds
[373.560s][info ][safepoint    ] Application time: 1.0001285 seconds
[373.560s][info ][safepoint    ] Entering safepoint region: Cleanup
[373.561s][info ][safepoint    ] Leaving safepoint region
[373.561s][info ][safepoint    ] Total time for which application threads were stopped: 0.0000748 seconds, Stopping threads took: 0.0000167 seconds
[374.561s][info ][safepoint    ] Application time: 1.0000910 seconds
[374.561s][info ][safepoint    ] Entering safepoint region: Cleanup
[374.561s][info ][safepoint    ] Leaving safepoint region
[374.561s][info ][safepoint    ] Total time for which application threads were stopped: 0.0000812 seconds, Stopping threads took: 0.0000161 seconds
[375.561s][info ][safepoint    ] Application time: 1.0000928 seconds
[375.561s][info ][safepoint    ] Entering safepoint region: Cleanup
[375.561s][info ][safepoint    ] Leaving safepoint region
[375.561s][info ][safepoint    ] Total time for which application threads were stopped: 0.0000631 seconds, Stopping threads took: 0.0000167 seconds
[376.561s][info ][safepoint    ] Application time: 1.0001267 seconds
[376.561s][info ][safepoint    ] Entering safepoint region: Cleanup
[376.561s][info ][safepoint    ] Leaving safepoint region
[376.561s][info ][safepoint    ] Total time for which application threads were stopped: 0.0000808 seconds, Stopping threads took: 0.0000181 seconds
[377.561s][info ][safepoint    ] Application time: 1.0000934 seconds
[377.561s][info ][safepoint    ] Entering safepoint region: Cleanup
[377.561s][info ][safepoint    ] Leaving safepoint region
[377.561s][info ][safepoint    ] Total time for which application threads were stopped: 0.0000626 seconds, Stopping threads took: 0.0000164 seconds
[378.561s][info ][safepoint    ] Application time: 1.0000927 seconds
[378.562s][info ][safepoint    ] Entering safepoint region: Cleanup
[378.562s][info ][safepoint    ] Leaving safepoint region
[378.562s][info ][safepoint    ] Total time for which application threads were stopped: 0.0000667 seconds, Stopping threads took: 0.0000169 seconds
[379.562s][info ][safepoint    ] Application time: 1.0007597 seconds
[379.562s][info ][safepoint    ] Entering safepoint region: Cleanup
[379.562s][info ][safepoint    ] Leaving safepoint region
[379.562s][info ][safepoint    ] Total time for which application threads were stopped: 0.0000734 seconds, Stopping threads took: 0.0000185 seconds
[380.563s][info ][safepoint    ] Application time: 1.0001135 seconds
[380.563s][info ][safepoint    ] Entering safepoint region: Cleanup
[380.563s][info ][safepoint    ] Leaving safepoint region
[380.563s][info ][safepoint    ] Total time for which application threads were stopped: 0.0000673 seconds, Stopping threads took: 0.0000166 seconds
[381.563s][info ][safepoint    ] Application time: 1.0000649 seconds
[381.563s][info ][safepoint    ] Entering safepoint region: Cleanup
[381.563s][info ][safepoint    ] Leaving safepoint region
[381.563s][info ][safepoint    ] Total time for which application threads were stopped: 0.0000720 seconds, Stopping threads took: 0.0000177 seconds
[382.563s][info ][safepoint    ] Application time: 1.0000891 seconds
[382.563s][info ][safepoint    ] Entering safepoint region: Cleanup
[382.563s][info ][safepoint    ] Leaving safepoint region
[382.563s][info ][safepoint    ] Total time for which application threads were stopped: 0.0000698 seconds, Stopping threads took: 0.0000201 seconds
[383.563s][info ][safepoint    ] Application time: 1.0001310 seconds
[383.563s][info ][safepoint    ] Entering safepoint region: Cleanup
[383.563s][info ][safepoint    ] Leaving safepoint region
[383.563s][info ][safepoint    ] Total time for which application threads were stopped: 0.0000668 seconds, Stopping threads took: 0.0000174 seconds
[384.563s][info ][safepoint    ] Application time: 1.0000622 seconds
[384.563s][info ][safepoint    ] Entering safepoint region: Cleanup
[384.563s][info ][safepoint    ] Leaving safepoint region
[384.563s][info ][safepoint    ] Total time for which application threads were stopped: 0.0000905 seconds, Stopping threads took: 0.0000301 seconds
[385.564s][info ][safepoint    ] Application time: 1.0001008 seconds
[385.564s][info ][safepoint    ] Entering safepoint region: Cleanup
[385.564s][info ][safepoint    ] Leaving safepoint region
[385.564s][info ][safepoint    ] Total time for which application threads were stopped: 0.0000798 seconds, Stopping threads took: 0.0000181 seconds
[386.564s][info ][safepoint    ] Application time: 1.0001405 seconds
[386.564s][info ][safepoint    ] Entering safepoint region: Cleanup
[386.564s][info ][safepoint    ] Leaving safepoint region
[386.564s][info ][safepoint    ] Total time for which application threads were stopped: 0.0000833 seconds, Stopping threads took: 0.0000320 seconds
[387.564s][info ][safepoint    ] Application time: 1.0000921 seconds
[387.564s][info ][safepoint    ] Entering safepoint region: Cleanup
[387.564s][info ][safepoint    ] Leaving safepoint region
[387.564s][info ][safepoint    ] Total time for which application threads were stopped: 0.0000718 seconds, Stopping threads took: 0.0000183 seconds
[388.564s][info ][safepoint    ] Application time: 1.0000951 seconds
[388.564s][info ][safepoint    ] Entering safepoint region: Cleanup
[388.564s][info ][safepoint    ] Leaving safepoint region
[388.564s][info ][safepoint    ] Total time for which application threads were stopped: 0.0000691 seconds, Stopping threads took: 0.0000179 seconds
[389.565s][info ][safepoint    ] Application time: 1.0001260 seconds
[389.565s][info ][safepoint    ] Entering safepoint region: Cleanup
[389.565s][info ][safepoint    ] Leaving safepoint region
[389.565s][info ][safepoint    ] Total time for which application threads were stopped: 0.0000673 seconds, Stopping threads took: 0.0000172 seconds
[390.565s][info ][safepoint    ] Application time: 1.0000889 seconds
[390.565s][info ][safepoint    ] Entering safepoint region: Cleanup
[390.565s][info ][safepoint    ] Leaving safepoint region
[390.565s][info ][safepoint    ] Total time for which application threads were stopped: 0.0000691 seconds, Stopping threads took: 0.0000187 seconds
[391.565s][info ][safepoint    ] Application time: 1.0000907 seconds
[391.565s][info ][safepoint    ] Entering safepoint region: Cleanup
[391.565s][info ][safepoint    ] Leaving safepoint region
[391.565s][info ][safepoint    ] Total time for which application threads were stopped: 0.0000710 seconds, Stopping threads took: 0.0000189 seconds
[392.565s][info ][safepoint    ] Application time: 1.0000738 seconds
[392.565s][info ][safepoint    ] Entering safepoint region: Cleanup
[392.565s][info ][safepoint    ] Leaving safepoint region
[392.565s][info ][safepoint    ] Total time for which application threads were stopped: 0.0000876 seconds, Stopping threads took: 0.0000188 seconds
[393.565s][info ][safepoint    ] Application time: 1.0000810 seconds
[393.565s][info ][safepoint    ] Entering safepoint region: Cleanup
[393.566s][info ][safepoint    ] Leaving safepoint region
[393.566s][info ][safepoint    ] Total time for which application threads were stopped: 0.0000720 seconds, Stopping threads took: 0.0000189 seconds
[394.566s][info ][safepoint    ] Application time: 1.0001044 seconds
[394.566s][info ][safepoint    ] Entering safepoint region: Cleanup
[394.566s][info ][safepoint    ] Leaving safepoint region
[394.566s][info ][safepoint    ] Total time for which application threads were stopped: 0.0000876 seconds, Stopping threads took: 0.0000326 seconds
[395.566s][info ][safepoint    ] Application time: 1.0000942 seconds
[395.566s][info ][safepoint    ] Entering safepoint region: Cleanup
[395.566s][info ][safepoint    ] Leaving safepoint region
[395.566s][info ][safepoint    ] Total time for which application threads were stopped: 0.0000869 seconds, Stopping threads took: 0.0000181 seconds
[396.566s][info ][safepoint    ] Application time: 1.0000621 seconds
[396.566s][info ][safepoint    ] Entering safepoint region: Cleanup
[396.566s][info ][safepoint    ] Leaving safepoint region
[396.566s][info ][safepoint    ] Total time for which application threads were stopped: 0.0000837 seconds, Stopping threads took: 0.0000181 seconds
[397.566s][info ][safepoint    ] Application time: 1.0001070 seconds
[397.566s][info ][safepoint    ] Entering safepoint region: Cleanup
[397.566s][info ][safepoint    ] Leaving safepoint region
[397.566s][info ][safepoint    ] Total time for which application threads were stopped: 0.0000838 seconds, Stopping threads took: 0.0000173 seconds
[398.567s][info ][safepoint    ] Application time: 1.0000933 seconds
[398.567s][info ][safepoint    ] Entering safepoint region: Cleanup
[398.567s][info ][safepoint    ] Leaving safepoint region
[398.567s][info ][safepoint    ] Total time for which application threads were stopped: 0.0000666 seconds, Stopping threads took: 0.0000176 seconds
[399.568s][info ][safepoint    ] Application time: 1.0017959 seconds
[399.568s][info ][safepoint    ] Entering safepoint region: Cleanup
[399.569s][info ][safepoint    ] Leaving safepoint region
[399.569s][info ][safepoint    ] Total time for which application threads were stopped: 0.0000950 seconds, Stopping threads took: 0.0000208 seconds
[400.569s][info ][safepoint    ] Application time: 1.0000912 seconds
[400.569s][info ][safepoint    ] Entering safepoint region: Cleanup
[400.569s][info ][safepoint    ] Leaving safepoint region
[400.569s][info ][safepoint    ] Total time for which application threads were stopped: 0.0000811 seconds, Stopping threads took: 0.0000213 seconds
[401.569s][info ][safepoint    ] Application time: 1.0000956 seconds
[401.569s][info ][safepoint    ] Entering safepoint region: Cleanup
[401.569s][info ][safepoint    ] Leaving safepoint region
[401.569s][info ][safepoint    ] Total time for which application threads were stopped: 0.0001029 seconds, Stopping threads took: 0.0000343 seconds
[402.569s][info ][safepoint    ] Application time: 1.0001825 seconds
[402.569s][info ][safepoint    ] Entering safepoint region: Cleanup
[402.569s][info ][safepoint    ] Leaving safepoint region
[402.569s][info ][safepoint    ] Total time for which application threads were stopped: 0.0000898 seconds, Stopping threads took: 0.0000184 seconds
[403.570s][info ][safepoint    ] Application time: 1.0002234 seconds
[403.570s][info ][safepoint    ] Entering safepoint region: Cleanup
[403.570s][info ][safepoint    ] Leaving safepoint region
[403.570s][info ][safepoint    ] Total time for which application threads were stopped: 0.0000716 seconds, Stopping threads took: 0.0000181 seconds
[404.571s][info ][safepoint    ] Application time: 1.0011691 seconds
[404.571s][info ][safepoint    ] Entering safepoint region: Cleanup
[404.571s][info ][safepoint    ] Leaving safepoint region
[404.571s][info ][safepoint    ] Total time for which application threads were stopped: 0.0000697 seconds, Stopping threads took: 0.0000180 seconds
[405.571s][info ][safepoint    ] Application time: 1.0001015 seconds
[405.571s][info ][safepoint    ] Entering safepoint region: Cleanup
[405.571s][info ][safepoint    ] Leaving safepoint region
[405.571s][info ][safepoint    ] Total time for which application threads were stopped: 0.0000884 seconds, Stopping threads took: 0.0000344 seconds
[406.571s][info ][safepoint    ] Application time: 1.0001218 seconds
[406.571s][info ][safepoint    ] Entering safepoint region: Cleanup
[406.571s][info ][safepoint    ] Leaving safepoint region
[406.571s][info ][safepoint    ] Total time for which application threads were stopped: 0.0000694 seconds, Stopping threads took: 0.0000178 seconds
[407.572s][info ][safepoint    ] Application time: 1.0000890 seconds
[407.572s][info ][safepoint    ] Entering safepoint region: Cleanup
[407.572s][info ][safepoint    ] Leaving safepoint region
[407.572s][info ][safepoint    ] Total time for which application threads were stopped: 0.0000820 seconds, Stopping threads took: 0.0000314 seconds
[408.572s][info ][safepoint    ] Application time: 1.0001172 seconds
[408.572s][info ][safepoint    ] Entering safepoint region: Cleanup
[408.572s][info ][safepoint    ] Leaving safepoint region
[408.572s][info ][safepoint    ] Total time for which application threads were stopped: 0.0000714 seconds, Stopping threads took: 0.0000189 seconds
[409.572s][info ][safepoint    ] Application time: 1.0001078 seconds
[409.572s][info ][safepoint    ] Entering safepoint region: Cleanup
[409.572s][info ][safepoint    ] Leaving safepoint region
[409.572s][info ][safepoint    ] Total time for which application threads were stopped: 0.0001140 seconds, Stopping threads took: 0.0000174 seconds
[409.661s][info ][safepoint    ] Application time: 0.0888799 seconds
[409.661s][info ][safepoint    ] Entering safepoint region: RevokeBias
[409.661s][info ][safepoint    ] Leaving safepoint region
[409.661s][info ][safepoint    ] Total time for which application threads were stopped: 0.0000687 seconds, Stopping threads took: 0.0000158 seconds
[413.255s][info ][safepoint    ] Application time: 3.5939543 seconds
[413.255s][info ][safepoint    ] Entering safepoint region: GenCollectForAllocation
[413.255s][info ][gc,start     ] GC(153) Pause Young (Allocation Failure)
[413.255s][info ][gc,task      ] GC(153) Using 4 workers of 4 for evacuation
[413.257s][debug][gc,ref       ] GC(153) Skipped phase1 of Reference Processing due to unavailable references
[413.258s][debug][gc,ref       ] GC(153) Skipped phase2 of Reference Processing due to unavailable references
[413.258s][debug][gc,ref       ] GC(153) Skipped phase3 of Reference Processing due to unavailable references
[413.258s][debug][gc,ref       ] GC(153) Skipped phase4 of Reference Processing due to unavailable references
[413.258s][debug][gc,age       ] GC(153) Desired survivor size 15400960 bytes, new threshold 6 (max threshold 6)
[413.258s][info ][gc,heap      ] GC(153) ParNew: 241639K->525K(270976K)
[413.258s][info ][gc,heap      ] GC(153) CMS: 257931K->258006K(602112K)
[413.258s][info ][gc,metaspace ] GC(153) Metaspace: 56205K->56205K(1099776K)
[413.258s][info ][gc           ] GC(153) Pause Young (Allocation Failure) 487M->252M(852M) 2.564ms
[413.258s][info ][gc,cpu       ] GC(153) User=0.01s Sys=0.00s Real=0.01s
[413.258s][info ][safepoint    ] Leaving safepoint region
[413.258s][info ][safepoint    ] Total time for which application threads were stopped: 0.0027100 seconds, Stopping threads took: 0.0000165 seconds
[440.264s][info ][safepoint    ] Application time: 27.0061637 seconds
[440.264s][info ][safepoint    ] Entering safepoint region: Cleanup
[440.264s][info ][safepoint    ] Leaving safepoint region
[440.264s][info ][safepoint    ] Total time for which application threads were stopped: 0.0001055 seconds, Stopping threads took: 0.0000489 seconds
[462.055s][info ][safepoint    ] Application time: 21.7903904 seconds
[462.055s][info ][safepoint    ] Entering safepoint region: GenCollectForAllocation
[462.055s][info ][gc,start     ] GC(154) Pause Young (Allocation Failure)
[462.055s][info ][gc,task      ] GC(154) Using 4 workers of 4 for evacuation
[462.057s][debug][gc,ref       ] GC(154) Skipped phase1 of Reference Processing due to unavailable references
[462.057s][debug][gc,ref       ] GC(154) Skipped phase2 of Reference Processing due to unavailable references
[462.057s][debug][gc,ref       ] GC(154) Skipped phase3 of Reference Processing due to unavailable references
[462.057s][debug][gc,ref       ] GC(154) Skipped phase4 of Reference Processing due to unavailable references
[462.058s][debug][gc,age       ] GC(154) Desired survivor size 15400960 bytes, new threshold 6 (max threshold 6)
[462.058s][info ][gc,heap      ] GC(154) ParNew: 241421K->370K(270976K)
[462.058s][info ][gc,heap      ] GC(154) CMS: 258006K->258278K(602112K)
[462.058s][info ][gc,metaspace ] GC(154) Metaspace: 56205K->56205K(1099776K)
[462.058s][info ][gc           ] GC(154) Pause Young (Allocation Failure) 487M->252M(852M) 2.941ms
[462.058s][info ][gc,cpu       ] GC(154) User=0.01s Sys=0.00s Real=0.01s
[462.058s][info ][safepoint    ] Leaving safepoint region
[462.058s][info ][safepoint    ] Total time for which application threads were stopped: 0.0030880 seconds, Stopping threads took: 0.0000174 seconds
[469.661s][info ][safepoint    ] Application time: 7.6033163 seconds
[469.661s][info ][safepoint    ] Entering safepoint region: RevokeBias
[469.661s][info ][safepoint    ] Leaving safepoint region
[469.661s][info ][safepoint    ] Total time for which application threads were stopped: 0.0000830 seconds, Stopping threads took: 0.0000298 seconds
[475.664s][info ][safepoint    ] Application time: 6.0031504 seconds
[475.664s][info ][safepoint    ] Entering safepoint region: Cleanup
[475.665s][info ][safepoint    ] Leaving safepoint region
[475.665s][info ][safepoint    ] Total time for which application threads were stopped: 0.0001323 seconds, Stopping threads took: 0.0000161 seconds
[494.666s][info ][safepoint    ] Application time: 19.0017313 seconds
[494.666s][info ][safepoint    ] Entering safepoint region: Cleanup
[494.666s][info ][safepoint    ] Leaving safepoint region
[494.666s][info ][safepoint    ] Total time for which application threads were stopped: 0.0001039 seconds, Stopping threads took: 0.0000335 seconds
[494.789s][info ][safepoint    ] Application time: 0.1227600 seconds
[494.789s][info ][safepoint    ] Entering safepoint region: RevokeBias
[494.789s][info ][safepoint    ] Leaving safepoint region
[494.789s][info ][safepoint    ] Total time for which application threads were stopped: 0.0001186 seconds, Stopping threads took: 0.0000158 seconds
[494.795s][info ][safepoint    ] Application time: 0.0059148 seconds
[494.795s][info ][safepoint    ] Entering safepoint region: RevokeBias
[494.795s][info ][safepoint    ] Leaving safepoint region
[494.795s][info ][safepoint    ] Total time for which application threads were stopped: 0.0001446 seconds, Stopping threads took: 0.0000584 seconds
[494.796s][info ][safepoint    ] Application time: 0.0006481 seconds
[494.796s][info ][safepoint    ] Entering safepoint region: RevokeBias
[494.796s][info ][safepoint    ] Leaving safepoint region
[494.796s][info ][safepoint    ] Total time for which application threads were stopped: 0.0000452 seconds, Stopping threads took: 0.0000084 seconds
[494.797s][info ][safepoint    ] Application time: 0.0004074 seconds
[494.797s][info ][safepoint    ] Entering safepoint region: RevokeBias
[494.797s][info ][safepoint    ] Leaving safepoint region
[494.797s][info ][safepoint    ] Total time for which application threads were stopped: 0.0000512 seconds, Stopping threads took: 0.0000082 seconds
[494.797s][info ][safepoint    ] Application time: 0.0004335 seconds
[494.797s][info ][safepoint    ] Entering safepoint region: RevokeBias
[494.797s][info ][safepoint    ] Leaving safepoint region
[494.797s][info ][safepoint    ] Total time for which application threads were stopped: 0.0002703 seconds, Stopping threads took: 0.0002216 seconds
[494.798s][info ][safepoint    ] Application time: 0.0002584 seconds
[494.798s][info ][safepoint    ] Entering safepoint region: RevokeBias
[494.798s][info ][safepoint    ] Leaving safepoint region
[494.798s][info ][safepoint    ] Total time for which application threads were stopped: 0.0000524 seconds, Stopping threads took: 0.0000294 seconds
[494.798s][info ][safepoint    ] Application time: 0.0003000 seconds
[494.798s][info ][safepoint    ] Entering safepoint region: RevokeBias
[494.798s][info ][safepoint    ] Leaving safepoint region
[494.798s][info ][safepoint    ] Total time for which application threads were stopped: 0.0002557 seconds, Stopping threads took: 0.0002304 seconds
[494.798s][info ][safepoint    ] Application time: 0.0000567 seconds
[494.798s][info ][safepoint    ] Entering safepoint region: RevokeBias
[494.798s][info ][safepoint    ] Leaving safepoint region
[494.798s][info ][safepoint    ] Total time for which application threads were stopped: 0.0000550 seconds, Stopping threads took: 0.0000410 seconds
[494.800s][info ][safepoint    ] Application time: 0.0012471 seconds
[494.800s][info ][safepoint    ] Entering safepoint region: RevokeBias
[494.800s][info ][safepoint    ] Leaving safepoint region
[494.800s][info ][safepoint    ] Total time for which application threads were stopped: 0.0000434 seconds, Stopping threads took: 0.0000092 seconds
[494.801s][info ][safepoint    ] Application time: 0.0014323 seconds
[494.801s][info ][safepoint    ] Entering safepoint region: RevokeBias
[494.801s][info ][safepoint    ] Leaving safepoint region
[494.801s][info ][safepoint    ] Total time for which application threads were stopped: 0.0000369 seconds, Stopping threads took: 0.0000078 seconds
[494.802s][info ][gc,heap,exit ] Heap
[494.802s][info ][gc,heap,exit ]  par new generation   total 270976K, used 196600K [0x0000000700000000, 0x0000000712600000, 0x0000000714cc0000)
[494.802s][info ][gc,heap,exit ]   eden space 240896K,  81% used [0x0000000700000000, 0x000000070bfa1868, 0x000000070eb40000)
[494.802s][info ][gc,heap,exit ]   from space 30080K,   1% used [0x00000007108a0000, 0x00000007108fc880, 0x0000000712600000)
[494.802s][info ][gc,heap,exit ]   to   space 30080K,   0% used [0x000000070eb40000, 0x000000070eb40000, 0x00000007108a0000)
[494.802s][info ][gc,heap,exit ]  concurrent mark-sweep generation total 602112K, used 258278K [0x0000000714cc0000, 0x00000007398c0000, 0x0000000800000000)
[494.802s][info ][gc,heap,exit ]  Metaspace       used 56238K, capacity 59582K, committed 59816K, reserved 1099776K
[494.802s][info ][gc,heap,exit ]   class space    used 7479K, capacity 9006K, committed 9008K, reserved 1048576K
[494.802s][info ][safepoint    ] Application time: 0.0005418 seconds
[494.802s][info ][safepoint    ] Entering safepoint region: Halt
