[0.007s][info][gc] Using Concurrent Mark Sweep
[0.007s][info][gc,heap,coops] Heap address: 0x0000000700000000, size: 4096 MB, Compressed Oops mode: Zero based, Oop shift amount: 3
[0.054s][info][safepoint    ] Entering safepoint region: EnableBiasedLocking
[0.055s][info][safepoint    ] Leaving safepoint region
[0.055s][info][safepoint    ] Total time for which application threads were stopped: 0.0001118 seconds, Stopping threads took: 0.0000335 seconds
[0.063s][info][safepoint    ] Application time: 0.0048015 seconds
[0.063s][info][safepoint    ] Entering safepoint region: RevokeBias
[0.063s][info][safepoint    ] Leaving safepoint region
[0.063s][info][safepoint    ] Total time for which application threads were stopped: 0.0000865 seconds, Stopping threads took: 0.0000133 seconds
[0.143s][info][safepoint    ] Application time: 0.0798568 seconds
[0.143s][info][safepoint    ] Entering safepoint region: Deoptimize
[0.143s][info][safepoint    ] Leaving safepoint region
[0.143s][info][safepoint    ] Total time for which application threads were stopped: 0.0000797 seconds, Stopping threads took: 0.0000195 seconds
[1.143s][info][safepoint    ] Application time: 1.0000911 seconds
[1.143s][info][safepoint    ] Entering safepoint region: Cleanup
[1.143s][info][safepoint    ] Leaving safepoint region
[1.143s][info][safepoint    ] Total time for which application threads were stopped: 0.0001368 seconds, Stopping threads took: 0.0000108 seconds
[1.323s][info][safepoint    ] Application time: 0.1795816 seconds
[1.323s][info][safepoint    ] Entering safepoint region: Deoptimize
[1.323s][info][safepoint    ] Leaving safepoint region
[1.323s][info][safepoint    ] Total time for which application threads were stopped: 0.0001416 seconds, Stopping threads took: 0.0000079 seconds
[1.362s][info][safepoint    ] Application time: 0.0393291 seconds
[1.362s][info][safepoint    ] Entering safepoint region: Deoptimize
[1.363s][info][safepoint    ] Leaving safepoint region
[1.363s][info][safepoint    ] Total time for which application threads were stopped: 0.0001604 seconds, Stopping threads took: 0.0000077 seconds
[1.407s][info][safepoint    ] Application time: 0.0445140 seconds
[1.407s][info][safepoint    ] Entering safepoint region: Deoptimize
[1.407s][info][safepoint    ] Leaving safepoint region
[1.407s][info][safepoint    ] Total time for which application threads were stopped: 0.0001677 seconds, Stopping threads took: 0.0000072 seconds
[2.297s][info][safepoint    ] Application time: 0.8896882 seconds
[2.297s][info][safepoint    ] Entering safepoint region: Deoptimize
[2.297s][info][safepoint    ] Leaving safepoint region
[2.297s][info][safepoint    ] Total time for which application threads were stopped: 0.0001664 seconds, Stopping threads took: 0.0000076 seconds
[2.447s][info][safepoint    ] Application time: 0.1500650 seconds
[2.447s][info][safepoint    ] Entering safepoint region: Deoptimize
[2.448s][info][safepoint    ] Leaving safepoint region
[2.448s][info][safepoint    ] Total time for which application threads were stopped: 0.0002370 seconds, Stopping threads took: 0.0000069 seconds
[2.702s][info][safepoint    ] Application time: 0.2540230 seconds
[2.702s][info][safepoint    ] Entering safepoint region: ICBufferFull
[2.702s][info][safepoint    ] Leaving safepoint region
[2.702s][info][safepoint    ] Total time for which application threads were stopped: 0.0001195 seconds, Stopping threads took: 0.0000072 seconds
[2.817s][info][safepoint    ] Application time: 0.1154761 seconds
[2.817s][info][safepoint    ] Entering safepoint region: Deoptimize
[2.818s][info][safepoint    ] Leaving safepoint region
[2.818s][info][safepoint    ] Total time for which application threads were stopped: 0.0003338 seconds, Stopping threads took: 0.0000077 seconds
[2.826s][info][safepoint    ] Application time: 0.0079935 seconds
[2.826s][info][safepoint    ] Entering safepoint region: Deoptimize
[2.826s][info][safepoint    ] Leaving safepoint region
[2.826s][info][safepoint    ] Total time for which application threads were stopped: 0.0004176 seconds, Stopping threads took: 0.0000069 seconds
[2.940s][info][safepoint    ] Application time: 0.1140298 seconds
[2.940s][info][safepoint    ] Entering safepoint region: Deoptimize
[2.940s][info][safepoint    ] Leaving safepoint region
[2.940s][info][safepoint    ] Total time for which application threads were stopped: 0.0003229 seconds, Stopping threads took: 0.0000078 seconds
[3.237s][info][safepoint    ] Application time: 0.2967169 seconds
[3.237s][info][safepoint    ] Entering safepoint region: ICBufferFull
[3.237s][info][safepoint    ] Leaving safepoint region
[3.237s][info][safepoint    ] Total time for which application threads were stopped: 0.0001336 seconds, Stopping threads took: 0.0000073 seconds
[3.283s][info][safepoint    ] Application time: 0.0453523 seconds
[3.283s][info][safepoint    ] Entering safepoint region: Deoptimize
[3.283s][info][safepoint    ] Leaving safepoint region
[3.283s][info][safepoint    ] Total time for which application threads were stopped: 0.0002785 seconds, Stopping threads took: 0.0000069 seconds
[3.375s][info][safepoint    ] Application time: 0.0920862 seconds
[3.375s][info][safepoint    ] Entering safepoint region: CollectForMetadataAllocation
[3.375s][info][safepoint    ] Leaving safepoint region
[3.375s][info][safepoint    ] Total time for which application threads were stopped: 0.0001641 seconds, Stopping threads took: 0.0000073 seconds
[3.452s][info][safepoint    ] Application time: 0.0766259 seconds
[3.452s][info][safepoint    ] Entering safepoint region: GenCollectForAllocation
[3.452s][info][gc,start     ] GC(0) Pause Young (Allocation Failure)
[3.454s][info][gc,task      ] GC(0) Using 4 workers of 4 for evacuation
[3.499s][debug][gc,ref       ] GC(0) Skipped phase1 of Reference Processing due to unavailable references
[3.499s][debug][gc,ref       ] GC(0) Skipped phase3 of Reference Processing due to unavailable references
[3.499s][debug][gc,age       ] GC(0) Desired survivor size 15400960 bytes, new threshold 1 (max threshold 6)
[3.499s][info ][gc,heap      ] GC(0) ParNew: 240896K->30079K(270976K)
[3.499s][info ][gc,heap      ] GC(0) CMS: 0K->2811K(602112K)
[3.499s][info ][gc,metaspace ] GC(0) Metaspace: 20593K->20593K(1069056K)
[3.499s][info ][gc           ] GC(0) Pause Young (Allocation Failure) 235M->32M(852M) 47.143ms
[3.499s][info ][gc,cpu       ] GC(0) User=0.15s Sys=0.02s Real=0.04s
[3.499s][info ][safepoint    ] Leaving safepoint region
[3.499s][info ][safepoint    ] Total time for which application threads were stopped: 0.0472642 seconds, Stopping threads took: 0.0000082 seconds
[3.499s][info ][safepoint    ] Application time: 0.0000889 seconds
[3.499s][info ][safepoint    ] Entering safepoint region: CMS_Initial_Mark
[3.499s][info ][gc,start     ] GC(1) Pause Initial Mark
[3.506s][info ][gc           ] GC(1) Pause Initial Mark 36M->36M(852M) 7.085ms
[3.507s][info ][gc,cpu       ] GC(1) User=0.02s Sys=0.00s Real=0.01s
[3.507s][info ][safepoint    ] Leaving safepoint region
[3.507s][info ][safepoint    ] Total time for which application threads were stopped: 0.0072417 seconds, Stopping threads took: 0.0000627 seconds
[3.507s][info ][gc           ] GC(1) Concurrent Mark
[3.508s][info ][safepoint    ] Application time: 0.0010848 seconds
[3.508s][info ][safepoint    ] Entering safepoint region: RevokeBias
[3.508s][info ][safepoint    ] Leaving safepoint region
[3.508s][info ][safepoint    ] Total time for which application threads were stopped: 0.0001436 seconds, Stopping threads took: 0.0000703 seconds
[3.508s][info ][safepoint    ] Application time: 0.0000665 seconds
[3.508s][info ][safepoint    ] Entering safepoint region: RevokeBias
[3.508s][info ][safepoint    ] Leaving safepoint region
[3.508s][info ][safepoint    ] Total time for which application threads were stopped: 0.0000832 seconds, Stopping threads took: 0.0000358 seconds
[3.508s][info ][safepoint    ] Application time: 0.0000639 seconds
[3.508s][info ][safepoint    ] Entering safepoint region: RevokeBias
[3.508s][info ][safepoint    ] Leaving safepoint region
[3.508s][info ][safepoint    ] Total time for which application threads were stopped: 0.0000953 seconds, Stopping threads took: 0.0000270 seconds
[3.532s][info ][gc           ] GC(1) Concurrent Mark 25.206ms
[3.532s][info ][gc,cpu       ] GC(1) User=0.09s Sys=0.01s Real=0.03s
[3.532s][info ][gc           ] GC(1) Concurrent Preclean
[3.532s][debug][gc,ref       ] GC(1) Preclean SoftReferences 0.001ms
[3.532s][debug][gc,ref       ] GC(1) Preclean WeakReferences 0.000ms
[3.532s][debug][gc,ref       ] GC(1) Preclean FinalReferences 0.000ms
[3.532s][debug][gc,ref       ] GC(1) Preclean PhantomReferences 0.000ms
[3.533s][info ][gc           ] GC(1) Concurrent Preclean 1.035ms
[3.533s][info ][gc,cpu       ] GC(1) User=0.00s Sys=0.00s Real=0.00s
[3.533s][info ][gc           ] GC(1) Concurrent Abortable Preclean
[3.546s][info ][safepoint    ] Application time: 0.0379875 seconds
[3.546s][info ][safepoint    ] Entering safepoint region: CollectForMetadataAllocation
[3.546s][info ][safepoint    ] Leaving safepoint region
[3.546s][info ][safepoint    ] Total time for which application threads were stopped: 0.0001311 seconds, Stopping threads took: 0.0000510 seconds
[3.564s][info ][safepoint    ] Application time: 0.0179687 seconds
[3.564s][info ][safepoint    ] Entering safepoint region: CollectForMetadataAllocation
[3.564s][info ][safepoint    ] Leaving safepoint region
[3.564s][info ][safepoint    ] Total time for which application threads were stopped: 0.0001060 seconds, Stopping threads took: 0.0000095 seconds
[3.578s][info ][safepoint    ] Application time: 0.0131292 seconds
[3.578s][info ][safepoint    ] Entering safepoint region: CollectForMetadataAllocation
[3.578s][info ][safepoint    ] Leaving safepoint region
[3.578s][info ][safepoint    ] Total time for which application threads were stopped: 0.0000958 seconds, Stopping threads took: 0.0000080 seconds
[3.612s][info ][safepoint    ] Application time: 0.0342330 seconds
[3.612s][info ][safepoint    ] Entering safepoint region: CollectForMetadataAllocation
[3.612s][info ][safepoint    ] Leaving safepoint region
[3.612s][info ][safepoint    ] Total time for which application threads were stopped: 0.0001493 seconds, Stopping threads took: 0.0000441 seconds
[3.631s][info ][safepoint    ] Application time: 0.0193223 seconds
[3.631s][info ][safepoint    ] Entering safepoint region: RevokeBias
[3.632s][info ][safepoint    ] Leaving safepoint region
[3.632s][info ][safepoint    ] Total time for which application threads were stopped: 0.0001364 seconds, Stopping threads took: 0.0000755 seconds
[3.632s][info ][safepoint    ] Application time: 0.0004055 seconds
[3.633s][info ][safepoint    ] Entering safepoint region: RevokeBias
[3.633s][info ][safepoint    ] Leaving safepoint region
[3.633s][info ][safepoint    ] Total time for which application threads were stopped: 0.0013628 seconds, Stopping threads took: 0.0013255 seconds
[3.634s][info ][safepoint    ] Application time: 0.0010080 seconds
[3.635s][info ][safepoint    ] Entering safepoint region: RevokeBias
[3.635s][info ][safepoint    ] Leaving safepoint region
[3.635s][info ][safepoint    ] Total time for which application threads were stopped: 0.0002963 seconds, Stopping threads took: 0.0001916 seconds
[3.635s][info ][safepoint    ] Application time: 0.0002154 seconds
[3.635s][info ][safepoint    ] Entering safepoint region: RevokeBias
[3.635s][info ][safepoint    ] Leaving safepoint region
[3.635s][info ][safepoint    ] Total time for which application threads were stopped: 0.0002026 seconds, Stopping threads took: 0.0001302 seconds
[3.635s][info ][safepoint    ] Application time: 0.0001109 seconds
[3.635s][info ][safepoint    ] Entering safepoint region: RevokeBias
[3.635s][info ][safepoint    ] Leaving safepoint region
[3.635s][info ][safepoint    ] Total time for which application threads were stopped: 0.0000567 seconds, Stopping threads took: 0.0000149 seconds
[3.635s][info ][safepoint    ] Application time: 0.0001369 seconds
[3.635s][info ][safepoint    ] Entering safepoint region: RevokeBias
[3.636s][info ][safepoint    ] Leaving safepoint region
[3.636s][info ][safepoint    ] Total time for which application threads were stopped: 0.0000731 seconds, Stopping threads took: 0.0000316 seconds
[3.636s][info ][safepoint    ] Application time: 0.0002367 seconds
[3.636s][info ][safepoint    ] Entering safepoint region: RevokeBias
[3.636s][info ][safepoint    ] Leaving safepoint region
[3.636s][info ][safepoint    ] Total time for which application threads were stopped: 0.0002294 seconds, Stopping threads took: 0.0001866 seconds
[3.636s][info ][safepoint    ] Application time: 0.0002759 seconds
[3.636s][info ][safepoint    ] Entering safepoint region: RevokeBias
[3.636s][info ][safepoint    ] Leaving safepoint region
[3.636s][info ][safepoint    ] Total time for which application threads were stopped: 0.0001062 seconds, Stopping threads took: 0.0000563 seconds
[3.637s][info ][safepoint    ] Application time: 0.0002655 seconds
[3.637s][info ][safepoint    ] Entering safepoint region: RevokeBias
[3.637s][info ][safepoint    ] Leaving safepoint region
[3.637s][info ][safepoint    ] Total time for which application threads were stopped: 0.0001403 seconds, Stopping threads took: 0.0000863 seconds
[3.637s][info ][safepoint    ] Application time: 0.0001530 seconds
[3.637s][info ][safepoint    ] Entering safepoint region: RevokeBias
[3.637s][info ][safepoint    ] Leaving safepoint region
[3.637s][info ][safepoint    ] Total time for which application threads were stopped: 0.0001653 seconds, Stopping threads took: 0.0000976 seconds
[3.637s][info ][safepoint    ] Application time: 0.0001251 seconds
[3.637s][info ][safepoint    ] Entering safepoint region: RevokeBias
[3.637s][info ][safepoint    ] Leaving safepoint region
[3.637s][info ][safepoint    ] Total time for which application threads were stopped: 0.0001901 seconds, Stopping threads took: 0.0001369 seconds
[3.638s][info ][safepoint    ] Application time: 0.0002114 seconds
[3.638s][info ][safepoint    ] Entering safepoint region: RevokeBias
[3.638s][info ][safepoint    ] Leaving safepoint region
[3.638s][info ][safepoint    ] Total time for which application threads were stopped: 0.0001455 seconds, Stopping threads took: 0.0000879 seconds
[3.638s][info ][safepoint    ] Application time: 0.0002498 seconds
[3.638s][info ][safepoint    ] Entering safepoint region: RevokeBias
[3.639s][info ][safepoint    ] Leaving safepoint region
[3.639s][info ][safepoint    ] Total time for which application threads were stopped: 0.0004610 seconds, Stopping threads took: 0.0001993 seconds
[3.639s][info ][safepoint    ] Application time: 0.0001050 seconds
[3.639s][info ][safepoint    ] Entering safepoint region: RevokeBias
[3.639s][info ][safepoint    ] Leaving safepoint region
[3.639s][info ][safepoint    ] Total time for which application threads were stopped: 0.0001289 seconds, Stopping threads took: 0.0000872 seconds
[3.639s][info ][safepoint    ] Application time: 0.0002147 seconds
[3.639s][info ][safepoint    ] Entering safepoint region: RevokeBias
[3.639s][info ][safepoint    ] Leaving safepoint region
[3.639s][info ][safepoint    ] Total time for which application threads were stopped: 0.0001244 seconds, Stopping threads took: 0.0000734 seconds
[3.640s][info ][safepoint    ] Application time: 0.0006377 seconds
[3.640s][info ][safepoint    ] Entering safepoint region: RevokeBias
[3.640s][info ][safepoint    ] Leaving safepoint region
[3.640s][info ][safepoint    ] Total time for which application threads were stopped: 0.0000869 seconds, Stopping threads took: 0.0000189 seconds
[3.640s][info ][safepoint    ] Application time: 0.0004858 seconds
[3.640s][info ][safepoint    ] Entering safepoint region: RevokeBias
[3.641s][info ][safepoint    ] Leaving safepoint region
[3.641s][info ][safepoint    ] Total time for which application threads were stopped: 0.0001084 seconds, Stopping threads took: 0.0000459 seconds
[3.641s][info ][safepoint    ] Application time: 0.0002927 seconds
[3.641s][info ][safepoint    ] Entering safepoint region: RevokeBias
[3.641s][info ][safepoint    ] Leaving safepoint region
[3.641s][info ][safepoint    ] Total time for which application threads were stopped: 0.0000829 seconds, Stopping threads took: 0.0000376 seconds
[3.641s][info ][safepoint    ] Application time: 0.0000739 seconds
[3.641s][info ][safepoint    ] Entering safepoint region: CollectForMetadataAllocation
[3.641s][info ][safepoint    ] Leaving safepoint region
[3.641s][info ][safepoint    ] Total time for which application threads were stopped: 0.0000563 seconds, Stopping threads took: 0.0000053 seconds
[3.642s][info ][safepoint    ] Application time: 0.0006216 seconds
[3.642s][info ][safepoint    ] Entering safepoint region: RevokeBias
[3.642s][info ][safepoint    ] Leaving safepoint region
[3.642s][info ][safepoint    ] Total time for which application threads were stopped: 0.0001355 seconds, Stopping threads took: 0.0000679 seconds
[3.643s][info ][safepoint    ] Application time: 0.0009002 seconds
[3.643s][info ][safepoint    ] Entering safepoint region: RevokeBias
[3.643s][info ][safepoint    ] Leaving safepoint region
[3.643s][info ][safepoint    ] Total time for which application threads were stopped: 0.0001531 seconds, Stopping threads took: 0.0000900 seconds
[3.643s][info ][safepoint    ] Application time: 0.0001065 seconds
[3.643s][info ][safepoint    ] Entering safepoint region: RevokeBias
[3.643s][info ][safepoint    ] Leaving safepoint region
[3.643s][info ][safepoint    ] Total time for which application threads were stopped: 0.0001014 seconds, Stopping threads took: 0.0000482 seconds
[3.643s][info ][safepoint    ] Application time: 0.0001945 seconds
[3.644s][info ][safepoint    ] Entering safepoint region: RevokeBias
[3.644s][info ][safepoint    ] Leaving safepoint region
[3.644s][info ][safepoint    ] Total time for which application threads were stopped: 0.0002565 seconds, Stopping threads took: 0.0002018 seconds
[3.644s][info ][safepoint    ] Application time: 0.0000603 seconds
[3.644s][info ][safepoint    ] Entering safepoint region: RevokeBias
[3.644s][info ][safepoint    ] Leaving safepoint region
[3.644s][info ][safepoint    ] Total time for which application threads were stopped: 0.0000718 seconds, Stopping threads took: 0.0000274 seconds
[3.644s][info ][safepoint    ] Application time: 0.0006048 seconds
[3.644s][info ][safepoint    ] Entering safepoint region: RevokeBias
[3.645s][info ][safepoint    ] Leaving safepoint region
[3.645s][info ][safepoint    ] Total time for which application threads were stopped: 0.0001480 seconds, Stopping threads took: 0.0000803 seconds
[3.645s][info ][safepoint    ] Application time: 0.0003993 seconds
[3.645s][info ][safepoint    ] Entering safepoint region: RevokeBias
[3.645s][info ][safepoint    ] Leaving safepoint region
[3.645s][info ][safepoint    ] Total time for which application threads were stopped: 0.0001046 seconds, Stopping threads took: 0.0000570 seconds
[3.647s][info ][safepoint    ] Application time: 0.0015416 seconds
[3.647s][info ][safepoint    ] Entering safepoint region: RevokeBias
[3.647s][info ][safepoint    ] Leaving safepoint region
[3.647s][info ][safepoint    ] Total time for which application threads were stopped: 0.0001520 seconds, Stopping threads took: 0.0001046 seconds
[3.648s][info ][safepoint    ] Application time: 0.0011889 seconds
[3.648s][info ][safepoint    ] Entering safepoint region: RevokeBias
[3.648s][info ][safepoint    ] Leaving safepoint region
[3.648s][info ][safepoint    ] Total time for which application threads were stopped: 0.0001110 seconds, Stopping threads took: 0.0000580 seconds
[3.649s][info ][safepoint    ] Application time: 0.0008238 seconds
[3.649s][info ][safepoint    ] Entering safepoint region: RevokeBias
[3.649s][info ][safepoint    ] Leaving safepoint region
[3.649s][info ][safepoint    ] Total time for which application threads were stopped: 0.0001241 seconds, Stopping threads took: 0.0000489 seconds
[3.649s][info ][safepoint    ] Application time: 0.0001052 seconds
[3.649s][info ][safepoint    ] Entering safepoint region: RevokeBias
[3.649s][info ][safepoint    ] Leaving safepoint region
[3.649s][info ][safepoint    ] Total time for which application threads were stopped: 0.0000874 seconds, Stopping threads took: 0.0000348 seconds
[3.650s][info ][safepoint    ] Application time: 0.0006364 seconds
[3.650s][info ][safepoint    ] Entering safepoint region: BulkRevokeBias
[3.650s][info ][safepoint    ] Leaving safepoint region
[3.650s][info ][safepoint    ] Total time for which application threads were stopped: 0.0003264 seconds, Stopping threads took: 0.0000742 seconds
[3.651s][info ][safepoint    ] Application time: 0.0003892 seconds
[3.651s][info ][safepoint    ] Entering safepoint region: RevokeBias
[3.651s][info ][safepoint    ] Leaving safepoint region
[3.651s][info ][safepoint    ] Total time for which application threads were stopped: 0.0001355 seconds, Stopping threads took: 0.0000700 seconds
[3.652s][info ][safepoint    ] Application time: 0.0010945 seconds
[3.652s][info ][safepoint    ] Entering safepoint region: RevokeBias
[3.652s][info ][safepoint    ] Leaving safepoint region
[3.652s][info ][safepoint    ] Total time for which application threads were stopped: 0.0002021 seconds, Stopping threads took: 0.0001098 seconds
[3.653s][info ][safepoint    ] Application time: 0.0008531 seconds
[3.653s][info ][safepoint    ] Entering safepoint region: CollectForMetadataAllocation
[3.653s][info ][safepoint    ] Leaving safepoint region
[3.653s][info ][safepoint    ] Total time for which application threads were stopped: 0.0001558 seconds, Stopping threads took: 0.0000745 seconds
[3.654s][info ][safepoint    ] Application time: 0.0013241 seconds
[3.655s][info ][safepoint    ] Entering safepoint region: RevokeBias
[3.655s][info ][safepoint    ] Leaving safepoint region
[3.655s][info ][safepoint    ] Total time for which application threads were stopped: 0.0001017 seconds, Stopping threads took: 0.0000405 seconds
[3.655s][info ][safepoint    ] Application time: 0.0002224 seconds
[3.655s][info ][safepoint    ] Entering safepoint region: RevokeBias
[3.655s][info ][safepoint    ] Leaving safepoint region
[3.655s][info ][safepoint    ] Total time for which application threads were stopped: 0.0001980 seconds, Stopping threads took: 0.0000994 seconds
[3.656s][info ][safepoint    ] Application time: 0.0006102 seconds
[3.656s][info ][safepoint    ] Entering safepoint region: RevokeBias
[3.656s][info ][safepoint    ] Leaving safepoint region
[3.656s][info ][safepoint    ] Total time for which application threads were stopped: 0.0001338 seconds, Stopping threads took: 0.0000597 seconds
[3.659s][info ][safepoint    ] Application time: 0.0030894 seconds
[3.659s][info ][safepoint    ] Entering safepoint region: RevokeBias
[3.659s][info ][safepoint    ] Leaving safepoint region
[3.659s][info ][safepoint    ] Total time for which application threads were stopped: 0.0001034 seconds, Stopping threads took: 0.0000112 seconds
[3.660s][info ][safepoint    ] Application time: 0.0010218 seconds
[3.660s][info ][safepoint    ] Entering safepoint region: RevokeBias
[3.660s][info ][safepoint    ] Leaving safepoint region
[3.660s][info ][safepoint    ] Total time for which application threads were stopped: 0.0003346 seconds, Stopping threads took: 0.0002882 seconds
[3.663s][info ][safepoint    ] Application time: 0.0026450 seconds
[3.663s][info ][safepoint    ] Entering safepoint region: RevokeBias
[3.663s][info ][safepoint    ] Leaving safepoint region
[3.663s][info ][safepoint    ] Total time for which application threads were stopped: 0.0002504 seconds, Stopping threads took: 0.0001857 seconds
[3.665s][info ][safepoint    ] Application time: 0.0016426 seconds
[3.665s][info ][safepoint    ] Entering safepoint region: CollectForMetadataAllocation
[3.665s][info ][safepoint    ] Leaving safepoint region
[3.665s][info ][safepoint    ] Total time for which application threads were stopped: 0.0002390 seconds, Stopping threads took: 0.0001770 seconds
[3.666s][info ][safepoint    ] Application time: 0.0004416 seconds
[3.666s][info ][safepoint    ] Entering safepoint region: RevokeBias
[3.666s][info ][safepoint    ] Leaving safepoint region
[3.666s][info ][safepoint    ] Total time for which application threads were stopped: 0.0001870 seconds, Stopping threads took: 0.0001423 seconds
[3.669s][info ][safepoint    ] Application time: 0.0026553 seconds
[3.669s][info ][safepoint    ] Entering safepoint region: RevokeBias
[3.669s][info ][safepoint    ] Leaving safepoint region
[3.669s][info ][safepoint    ] Total time for which application threads were stopped: 0.0001010 seconds, Stopping threads took: 0.0000139 seconds
[3.671s][info ][safepoint    ] Application time: 0.0020293 seconds
[3.671s][info ][safepoint    ] Entering safepoint region: RevokeBias
[3.671s][info ][safepoint    ] Leaving safepoint region
[3.671s][info ][safepoint    ] Total time for which application threads were stopped: 0.0001545 seconds, Stopping threads took: 0.0000687 seconds
[3.672s][info ][safepoint    ] Application time: 0.0013094 seconds
[3.672s][info ][safepoint    ] Entering safepoint region: RevokeBias
[3.672s][info ][safepoint    ] Leaving safepoint region
[3.672s][info ][safepoint    ] Total time for which application threads were stopped: 0.0001357 seconds, Stopping threads took: 0.0000574 seconds
[3.673s][info ][safepoint    ] Application time: 0.0001663 seconds
[3.673s][info ][safepoint    ] Entering safepoint region: RevokeBias
[3.673s][info ][safepoint    ] Leaving safepoint region
[3.673s][info ][safepoint    ] Total time for which application threads were stopped: 0.0000782 seconds, Stopping threads took: 0.0000479 seconds
[3.673s][info ][safepoint    ] Application time: 0.0008403 seconds
[3.674s][info ][safepoint    ] Entering safepoint region: RevokeBias
[3.674s][info ][safepoint    ] Leaving safepoint region
[3.674s][info ][safepoint    ] Total time for which application threads were stopped: 0.0001256 seconds, Stopping threads took: 0.0000446 seconds
[3.674s][info ][safepoint    ] Application time: 0.0007170 seconds
[3.674s][info ][safepoint    ] Entering safepoint region: RevokeBias
[3.674s][info ][safepoint    ] Leaving safepoint region
[3.674s][info ][safepoint    ] Total time for which application threads were stopped: 0.0000971 seconds, Stopping threads took: 0.0000419 seconds
[3.677s][info ][safepoint    ] Application time: 0.0021225 seconds
[3.677s][info ][safepoint    ] Entering safepoint region: RevokeBias
[3.677s][info ][safepoint    ] Leaving safepoint region
[3.677s][info ][safepoint    ] Total time for which application threads were stopped: 0.0001175 seconds, Stopping threads took: 0.0000448 seconds
[3.677s][info ][safepoint    ] Application time: 0.0003195 seconds
[3.677s][info ][safepoint    ] Entering safepoint region: CollectForMetadataAllocation
[3.677s][info ][safepoint    ] Leaving safepoint region
[3.677s][info ][safepoint    ] Total time for which application threads were stopped: 0.0001363 seconds, Stopping threads took: 0.0000229 seconds
[3.678s][info ][safepoint    ] Application time: 0.0006081 seconds
[3.678s][info ][safepoint    ] Entering safepoint region: RevokeBias
[3.678s][info ][safepoint    ] Leaving safepoint region
[3.678s][info ][safepoint    ] Total time for which application threads were stopped: 0.0000571 seconds, Stopping threads took: 0.0000068 seconds
[3.679s][info ][safepoint    ] Application time: 0.0006633 seconds
[3.679s][info ][safepoint    ] Entering safepoint region: RevokeBias
[3.679s][info ][safepoint    ] Leaving safepoint region
[3.679s][info ][safepoint    ] Total time for which application threads were stopped: 0.0001261 seconds, Stopping threads took: 0.0000574 seconds
[3.680s][info ][safepoint    ] Application time: 0.0012351 seconds
[3.680s][info ][safepoint    ] Entering safepoint region: RevokeBias
[3.680s][info ][safepoint    ] Leaving safepoint region
[3.680s][info ][safepoint    ] Total time for which application threads were stopped: 0.0001456 seconds, Stopping threads took: 0.0000710 seconds
[3.681s][info ][safepoint    ] Application time: 0.0010600 seconds
[3.681s][info ][safepoint    ] Entering safepoint region: RevokeBias
[3.681s][info ][safepoint    ] Leaving safepoint region
[3.681s][info ][safepoint    ] Total time for which application threads were stopped: 0.0000748 seconds, Stopping threads took: 0.0000259 seconds
[3.682s][info ][safepoint    ] Application time: 0.0005098 seconds
[3.682s][info ][safepoint    ] Entering safepoint region: BulkRevokeBias
[3.682s][info ][safepoint    ] Leaving safepoint region
[3.682s][info ][safepoint    ] Total time for which application threads were stopped: 0.0002679 seconds, Stopping threads took: 0.0000845 seconds
[3.687s][info ][safepoint    ] Application time: 0.0049215 seconds
[3.687s][info ][safepoint    ] Entering safepoint region: CollectForMetadataAllocation
[3.687s][info ][safepoint    ] Leaving safepoint region
[3.687s][info ][safepoint    ] Total time for which application threads were stopped: 0.0001636 seconds, Stopping threads took: 0.0000882 seconds
[3.698s][info ][safepoint    ] Application time: 0.0113115 seconds
[3.699s][info ][safepoint    ] Entering safepoint region: CollectForMetadataAllocation
[3.699s][info ][safepoint    ] Leaving safepoint region
[3.699s][info ][safepoint    ] Total time for which application threads were stopped: 0.0001556 seconds, Stopping threads took: 0.0000322 seconds
[3.704s][info ][safepoint    ] Application time: 0.0049092 seconds
[3.704s][info ][safepoint    ] Entering safepoint region: CollectForMetadataAllocation
[3.704s][info ][safepoint    ] Leaving safepoint region
[3.704s][info ][safepoint    ] Total time for which application threads were stopped: 0.0001324 seconds, Stopping threads took: 0.0000586 seconds
[3.714s][info ][safepoint    ] Application time: 0.0105672 seconds
[3.714s][info ][safepoint    ] Entering safepoint region: CollectForMetadataAllocation
[3.714s][info ][safepoint    ] Leaving safepoint region
[3.714s][info ][safepoint    ] Total time for which application threads were stopped: 0.0001728 seconds, Stopping threads took: 0.0000831 seconds
[3.724s][info ][safepoint    ] Application time: 0.0092255 seconds
[3.724s][info ][safepoint    ] Entering safepoint region: CollectForMetadataAllocation
[3.724s][info ][safepoint    ] Leaving safepoint region
[3.724s][info ][safepoint    ] Total time for which application threads were stopped: 0.0001619 seconds, Stopping threads took: 0.0000814 seconds
[3.736s][info ][safepoint    ] Application time: 0.0118748 seconds
[3.736s][info ][safepoint    ] Entering safepoint region: CollectForMetadataAllocation
[3.736s][info ][safepoint    ] Leaving safepoint region
[3.736s][info ][safepoint    ] Total time for which application threads were stopped: 0.0001539 seconds, Stopping threads took: 0.0000521 seconds
[3.753s][info ][safepoint    ] Application time: 0.0168489 seconds
[3.753s][info ][safepoint    ] Entering safepoint region: CollectForMetadataAllocation
[3.753s][info ][safepoint    ] Leaving safepoint region
[3.753s][info ][safepoint    ] Total time for which application threads were stopped: 0.0002115 seconds, Stopping threads took: 0.0001198 seconds
[3.755s][info ][safepoint    ] Application time: 0.0014666 seconds
[3.755s][info ][safepoint    ] Entering safepoint region: Deoptimize
[3.755s][info ][safepoint    ] Leaving safepoint region
[3.755s][info ][safepoint    ] Total time for which application threads were stopped: 0.0004151 seconds, Stopping threads took: 0.0000478 seconds
[3.774s][info ][safepoint    ] Application time: 0.0193003 seconds
[3.774s][info ][safepoint    ] Entering safepoint region: RevokeBias
[3.775s][info ][safepoint    ] Leaving safepoint region
[3.775s][info ][safepoint    ] Total time for which application threads were stopped: 0.0002965 seconds, Stopping threads took: 0.0001908 seconds
[3.775s][info ][safepoint    ] Application time: 0.0005747 seconds
[3.775s][info ][safepoint    ] Entering safepoint region: RevokeBias
[3.775s][info ][safepoint    ] Leaving safepoint region
[3.775s][info ][safepoint    ] Total time for which application threads were stopped: 0.0001164 seconds, Stopping threads took: 0.0000586 seconds
[3.775s][info ][safepoint    ] Application time: 0.0001363 seconds
[3.776s][info ][safepoint    ] Entering safepoint region: RevokeBias
[3.776s][info ][safepoint    ] Leaving safepoint region
[3.776s][info ][safepoint    ] Total time for which application threads were stopped: 0.0001471 seconds, Stopping threads took: 0.0000933 seconds
[3.776s][info ][safepoint    ] Application time: 0.0006567 seconds
[3.776s][info ][safepoint    ] Entering safepoint region: RevokeBias
[3.776s][info ][safepoint    ] Leaving safepoint region
[3.776s][info ][safepoint    ] Total time for which application threads were stopped: 0.0001854 seconds, Stopping threads took: 0.0001118 seconds
[3.777s][info ][safepoint    ] Application time: 0.0003946 seconds
[3.777s][info ][safepoint    ] Entering safepoint region: RevokeBias
[3.777s][info ][safepoint    ] Leaving safepoint region
[3.777s][info ][safepoint    ] Total time for which application threads were stopped: 0.0001599 seconds, Stopping threads took: 0.0000840 seconds
[3.777s][info ][safepoint    ] Application time: 0.0001269 seconds
[3.777s][info ][safepoint    ] Entering safepoint region: RevokeBias
[3.777s][info ][safepoint    ] Leaving safepoint region
[3.777s][info ][safepoint    ] Total time for which application threads were stopped: 0.0002018 seconds, Stopping threads took: 0.0000571 seconds
[3.778s][info ][safepoint    ] Application time: 0.0001048 seconds
[3.778s][info ][safepoint    ] Entering safepoint region: RevokeBias
[3.778s][info ][safepoint    ] Leaving safepoint region
[3.778s][info ][safepoint    ] Total time for which application threads were stopped: 0.0003173 seconds, Stopping threads took: 0.0001967 seconds
[3.778s][info ][safepoint    ] Application time: 0.0001240 seconds
[3.778s][info ][safepoint    ] Entering safepoint region: RevokeBias
[3.778s][info ][safepoint    ] Leaving safepoint region
[3.778s][info ][safepoint    ] Total time for which application threads were stopped: 0.0002837 seconds, Stopping threads took: 0.0002203 seconds
[3.778s][info ][safepoint    ] Application time: 0.0001259 seconds
[3.779s][info ][safepoint    ] Entering safepoint region: RevokeBias
[3.779s][info ][safepoint    ] Leaving safepoint region
[3.779s][info ][safepoint    ] Total time for which application threads were stopped: 0.0002098 seconds, Stopping threads took: 0.0001003 seconds
[3.780s][info ][safepoint    ] Application time: 0.0009472 seconds
[3.780s][info ][safepoint    ] Entering safepoint region: RevokeBias
[3.780s][info ][safepoint    ] Leaving safepoint region
[3.780s][info ][safepoint    ] Total time for which application threads were stopped: 0.0002732 seconds, Stopping threads took: 0.0001054 seconds
[3.780s][info ][safepoint    ] Application time: 0.0002557 seconds
[3.780s][info ][safepoint    ] Entering safepoint region: RevokeBias
[3.780s][info ][safepoint    ] Leaving safepoint region
[3.780s][info ][safepoint    ] Total time for which application threads were stopped: 0.0002335 seconds, Stopping threads took: 0.0000889 seconds
[3.781s][info ][safepoint    ] Application time: 0.0002019 seconds
[3.781s][info ][safepoint    ] Entering safepoint region: RevokeBias
[3.781s][info ][safepoint    ] Leaving safepoint region
[3.781s][info ][safepoint    ] Total time for which application threads were stopped: 0.0001648 seconds, Stopping threads took: 0.0000572 seconds
[3.781s][info ][safepoint    ] Application time: 0.0000669 seconds
[3.781s][info ][safepoint    ] Entering safepoint region: RevokeBias
[3.781s][info ][safepoint    ] Leaving safepoint region
[3.781s][info ][safepoint    ] Total time for which application threads were stopped: 0.0001332 seconds, Stopping threads took: 0.0000632 seconds
[3.781s][info ][safepoint    ] Application time: 0.0000841 seconds
[3.781s][info ][safepoint    ] Entering safepoint region: RevokeBias
[3.781s][info ][safepoint    ] Leaving safepoint region
[3.781s][info ][safepoint    ] Total time for which application threads were stopped: 0.0001585 seconds, Stopping threads took: 0.0000720 seconds
[3.781s][info ][safepoint    ] Application time: 0.0001377 seconds
[3.781s][info ][safepoint    ] Entering safepoint region: RevokeBias
[3.782s][info ][safepoint    ] Leaving safepoint region
[3.782s][info ][safepoint    ] Total time for which application threads were stopped: 0.0001809 seconds, Stopping threads took: 0.0000723 seconds
[3.782s][info ][safepoint    ] Application time: 0.0000709 seconds
[3.782s][info ][safepoint    ] Entering safepoint region: RevokeBias
[3.782s][info ][safepoint    ] Leaving safepoint region
[3.782s][info ][safepoint    ] Total time for which application threads were stopped: 0.0002149 seconds, Stopping threads took: 0.0001167 seconds
[3.782s][info ][safepoint    ] Application time: 0.0000777 seconds
[3.782s][info ][safepoint    ] Entering safepoint region: RevokeBias
[3.783s][info ][safepoint    ] Leaving safepoint region
[3.783s][info ][safepoint    ] Total time for which application threads were stopped: 0.0005514 seconds, Stopping threads took: 0.0000324 seconds
[3.783s][info ][safepoint    ] Application time: 0.0000737 seconds
[3.783s][info ][safepoint    ] Entering safepoint region: BulkRevokeBias
[3.783s][info ][safepoint    ] Leaving safepoint region
[3.783s][info ][safepoint    ] Total time for which application threads were stopped: 0.0003240 seconds, Stopping threads took: 0.0000696 seconds
[3.794s][info ][safepoint    ] Application time: 0.0114839 seconds
[3.795s][info ][safepoint    ] Entering safepoint region: CollectForMetadataAllocation
[3.795s][info ][safepoint    ] Leaving safepoint region
[3.795s][info ][safepoint    ] Total time for which application threads were stopped: 0.0004114 seconds, Stopping threads took: 0.0002655 seconds
[3.795s][info ][safepoint    ] Application time: 0.0000911 seconds
[3.796s][info ][safepoint    ] Entering safepoint region: CollectForMetadataAllocation
[3.796s][info ][safepoint    ] Leaving safepoint region
[3.796s][info ][safepoint    ] Total time for which application threads were stopped: 0.0006312 seconds, Stopping threads took: 0.0005811 seconds
[3.798s][info ][safepoint    ] Application time: 0.0023783 seconds
[3.798s][info ][safepoint    ] Entering safepoint region: RevokeBias
[3.798s][info ][safepoint    ] Leaving safepoint region
[3.798s][info ][safepoint    ] Total time for which application threads were stopped: 0.0002703 seconds, Stopping threads took: 0.0001740 seconds
[3.799s][info ][safepoint    ] Application time: 0.0009272 seconds
[3.799s][info ][safepoint    ] Entering safepoint region: RevokeBias
[3.800s][info ][safepoint    ] Leaving safepoint region
[3.800s][info ][safepoint    ] Total time for which application threads were stopped: 0.0003122 seconds, Stopping threads took: 0.0001678 seconds
[3.801s][info ][safepoint    ] Application time: 0.0017567 seconds
[3.801s][info ][safepoint    ] Entering safepoint region: RevokeBias
[3.802s][info ][safepoint    ] Leaving safepoint region
[3.802s][info ][safepoint    ] Total time for which application threads were stopped: 0.0003286 seconds, Stopping threads took: 0.0001825 seconds
[3.802s][info ][safepoint    ] Application time: 0.0005556 seconds
[3.802s][info ][safepoint    ] Entering safepoint region: RevokeBias
[3.802s][info ][safepoint    ] Leaving safepoint region
[3.802s][info ][safepoint    ] Total time for which application threads were stopped: 0.0002613 seconds, Stopping threads took: 0.0001346 seconds
[3.805s][info ][safepoint    ] Application time: 0.0021583 seconds
[3.805s][info ][safepoint    ] Entering safepoint region: Deoptimize
[3.806s][info ][safepoint    ] Leaving safepoint region
[3.806s][info ][safepoint    ] Total time for which application threads were stopped: 0.0011175 seconds, Stopping threads took: 0.0007459 seconds
[3.806s][info ][safepoint    ] Application time: 0.0002910 seconds
[3.806s][info ][safepoint    ] Entering safepoint region: RevokeBias
[3.806s][info ][safepoint    ] Leaving safepoint region
[3.806s][info ][safepoint    ] Total time for which application threads were stopped: 0.0003513 seconds, Stopping threads took: 0.0001668 seconds
[3.807s][info ][safepoint    ] Application time: 0.0003653 seconds
[3.810s][info ][safepoint    ] Entering safepoint region: RevokeBias
[3.810s][info ][safepoint    ] Leaving safepoint region
[3.810s][info ][safepoint    ] Total time for which application threads were stopped: 0.0030062 seconds, Stopping threads took: 0.0028696 seconds
[3.810s][info ][safepoint    ] Application time: 0.0001798 seconds
[3.810s][info ][safepoint    ] Entering safepoint region: RevokeBias
[3.810s][info ][safepoint    ] Leaving safepoint region
[3.810s][info ][safepoint    ] Total time for which application threads were stopped: 0.0002657 seconds, Stopping threads took: 0.0001364 seconds
[3.815s][info ][safepoint    ] Application time: 0.0049358 seconds
[3.815s][info ][safepoint    ] Entering safepoint region: RevokeBias
[3.816s][info ][safepoint    ] Leaving safepoint region
[3.816s][info ][safepoint    ] Total time for which application threads were stopped: 0.0003446 seconds, Stopping threads took: 0.0002374 seconds
[3.820s][info ][safepoint    ] Application time: 0.0040744 seconds
[3.820s][info ][safepoint    ] Entering safepoint region: CollectForMetadataAllocation
[3.820s][info ][safepoint    ] Leaving safepoint region
[3.820s][info ][safepoint    ] Total time for which application threads were stopped: 0.0002469 seconds, Stopping threads took: 0.0001392 seconds
[3.820s][info ][safepoint    ] Application time: 0.0000925 seconds
[3.820s][info ][safepoint    ] Entering safepoint region: CollectForMetadataAllocation
[3.820s][info ][safepoint    ] Leaving safepoint region
[3.820s][info ][safepoint    ] Total time for which application threads were stopped: 0.0001404 seconds, Stopping threads took: 0.0000729 seconds
[3.822s][info ][safepoint    ] Application time: 0.0020690 seconds
[3.822s][info ][safepoint    ] Entering safepoint region: RevokeBias
[3.823s][info ][safepoint    ] Leaving safepoint region
[3.823s][info ][safepoint    ] Total time for which application threads were stopped: 0.0004244 seconds, Stopping threads took: 0.0001344 seconds
[3.824s][info ][safepoint    ] Application time: 0.0010742 seconds
[3.824s][info ][safepoint    ] Entering safepoint region: RevokeBias
[3.825s][info ][safepoint    ] Leaving safepoint region
[3.825s][info ][safepoint    ] Total time for which application threads were stopped: 0.0008650 seconds, Stopping threads took: 0.0001557 seconds
[3.826s][info ][safepoint    ] Application time: 0.0010104 seconds
[3.830s][info ][safepoint    ] Entering safepoint region: RevokeBias
[3.830s][info ][safepoint    ] Leaving safepoint region
[3.830s][info ][safepoint    ] Total time for which application threads were stopped: 0.0044696 seconds, Stopping threads took: 0.0042872 seconds
[3.833s][info ][safepoint    ] Application time: 0.0029623 seconds
[3.835s][info ][safepoint    ] Entering safepoint region: RevokeBias
[3.835s][info ][safepoint    ] Leaving safepoint region
[3.835s][info ][safepoint    ] Total time for which application threads were stopped: 0.0019661 seconds, Stopping threads took: 0.0017432 seconds
[3.838s][info ][safepoint    ] Application time: 0.0025961 seconds
[3.838s][info ][safepoint    ] Entering safepoint region: RevokeBias
[3.838s][info ][safepoint    ] Leaving safepoint region
[3.838s][info ][safepoint    ] Total time for which application threads were stopped: 0.0004110 seconds, Stopping threads took: 0.0002090 seconds
[3.839s][info ][safepoint    ] Application time: 0.0004271 seconds
[3.839s][info ][safepoint    ] Entering safepoint region: RevokeBias
[3.839s][info ][safepoint    ] Leaving safepoint region
[3.839s][info ][safepoint    ] Total time for which application threads were stopped: 0.0003593 seconds, Stopping threads took: 0.0002107 seconds
[3.840s][info ][safepoint    ] Application time: 0.0008556 seconds
[3.840s][info ][safepoint    ] Entering safepoint region: RevokeBias
[3.840s][info ][safepoint    ] Leaving safepoint region
[3.840s][info ][safepoint    ] Total time for which application threads were stopped: 0.0003468 seconds, Stopping threads took: 0.0001880 seconds
[3.846s][info ][safepoint    ] Application time: 0.0057401 seconds
[3.846s][info ][safepoint    ] Entering safepoint region: RevokeBias
[3.847s][info ][safepoint    ] Leaving safepoint region
[3.847s][info ][safepoint    ] Total time for which application threads were stopped: 0.0005574 seconds, Stopping threads took: 0.0003424 seconds
[3.852s][info ][safepoint    ] Application time: 0.0050127 seconds
[3.852s][info ][safepoint    ] Entering safepoint region: RevokeBias
[3.852s][info ][safepoint    ] Leaving safepoint region
[3.852s][info ][safepoint    ] Total time for which application threads were stopped: 0.0003149 seconds, Stopping threads took: 0.0001196 seconds
[3.854s][info ][safepoint    ] Application time: 0.0016467 seconds
[3.854s][info ][safepoint    ] Entering safepoint region: RevokeBias
[3.854s][info ][safepoint    ] Leaving safepoint region
[3.854s][info ][safepoint    ] Total time for which application threads were stopped: 0.0004521 seconds, Stopping threads took: 0.0002618 seconds
[3.854s][info ][safepoint    ] Application time: 0.0003714 seconds
[3.855s][info ][safepoint    ] Entering safepoint region: RevokeBias
[3.855s][info ][safepoint    ] Leaving safepoint region
[3.855s][info ][safepoint    ] Total time for which application threads were stopped: 0.0002786 seconds, Stopping threads took: 0.0001205 seconds
[3.856s][info ][safepoint    ] Application time: 0.0012501 seconds
[3.856s][info ][safepoint    ] Entering safepoint region: RevokeBias
[3.856s][info ][safepoint    ] Leaving safepoint region
[3.856s][info ][safepoint    ] Total time for which application threads were stopped: 0.0003818 seconds, Stopping threads took: 0.0001506 seconds
[3.859s][info ][safepoint    ] Application time: 0.0027906 seconds
[3.859s][info ][safepoint    ] Entering safepoint region: BulkRevokeBias
[3.860s][info ][safepoint    ] Leaving safepoint region
[3.860s][info ][safepoint    ] Total time for which application threads were stopped: 0.0010024 seconds, Stopping threads took: 0.0001702 seconds
[3.865s][info ][safepoint    ] Application time: 0.0048399 seconds
[3.865s][info ][safepoint    ] Entering safepoint region: RevokeBias
[3.865s][info ][safepoint    ] Leaving safepoint region
[3.865s][info ][safepoint    ] Total time for which application threads were stopped: 0.0003446 seconds, Stopping threads took: 0.0001668 seconds
[3.882s][info ][safepoint    ] Application time: 0.0161153 seconds
[3.882s][info ][safepoint    ] Entering safepoint region: RevokeBias
[3.882s][info ][safepoint    ] Leaving safepoint region
[3.882s][info ][safepoint    ] Total time for which application threads were stopped: 0.0004508 seconds, Stopping threads took: 0.0002129 seconds
[3.885s][info ][safepoint    ] Application time: 0.0027794 seconds
[3.885s][info ][safepoint    ] Entering safepoint region: RevokeBias
[3.885s][info ][safepoint    ] Leaving safepoint region
[3.885s][info ][safepoint    ] Total time for which application threads were stopped: 0.0003629 seconds, Stopping threads took: 0.0001587 seconds
[3.887s][info ][safepoint    ] Application time: 0.0014741 seconds
[3.887s][info ][safepoint    ] Entering safepoint region: RevokeBias
[3.887s][info ][safepoint    ] Leaving safepoint region
[3.887s][info ][safepoint    ] Total time for which application threads were stopped: 0.0003570 seconds, Stopping threads took: 0.0002089 seconds
[3.887s][info ][safepoint    ] Application time: 0.0001456 seconds
[3.887s][info ][safepoint    ] Entering safepoint region: RevokeBias
[3.888s][info ][safepoint    ] Leaving safepoint region
[3.888s][info ][safepoint    ] Total time for which application threads were stopped: 0.0003369 seconds, Stopping threads took: 0.0001498 seconds
[3.889s][info ][safepoint    ] Application time: 0.0015283 seconds
[3.889s][info ][safepoint    ] Entering safepoint region: RevokeBias
[3.890s][info ][safepoint    ] Leaving safepoint region
[3.890s][info ][safepoint    ] Total time for which application threads were stopped: 0.0002463 seconds, Stopping threads took: 0.0001223 seconds
[3.892s][info ][safepoint    ] Application time: 0.0025302 seconds
[3.892s][info ][safepoint    ] Entering safepoint region: RevokeBias
[3.892s][info ][safepoint    ] Leaving safepoint region
[3.892s][info ][safepoint    ] Total time for which application threads were stopped: 0.0003215 seconds, Stopping threads took: 0.0001510 seconds
[3.893s][info ][safepoint    ] Application time: 0.0005700 seconds
[3.893s][info ][safepoint    ] Entering safepoint region: RevokeBias
[3.893s][info ][safepoint    ] Leaving safepoint region
[3.893s][info ][safepoint    ] Total time for which application threads were stopped: 0.0003075 seconds, Stopping threads took: 0.0001876 seconds
[3.894s][info ][safepoint    ] Application time: 0.0004551 seconds
[3.894s][info ][safepoint    ] Entering safepoint region: BulkRevokeBias
[3.895s][info ][safepoint    ] Leaving safepoint region
[3.895s][info ][safepoint    ] Total time for which application threads were stopped: 0.0008843 seconds, Stopping threads took: 0.0001225 seconds
[3.976s][info ][safepoint    ] Application time: 0.0811566 seconds
[3.976s][info ][safepoint    ] Entering safepoint region: RevokeBias
[3.976s][info ][safepoint    ] Leaving safepoint region
[3.976s][info ][safepoint    ] Total time for which application threads were stopped: 0.0005251 seconds, Stopping threads took: 0.0002429 seconds
[4.021s][info ][gc           ] GC(1) Concurrent Abortable Preclean 487.698ms
[4.021s][info ][gc,cpu       ] GC(1) User=2.54s Sys=0.22s Real=0.48s
[4.021s][info ][safepoint    ] Application time: 0.0442507 seconds
[4.022s][info ][safepoint    ] Entering safepoint region: CMS_Final_Remark
[4.022s][info ][gc,start     ] GC(1) Pause Remark
[4.055s][debug][gc,phases    ] GC(1) Rescan (parallel) 33.531ms
[4.055s][debug][gc,ref       ] GC(1) Skipped phase1 of Reference Processing due to unavailable references
[4.055s][debug][gc,ref       ] GC(1) Skipped phase2 of Reference Processing due to unavailable references
[4.055s][debug][gc,ref       ] GC(1) Skipped phase3 of Reference Processing due to unavailable references
[4.055s][debug][gc,ref       ] GC(1) Skipped phase4 of Reference Processing due to unavailable references
[4.055s][debug][gc,phases    ] GC(1) Reference Processing 0.045ms
[4.055s][debug][gc,phases    ] GC(1) Weak Processing 0.028ms
[4.056s][debug][gc,phases    ] GC(1) ClassLoaderData 0.298ms
[4.056s][debug][gc,phases    ] GC(1) ProtectionDomainCacheTable 0.003ms
[4.056s][debug][gc,phases    ] GC(1) ResolvedMethodTable 0.048ms
[4.057s][debug][gc,phases    ] GC(1) Class Unloading 1.802ms
[4.059s][debug][gc,phases    ] GC(1) Scrub Symbol Table 2.063ms
[4.059s][debug][gc,phases    ] GC(1) Scrub String Table 0.192ms
[4.061s][info ][gc           ] GC(1) Pause Remark 163M->163M(852M) 38.956ms
[4.061s][info ][gc,cpu       ] GC(1) User=0.15s Sys=0.00s Real=0.04s
[4.061s][info ][safepoint    ] Leaving safepoint region
[4.061s][info ][safepoint    ] Total time for which application threads were stopped: 0.0400271 seconds, Stopping threads took: 0.0008876 seconds
[4.061s][info ][gc           ] GC(1) Concurrent Sweep
[4.062s][info ][gc           ] GC(1) Concurrent Sweep 1.399ms
[4.062s][info ][gc,cpu       ] GC(1) User=0.01s Sys=0.00s Real=0.01s
[4.062s][info ][gc           ] GC(1) Concurrent Reset
[4.077s][info ][gc           ] GC(1) Concurrent Reset 14.300ms
[4.077s][info ][gc,cpu       ] GC(1) User=0.08s Sys=0.02s Real=0.01s
[4.077s][info ][gc,heap      ] GC(1) Old: 2811K->2811K(602112K)
[4.082s][info ][safepoint    ] Application time: 0.0209432 seconds
[4.082s][info ][safepoint    ] Entering safepoint region: RevokeBias
[4.082s][info ][safepoint    ] Leaving safepoint region
[4.082s][info ][safepoint    ] Total time for which application threads were stopped: 0.0004137 seconds, Stopping threads took: 0.0001489 seconds
[4.095s][info ][safepoint    ] Application time: 0.0130774 seconds
[4.095s][info ][safepoint    ] Entering safepoint region: RevokeBias
[4.096s][info ][safepoint    ] Leaving safepoint region
[4.096s][info ][safepoint    ] Total time for which application threads were stopped: 0.0003001 seconds, Stopping threads took: 0.0001342 seconds
[4.096s][info ][safepoint    ] Application time: 0.0008772 seconds
[4.097s][info ][safepoint    ] Entering safepoint region: RevokeBias
[4.097s][info ][safepoint    ] Leaving safepoint region
[4.097s][info ][safepoint    ] Total time for which application threads were stopped: 0.0003002 seconds, Stopping threads took: 0.0001636 seconds
[4.105s][info ][safepoint    ] Application time: 0.0085766 seconds
[4.105s][info ][safepoint    ] Entering safepoint region: RevokeBias
[4.106s][info ][safepoint    ] Leaving safepoint region
[4.106s][info ][safepoint    ] Total time for which application threads were stopped: 0.0003577 seconds, Stopping threads took: 0.0001885 seconds
[4.107s][info ][safepoint    ] Application time: 0.0015909 seconds
[4.108s][info ][safepoint    ] Entering safepoint region: RevokeBias
[4.108s][info ][safepoint    ] Leaving safepoint region
[4.108s][info ][safepoint    ] Total time for which application threads were stopped: 0.0006755 seconds, Stopping threads took: 0.0004581 seconds
[4.112s][info ][safepoint    ] Application time: 0.0035331 seconds
[4.112s][info ][safepoint    ] Entering safepoint region: RevokeBias
[4.112s][info ][safepoint    ] Leaving safepoint region
[4.112s][info ][safepoint    ] Total time for which application threads were stopped: 0.0003513 seconds, Stopping threads took: 0.0000826 seconds
[4.141s][info ][safepoint    ] Application time: 0.0295418 seconds
[4.142s][info ][safepoint    ] Entering safepoint region: RevokeBias
[4.142s][info ][safepoint    ] Leaving safepoint region
[4.142s][info ][safepoint    ] Total time for which application threads were stopped: 0.0005802 seconds, Stopping threads took: 0.0002717 seconds
[4.148s][info ][safepoint    ] Application time: 0.0054634 seconds
[4.148s][info ][safepoint    ] Entering safepoint region: RevokeBias
[4.148s][info ][safepoint    ] Leaving safepoint region
[4.148s][info ][safepoint    ] Total time for which application threads were stopped: 0.0002953 seconds, Stopping threads took: 0.0001244 seconds
[4.149s][info ][safepoint    ] Application time: 0.0010107 seconds
[4.149s][info ][safepoint    ] Entering safepoint region: RevokeBias
[4.149s][info ][safepoint    ] Leaving safepoint region
[4.149s][info ][safepoint    ] Total time for which application threads were stopped: 0.0004337 seconds, Stopping threads took: 0.0002355 seconds
[4.154s][info ][safepoint    ] Application time: 0.0043377 seconds
[4.154s][info ][safepoint    ] Entering safepoint region: RevokeBias
[4.154s][info ][safepoint    ] Leaving safepoint region
[4.154s][info ][safepoint    ] Total time for which application threads were stopped: 0.0006852 seconds, Stopping threads took: 0.0001322 seconds
[4.158s][info ][safepoint    ] Application time: 0.0036848 seconds
[4.158s][info ][safepoint    ] Entering safepoint region: RevokeBias
[4.158s][info ][safepoint    ] Leaving safepoint region
[4.158s][info ][safepoint    ] Total time for which application threads were stopped: 0.0002595 seconds, Stopping threads took: 0.0001187 seconds
[4.167s][info ][safepoint    ] Application time: 0.0087694 seconds
[4.167s][info ][safepoint    ] Entering safepoint region: RevokeBias
[4.168s][info ][safepoint    ] Leaving safepoint region
[4.168s][info ][safepoint    ] Total time for which application threads were stopped: 0.0003850 seconds, Stopping threads took: 0.0001736 seconds
[4.175s][info ][safepoint    ] Application time: 0.0073735 seconds
[4.175s][info ][safepoint    ] Entering safepoint region: RevokeBias
[4.175s][info ][safepoint    ] Leaving safepoint region
[4.175s][info ][safepoint    ] Total time for which application threads were stopped: 0.0004050 seconds, Stopping threads took: 0.0001300 seconds
[4.181s][info ][safepoint    ] Application time: 0.0059667 seconds
[4.182s][info ][safepoint    ] Entering safepoint region: RevokeBias
[4.182s][info ][safepoint    ] Leaving safepoint region
[4.182s][info ][safepoint    ] Total time for which application threads were stopped: 0.0004759 seconds, Stopping threads took: 0.0002099 seconds
[4.189s][info ][safepoint    ] Application time: 0.0074486 seconds
[4.189s][info ][safepoint    ] Entering safepoint region: RevokeBias
[4.190s][info ][safepoint    ] Leaving safepoint region
[4.190s][info ][safepoint    ] Total time for which application threads were stopped: 0.0004279 seconds, Stopping threads took: 0.0001598 seconds
[4.194s][info ][safepoint    ] Application time: 0.0038394 seconds
[4.194s][info ][safepoint    ] Entering safepoint region: RevokeBias
[4.194s][info ][safepoint    ] Leaving safepoint region
[4.194s][info ][safepoint    ] Total time for which application threads were stopped: 0.0003329 seconds, Stopping threads took: 0.0001325 seconds
[4.218s][info ][safepoint    ] Application time: 0.0238778 seconds
[4.218s][info ][safepoint    ] Entering safepoint region: RevokeBias
[4.218s][info ][safepoint    ] Leaving safepoint region
[4.218s][info ][safepoint    ] Total time for which application threads were stopped: 0.0004533 seconds, Stopping threads took: 0.0002500 seconds
[4.228s][info ][safepoint    ] Application time: 0.0095827 seconds
[4.228s][info ][safepoint    ] Entering safepoint region: RevokeBias
[4.228s][info ][safepoint    ] Leaving safepoint region
[4.228s][info ][safepoint    ] Total time for which application threads were stopped: 0.0003698 seconds, Stopping threads took: 0.0001994 seconds
[4.254s][info ][safepoint    ] Application time: 0.0252090 seconds
[4.254s][info ][safepoint    ] Entering safepoint region: BulkRevokeBias
[4.255s][info ][safepoint    ] Leaving safepoint region
[4.255s][info ][safepoint    ] Total time for which application threads were stopped: 0.0008993 seconds, Stopping threads took: 0.0000834 seconds
[4.281s][info ][safepoint    ] Application time: 0.0259695 seconds
[4.281s][info ][safepoint    ] Entering safepoint region: GenCollectForAllocation
[4.281s][info ][gc,start     ] GC(2) Pause Young (Allocation Failure)
[4.281s][info ][gc,task      ] GC(2) Using 4 workers of 4 for evacuation
[4.355s][debug][gc,ref       ] GC(2) Skipped phase1 of Reference Processing due to unavailable references
[4.355s][debug][gc,ref       ] GC(2) Skipped phase3 of Reference Processing due to unavailable references
[4.356s][debug][gc,age       ] GC(2) Desired survivor size 15400960 bytes, new threshold 1 (max threshold 6)
[4.356s][info ][gc,heap      ] GC(2) ParNew: 270975K->30080K(270976K)
[4.356s][info ][gc,heap      ] GC(2) CMS: 2811K->41485K(602112K)
[4.356s][info ][gc,metaspace ] GC(2) Metaspace: 27525K->27525K(1075200K)
[4.356s][info ][gc           ] GC(2) Pause Young (Allocation Failure) 267M->69M(852M) 74.688ms
[4.356s][info ][gc,cpu       ] GC(2) User=0.26s Sys=0.01s Real=0.08s
[4.356s][info ][safepoint    ] Leaving safepoint region
[4.356s][info ][safepoint    ] Total time for which application threads were stopped: 0.0751020 seconds, Stopping threads took: 0.0002323 seconds
[4.457s][info ][safepoint    ] Application time: 0.1015174 seconds
[4.457s][info ][safepoint    ] Entering safepoint region: ICBufferFull
[4.457s][info ][safepoint    ] Leaving safepoint region
[4.458s][info ][safepoint    ] Total time for which application threads were stopped: 0.0003285 seconds, Stopping threads took: 0.0001513 seconds
[4.541s][info ][safepoint    ] Application time: 0.0837675 seconds
[4.541s][info ][safepoint    ] Entering safepoint region: Deoptimize
[4.542s][info ][safepoint    ] Leaving safepoint region
[4.542s][info ][safepoint    ] Total time for which application threads were stopped: 0.0008585 seconds, Stopping threads took: 0.0001821 seconds
[4.667s][info ][safepoint    ] Application time: 0.1249226 seconds
[4.668s][info ][safepoint    ] Entering safepoint region: GenCollectForAllocation
[4.669s][info ][gc,start     ] GC(3) Pause Young (Allocation Failure)
[4.669s][info ][gc,task      ] GC(3) Using 4 workers of 4 for evacuation
[4.740s][debug][gc,ref       ] GC(3) Skipped phase1 of Reference Processing due to unavailable references
[4.740s][debug][gc,ref       ] GC(3) Skipped phase3 of Reference Processing due to unavailable references
[4.740s][debug][gc,age       ] GC(3) Desired survivor size 15400960 bytes, new threshold 1 (max threshold 6)
[4.741s][info ][gc,heap      ] GC(3) ParNew: 270976K->30080K(270976K)
[4.741s][info ][gc,heap      ] GC(3) CMS: 41485K->72584K(602112K)
[4.741s][info ][gc,metaspace ] GC(3) Metaspace: 32649K->32649K(1079296K)
[4.741s][info ][gc           ] GC(3) Pause Young (Allocation Failure) 305M->100M(852M) 72.038ms
[4.741s][info ][gc,cpu       ] GC(3) User=0.26s Sys=0.01s Real=0.07s
[4.741s][info ][safepoint    ] Leaving safepoint region
[4.741s][info ][safepoint    ] Total time for which application threads were stopped: 0.0734995 seconds, Stopping threads took: 0.0012069 seconds
[4.744s][info ][safepoint    ] Application time: 0.0029705 seconds
[4.744s][info ][safepoint    ] Entering safepoint region: RevokeBias
[4.744s][info ][safepoint    ] Leaving safepoint region
[4.744s][info ][safepoint    ] Total time for which application threads were stopped: 0.0003481 seconds, Stopping threads took: 0.0001604 seconds
[4.744s][info ][safepoint    ] Application time: 0.0000547 seconds
[4.744s][info ][safepoint    ] Entering safepoint region: RevokeBias
[4.744s][info ][safepoint    ] Leaving safepoint region
[4.744s][info ][safepoint    ] Total time for which application threads were stopped: 0.0000973 seconds, Stopping threads took: 0.0000054 seconds
[4.795s][info ][safepoint    ] Application time: 0.0509040 seconds
[4.796s][info ][safepoint    ] Entering safepoint region: Deoptimize
[4.797s][info ][safepoint    ] Leaving safepoint region
[4.797s][info ][safepoint    ] Total time for which application threads were stopped: 0.0015523 seconds, Stopping threads took: 0.0009246 seconds
[4.828s][info ][safepoint    ] Application time: 0.0309418 seconds
[4.828s][info ][safepoint    ] Entering safepoint region: RevokeBias
[4.828s][info ][safepoint    ] Leaving safepoint region
[4.828s][info ][safepoint    ] Total time for which application threads were stopped: 0.0003646 seconds, Stopping threads took: 0.0002351 seconds
[4.828s][info ][safepoint    ] Application time: 0.0001699 seconds
[4.828s][info ][safepoint    ] Entering safepoint region: RevokeBias
[4.829s][info ][safepoint    ] Leaving safepoint region
[4.829s][info ][safepoint    ] Total time for which application threads were stopped: 0.0003482 seconds, Stopping threads took: 0.0001892 seconds
[4.831s][info ][safepoint    ] Application time: 0.0026828 seconds
[4.831s][info ][safepoint    ] Entering safepoint region: RevokeBias
[4.831s][info ][safepoint    ] Leaving safepoint region
[4.832s][info ][safepoint    ] Total time for which application threads were stopped: 0.0002712 seconds, Stopping threads took: 0.0001640 seconds
[4.832s][info ][safepoint    ] Application time: 0.0000677 seconds
[4.832s][info ][safepoint    ] Entering safepoint region: RevokeBias
[4.832s][info ][safepoint    ] Leaving safepoint region
[4.832s][info ][safepoint    ] Total time for which application threads were stopped: 0.0001175 seconds, Stopping threads took: 0.0000537 seconds
[4.832s][info ][safepoint    ] Application time: 0.0000909 seconds
[4.832s][info ][safepoint    ] Entering safepoint region: RevokeBias
[4.832s][info ][safepoint    ] Leaving safepoint region
[4.832s][info ][safepoint    ] Total time for which application threads were stopped: 0.0002153 seconds, Stopping threads took: 0.0001302 seconds
[4.832s][info ][safepoint    ] Application time: 0.0000570 seconds
[4.832s][info ][safepoint    ] Entering safepoint region: RevokeBias
[4.832s][info ][safepoint    ] Leaving safepoint region
[4.832s][info ][safepoint    ] Total time for which application threads were stopped: 0.0001551 seconds, Stopping threads took: 0.0000822 seconds
[4.833s][info ][safepoint    ] Application time: 0.0008896 seconds
[4.833s][info ][safepoint    ] Entering safepoint region: RevokeBias
[4.833s][info ][safepoint    ] Leaving safepoint region
[4.833s][info ][safepoint    ] Total time for which application threads were stopped: 0.0002216 seconds, Stopping threads took: 0.0001452 seconds
[4.834s][info ][safepoint    ] Application time: 0.0001757 seconds
[4.834s][info ][safepoint    ] Entering safepoint region: RevokeBias
[4.834s][info ][safepoint    ] Leaving safepoint region
[4.834s][info ][safepoint    ] Total time for which application threads were stopped: 0.0002389 seconds, Stopping threads took: 0.0001540 seconds
[5.006s][info ][safepoint    ] Application time: 0.1726638 seconds
[5.007s][info ][safepoint    ] Entering safepoint region: Deoptimize
[5.007s][info ][safepoint    ] Leaving safepoint region
[5.007s][info ][safepoint    ] Total time for which application threads were stopped: 0.0008936 seconds, Stopping threads took: 0.0002289 seconds
[5.016s][info ][safepoint    ] Application time: 0.0082139 seconds
[5.016s][info ][safepoint    ] Entering safepoint region: Deoptimize
[5.017s][info ][safepoint    ] Leaving safepoint region
[5.017s][info ][safepoint    ] Total time for which application threads were stopped: 0.0013789 seconds, Stopping threads took: 0.0002717 seconds
[5.026s][info ][safepoint    ] Application time: 0.0087069 seconds
[5.026s][info ][safepoint    ] Entering safepoint region: RevokeBias
[5.026s][info ][safepoint    ] Leaving safepoint region
[5.026s][info ][safepoint    ] Total time for which application threads were stopped: 0.0004190 seconds, Stopping threads took: 0.0002521 seconds
[5.032s][info ][safepoint    ] Application time: 0.0056589 seconds
[5.032s][info ][safepoint    ] Entering safepoint region: RevokeBias
[5.032s][info ][safepoint    ] Leaving safepoint region
[5.032s][info ][safepoint    ] Total time for which application threads were stopped: 0.0003439 seconds, Stopping threads took: 0.0002122 seconds
[5.034s][info ][safepoint    ] Application time: 0.0021497 seconds
[5.035s][info ][safepoint    ] Entering safepoint region: GenCollectForAllocation
[5.035s][info ][gc,start     ] GC(4) Pause Young (Allocation Failure)
[5.035s][info ][gc,task      ] GC(4) Using 4 workers of 4 for evacuation
[5.087s][debug][gc,ref       ] GC(4) Skipped phase1 of Reference Processing due to unavailable references
[5.087s][debug][gc,ref       ] GC(4) Skipped phase3 of Reference Processing due to unavailable references
[5.087s][debug][gc,age       ] GC(4) Desired survivor size 15400960 bytes, new threshold 6 (max threshold 6)
[5.087s][info ][gc,heap      ] GC(4) ParNew: 270976K->27107K(270976K)
[5.087s][info ][gc,heap      ] GC(4) CMS: 72584K->100159K(602112K)
[5.087s][info ][gc,metaspace ] GC(4) Metaspace: 33867K->33867K(1079296K)
[5.087s][info ][gc           ] GC(4) Pause Young (Allocation Failure) 335M->124M(852M) 52.075ms
[5.087s][info ][gc,cpu       ] GC(4) User=0.21s Sys=0.04s Real=0.05s
[5.087s][info ][safepoint    ] Leaving safepoint region
[5.087s][info ][safepoint    ] Total time for which application threads were stopped: 0.0525053 seconds, Stopping threads took: 0.0002589 seconds
[5.088s][info ][safepoint    ] Application time: 0.0013658 seconds
[5.088s][info ][safepoint    ] Entering safepoint region: RevokeBias
[5.089s][info ][safepoint    ] Leaving safepoint region
[5.089s][info ][safepoint    ] Total time for which application threads were stopped: 0.0002971 seconds, Stopping threads took: 0.0001788 seconds
[5.089s][info ][safepoint    ] Application time: 0.0000587 seconds
[5.089s][info ][safepoint    ] Entering safepoint region: RevokeBias
[5.089s][info ][safepoint    ] Leaving safepoint region
[5.089s][info ][safepoint    ] Total time for which application threads were stopped: 0.0001510 seconds, Stopping threads took: 0.0000760 seconds
[5.089s][info ][safepoint    ] Application time: 0.0000536 seconds
[5.089s][info ][safepoint    ] Entering safepoint region: RevokeBias
[5.089s][info ][safepoint    ] Leaving safepoint region
[5.089s][info ][safepoint    ] Total time for which application threads were stopped: 0.0001367 seconds, Stopping threads took: 0.0000621 seconds
[5.090s][info ][safepoint    ] Application time: 0.0008339 seconds
[5.090s][info ][safepoint    ] Entering safepoint region: RevokeBias
[5.090s][info ][safepoint    ] Leaving safepoint region
[5.090s][info ][safepoint    ] Total time for which application threads were stopped: 0.0002567 seconds, Stopping threads took: 0.0001289 seconds
[5.090s][info ][safepoint    ] Application time: 0.0002666 seconds
[5.091s][info ][safepoint    ] Entering safepoint region: RevokeBias
[5.091s][info ][safepoint    ] Leaving safepoint region
[5.091s][info ][safepoint    ] Total time for which application threads were stopped: 0.0002959 seconds, Stopping threads took: 0.0001990 seconds
[5.132s][info ][safepoint    ] Application time: 0.0408985 seconds
[5.132s][info ][safepoint    ] Entering safepoint region: RevokeBias
[5.132s][info ][safepoint    ] Leaving safepoint region
[5.132s][info ][safepoint    ] Total time for which application threads were stopped: 0.0003947 seconds, Stopping threads took: 0.0002748 seconds
[5.191s][info ][safepoint    ] Application time: 0.0587713 seconds
[5.192s][info ][safepoint    ] Entering safepoint region: RevokeBias
[5.192s][info ][safepoint    ] Leaving safepoint region
[5.192s][info ][safepoint    ] Total time for which application threads were stopped: 0.0013683 seconds, Stopping threads took: 0.0012092 seconds
[5.193s][info ][safepoint    ] Application time: 0.0005297 seconds
[5.195s][info ][safepoint    ] Entering safepoint region: RevokeBias
[5.195s][info ][safepoint    ] Leaving safepoint region
[5.195s][info ][safepoint    ] Total time for which application threads were stopped: 0.0019434 seconds, Stopping threads took: 0.0018074 seconds
[5.203s][info ][safepoint    ] Application time: 0.0084556 seconds
[5.203s][info ][safepoint    ] Entering safepoint region: RevokeBias
[5.204s][info ][safepoint    ] Leaving safepoint region
[5.204s][info ][safepoint    ] Total time for which application threads were stopped: 0.0003558 seconds, Stopping threads took: 0.0002236 seconds
[5.212s][info ][safepoint    ] Application time: 0.0087678 seconds
[5.213s][info ][safepoint    ] Entering safepoint region: RevokeBias
[5.213s][info ][safepoint    ] Leaving safepoint region
[5.213s][info ][safepoint    ] Total time for which application threads were stopped: 0.0003331 seconds, Stopping threads took: 0.0002008 seconds
[5.230s][info ][safepoint    ] Application time: 0.0174970 seconds
[5.230s][info ][safepoint    ] Entering safepoint region: RevokeBias
[5.231s][info ][safepoint    ] Leaving safepoint region
[5.231s][info ][safepoint    ] Total time for which application threads were stopped: 0.0003946 seconds, Stopping threads took: 0.0002627 seconds
[5.232s][info ][safepoint    ] Application time: 0.0016348 seconds
[5.233s][info ][safepoint    ] Entering safepoint region: RevokeBias
[5.233s][info ][safepoint    ] Leaving safepoint region
[5.233s][info ][safepoint    ] Total time for which application threads were stopped: 0.0003116 seconds, Stopping threads took: 0.0002164 seconds
[5.275s][info ][safepoint    ] Application time: 0.0423628 seconds
[5.275s][info ][safepoint    ] Entering safepoint region: Deoptimize
[5.276s][info ][safepoint    ] Leaving safepoint region
[5.276s][info ][safepoint    ] Total time for which application threads were stopped: 0.0008868 seconds, Stopping threads took: 0.0001921 seconds
[5.295s][info ][safepoint    ] Application time: 0.0186359 seconds
[5.295s][info ][safepoint    ] Entering safepoint region: RevokeBias
[5.295s][info ][safepoint    ] Leaving safepoint region
[5.295s][info ][safepoint    ] Total time for which application threads were stopped: 0.0004324 seconds, Stopping threads took: 0.0003017 seconds
[5.297s][info ][safepoint    ] Application time: 0.0020045 seconds
[5.300s][info ][safepoint    ] Entering safepoint region: RevokeBias
[5.300s][info ][safepoint    ] Leaving safepoint region
[5.300s][info ][safepoint    ] Total time for which application threads were stopped: 0.0033779 seconds, Stopping threads took: 0.0032459 seconds
[5.312s][info ][safepoint    ] Application time: 0.0119162 seconds
[5.313s][info ][safepoint    ] Entering safepoint region: Deoptimize
[5.313s][info ][safepoint    ] Leaving safepoint region
[5.313s][info ][safepoint    ] Total time for which application threads were stopped: 0.0009820 seconds, Stopping threads took: 0.0002567 seconds
[5.315s][info ][safepoint    ] Application time: 0.0018846 seconds
[5.316s][info ][safepoint    ] Entering safepoint region: RevokeBias
[5.316s][info ][safepoint    ] Leaving safepoint region
[5.316s][info ][safepoint    ] Total time for which application threads were stopped: 0.0005307 seconds, Stopping threads took: 0.0002904 seconds
[5.319s][info ][safepoint    ] Application time: 0.0034150 seconds
[5.321s][info ][safepoint    ] Entering safepoint region: RevokeBias
[5.321s][info ][safepoint    ] Leaving safepoint region
[5.321s][info ][safepoint    ] Total time for which application threads were stopped: 0.0018342 seconds, Stopping threads took: 0.0016350 seconds
[5.324s][info ][safepoint    ] Application time: 0.0033574 seconds
[5.325s][info ][safepoint    ] Entering safepoint region: RevokeBias
[5.325s][info ][safepoint    ] Leaving safepoint region
[5.325s][info ][safepoint    ] Total time for which application threads were stopped: 0.0002198 seconds, Stopping threads took: 0.0000940 seconds
[5.362s][info ][safepoint    ] Application time: 0.0371727 seconds
[5.362s][info ][safepoint    ] Entering safepoint region: GenCollectForAllocation
[5.362s][info ][gc,start     ] GC(5) Pause Young (Allocation Failure)
[5.362s][info ][gc,task      ] GC(5) Using 4 workers of 4 for evacuation
[5.383s][debug][gc,ref       ] GC(5) Skipped phase1 of Reference Processing due to unavailable references
[5.383s][debug][gc,ref       ] GC(5) Skipped phase3 of Reference Processing due to unavailable references
[5.383s][debug][gc,age       ] GC(5) Desired survivor size 15400960 bytes, new threshold 2 (max threshold 6)
[5.383s][info ][gc,heap      ] GC(5) ParNew: 268003K->24769K(270976K)
[5.383s][info ][gc,heap      ] GC(5) CMS: 100159K->100159K(602112K)
[5.383s][info ][gc,metaspace ] GC(5) Metaspace: 36586K->36586K(1081344K)
[5.383s][info ][gc           ] GC(5) Pause Young (Allocation Failure) 359M->122M(852M) 20.959ms
[5.383s][info ][gc,cpu       ] GC(5) User=0.09s Sys=0.00s Real=0.02s
[5.383s][info ][safepoint    ] Leaving safepoint region
[5.383s][info ][safepoint    ] Total time for which application threads were stopped: 0.0213502 seconds, Stopping threads took: 0.0002202 seconds
[5.479s][info ][safepoint    ] Application time: 0.0955726 seconds
[5.479s][info ][safepoint    ] Entering safepoint region: GenCollectForAllocation
[5.479s][info ][gc,start     ] GC(6) Pause Young (Allocation Failure)
[5.479s][info ][gc,task      ] GC(6) Using 4 workers of 4 for evacuation
[5.498s][debug][gc,ref       ] GC(6) Skipped phase1 of Reference Processing due to unavailable references
[5.498s][debug][gc,ref       ] GC(6) Skipped phase3 of Reference Processing due to unavailable references
[5.498s][debug][gc,age       ] GC(6) Desired survivor size 15400960 bytes, new threshold 6 (max threshold 6)
[5.498s][info ][gc,heap      ] GC(6) ParNew: 265665K->17886K(270976K)
[5.498s][info ][gc,heap      ] GC(6) CMS: 100159K->109153K(602112K)
[5.498s][info ][gc,metaspace ] GC(6) Metaspace: 36592K->36592K(1081344K)
[5.498s][info ][gc           ] GC(6) Pause Young (Allocation Failure) 357M->124M(852M) 18.989ms
[5.498s][info ][gc,cpu       ] GC(6) User=0.08s Sys=0.01s Real=0.02s
[5.498s][info ][safepoint    ] Leaving safepoint region
[5.498s][info ][safepoint    ] Total time for which application threads were stopped: 0.0194215 seconds, Stopping threads took: 0.0002206 seconds
[5.565s][info ][safepoint    ] Application time: 0.0664642 seconds
[5.565s][info ][safepoint    ] Entering safepoint region: GenCollectForAllocation
[5.565s][info ][gc,start     ] GC(7) Pause Young (Allocation Failure)
[5.565s][info ][gc,task      ] GC(7) Using 4 workers of 4 for evacuation
[5.573s][debug][gc,ref       ] GC(7) Skipped phase1 of Reference Processing due to unavailable references
[5.573s][debug][gc,ref       ] GC(7) Skipped phase3 of Reference Processing due to unavailable references
[5.573s][debug][gc,age       ] GC(7) Desired survivor size 15400960 bytes, new threshold 6 (max threshold 6)
[5.573s][info ][gc,heap      ] GC(7) ParNew: 258782K->15198K(270976K)
[5.573s][info ][gc,heap      ] GC(7) CMS: 109153K->109153K(602112K)
[5.573s][info ][gc,metaspace ] GC(7) Metaspace: 36593K->36593K(1081344K)
[5.573s][info ][gc           ] GC(7) Pause Young (Allocation Failure) 359M->121M(852M) 7.306ms
[5.573s][info ][gc,cpu       ] GC(7) User=0.04s Sys=0.00s Real=0.01s
[5.573s][info ][safepoint    ] Leaving safepoint region
[5.573s][info ][safepoint    ] Total time for which application threads were stopped: 0.0079022 seconds, Stopping threads took: 0.0003505 seconds
[5.770s][info ][safepoint    ] Application time: 0.1973014 seconds
[5.773s][info ][safepoint    ] Entering safepoint region: GenCollectForAllocation
[5.773s][info ][gc,start     ] GC(8) Pause Young (Allocation Failure)
[5.773s][info ][gc,task      ] GC(8) Using 4 workers of 4 for evacuation
[5.779s][debug][gc,ref       ] GC(8) Skipped phase1 of Reference Processing due to unavailable references
[5.779s][debug][gc,ref       ] GC(8) Skipped phase3 of Reference Processing due to unavailable references
[5.780s][debug][gc,age       ] GC(8) Desired survivor size 15400960 bytes, new threshold 6 (max threshold 6)
[5.780s][info ][gc,heap      ] GC(8) ParNew: 256094K->11731K(270976K)
[5.780s][info ][gc,heap      ] GC(8) CMS: 109153K->109153K(602112K)
[5.780s][info ][gc,metaspace ] GC(8) Metaspace: 36593K->36593K(1081344K)
[5.780s][info ][gc           ] GC(8) Pause Young (Allocation Failure) 356M->118M(852M) 6.403ms
[5.780s][info ][gc,cpu       ] GC(8) User=0.03s Sys=0.00s Real=0.00s
[5.780s][info ][safepoint    ] Leaving safepoint region
[5.780s][info ][safepoint    ] Total time for which application threads were stopped: 0.0095083 seconds, Stopping threads took: 0.0029146 seconds
[5.899s][info ][safepoint    ] Application time: 0.1192027 seconds
[5.899s][info ][safepoint    ] Entering safepoint region: GenCollectForAllocation
[5.899s][info ][gc,start     ] GC(9) Pause Young (Allocation Failure)
[5.899s][info ][gc,task      ] GC(9) Using 4 workers of 4 for evacuation
[5.906s][debug][gc,ref       ] GC(9) Skipped phase1 of Reference Processing due to unavailable references
[5.906s][debug][gc,ref       ] GC(9) Skipped phase3 of Reference Processing due to unavailable references
[5.906s][debug][gc,age       ] GC(9) Desired survivor size 15400960 bytes, new threshold 6 (max threshold 6)
[5.906s][info ][gc,heap      ] GC(9) ParNew: 252627K->14428K(270976K)
[5.906s][info ][gc,heap      ] GC(9) CMS: 109153K->109153K(602112K)
[5.906s][info ][gc,metaspace ] GC(9) Metaspace: 36594K->36594K(1081344K)
[5.906s][info ][gc           ] GC(9) Pause Young (Allocation Failure) 353M->120M(852M) 7.235ms
[5.906s][info ][gc,cpu       ] GC(9) User=0.02s Sys=0.01s Real=0.01s
[5.906s][info ][safepoint    ] Leaving safepoint region
[5.906s][info ][safepoint    ] Total time for which application threads were stopped: 0.0076234 seconds, Stopping threads took: 0.0002016 seconds
[6.007s][info ][safepoint    ] Application time: 0.1000773 seconds
[6.007s][info ][safepoint    ] Entering safepoint region: GenCollectForAllocation
[6.007s][info ][gc,start     ] GC(10) Pause Young (Allocation Failure)
[6.007s][info ][gc,task      ] GC(10) Using 4 workers of 4 for evacuation
[6.014s][debug][gc,ref       ] GC(10) Skipped phase1 of Reference Processing due to unavailable references
[6.014s][debug][gc,ref       ] GC(10) Skipped phase3 of Reference Processing due to unavailable references
[6.014s][debug][gc,age       ] GC(10) Desired survivor size 15400960 bytes, new threshold 6 (max threshold 6)
[6.014s][info ][gc,heap      ] GC(10) ParNew: 255324K->15461K(270976K)
[6.014s][info ][gc,heap      ] GC(10) CMS: 109153K->109153K(602112K)
[6.014s][info ][gc,metaspace ] GC(10) Metaspace: 36594K->36594K(1081344K)
[6.014s][info ][gc           ] GC(10) Pause Young (Allocation Failure) 355M->121M(852M) 6.958ms
[6.014s][info ][gc,cpu       ] GC(10) User=0.03s Sys=0.00s Real=0.01s
[6.014s][info ][safepoint    ] Leaving safepoint region
[6.014s][info ][safepoint    ] Total time for which application threads were stopped: 0.0073767 seconds, Stopping threads took: 0.0002297 seconds
[6.049s][info ][safepoint    ] Application time: 0.0345964 seconds
[6.049s][info ][safepoint    ] Entering safepoint region: GenCollectForAllocation
[6.049s][info ][gc,start     ] GC(11) Pause Young (Allocation Failure)
[6.049s][info ][gc,task      ] GC(11) Using 4 workers of 4 for evacuation
[6.060s][debug][gc,ref       ] GC(11) Skipped phase1 of Reference Processing due to unavailable references
[6.060s][debug][gc,ref       ] GC(11) Skipped phase2 of Reference Processing due to unavailable references
[6.060s][debug][gc,ref       ] GC(11) Skipped phase3 of Reference Processing due to unavailable references
[6.060s][debug][gc,ref       ] GC(11) Skipped phase4 of Reference Processing due to unavailable references
[6.060s][debug][gc,age       ] GC(11) Desired survivor size 15400960 bytes, new threshold 6 (max threshold 6)
[6.061s][info ][gc,heap      ] GC(11) ParNew: 256357K->3563K(270976K)
[6.061s][info ][gc,heap      ] GC(11) CMS: 109153K->119064K(602112K)
[6.061s][info ][gc,metaspace ] GC(11) Metaspace: 36594K->36594K(1081344K)
[6.061s][info ][gc           ] GC(11) Pause Young (Allocation Failure) 356M->119M(852M) 11.414ms
[6.061s][info ][gc,cpu       ] GC(11) User=0.04s Sys=0.00s Real=0.01s
[6.061s][info ][safepoint    ] Leaving safepoint region
[6.061s][info ][safepoint    ] Total time for which application threads were stopped: 0.0119613 seconds, Stopping threads took: 0.0001280 seconds
[6.123s][info ][safepoint    ] Application time: 0.0626385 seconds
[6.126s][info ][safepoint    ] Entering safepoint region: GenCollectForAllocation
[6.127s][info ][gc,start     ] GC(12) Pause Young (Allocation Failure)
[6.127s][info ][gc,task      ] GC(12) Using 4 workers of 4 for evacuation
[6.128s][debug][gc,ref       ] GC(12) Skipped phase1 of Reference Processing due to unavailable references
[6.128s][debug][gc,ref       ] GC(12) Skipped phase2 of Reference Processing due to unavailable references
[6.128s][debug][gc,ref       ] GC(12) Skipped phase3 of Reference Processing due to unavailable references
[6.128s][debug][gc,ref       ] GC(12) Skipped phase4 of Reference Processing due to unavailable references
[6.128s][debug][gc,age       ] GC(12) Desired survivor size 15400960 bytes, new threshold 6 (max threshold 6)
[6.128s][info ][gc,heap      ] GC(12) ParNew: 244459K->1246K(270976K)
[6.128s][info ][gc,heap      ] GC(12) CMS: 119064K->119082K(602112K)
[6.128s][info ][gc,metaspace ] GC(12) Metaspace: 36594K->36594K(1081344K)
[6.128s][info ][gc           ] GC(12) Pause Young (Allocation Failure) 355M->117M(852M) 1.748ms
[6.128s][info ][gc,cpu       ] GC(12) User=0.01s Sys=0.00s Real=0.00s
[6.128s][info ][safepoint    ] Leaving safepoint region
[6.128s][info ][safepoint    ] Total time for which application threads were stopped: 0.0050265 seconds, Stopping threads took: 0.0031181 seconds
[6.173s][info ][safepoint    ] Application time: 0.0448409 seconds
[6.173s][info ][safepoint    ] Entering safepoint region: GenCollectForAllocation
[6.173s][info ][gc,start     ] GC(13) Pause Young (Allocation Failure)
[6.173s][info ][gc,task      ] GC(13) Using 4 workers of 4 for evacuation
[6.175s][debug][gc,ref       ] GC(13) Skipped phase1 of Reference Processing due to unavailable references
[6.175s][debug][gc,ref       ] GC(13) Skipped phase2 of Reference Processing due to unavailable references
[6.175s][debug][gc,ref       ] GC(13) Skipped phase3 of Reference Processing due to unavailable references
[6.175s][debug][gc,ref       ] GC(13) Skipped phase4 of Reference Processing due to unavailable references
[6.175s][debug][gc,age       ] GC(13) Desired survivor size 15400960 bytes, new threshold 6 (max threshold 6)
[6.175s][info ][gc,heap      ] GC(13) ParNew: 242142K->596K(270976K)
[6.175s][info ][gc,heap      ] GC(13) CMS: 119082K->119115K(602112K)
[6.175s][info ][gc,metaspace ] GC(13) Metaspace: 36594K->36594K(1081344K)
[6.175s][info ][gc           ] GC(13) Pause Young (Allocation Failure) 352M->116M(852M) 1.867ms
[6.175s][info ][gc,cpu       ] GC(13) User=0.01s Sys=0.00s Real=0.00s
[6.175s][info ][safepoint    ] Leaving safepoint region
[6.175s][info ][safepoint    ] Total time for which application threads were stopped: 0.0021123 seconds, Stopping threads took: 0.0000744 seconds
[6.236s][info ][safepoint    ] Application time: 0.0609564 seconds
[6.237s][info ][safepoint    ] Entering safepoint region: GenCollectForAllocation
[6.237s][info ][gc,start     ] GC(14) Pause Young (Allocation Failure)
[6.237s][info ][gc,task      ] GC(14) Using 4 workers of 4 for evacuation
[6.238s][debug][gc,ref       ] GC(14) Skipped phase1 of Reference Processing due to unavailable references
[6.238s][debug][gc,ref       ] GC(14) Skipped phase2 of Reference Processing due to unavailable references
[6.238s][debug][gc,ref       ] GC(14) Skipped phase3 of Reference Processing due to unavailable references
[6.238s][debug][gc,ref       ] GC(14) Skipped phase4 of Reference Processing due to unavailable references
[6.238s][debug][gc,age       ] GC(14) Desired survivor size 15400960 bytes, new threshold 6 (max threshold 6)
[6.238s][info ][gc,heap      ] GC(14) ParNew: 241492K->460K(270976K)
[6.238s][info ][gc,heap      ] GC(14) CMS: 119115K->119173K(602112K)
[6.238s][info ][gc,metaspace ] GC(14) Metaspace: 36594K->36594K(1081344K)
[6.238s][info ][gc           ] GC(14) Pause Young (Allocation Failure) 352M->116M(852M) 1.787ms
[6.238s][info ][gc,cpu       ] GC(14) User=0.01s Sys=0.00s Real=0.00s
[6.238s][info ][safepoint    ] Leaving safepoint region
[6.238s][info ][safepoint    ] Total time for which application threads were stopped: 0.0021849 seconds, Stopping threads took: 0.0002602 seconds
[6.290s][info ][safepoint    ] Application time: 0.0516941 seconds
[6.290s][info ][safepoint    ] Entering safepoint region: GenCollectForAllocation
[6.291s][info ][gc,start     ] GC(15) Pause Young (Allocation Failure)
[6.291s][info ][gc,task      ] GC(15) Using 4 workers of 4 for evacuation
[6.292s][debug][gc,ref       ] GC(15) Skipped phase1 of Reference Processing due to unavailable references
[6.292s][debug][gc,ref       ] GC(15) Skipped phase2 of Reference Processing due to unavailable references
[6.292s][debug][gc,ref       ] GC(15) Skipped phase3 of Reference Processing due to unavailable references
[6.292s][debug][gc,ref       ] GC(15) Skipped phase4 of Reference Processing due to unavailable references
[6.292s][debug][gc,age       ] GC(15) Desired survivor size 15400960 bytes, new threshold 6 (max threshold 6)
[6.292s][info ][gc,heap      ] GC(15) ParNew: 241356K->598K(270976K)
[6.292s][info ][gc,heap      ] GC(15) CMS: 119173K->119216K(602112K)
[6.292s][info ][gc,metaspace ] GC(15) Metaspace: 36594K->36594K(1081344K)
[6.292s][info ][gc           ] GC(15) Pause Young (Allocation Failure) 352M->117M(852M) 1.753ms
[6.292s][info ][gc,cpu       ] GC(15) User=0.00s Sys=0.00s Real=0.00s
[6.292s][info ][safepoint    ] Leaving safepoint region
[6.292s][info ][safepoint    ] Total time for which application threads were stopped: 0.0021139 seconds, Stopping threads took: 0.0001949 seconds
[6.331s][info ][safepoint    ] Application time: 0.0383506 seconds
[6.331s][info ][safepoint    ] Entering safepoint region: GenCollectForAllocation
[6.331s][info ][gc,start     ] GC(16) Pause Young (Allocation Failure)
[6.331s][info ][gc,task      ] GC(16) Using 4 workers of 4 for evacuation
[6.333s][debug][gc,ref       ] GC(16) Skipped phase1 of Reference Processing due to unavailable references
[6.333s][debug][gc,ref       ] GC(16) Skipped phase2 of Reference Processing due to unavailable references
[6.333s][debug][gc,ref       ] GC(16) Skipped phase3 of Reference Processing due to unavailable references
[6.333s][debug][gc,ref       ] GC(16) Skipped phase4 of Reference Processing due to unavailable references
[6.333s][debug][gc,age       ] GC(16) Desired survivor size 15400960 bytes, new threshold 6 (max threshold 6)
[6.333s][info ][gc,heap      ] GC(16) ParNew: 241494K->433K(270976K)
[6.333s][info ][gc,heap      ] GC(16) CMS: 119216K->119252K(602112K)
[6.333s][info ][gc,metaspace ] GC(16) Metaspace: 36594K->36594K(1081344K)
[6.333s][info ][gc           ] GC(16) Pause Young (Allocation Failure) 352M->116M(852M) 1.726ms
[6.333s][info ][gc,cpu       ] GC(16) User=0.01s Sys=0.00s Real=0.00s
[6.333s][info ][safepoint    ] Leaving safepoint region
[6.333s][info ][safepoint    ] Total time for which application threads were stopped: 0.0020029 seconds, Stopping threads took: 0.0001266 seconds
[6.389s][info ][safepoint    ] Application time: 0.0560174 seconds
[6.389s][info ][safepoint    ] Entering safepoint region: GenCollectForAllocation
[6.389s][info ][gc,start     ] GC(17) Pause Young (Allocation Failure)
[6.389s][info ][gc,task      ] GC(17) Using 4 workers of 4 for evacuation
[6.391s][debug][gc,ref       ] GC(17) Skipped phase1 of Reference Processing due to unavailable references
[6.391s][debug][gc,ref       ] GC(17) Skipped phase2 of Reference Processing due to unavailable references
[6.391s][debug][gc,ref       ] GC(17) Skipped phase3 of Reference Processing due to unavailable references
[6.391s][debug][gc,ref       ] GC(17) Skipped phase4 of Reference Processing due to unavailable references
[6.391s][debug][gc,age       ] GC(17) Desired survivor size 15400960 bytes, new threshold 6 (max threshold 6)
[6.391s][info ][gc,heap      ] GC(17) ParNew: 241329K->521K(270976K)
[6.391s][info ][gc,heap      ] GC(17) CMS: 119252K->119276K(602112K)
[6.391s][info ][gc,metaspace ] GC(17) Metaspace: 36594K->36594K(1081344K)
[6.391s][info ][gc           ] GC(17) Pause Young (Allocation Failure) 352M->116M(852M) 1.972ms
[6.391s][info ][gc,cpu       ] GC(17) User=0.01s Sys=0.00s Real=0.01s
[6.391s][info ][safepoint    ] Leaving safepoint region
[6.391s][info ][safepoint    ] Total time for which application threads were stopped: 0.0023512 seconds, Stopping threads took: 0.0002101 seconds
[6.440s][info ][safepoint    ] Application time: 0.0492384 seconds
[6.442s][info ][safepoint    ] Entering safepoint region: GenCollectForAllocation
[6.442s][info ][gc,start     ] GC(18) Pause Young (Allocation Failure)
[6.442s][info ][gc,task      ] GC(18) Using 4 workers of 4 for evacuation
[6.444s][debug][gc,ref       ] GC(18) Skipped phase1 of Reference Processing due to unavailable references
[6.444s][debug][gc,ref       ] GC(18) Skipped phase2 of Reference Processing due to unavailable references
[6.444s][debug][gc,ref       ] GC(18) Skipped phase3 of Reference Processing due to unavailable references
[6.444s][debug][gc,ref       ] GC(18) Skipped phase4 of Reference Processing due to unavailable references
[6.445s][debug][gc,age       ] GC(18) Desired survivor size 15400960 bytes, new threshold 6 (max threshold 6)
[6.445s][info ][gc,heap      ] GC(18) ParNew: 241417K->595K(270976K)
[6.445s][info ][gc,heap      ] GC(18) CMS: 119276K->119340K(602112K)
[6.445s][info ][gc,metaspace ] GC(18) Metaspace: 36594K->36594K(1081344K)
[6.445s][info ][gc           ] GC(18) Pause Young (Allocation Failure) 352M->117M(852M) 2.268ms
[6.445s][info ][gc,cpu       ] GC(18) User=0.00s Sys=0.00s Real=0.00s
[6.445s][info ][safepoint    ] Leaving safepoint region
[6.445s][info ][safepoint    ] Total time for which application threads were stopped: 0.0041795 seconds, Stopping threads took: 0.0017246 seconds
[6.491s][info ][safepoint    ] Application time: 0.0465908 seconds
[6.491s][info ][safepoint    ] Entering safepoint region: GenCollectForAllocation
[6.491s][info ][gc,start     ] GC(19) Pause Young (Allocation Failure)
[6.492s][info ][gc,task      ] GC(19) Using 4 workers of 4 for evacuation
[6.493s][debug][gc,ref       ] GC(19) Skipped phase1 of Reference Processing due to unavailable references
[6.493s][debug][gc,ref       ] GC(19) Skipped phase2 of Reference Processing due to unavailable references
[6.493s][debug][gc,ref       ] GC(19) Skipped phase3 of Reference Processing due to unavailable references
[6.493s][debug][gc,ref       ] GC(19) Skipped phase4 of Reference Processing due to unavailable references
[6.493s][debug][gc,age       ] GC(19) Desired survivor size 15400960 bytes, new threshold 6 (max threshold 6)
[6.493s][info ][gc,heap      ] GC(19) ParNew: 241491K->424K(270976K)
[6.493s][info ][gc,heap      ] GC(19) CMS: 119340K->119363K(602112K)
[6.493s][info ][gc,metaspace ] GC(19) Metaspace: 36594K->36594K(1081344K)
[6.493s][info ][gc           ] GC(19) Pause Young (Allocation Failure) 352M->116M(852M) 1.769ms
[6.493s][info ][gc,cpu       ] GC(19) User=0.00s Sys=0.00s Real=0.00s
[6.493s][info ][safepoint    ] Leaving safepoint region
[6.493s][info ][safepoint    ] Total time for which application threads were stopped: 0.0020428 seconds, Stopping threads took: 0.0001096 seconds
[6.558s][info ][safepoint    ] Application time: 0.0644457 seconds
[6.558s][info ][safepoint    ] Entering safepoint region: GenCollectForAllocation
[6.558s][info ][gc,start     ] GC(20) Pause Young (Allocation Failure)
[6.558s][info ][gc,task      ] GC(20) Using 4 workers of 4 for evacuation
[6.560s][debug][gc,ref       ] GC(20) Skipped phase1 of Reference Processing due to unavailable references
[6.560s][debug][gc,ref       ] GC(20) Skipped phase2 of Reference Processing due to unavailable references
[6.560s][debug][gc,ref       ] GC(20) Skipped phase3 of Reference Processing due to unavailable references
[6.560s][debug][gc,ref       ] GC(20) Skipped phase4 of Reference Processing due to unavailable references
[6.560s][debug][gc,age       ] GC(20) Desired survivor size 15400960 bytes, new threshold 6 (max threshold 6)
[6.560s][info ][gc,heap      ] GC(20) ParNew: 241320K->394K(270976K)
[6.560s][info ][gc,heap      ] GC(20) CMS: 119363K->119427K(602112K)
[6.560s][info ][gc,metaspace ] GC(20) Metaspace: 36595K->36595K(1081344K)
[6.560s][info ][gc           ] GC(20) Pause Young (Allocation Failure) 352M->117M(852M) 2.151ms
[6.560s][info ][gc,cpu       ] GC(20) User=0.01s Sys=0.01s Real=0.00s
[6.560s][info ][safepoint    ] Leaving safepoint region
[6.560s][info ][safepoint    ] Total time for which application threads were stopped: 0.0025588 seconds, Stopping threads took: 0.0001669 seconds
[6.596s][info ][safepoint    ] Application time: 0.0359535 seconds
[6.596s][info ][safepoint    ] Entering safepoint region: GenCollectForAllocation
[6.597s][info ][gc,start     ] GC(21) Pause Young (Allocation Failure)
[6.597s][info ][gc,task      ] GC(21) Using 4 workers of 4 for evacuation
[6.599s][debug][gc,ref       ] GC(21) Skipped phase1 of Reference Processing due to unavailable references
[6.599s][debug][gc,ref       ] GC(21) Skipped phase2 of Reference Processing due to unavailable references
[6.599s][debug][gc,ref       ] GC(21) Skipped phase3 of Reference Processing due to unavailable references
[6.599s][debug][gc,ref       ] GC(21) Skipped phase4 of Reference Processing due to unavailable references
[6.599s][debug][gc,age       ] GC(21) Desired survivor size 15400960 bytes, new threshold 6 (max threshold 6)
[6.599s][info ][gc,heap      ] GC(21) ParNew: 241290K->415K(270976K)
[6.599s][info ][gc,heap      ] GC(21) CMS: 119427K->119458K(602112K)
[6.599s][info ][gc,metaspace ] GC(21) Metaspace: 36595K->36595K(1081344K)
[6.599s][info ][gc           ] GC(21) Pause Young (Allocation Failure) 352M->117M(852M) 2.064ms
[6.599s][info ][gc,cpu       ] GC(21) User=0.00s Sys=0.00s Real=0.00s
[6.599s][info ][safepoint    ] Leaving safepoint region
[6.599s][info ][safepoint    ] Total time for which application threads were stopped: 0.0023487 seconds, Stopping threads took: 0.0001358 seconds
[6.648s][info ][safepoint    ] Application time: 0.0492814 seconds
[6.648s][info ][safepoint    ] Entering safepoint region: GenCollectForAllocation
[6.648s][info ][gc,start     ] GC(22) Pause Young (Allocation Failure)
[6.648s][info ][gc,task      ] GC(22) Using 4 workers of 4 for evacuation
[6.650s][debug][gc,ref       ] GC(22) Skipped phase1 of Reference Processing due to unavailable references
[6.650s][debug][gc,ref       ] GC(22) Skipped phase2 of Reference Processing due to unavailable references
[6.650s][debug][gc,ref       ] GC(22) Skipped phase3 of Reference Processing due to unavailable references
[6.650s][debug][gc,ref       ] GC(22) Skipped phase4 of Reference Processing due to unavailable references
[6.650s][debug][gc,age       ] GC(22) Desired survivor size 15400960 bytes, new threshold 6 (max threshold 6)
[6.650s][info ][gc,heap      ] GC(22) ParNew: 241311K->601K(270976K)
[6.650s][info ][gc,heap      ] GC(22) CMS: 119458K->119487K(602112K)
[6.650s][info ][gc,metaspace ] GC(22) Metaspace: 36595K->36595K(1081344K)
[6.650s][info ][gc           ] GC(22) Pause Young (Allocation Failure) 352M->117M(852M) 2.107ms
[6.650s][info ][gc,cpu       ] GC(22) User=0.01s Sys=0.00s Real=0.01s
[6.650s][info ][safepoint    ] Leaving safepoint region
[6.650s][info ][safepoint    ] Total time for which application threads were stopped: 0.0024644 seconds, Stopping threads took: 0.0001818 seconds
[6.712s][info ][safepoint    ] Application time: 0.0611684 seconds
[6.712s][info ][safepoint    ] Entering safepoint region: GenCollectForAllocation
[6.712s][info ][gc,start     ] GC(23) Pause Young (Allocation Failure)
[6.712s][info ][gc,task      ] GC(23) Using 4 workers of 4 for evacuation
[6.714s][debug][gc,ref       ] GC(23) Skipped phase1 of Reference Processing due to unavailable references
[6.714s][debug][gc,ref       ] GC(23) Skipped phase3 of Reference Processing due to unavailable references
[6.714s][debug][gc,age       ] GC(23) Desired survivor size 15400960 bytes, new threshold 6 (max threshold 6)
[6.714s][info ][gc,heap      ] GC(23) ParNew: 241497K->495K(270976K)
[6.714s][info ][gc,heap      ] GC(23) CMS: 119487K->119549K(602112K)
[6.714s][info ][gc,metaspace ] GC(23) Metaspace: 36674K->36674K(1083392K)
[6.714s][info ][gc           ] GC(23) Pause Young (Allocation Failure) 352M->117M(852M) 2.148ms
[6.714s][info ][gc,cpu       ] GC(23) User=0.00s Sys=0.00s Real=0.00s
[6.714s][info ][safepoint    ] Leaving safepoint region
[6.714s][info ][safepoint    ] Total time for which application threads were stopped: 0.0025012 seconds, Stopping threads took: 0.0001874 seconds
[6.766s][info ][safepoint    ] Application time: 0.0518985 seconds
[6.770s][info ][safepoint    ] Entering safepoint region: GenCollectForAllocation
[6.770s][info ][gc,start     ] GC(24) Pause Young (Allocation Failure)
[6.770s][info ][gc,task      ] GC(24) Using 4 workers of 4 for evacuation
[6.772s][debug][gc,ref       ] GC(24) Skipped phase1 of Reference Processing due to unavailable references
[6.772s][debug][gc,ref       ] GC(24) Skipped phase3 of Reference Processing due to unavailable references
[6.772s][debug][gc,age       ] GC(24) Desired survivor size 15400960 bytes, new threshold 6 (max threshold 6)
[6.772s][info ][gc,heap      ] GC(24) ParNew: 241391K->650K(270976K)
[6.772s][info ][gc,heap      ] GC(24) CMS: 119549K->119582K(602112K)
[6.772s][info ][gc,metaspace ] GC(24) Metaspace: 36782K->36782K(1083392K)
[6.772s][info ][gc           ] GC(24) Pause Young (Allocation Failure) 352M->117M(852M) 2.263ms
[6.772s][info ][gc,cpu       ] GC(24) User=0.00s Sys=0.00s Real=0.00s
[6.772s][info ][safepoint    ] Leaving safepoint region
[6.773s][info ][safepoint    ] Total time for which application threads were stopped: 0.0063164 seconds, Stopping threads took: 0.0037817 seconds
[6.832s][info ][safepoint    ] Application time: 0.0594047 seconds
[6.832s][info ][safepoint    ] Entering safepoint region: GenCollectForAllocation
[6.832s][info ][gc,start     ] GC(25) Pause Young (Allocation Failure)
[6.832s][info ][gc,task      ] GC(25) Using 4 workers of 4 for evacuation
[6.834s][debug][gc,ref       ] GC(25) Skipped phase1 of Reference Processing due to unavailable references
[6.834s][debug][gc,ref       ] GC(25) Skipped phase3 of Reference Processing due to unavailable references
[6.834s][debug][gc,age       ] GC(25) Desired survivor size 15400960 bytes, new threshold 6 (max threshold 6)
[6.834s][info ][gc,heap      ] GC(25) ParNew: 241546K->926K(270976K)
[6.834s][info ][gc,heap      ] GC(25) CMS: 119582K->119613K(602112K)
[6.834s][info ][gc,metaspace ] GC(25) Metaspace: 36877K->36877K(1083392K)
[6.834s][info ][gc           ] GC(25) Pause Young (Allocation Failure) 352M->117M(852M) 2.209ms
[6.834s][info ][gc,cpu       ] GC(25) User=0.01s Sys=0.00s Real=0.00s
[6.834s][info ][safepoint    ] Leaving safepoint region
[6.834s][info ][safepoint    ] Total time for which application threads were stopped: 0.0025341 seconds, Stopping threads took: 0.0001650 seconds
[6.897s][info ][safepoint    ] Application time: 0.0629403 seconds
[6.898s][info ][safepoint    ] Entering safepoint region: GenCollectForAllocation
[6.898s][info ][gc,start     ] GC(26) Pause Young (Allocation Failure)
[6.898s][info ][gc,task      ] GC(26) Using 4 workers of 4 for evacuation
[6.901s][debug][gc,ref       ] GC(26) Skipped phase1 of Reference Processing due to unavailable references
[6.901s][debug][gc,ref       ] GC(26) Skipped phase3 of Reference Processing due to unavailable references
[6.901s][debug][gc,age       ] GC(26) Desired survivor size 15400960 bytes, new threshold 6 (max threshold 6)
[6.901s][info ][gc,heap      ] GC(26) ParNew: 241822K->1227K(270976K)
[6.901s][info ][gc,heap      ] GC(26) CMS: 119613K->119684K(602112K)
[6.901s][info ][gc,metaspace ] GC(26) Metaspace: 36997K->36997K(1083392K)
[6.901s][info ][gc           ] GC(26) Pause Young (Allocation Failure) 352M->118M(852M) 3.362ms
[6.901s][info ][gc,cpu       ] GC(26) User=0.01s Sys=0.00s Real=0.00s
[6.901s][info ][safepoint    ] Leaving safepoint region
[6.901s][info ][safepoint    ] Total time for which application threads were stopped: 0.0037074 seconds, Stopping threads took: 0.0001944 seconds
[6.948s][info ][safepoint    ] Application time: 0.0470419 seconds
[6.948s][info ][safepoint    ] Entering safepoint region: GenCollectForAllocation
[6.949s][info ][gc,start     ] GC(27) Pause Young (Allocation Failure)
[6.949s][info ][gc,task      ] GC(27) Using 4 workers of 4 for evacuation
[6.951s][debug][gc,ref       ] GC(27) Skipped phase1 of Reference Processing due to unavailable references
[6.951s][debug][gc,ref       ] GC(27) Skipped phase3 of Reference Processing due to unavailable references
[6.951s][debug][gc,age       ] GC(27) Desired survivor size 15400960 bytes, new threshold 6 (max threshold 6)
[6.951s][info ][gc,heap      ] GC(27) ParNew: 242123K->1630K(270976K)
[6.951s][info ][gc,heap      ] GC(27) CMS: 119684K->119700K(602112K)
[6.951s][info ][gc,metaspace ] GC(27) Metaspace: 37029K->37029K(1083392K)
[6.951s][info ][gc           ] GC(27) Pause Young (Allocation Failure) 353M->118M(852M) 2.695ms
[6.951s][info ][gc,cpu       ] GC(27) User=0.01s Sys=0.01s Real=0.01s
[6.951s][info ][safepoint    ] Leaving safepoint region
[6.951s][info ][safepoint    ] Total time for which application threads were stopped: 0.0030966 seconds, Stopping threads took: 0.0002159 seconds
[7.019s][info ][safepoint    ] Application time: 0.0678685 seconds
[7.019s][info ][safepoint    ] Entering safepoint region: GenCollectForAllocation
[7.020s][info ][gc,start     ] GC(28) Pause Young (Allocation Failure)
[7.020s][info ][gc,task      ] GC(28) Using 4 workers of 4 for evacuation
[7.022s][debug][gc,ref       ] GC(28) Skipped phase1 of Reference Processing due to unavailable references
[7.022s][debug][gc,ref       ] GC(28) Skipped phase3 of Reference Processing due to unavailable references
[7.022s][debug][gc,ref       ] GC(28) Skipped phase4 of Reference Processing due to unavailable references
[7.023s][debug][gc,age       ] GC(28) Desired survivor size 15400960 bytes, new threshold 6 (max threshold 6)
[7.023s][info ][gc,heap      ] GC(28) ParNew: 242526K->2303K(270976K)
[7.023s][info ][gc,heap      ] GC(28) CMS: 119700K->119756K(602112K)
[7.023s][info ][gc,metaspace ] GC(28) Metaspace: 37081K->37081K(1083392K)
[7.023s][info ][gc           ] GC(28) Pause Young (Allocation Failure) 353M->119M(852M) 2.937ms
[7.023s][info ][gc,cpu       ] GC(28) User=0.01s Sys=0.00s Real=0.01s
[7.023s][info ][safepoint    ] Leaving safepoint region
[7.023s][info ][safepoint    ] Total time for which application threads were stopped: 0.0033041 seconds, Stopping threads took: 0.0001913 seconds
[7.072s][info ][safepoint    ] Application time: 0.0496915 seconds
[7.073s][info ][safepoint    ] Entering safepoint region: GenCollectForAllocation
[7.073s][info ][gc,start     ] GC(29) Pause Young (Allocation Failure)
[7.073s][info ][gc,task      ] GC(29) Using 4 workers of 4 for evacuation
[7.076s][debug][gc,ref       ] GC(29) Skipped phase1 of Reference Processing due to unavailable references
[7.076s][debug][gc,ref       ] GC(29) Skipped phase3 of Reference Processing due to unavailable references
[7.076s][debug][gc,ref       ] GC(29) Skipped phase4 of Reference Processing due to unavailable references
[7.076s][debug][gc,age       ] GC(29) Desired survivor size 15400960 bytes, new threshold 6 (max threshold 6)
[7.076s][info ][gc,heap      ] GC(29) ParNew: 243199K->3470K(270976K)
[7.076s][info ][gc,heap      ] GC(29) CMS: 119756K->119816K(602112K)
[7.076s][info ][gc,metaspace ] GC(29) Metaspace: 37106K->37106K(1083392K)
[7.076s][info ][gc           ] GC(29) Pause Young (Allocation Failure) 354M->120M(852M) 3.223ms
[7.076s][info ][gc,cpu       ] GC(29) User=0.01s Sys=0.00s Real=0.00s
[7.076s][info ][safepoint    ] Leaving safepoint region
[7.076s][info ][safepoint    ] Total time for which application threads were stopped: 0.0036076 seconds, Stopping threads took: 0.0002198 seconds
[7.132s][info ][safepoint    ] Application time: 0.0556098 seconds
[7.132s][info ][safepoint    ] Entering safepoint region: GenCollectForAllocation
[7.132s][info ][gc,start     ] GC(30) Pause Young (Allocation Failure)
[7.132s][info ][gc,task      ] GC(30) Using 4 workers of 4 for evacuation
[7.136s][debug][gc,ref       ] GC(30) Skipped phase1 of Reference Processing due to unavailable references
[7.136s][debug][gc,ref       ] GC(30) Skipped phase3 of Reference Processing due to unavailable references
[7.136s][debug][gc,ref       ] GC(30) Skipped phase4 of Reference Processing due to unavailable references
[7.136s][debug][gc,age       ] GC(30) Desired survivor size 15400960 bytes, new threshold 6 (max threshold 6)
[7.136s][info ][gc,heap      ] GC(30) ParNew: 244366K->4462K(270976K)
[7.136s][info ][gc,heap      ] GC(30) CMS: 119816K->119978K(602112K)
[7.136s][info ][gc,metaspace ] GC(30) Metaspace: 37107K->37107K(1083392K)
[7.136s][info ][gc           ] GC(30) Pause Young (Allocation Failure) 355M->121M(852M) 3.900ms
[7.136s][info ][gc,cpu       ] GC(30) User=0.02s Sys=0.00s Real=0.00s
[7.136s][info ][safepoint    ] Leaving safepoint region
[7.136s][info ][safepoint    ] Total time for which application threads were stopped: 0.0042297 seconds, Stopping threads took: 0.0001808 seconds
[7.205s][info ][safepoint    ] Application time: 0.0690910 seconds
[7.206s][info ][safepoint    ] Entering safepoint region: GenCollectForAllocation
[7.207s][info ][gc,start     ] GC(31) Pause Young (Allocation Failure)
[7.207s][info ][gc,task      ] GC(31) Using 4 workers of 4 for evacuation
[7.211s][debug][gc,ref       ] GC(31) Skipped phase1 of Reference Processing due to unavailable references
[7.211s][debug][gc,ref       ] GC(31) Skipped phase3 of Reference Processing due to unavailable references
[7.211s][debug][gc,age       ] GC(31) Desired survivor size 15400960 bytes, new threshold 6 (max threshold 6)
[7.211s][info ][gc,heap      ] GC(31) ParNew: 245358K->6870K(270976K)
[7.211s][info ][gc,heap      ] GC(31) CMS: 119978K->120067K(602112K)
[7.211s][info ][gc,metaspace ] GC(31) Metaspace: 37107K->37107K(1083392K)
[7.211s][info ][gc           ] GC(31) Pause Young (Allocation Failure) 356M->123M(852M) 4.866ms
[7.211s][info ][gc,cpu       ] GC(31) User=0.02s Sys=0.00s Real=0.01s
[7.211s][info ][safepoint    ] Leaving safepoint region
[7.211s][info ][safepoint    ] Total time for which application threads were stopped: 0.0064373 seconds, Stopping threads took: 0.0014042 seconds
[7.255s][info ][safepoint    ] Application time: 0.0439986 seconds
[7.256s][info ][safepoint    ] Entering safepoint region: GenCollectForAllocation
[7.256s][info ][gc,start     ] GC(32) Pause Young (Allocation Failure)
[7.256s][info ][gc,task      ] GC(32) Using 4 workers of 4 for evacuation
[7.261s][debug][gc,ref       ] GC(32) Skipped phase1 of Reference Processing due to unavailable references
[7.261s][debug][gc,ref       ] GC(32) Skipped phase3 of Reference Processing due to unavailable references
[7.261s][debug][gc,ref       ] GC(32) Skipped phase4 of Reference Processing due to unavailable references
[7.261s][debug][gc,age       ] GC(32) Desired survivor size 15400960 bytes, new threshold 6 (max threshold 6)
[7.261s][info ][gc,heap      ] GC(32) ParNew: 247766K->8451K(270976K)
[7.261s][info ][gc,heap      ] GC(32) CMS: 120067K->120408K(602112K)
[7.261s][info ][gc,metaspace ] GC(32) Metaspace: 37116K->37116K(1083392K)
[7.261s][info ][gc           ] GC(32) Pause Young (Allocation Failure) 359M->125M(852M) 5.659ms
[7.261s][info ][gc,cpu       ] GC(32) User=0.03s Sys=0.00s Real=0.00s
[7.261s][info ][safepoint    ] Leaving safepoint region
[7.261s][info ][safepoint    ] Total time for which application threads were stopped: 0.0060011 seconds, Stopping threads took: 0.0001618 seconds
[7.327s][info ][safepoint    ] Application time: 0.0656519 seconds
[7.327s][info ][safepoint    ] Entering safepoint region: GenCollectForAllocation
[7.328s][info ][gc,start     ] GC(33) Pause Young (Allocation Failure)
[7.328s][info ][gc,task      ] GC(33) Using 4 workers of 4 for evacuation
[7.334s][debug][gc,ref       ] GC(33) Skipped phase1 of Reference Processing due to unavailable references
[7.334s][debug][gc,ref       ] GC(33) Skipped phase2 of Reference Processing due to unavailable references
[7.334s][debug][gc,ref       ] GC(33) Skipped phase3 of Reference Processing due to unavailable references
[7.334s][debug][gc,ref       ] GC(33) Skipped phase4 of Reference Processing due to unavailable references
[7.334s][debug][gc,age       ] GC(33) Desired survivor size 15400960 bytes, new threshold 6 (max threshold 6)
[7.334s][info ][gc,heap      ] GC(33) ParNew: 249347K->10165K(270976K)
[7.334s][info ][gc,heap      ] GC(33) CMS: 120408K->120801K(602112K)
[7.334s][info ][gc,metaspace ] GC(33) Metaspace: 37116K->37116K(1083392K)
[7.334s][info ][gc           ] GC(33) Pause Young (Allocation Failure) 361M->127M(852M) 6.194ms
[7.334s][info ][gc,cpu       ] GC(33) User=0.03s Sys=0.00s Real=0.01s
[7.334s][info ][safepoint    ] Leaving safepoint region
[7.334s][info ][safepoint    ] Total time for which application threads were stopped: 0.0065867 seconds, Stopping threads took: 0.0002295 seconds
[7.380s][info ][safepoint    ] Application time: 0.0459462 seconds
[7.384s][info ][safepoint    ] Entering safepoint region: GenCollectForAllocation
[7.384s][info ][gc,start     ] GC(34) Pause Young (Allocation Failure)
[7.384s][info ][gc,task      ] GC(34) Using 4 workers of 4 for evacuation
[7.391s][debug][gc,ref       ] GC(34) Skipped phase1 of Reference Processing due to unavailable references
[7.391s][debug][gc,ref       ] GC(34) Skipped phase2 of Reference Processing due to unavailable references
[7.391s][debug][gc,ref       ] GC(34) Skipped phase3 of Reference Processing due to unavailable references
[7.391s][debug][gc,ref       ] GC(34) Skipped phase4 of Reference Processing due to unavailable references
[7.391s][debug][gc,age       ] GC(34) Desired survivor size 15400960 bytes, new threshold 6 (max threshold 6)
[7.391s][info ][gc,heap      ] GC(34) ParNew: 251061K->10483K(270976K)
[7.391s][info ][gc,heap      ] GC(34) CMS: 120801K->121550K(602112K)
[7.391s][info ][gc,metaspace ] GC(34) Metaspace: 37116K->37116K(1083392K)
[7.391s][info ][gc           ] GC(34) Pause Young (Allocation Failure) 363M->128M(852M) 6.825ms
[7.391s][info ][gc,cpu       ] GC(34) User=0.02s Sys=0.00s Real=0.01s
[7.391s][info ][safepoint    ] Leaving safepoint region
[7.391s][info ][safepoint    ] Total time for which application threads were stopped: 0.0110737 seconds, Stopping threads took: 0.0040753 seconds
[7.440s][info ][safepoint    ] Application time: 0.0494698 seconds
[7.441s][info ][safepoint    ] Entering safepoint region: GenCollectForAllocation
[7.441s][info ][gc,start     ] GC(35) Pause Young (Allocation Failure)
[7.441s][info ][gc,task      ] GC(35) Using 4 workers of 4 for evacuation
[7.448s][debug][gc,ref       ] GC(35) Skipped phase1 of Reference Processing due to unavailable references
[7.448s][debug][gc,ref       ] GC(35) Skipped phase3 of Reference Processing due to unavailable references
[7.448s][debug][gc,age       ] GC(35) Desired survivor size 15400960 bytes, new threshold 6 (max threshold 6)
[7.448s][info ][gc,heap      ] GC(35) ParNew: 251379K->9330K(270976K)
[7.448s][info ][gc,heap      ] GC(35) CMS: 121550K->122074K(602112K)
[7.448s][info ][gc,metaspace ] GC(35) Metaspace: 37408K->37408K(1083392K)
[7.448s][info ][gc           ] GC(35) Pause Young (Allocation Failure) 364M->128M(852M) 7.265ms
[7.448s][info ][gc,cpu       ] GC(35) User=0.04s Sys=0.00s Real=0.01s
[7.448s][info ][safepoint    ] Leaving safepoint region
[7.448s][info ][safepoint    ] Total time for which application threads were stopped: 0.0078559 seconds, Stopping threads took: 0.0003037 seconds
[7.489s][info ][safepoint    ] Application time: 0.0407020 seconds
[7.489s][info ][safepoint    ] Entering safepoint region: RevokeBias
[7.489s][info ][safepoint    ] Leaving safepoint region
[7.489s][info ][safepoint    ] Total time for which application threads were stopped: 0.0003521 seconds, Stopping threads took: 0.0002379 seconds
[7.513s][info ][safepoint    ] Application time: 0.0239634 seconds
[7.515s][info ][safepoint    ] Entering safepoint region: GenCollectForAllocation
[7.515s][info ][gc,start     ] GC(36) Pause Young (Allocation Failure)
[7.515s][info ][gc,task      ] GC(36) Using 4 workers of 4 for evacuation
[7.521s][debug][gc,ref       ] GC(36) Skipped phase1 of Reference Processing due to unavailable references
[7.521s][debug][gc,ref       ] GC(36) Skipped phase3 of Reference Processing due to unavailable references
[7.522s][debug][gc,age       ] GC(36) Desired survivor size 15400960 bytes, new threshold 6 (max threshold 6)
[7.522s][info ][gc,heap      ] GC(36) ParNew: 250226K->7536K(270976K)
[7.522s][info ][gc,heap      ] GC(36) CMS: 122074K->123227K(602112K)
[7.522s][info ][gc,metaspace ] GC(36) Metaspace: 38204K->38204K(1083392K)
[7.522s][info ][gc           ] GC(36) Pause Young (Allocation Failure) 363M->127M(852M) 6.951ms
[7.522s][info ][gc,cpu       ] GC(36) User=0.03s Sys=0.00s Real=0.00s
[7.522s][info ][safepoint    ] Leaving safepoint region
[7.522s][info ][safepoint    ] Total time for which application threads were stopped: 0.0083745 seconds, Stopping threads took: 0.0012367 seconds
[7.565s][info ][safepoint    ] Application time: 0.0430150 seconds
[7.567s][info ][safepoint    ] Entering safepoint region: GenCollectForAllocation
[7.567s][info ][gc,start     ] GC(37) Pause Young (Allocation Failure)
[7.567s][info ][gc,task      ] GC(37) Using 4 workers of 4 for evacuation
[7.575s][debug][gc,ref       ] GC(37) Skipped phase1 of Reference Processing due to unavailable references
[7.575s][debug][gc,ref       ] GC(37) Skipped phase3 of Reference Processing due to unavailable references
[7.575s][debug][gc,age       ] GC(37) Desired survivor size 15400960 bytes, new threshold 6 (max threshold 6)
[7.575s][info ][gc,heap      ] GC(37) ParNew: 248432K->8597K(270976K)
[7.575s][info ][gc,heap      ] GC(37) CMS: 123227K->125525K(602112K)
[7.575s][info ][gc,metaspace ] GC(37) Metaspace: 38304K->38304K(1083392K)
[7.575s][info ][gc           ] GC(37) Pause Young (Allocation Failure) 362M->130M(852M) 8.588ms
[7.575s][info ][gc,cpu       ] GC(37) User=0.02s Sys=0.01s Real=0.01s
[7.575s][info ][safepoint    ] Leaving safepoint region
[7.575s][info ][safepoint    ] Total time for which application threads were stopped: 0.0106324 seconds, Stopping threads took: 0.0018577 seconds
[7.664s][info ][safepoint    ] Application time: 0.0883498 seconds
[7.664s][info ][safepoint    ] Entering safepoint region: GenCollectForAllocation
[7.664s][info ][gc,start     ] GC(38) Pause Young (Allocation Failure)
[7.664s][info ][gc,task      ] GC(38) Using 4 workers of 4 for evacuation
[7.670s][debug][gc,ref       ] GC(38) Skipped phase1 of Reference Processing due to unavailable references
[7.670s][debug][gc,ref       ] GC(38) Skipped phase3 of Reference Processing due to unavailable references
[7.670s][debug][gc,age       ] GC(38) Desired survivor size 15400960 bytes, new threshold 6 (max threshold 6)
[7.670s][info ][gc,heap      ] GC(38) ParNew: 249493K->7022K(270976K)
[7.670s][info ][gc,heap      ] GC(38) CMS: 125525K->126567K(602112K)
[7.670s][info ][gc,metaspace ] GC(38) Metaspace: 38382K->38382K(1083392K)
[7.670s][info ][gc           ] GC(38) Pause Young (Allocation Failure) 366M->130M(852M) 6.064ms
[7.670s][info ][gc,cpu       ] GC(38) User=0.03s Sys=0.00s Real=0.01s
[7.670s][info ][safepoint    ] Leaving safepoint region
[7.670s][info ][safepoint    ] Total time for which application threads were stopped: 0.0065115 seconds, Stopping threads took: 0.0002500 seconds
[7.711s][info ][safepoint    ] Application time: 0.0409216 seconds
[7.711s][info ][safepoint    ] Entering safepoint region: GenCollectForAllocation
[7.712s][info ][gc,start     ] GC(39) Pause Young (Allocation Failure)
[7.712s][info ][gc,task      ] GC(39) Using 4 workers of 4 for evacuation
[7.723s][debug][gc,ref       ] GC(39) Skipped phase1 of Reference Processing due to unavailable references
[7.723s][debug][gc,ref       ] GC(39) Skipped phase3 of Reference Processing due to unavailable references
[7.723s][debug][gc,ref       ] GC(39) Skipped phase4 of Reference Processing due to unavailable references
[7.723s][debug][gc,age       ] GC(39) Desired survivor size 15400960 bytes, new threshold 6 (max threshold 6)
[7.723s][info ][gc,heap      ] GC(39) ParNew: 247918K->3625K(270976K)
[7.723s][info ][gc,heap      ] GC(39) CMS: 126567K->128309K(602112K)
[7.723s][info ][gc,metaspace ] GC(39) Metaspace: 38386K->38386K(1083392K)
[7.723s][info ][gc           ] GC(39) Pause Young (Allocation Failure) 365M->128M(852M) 11.402ms
[7.723s][info ][gc,cpu       ] GC(39) User=0.05s Sys=0.00s Real=0.01s
[7.723s][info ][safepoint    ] Leaving safepoint region
[7.723s][info ][safepoint    ] Total time for which application threads were stopped: 0.0118720 seconds, Stopping threads took: 0.0002465 seconds
[7.779s][info ][safepoint    ] Application time: 0.0563865 seconds
[7.780s][info ][safepoint    ] Entering safepoint region: GenCollectForAllocation
[7.780s][info ][gc,start     ] GC(40) Pause Young (Allocation Failure)
[7.780s][info ][gc,task      ] GC(40) Using 4 workers of 4 for evacuation
[7.784s][debug][gc,ref       ] GC(40) Skipped phase1 of Reference Processing due to unavailable references
[7.784s][debug][gc,ref       ] GC(40) Skipped phase3 of Reference Processing due to unavailable references
[7.784s][debug][gc,ref       ] GC(40) Skipped phase4 of Reference Processing due to unavailable references
[7.784s][debug][gc,age       ] GC(40) Desired survivor size 15400960 bytes, new threshold 6 (max threshold 6)
[7.784s][info ][gc,heap      ] GC(40) ParNew: 244521K->2457K(270976K)
[7.784s][info ][gc,heap      ] GC(40) CMS: 128309K->129382K(602112K)
[7.784s][info ][gc,metaspace ] GC(40) Metaspace: 38387K->38387K(1083392K)
[7.784s][info ][gc           ] GC(40) Pause Young (Allocation Failure) 364M->128M(852M) 4.273ms
[7.784s][info ][gc,cpu       ] GC(40) User=0.02s Sys=0.00s Real=0.01s
[7.784s][info ][safepoint    ] Leaving safepoint region
[7.784s][info ][safepoint    ] Total time for which application threads were stopped: 0.0045232 seconds, Stopping threads took: 0.0000875 seconds
[7.840s][info ][safepoint    ] Application time: 0.0559601 seconds
[7.840s][info ][safepoint    ] Entering safepoint region: GenCollectForAllocation
[7.840s][info ][gc,start     ] GC(41) Pause Young (Allocation Failure)
[7.840s][info ][gc,task      ] GC(41) Using 4 workers of 4 for evacuation
[7.844s][debug][gc,ref       ] GC(41) Skipped phase1 of Reference Processing due to unavailable references
[7.844s][debug][gc,ref       ] GC(41) Skipped phase3 of Reference Processing due to unavailable references
[7.844s][debug][gc,ref       ] GC(41) Skipped phase4 of Reference Processing due to unavailable references
[7.845s][debug][gc,age       ] GC(41) Desired survivor size 15400960 bytes, new threshold 6 (max threshold 6)
[7.845s][info ][gc,heap      ] GC(41) ParNew: 243353K->2155K(270976K)
[7.845s][info ][gc,heap      ] GC(41) CMS: 129382K->129856K(602112K)
[7.845s][info ][gc,metaspace ] GC(41) Metaspace: 38387K->38387K(1083392K)
[7.845s][info ][gc           ] GC(41) Pause Young (Allocation Failure) 364M->128M(852M) 4.291ms
[7.845s][info ][gc,cpu       ] GC(41) User=0.02s Sys=0.00s Real=0.01s
[7.845s][info ][safepoint    ] Leaving safepoint region
[7.845s][info ][safepoint    ] Total time for which application threads were stopped: 0.0046395 seconds, Stopping threads took: 0.0001689 seconds
[7.911s][info ][safepoint    ] Application time: 0.0661101 seconds
[7.912s][info ][safepoint    ] Entering safepoint region: GenCollectForAllocation
[7.912s][info ][gc,start     ] GC(42) Pause Young (Allocation Failure)
[7.912s][info ][gc,task      ] GC(42) Using 4 workers of 4 for evacuation
[7.917s][debug][gc,ref       ] GC(42) Skipped phase1 of Reference Processing due to unavailable references
[7.917s][debug][gc,ref       ] GC(42) Skipped phase3 of Reference Processing due to unavailable references
[7.917s][debug][gc,ref       ] GC(42) Skipped phase4 of Reference Processing due to unavailable references
[7.917s][debug][gc,age       ] GC(42) Desired survivor size 15400960 bytes, new threshold 6 (max threshold 6)
[7.917s][info ][gc,heap      ] GC(42) ParNew: 243051K->1258K(270976K)
[7.917s][info ][gc,heap      ] GC(42) CMS: 129856K->130072K(602112K)
[7.917s][info ][gc,metaspace ] GC(42) Metaspace: 38388K->38388K(1083392K)
[7.917s][info ][gc           ] GC(42) Pause Young (Allocation Failure) 364M->128M(852M) 4.688ms
[7.917s][info ][gc,cpu       ] GC(42) User=0.02s Sys=0.00s Real=0.00s
[7.917s][info ][safepoint    ] Leaving safepoint region
[7.917s][info ][safepoint    ] Total time for which application threads were stopped: 0.0062787 seconds, Stopping threads took: 0.0012229 seconds
[7.962s][info ][safepoint    ] Application time: 0.0452243 seconds
[7.962s][info ][safepoint    ] Entering safepoint region: GenCollectForAllocation
[7.963s][info ][gc,start     ] GC(43) Pause Young (Allocation Failure)
[7.963s][info ][gc,task      ] GC(43) Using 4 workers of 4 for evacuation
[7.965s][debug][gc,ref       ] GC(43) Skipped phase1 of Reference Processing due to unavailable references
[7.965s][debug][gc,ref       ] GC(43) Skipped phase3 of Reference Processing due to unavailable references
[7.965s][debug][gc,ref       ] GC(43) Skipped phase4 of Reference Processing due to unavailable references
[7.965s][debug][gc,age       ] GC(43) Desired survivor size 15400960 bytes, new threshold 6 (max threshold 6)
[7.965s][info ][gc,heap      ] GC(43) ParNew: 242154K->918K(270976K)
[7.965s][info ][gc,heap      ] GC(43) CMS: 130072K->130409K(602112K)
[7.965s][info ][gc,metaspace ] GC(43) Metaspace: 38388K->38388K(1083392K)
[7.965s][info ][gc           ] GC(43) Pause Young (Allocation Failure) 363M->128M(852M) 2.926ms
[7.966s][info ][gc,cpu       ] GC(43) User=0.01s Sys=0.00s Real=0.00s
[7.966s][info ][safepoint    ] Leaving safepoint region
[7.966s][info ][safepoint    ] Total time for which application threads were stopped: 0.0031671 seconds, Stopping threads took: 0.0000822 seconds
[8.020s][info ][safepoint    ] Application time: 0.0546183 seconds
[8.020s][info ][safepoint    ] Entering safepoint region: GenCollectForAllocation
[8.020s][info ][gc,start     ] GC(44) Pause Young (Allocation Failure)
[8.020s][info ][gc,task      ] GC(44) Using 4 workers of 4 for evacuation
[8.023s][debug][gc,ref       ] GC(44) Skipped phase1 of Reference Processing due to unavailable references
[8.023s][debug][gc,ref       ] GC(44) Skipped phase2 of Reference Processing due to unavailable references
[8.023s][debug][gc,ref       ] GC(44) Skipped phase3 of Reference Processing due to unavailable references
[8.023s][debug][gc,ref       ] GC(44) Skipped phase4 of Reference Processing due to unavailable references
[8.023s][debug][gc,age       ] GC(44) Desired survivor size 15400960 bytes, new threshold 6 (max threshold 6)
[8.023s][info ][gc,heap      ] GC(44) ParNew: 241814K->747K(270976K)
[8.023s][info ][gc,heap      ] GC(44) CMS: 130409K->130821K(602112K)
[8.023s][info ][gc,metaspace ] GC(44) Metaspace: 38388K->38388K(1083392K)
[8.023s][info ][gc           ] GC(44) Pause Young (Allocation Failure) 363M->128M(852M) 2.756ms
[8.023s][info ][gc,cpu       ] GC(44) User=0.00s Sys=0.01s Real=0.01s
[8.023s][info ][safepoint    ] Leaving safepoint region
[8.023s][info ][safepoint    ] Total time for which application threads were stopped: 0.0030452 seconds, Stopping threads took: 0.0001216 seconds
[8.083s][info ][safepoint    ] Application time: 0.0592869 seconds
[8.083s][info ][safepoint    ] Entering safepoint region: GenCollectForAllocation
[8.083s][info ][gc,start     ] GC(45) Pause Young (Allocation Failure)
[8.083s][info ][gc,task      ] GC(45) Using 4 workers of 4 for evacuation
[8.085s][debug][gc,ref       ] GC(45) Skipped phase1 of Reference Processing due to unavailable references
[8.085s][debug][gc,ref       ] GC(45) Skipped phase2 of Reference Processing due to unavailable references
[8.085s][debug][gc,ref       ] GC(45) Skipped phase3 of Reference Processing due to unavailable references
[8.085s][debug][gc,ref       ] GC(45) Skipped phase4 of Reference Processing due to unavailable references
[8.085s][debug][gc,age       ] GC(45) Desired survivor size 15400960 bytes, new threshold 6 (max threshold 6)
[8.085s][info ][gc,heap      ] GC(45) ParNew: 241643K->567K(270976K)
[8.085s][info ][gc,heap      ] GC(45) CMS: 130821K->130847K(602112K)
[8.085s][info ][gc,metaspace ] GC(45) Metaspace: 38388K->38388K(1083392K)
[8.085s][info ][gc           ] GC(45) Pause Young (Allocation Failure) 363M->128M(852M) 1.788ms
[8.085s][info ][gc,cpu       ] GC(45) User=0.00s Sys=0.00s Real=0.00s
[8.085s][info ][safepoint    ] Leaving safepoint region
[8.085s][info ][safepoint    ] Total time for which application threads were stopped: 0.0020847 seconds, Stopping threads took: 0.0001486 seconds
[8.130s][info ][safepoint    ] Application time: 0.0448204 seconds
[8.130s][info ][safepoint    ] Entering safepoint region: GenCollectForAllocation
[8.130s][info ][gc,start     ] GC(46) Pause Young (Allocation Failure)
[8.130s][info ][gc,task      ] GC(46) Using 4 workers of 4 for evacuation
[8.131s][debug][gc,ref       ] GC(46) Skipped phase1 of Reference Processing due to unavailable references
[8.131s][debug][gc,ref       ] GC(46) Skipped phase2 of Reference Processing due to unavailable references
[8.132s][debug][gc,ref       ] GC(46) Skipped phase3 of Reference Processing due to unavailable references
[8.132s][debug][gc,ref       ] GC(46) Skipped phase4 of Reference Processing due to unavailable references
[8.132s][debug][gc,age       ] GC(46) Desired survivor size 15400960 bytes, new threshold 6 (max threshold 6)
[8.132s][info ][gc,heap      ] GC(46) ParNew: 241463K->654K(270976K)
[8.132s][info ][gc,heap      ] GC(46) CMS: 130847K->130903K(602112K)
[8.132s][info ][gc,metaspace ] GC(46) Metaspace: 38388K->38388K(1083392K)
[8.132s][info ][gc           ] GC(46) Pause Young (Allocation Failure) 363M->128M(852M) 1.839ms
[8.132s][info ][gc,cpu       ] GC(46) User=0.01s Sys=0.00s Real=0.01s
[8.132s][info ][safepoint    ] Leaving safepoint region
[8.132s][info ][safepoint    ] Total time for which application threads were stopped: 0.0020946 seconds, Stopping threads took: 0.0000888 seconds
[8.191s][info ][safepoint    ] Application time: 0.0591045 seconds
[8.191s][info ][safepoint    ] Entering safepoint region: GenCollectForAllocation
[8.191s][info ][gc,start     ] GC(47) Pause Young (Allocation Failure)
[8.191s][info ][gc,task      ] GC(47) Using 4 workers of 4 for evacuation
[8.193s][debug][gc,ref       ] GC(47) Skipped phase1 of Reference Processing due to unavailable references
[8.193s][debug][gc,ref       ] GC(47) Skipped phase2 of Reference Processing due to unavailable references
[8.193s][debug][gc,ref       ] GC(47) Skipped phase3 of Reference Processing due to unavailable references
[8.193s][debug][gc,ref       ] GC(47) Skipped phase4 of Reference Processing due to unavailable references
[8.193s][debug][gc,age       ] GC(47) Desired survivor size 15400960 bytes, new threshold 6 (max threshold 6)
[8.193s][info ][gc,heap      ] GC(47) ParNew: 241550K->680K(270976K)
[8.193s][info ][gc,heap      ] GC(47) CMS: 130903K->130956K(602112K)
[8.193s][info ][gc,metaspace ] GC(47) Metaspace: 38388K->38388K(1083392K)
[8.193s][info ][gc           ] GC(47) Pause Young (Allocation Failure) 363M->128M(852M) 1.835ms
[8.193s][info ][gc,cpu       ] GC(47) User=0.01s Sys=0.00s Real=0.00s
[8.193s][info ][safepoint    ] Leaving safepoint region
[8.193s][info ][safepoint    ] Total time for which application threads were stopped: 0.0021322 seconds, Stopping threads took: 0.0001420 seconds
[8.233s][info ][safepoint    ] Application time: 0.0404042 seconds
[8.234s][info ][safepoint    ] Entering safepoint region: GenCollectForAllocation
[8.234s][info ][gc,start     ] GC(48) Pause Young (Allocation Failure)
[8.234s][info ][gc,task      ] GC(48) Using 4 workers of 4 for evacuation
[8.236s][debug][gc,ref       ] GC(48) Skipped phase1 of Reference Processing due to unavailable references
[8.236s][debug][gc,ref       ] GC(48) Skipped phase2 of Reference Processing due to unavailable references
[8.236s][debug][gc,ref       ] GC(48) Skipped phase3 of Reference Processing due to unavailable references
[8.236s][debug][gc,ref       ] GC(48) Skipped phase4 of Reference Processing due to unavailable references
[8.236s][debug][gc,age       ] GC(48) Desired survivor size 15400960 bytes, new threshold 6 (max threshold 6)
[8.236s][info ][gc,heap      ] GC(48) ParNew: 241576K->431K(270976K)
[8.236s][info ][gc,heap      ] GC(48) CMS: 130956K->131028K(602112K)
[8.236s][info ][gc,metaspace ] GC(48) Metaspace: 38388K->38388K(1083392K)
[8.236s][info ][gc           ] GC(48) Pause Young (Allocation Failure) 363M->128M(852M) 1.933ms
[8.236s][info ][gc,cpu       ] GC(48) User=0.00s Sys=0.00s Real=0.00s
[8.236s][info ][safepoint    ] Leaving safepoint region
[8.236s][info ][safepoint    ] Total time for which application threads were stopped: 0.0024795 seconds, Stopping threads took: 0.0001508 seconds
[8.297s][info ][safepoint    ] Application time: 0.0613484 seconds
[8.297s][info ][safepoint    ] Entering safepoint region: GenCollectForAllocation
[8.297s][info ][gc,start     ] GC(49) Pause Young (Allocation Failure)
[8.297s][info ][gc,task      ] GC(49) Using 4 workers of 4 for evacuation
[8.299s][debug][gc,ref       ] GC(49) Skipped phase1 of Reference Processing due to unavailable references
[8.299s][debug][gc,ref       ] GC(49) Skipped phase2 of Reference Processing due to unavailable references
[8.299s][debug][gc,ref       ] GC(49) Skipped phase3 of Reference Processing due to unavailable references
[8.299s][debug][gc,ref       ] GC(49) Skipped phase4 of Reference Processing due to unavailable references
[8.299s][debug][gc,age       ] GC(49) Desired survivor size 15400960 bytes, new threshold 6 (max threshold 6)
[8.299s][info ][gc,heap      ] GC(49) ParNew: 241327K->578K(270976K)
[8.299s][info ][gc,heap      ] GC(49) CMS: 131028K->131049K(602112K)
[8.299s][info ][gc,metaspace ] GC(49) Metaspace: 38388K->38388K(1083392K)
[8.299s][info ][gc           ] GC(49) Pause Young (Allocation Failure) 363M->128M(852M) 1.921ms
[8.299s][info ][gc,cpu       ] GC(49) User=0.01s Sys=0.00s Real=0.00s
[8.299s][info ][safepoint    ] Leaving safepoint region
[8.299s][info ][safepoint    ] Total time for which application threads were stopped: 0.0021650 seconds, Stopping threads took: 0.0000948 seconds
[8.346s][info ][safepoint    ] Application time: 0.0460804 seconds
[8.346s][info ][safepoint    ] Entering safepoint region: GenCollectForAllocation
[8.346s][info ][gc,start     ] GC(50) Pause Young (Allocation Failure)
[8.346s][info ][gc,task      ] GC(50) Using 4 workers of 4 for evacuation
[8.348s][debug][gc,ref       ] GC(50) Skipped phase1 of Reference Processing due to unavailable references
[8.348s][debug][gc,ref       ] GC(50) Skipped phase2 of Reference Processing due to unavailable references
[8.348s][debug][gc,ref       ] GC(50) Skipped phase3 of Reference Processing due to unavailable references
[8.348s][debug][gc,ref       ] GC(50) Skipped phase4 of Reference Processing due to unavailable references
[8.348s][debug][gc,age       ] GC(50) Desired survivor size 15400960 bytes, new threshold 6 (max threshold 6)
[8.348s][info ][gc,heap      ] GC(50) ParNew: 241474K->575K(270976K)
[8.348s][info ][gc,heap      ] GC(50) CMS: 131049K->131108K(602112K)
[8.348s][info ][gc,metaspace ] GC(50) Metaspace: 38388K->38388K(1083392K)
[8.348s][info ][gc           ] GC(50) Pause Young (Allocation Failure) 363M->128M(852M) 1.817ms
[8.348s][info ][gc,cpu       ] GC(50) User=0.00s Sys=0.00s Real=0.00s
[8.348s][info ][safepoint    ] Leaving safepoint region
[8.348s][info ][safepoint    ] Total time for which application threads were stopped: 0.0021671 seconds, Stopping threads took: 0.0001903 seconds
[8.401s][info ][safepoint    ] Application time: 0.0536147 seconds
[8.402s][info ][safepoint    ] Entering safepoint region: GenCollectForAllocation
[8.402s][info ][gc,start     ] GC(51) Pause Young (Allocation Failure)
[8.402s][info ][gc,task      ] GC(51) Using 4 workers of 4 for evacuation
[8.404s][debug][gc,ref       ] GC(51) Skipped phase1 of Reference Processing due to unavailable references
[8.404s][debug][gc,ref       ] GC(51) Skipped phase2 of Reference Processing due to unavailable references
[8.404s][debug][gc,ref       ] GC(51) Skipped phase3 of Reference Processing due to unavailable references
[8.404s][debug][gc,ref       ] GC(51) Skipped phase4 of Reference Processing due to unavailable references
[8.404s][debug][gc,age       ] GC(51) Desired survivor size 15400960 bytes, new threshold 6 (max threshold 6)
[8.404s][info ][gc,heap      ] GC(51) ParNew: 241471K->674K(270976K)
[8.404s][info ][gc,heap      ] GC(51) CMS: 131108K->131164K(602112K)
[8.404s][info ][gc,metaspace ] GC(51) Metaspace: 38398K->38398K(1083392K)
[8.404s][info ][gc           ] GC(51) Pause Young (Allocation Failure) 363M->128M(852M) 2.222ms
[8.404s][info ][gc,cpu       ] GC(51) User=0.00s Sys=0.00s Real=0.01s
[8.404s][info ][safepoint    ] Leaving safepoint region
[8.404s][info ][safepoint    ] Total time for which application threads were stopped: 0.0025804 seconds, Stopping threads took: 0.0001700 seconds
[8.459s][info ][safepoint    ] Application time: 0.0554200 seconds
[8.460s][info ][safepoint    ] Entering safepoint region: GenCollectForAllocation
[8.460s][info ][gc,start     ] GC(52) Pause Young (Allocation Failure)
[8.460s][info ][gc,task      ] GC(52) Using 4 workers of 4 for evacuation
[8.462s][debug][gc,ref       ] GC(52) Skipped phase1 of Reference Processing due to unavailable references
[8.462s][debug][gc,ref       ] GC(52) Skipped phase2 of Reference Processing due to unavailable references
[8.462s][debug][gc,ref       ] GC(52) Skipped phase3 of Reference Processing due to unavailable references
[8.462s][debug][gc,ref       ] GC(52) Skipped phase4 of Reference Processing due to unavailable references
[8.462s][debug][gc,age       ] GC(52) Desired survivor size 15400960 bytes, new threshold 6 (max threshold 6)
[8.462s][info ][gc,heap      ] GC(52) ParNew: 241570K->557K(270976K)
[8.462s][info ][gc,heap      ] GC(52) CMS: 131164K->131205K(602112K)
[8.462s][info ][gc,metaspace ] GC(52) Metaspace: 38398K->38398K(1083392K)
[8.462s][info ][gc           ] GC(52) Pause Young (Allocation Failure) 363M->128M(852M) 1.896ms
[8.462s][info ][gc,cpu       ] GC(52) User=0.00s Sys=0.00s Real=0.01s
[8.462s][info ][safepoint    ] Leaving safepoint region
[8.462s][info ][safepoint    ] Total time for which application threads were stopped: 0.0029269 seconds, Stopping threads took: 0.0008670 seconds
[8.513s][info ][safepoint    ] Application time: 0.0509252 seconds
[8.514s][info ][safepoint    ] Entering safepoint region: GenCollectForAllocation
[8.514s][info ][gc,start     ] GC(53) Pause Young (Allocation Failure)
[8.514s][info ][gc,task      ] GC(53) Using 4 workers of 4 for evacuation
[8.516s][debug][gc,ref       ] GC(53) Skipped phase1 of Reference Processing due to unavailable references
[8.516s][debug][gc,ref       ] GC(53) Skipped phase2 of Reference Processing due to unavailable references
[8.516s][debug][gc,ref       ] GC(53) Skipped phase3 of Reference Processing due to unavailable references
[8.516s][debug][gc,ref       ] GC(53) Skipped phase4 of Reference Processing due to unavailable references
[8.516s][debug][gc,age       ] GC(53) Desired survivor size 15400960 bytes, new threshold 6 (max threshold 6)
[8.516s][info ][gc,heap      ] GC(53) ParNew: 241453K->554K(270976K)
[8.516s][info ][gc,heap      ] GC(53) CMS: 131205K->131276K(602112K)
[8.516s][info ][gc,metaspace ] GC(53) Metaspace: 38398K->38398K(1083392K)
[8.516s][info ][gc           ] GC(53) Pause Young (Allocation Failure) 363M->128M(852M) 2.053ms
[8.516s][info ][gc,cpu       ] GC(53) User=0.01s Sys=0.00s Real=0.00s
[8.516s][info ][safepoint    ] Leaving safepoint region
[8.516s][info ][safepoint    ] Total time for which application threads were stopped: 0.0025515 seconds, Stopping threads took: 0.0003023 seconds
[8.564s][info ][safepoint    ] Application time: 0.0477446 seconds
[8.564s][info ][safepoint    ] Entering safepoint region: GenCollectForAllocation
[8.564s][info ][gc,start     ] GC(54) Pause Young (Allocation Failure)
[8.564s][info ][gc,task      ] GC(54) Using 4 workers of 4 for evacuation
[8.566s][debug][gc,ref       ] GC(54) Skipped phase1 of Reference Processing due to unavailable references
[8.566s][debug][gc,ref       ] GC(54) Skipped phase2 of Reference Processing due to unavailable references
[8.566s][debug][gc,ref       ] GC(54) Skipped phase3 of Reference Processing due to unavailable references
[8.566s][debug][gc,ref       ] GC(54) Skipped phase4 of Reference Processing due to unavailable references
[8.566s][debug][gc,age       ] GC(54) Desired survivor size 15400960 bytes, new threshold 6 (max threshold 6)
[8.566s][info ][gc,heap      ] GC(54) ParNew: 241450K->579K(270976K)
[8.566s][info ][gc,heap      ] GC(54) CMS: 131276K->131306K(602112K)
[8.566s][info ][gc,metaspace ] GC(54) Metaspace: 38398K->38398K(1083392K)
[8.566s][info ][gc           ] GC(54) Pause Young (Allocation Failure) 363M->128M(852M) 1.853ms
[8.566s][info ][gc,cpu       ] GC(54) User=0.01s Sys=0.00s Real=0.00s
[8.566s][info ][safepoint    ] Leaving safepoint region
[8.566s][info ][safepoint    ] Total time for which application threads were stopped: 0.0022947 seconds, Stopping threads took: 0.0002705 seconds
[8.618s][info ][safepoint    ] Application time: 0.0524206 seconds
[8.619s][info ][safepoint    ] Entering safepoint region: GenCollectForAllocation
[8.619s][info ][gc,start     ] GC(55) Pause Young (Allocation Failure)
[8.619s][info ][gc,task      ] GC(55) Using 4 workers of 4 for evacuation
[8.621s][debug][gc,ref       ] GC(55) Skipped phase1 of Reference Processing due to unavailable references
[8.621s][debug][gc,ref       ] GC(55) Skipped phase2 of Reference Processing due to unavailable references
[8.621s][debug][gc,ref       ] GC(55) Skipped phase3 of Reference Processing due to unavailable references
[8.621s][debug][gc,ref       ] GC(55) Skipped phase4 of Reference Processing due to unavailable references
[8.621s][debug][gc,age       ] GC(55) Desired survivor size 15400960 bytes, new threshold 6 (max threshold 6)
[8.621s][info ][gc,heap      ] GC(55) ParNew: 241475K->711K(270976K)
[8.621s][info ][gc,heap      ] GC(55) CMS: 131306K->131379K(602112K)
[8.621s][info ][gc,metaspace ] GC(55) Metaspace: 38398K->38398K(1083392K)
[8.621s][info ][gc           ] GC(55) Pause Young (Allocation Failure) 364M->128M(852M) 1.989ms
[8.621s][info ][gc,cpu       ] GC(55) User=0.01s Sys=0.00s Real=0.00s
[8.621s][info ][safepoint    ] Leaving safepoint region
[8.621s][info ][safepoint    ] Total time for which application threads were stopped: 0.0023575 seconds, Stopping threads took: 0.0002108 seconds
[8.673s][info ][safepoint    ] Application time: 0.0526264 seconds
[8.674s][info ][safepoint    ] Entering safepoint region: GenCollectForAllocation
[8.674s][info ][gc,start     ] GC(56) Pause Young (Allocation Failure)
[8.674s][info ][gc,task      ] GC(56) Using 4 workers of 4 for evacuation
[8.676s][debug][gc,ref       ] GC(56) Skipped phase1 of Reference Processing due to unavailable references
[8.676s][debug][gc,ref       ] GC(56) Skipped phase2 of Reference Processing due to unavailable references
[8.676s][debug][gc,ref       ] GC(56) Skipped phase3 of Reference Processing due to unavailable references
[8.676s][debug][gc,ref       ] GC(56) Skipped phase4 of Reference Processing due to unavailable references
[8.676s][debug][gc,age       ] GC(56) Desired survivor size 15400960 bytes, new threshold 6 (max threshold 6)
[8.676s][info ][gc,heap      ] GC(56) ParNew: 241607K->486K(270976K)
[8.676s][info ][gc,heap      ] GC(56) CMS: 131379K->131423K(602112K)
[8.676s][info ][gc,metaspace ] GC(56) Metaspace: 38398K->38398K(1083392K)
[8.676s][info ][gc           ] GC(56) Pause Young (Allocation Failure) 364M->128M(852M) 1.956ms
[8.676s][info ][gc,cpu       ] GC(56) User=0.00s Sys=0.00s Real=0.00s
[8.676s][info ][safepoint    ] Leaving safepoint region
[8.676s][info ][safepoint    ] Total time for which application threads were stopped: 0.0022545 seconds, Stopping threads took: 0.0001406 seconds
[8.722s][info ][safepoint    ] Application time: 0.0459201 seconds
[8.722s][info ][safepoint    ] Entering safepoint region: GenCollectForAllocation
[8.722s][info ][gc,start     ] GC(57) Pause Young (Allocation Failure)
[8.722s][info ][gc,task      ] GC(57) Using 4 workers of 4 for evacuation
[8.724s][debug][gc,ref       ] GC(57) Skipped phase1 of Reference Processing due to unavailable references
[8.724s][debug][gc,ref       ] GC(57) Skipped phase2 of Reference Processing due to unavailable references
[8.724s][debug][gc,ref       ] GC(57) Skipped phase3 of Reference Processing due to unavailable references
[8.724s][debug][gc,ref       ] GC(57) Skipped phase4 of Reference Processing due to unavailable references
[8.724s][debug][gc,age       ] GC(57) Desired survivor size 15400960 bytes, new threshold 6 (max threshold 6)
[8.724s][info ][gc,heap      ] GC(57) ParNew: 241382K->533K(270976K)
[8.724s][info ][gc,heap      ] GC(57) CMS: 131423K->131474K(602112K)
[8.724s][info ][gc,metaspace ] GC(57) Metaspace: 38398K->38398K(1083392K)
[8.724s][info ][gc           ] GC(57) Pause Young (Allocation Failure) 364M->128M(852M) 2.113ms
[8.724s][info ][gc,cpu       ] GC(57) User=0.01s Sys=0.00s Real=0.01s
[8.724s][info ][safepoint    ] Leaving safepoint region
[8.724s][info ][safepoint    ] Total time for which application threads were stopped: 0.0023645 seconds, Stopping threads took: 0.0000853 seconds
[8.781s][info ][safepoint    ] Application time: 0.0570121 seconds
[8.781s][info ][safepoint    ] Entering safepoint region: GenCollectForAllocation
[8.781s][info ][gc,start     ] GC(58) Pause Young (Allocation Failure)
[8.782s][info ][gc,task      ] GC(58) Using 4 workers of 4 for evacuation
[8.783s][debug][gc,ref       ] GC(58) Skipped phase1 of Reference Processing due to unavailable references
[8.783s][debug][gc,ref       ] GC(58) Skipped phase2 of Reference Processing due to unavailable references
[8.783s][debug][gc,ref       ] GC(58) Skipped phase3 of Reference Processing due to unavailable references
[8.783s][debug][gc,ref       ] GC(58) Skipped phase4 of Reference Processing due to unavailable references
[8.783s][debug][gc,age       ] GC(58) Desired survivor size 15400960 bytes, new threshold 6 (max threshold 6)
[8.783s][info ][gc,heap      ] GC(58) ParNew: 241429K->589K(270976K)
[8.783s][info ][gc,heap      ] GC(58) CMS: 131474K->131533K(602112K)
[8.783s][info ][gc,metaspace ] GC(58) Metaspace: 38398K->38398K(1083392K)
[8.783s][info ][gc           ] GC(58) Pause Young (Allocation Failure) 364M->129M(852M) 1.911ms
[8.783s][info ][gc,cpu       ] GC(58) User=0.01s Sys=0.00s Real=0.01s
[8.783s][info ][safepoint    ] Leaving safepoint region
[8.783s][info ][safepoint    ] Total time for which application threads were stopped: 0.0023322 seconds, Stopping threads took: 0.0002255 seconds
[8.829s][info ][safepoint    ] Application time: 0.0459508 seconds
[8.830s][info ][safepoint    ] Entering safepoint region: GenCollectForAllocation
[8.830s][info ][gc,start     ] GC(59) Pause Young (Allocation Failure)
[8.830s][info ][gc,task      ] GC(59) Using 4 workers of 4 for evacuation
[8.832s][debug][gc,ref       ] GC(59) Skipped phase1 of Reference Processing due to unavailable references
[8.832s][debug][gc,ref       ] GC(59) Skipped phase2 of Reference Processing due to unavailable references
[8.832s][debug][gc,ref       ] GC(59) Skipped phase3 of Reference Processing due to unavailable references
[8.832s][debug][gc,ref       ] GC(59) Skipped phase4 of Reference Processing due to unavailable references
[8.832s][debug][gc,age       ] GC(59) Desired survivor size 15400960 bytes, new threshold 6 (max threshold 6)
[8.832s][info ][gc,heap      ] GC(59) ParNew: 241485K->705K(270976K)
[8.832s][info ][gc,heap      ] GC(59) CMS: 131533K->131584K(602112K)
[8.832s][info ][gc,metaspace ] GC(59) Metaspace: 38398K->38398K(1083392K)
[8.832s][info ][gc           ] GC(59) Pause Young (Allocation Failure) 364M->129M(852M) 2.044ms
[8.832s][info ][gc,cpu       ] GC(59) User=0.01s Sys=0.00s Real=0.01s
[8.832s][info ][safepoint    ] Leaving safepoint region
[8.832s][info ][safepoint    ] Total time for which application threads were stopped: 0.0023345 seconds, Stopping threads took: 0.0001167 seconds
[8.878s][info ][safepoint    ] Application time: 0.0462616 seconds
[8.878s][info ][safepoint    ] Entering safepoint region: GenCollectForAllocation
[8.878s][info ][gc,start     ] GC(60) Pause Young (Allocation Failure)
[8.878s][info ][gc,task      ] GC(60) Using 4 workers of 4 for evacuation
[8.880s][debug][gc,ref       ] GC(60) Skipped phase1 of Reference Processing due to unavailable references
[8.880s][debug][gc,ref       ] GC(60) Skipped phase2 of Reference Processing due to unavailable references
[8.880s][debug][gc,ref       ] GC(60) Skipped phase3 of Reference Processing due to unavailable references
[8.880s][debug][gc,ref       ] GC(60) Skipped phase4 of Reference Processing due to unavailable references
[8.880s][debug][gc,age       ] GC(60) Desired survivor size 15400960 bytes, new threshold 6 (max threshold 6)
[8.880s][info ][gc,heap      ] GC(60) ParNew: 241601K->576K(270976K)
[8.880s][info ][gc,heap      ] GC(60) CMS: 131584K->131643K(602112K)
[8.880s][info ][gc,metaspace ] GC(60) Metaspace: 38399K->38399K(1083392K)
[8.880s][info ][gc           ] GC(60) Pause Young (Allocation Failure) 364M->129M(852M) 1.856ms
[8.880s][info ][gc,cpu       ] GC(60) User=0.00s Sys=0.00s Real=0.00s
[8.880s][info ][safepoint    ] Leaving safepoint region
[8.880s][info ][safepoint    ] Total time for which application threads were stopped: 0.0022567 seconds, Stopping threads took: 0.0002501 seconds
[8.931s][info ][safepoint    ] Application time: 0.0503069 seconds
[8.931s][info ][safepoint    ] Entering safepoint region: GenCollectForAllocation
[8.931s][info ][gc,start     ] GC(61) Pause Young (Allocation Failure)
[8.931s][info ][gc,task      ] GC(61) Using 4 workers of 4 for evacuation
[8.933s][debug][gc,ref       ] GC(61) Skipped phase1 of Reference Processing due to unavailable references
[8.933s][debug][gc,ref       ] GC(61) Skipped phase2 of Reference Processing due to unavailable references
[8.933s][debug][gc,ref       ] GC(61) Skipped phase3 of Reference Processing due to unavailable references
[8.933s][debug][gc,ref       ] GC(61) Skipped phase4 of Reference Processing due to unavailable references
[8.933s][debug][gc,age       ] GC(61) Desired survivor size 15400960 bytes, new threshold 6 (max threshold 6)
[8.933s][info ][gc,heap      ] GC(61) ParNew: 241472K->650K(270976K)
[8.933s][info ][gc,heap      ] GC(61) CMS: 131643K->131686K(602112K)
[8.933s][info ][gc,metaspace ] GC(61) Metaspace: 38399K->38399K(1083392K)
[8.933s][info ][gc           ] GC(61) Pause Young (Allocation Failure) 364M->129M(852M) 1.913ms
[8.933s][info ][gc,cpu       ] GC(61) User=0.01s Sys=0.00s Real=0.00s
[8.933s][info ][safepoint    ] Leaving safepoint region
[8.933s][info ][safepoint    ] Total time for which application threads were stopped: 0.0021486 seconds, Stopping threads took: 0.0000862 seconds
[8.980s][info ][safepoint    ] Application time: 0.0469182 seconds
[8.980s][info ][safepoint    ] Entering safepoint region: GenCollectForAllocation
[8.980s][info ][gc,start     ] GC(62) Pause Young (Allocation Failure)
[8.980s][info ][gc,task      ] GC(62) Using 4 workers of 4 for evacuation
[8.982s][debug][gc,ref       ] GC(62) Skipped phase1 of Reference Processing due to unavailable references
[8.982s][debug][gc,ref       ] GC(62) Skipped phase2 of Reference Processing due to unavailable references
[8.982s][debug][gc,ref       ] GC(62) Skipped phase3 of Reference Processing due to unavailable references
[8.982s][debug][gc,ref       ] GC(62) Skipped phase4 of Reference Processing due to unavailable references
[8.982s][debug][gc,age       ] GC(62) Desired survivor size 15400960 bytes, new threshold 6 (max threshold 6)
[8.982s][info ][gc,heap      ] GC(62) ParNew: 241546K->632K(270976K)
[8.982s][info ][gc,heap      ] GC(62) CMS: 131686K->131755K(602112K)
[8.982s][info ][gc,metaspace ] GC(62) Metaspace: 38407K->38407K(1083392K)
[8.983s][info ][gc           ] GC(62) Pause Young (Allocation Failure) 364M->129M(852M) 2.516ms
[8.983s][info ][gc,cpu       ] GC(62) User=0.01s Sys=0.00s Real=0.01s
[8.983s][info ][safepoint    ] Leaving safepoint region
[8.983s][info ][safepoint    ] Total time for which application threads were stopped: 0.0027486 seconds, Stopping threads took: 0.0000808 seconds
[9.039s][info ][safepoint    ] Application time: 0.0565041 seconds
[9.039s][info ][safepoint    ] Entering safepoint region: GenCollectForAllocation
[9.039s][info ][gc,start     ] GC(63) Pause Young (Allocation Failure)
[9.039s][info ][gc,task      ] GC(63) Using 4 workers of 4 for evacuation
[9.041s][debug][gc,ref       ] GC(63) Skipped phase1 of Reference Processing due to unavailable references
[9.041s][debug][gc,ref       ] GC(63) Skipped phase2 of Reference Processing due to unavailable references
[9.041s][debug][gc,ref       ] GC(63) Skipped phase3 of Reference Processing due to unavailable references
[9.041s][debug][gc,ref       ] GC(63) Skipped phase4 of Reference Processing due to unavailable references
[9.041s][debug][gc,age       ] GC(63) Desired survivor size 15400960 bytes, new threshold 6 (max threshold 6)
[9.041s][info ][gc,heap      ] GC(63) ParNew: 241528K->638K(270976K)
[9.041s][info ][gc,heap      ] GC(63) CMS: 131755K->131796K(602112K)
[9.041s][info ][gc,metaspace ] GC(63) Metaspace: 38407K->38407K(1083392K)
[9.041s][info ][gc           ] GC(63) Pause Young (Allocation Failure) 364M->129M(852M) 1.906ms
[9.041s][info ][gc,cpu       ] GC(63) User=0.01s Sys=0.00s Real=0.00s
[9.041s][info ][safepoint    ] Leaving safepoint region
[9.041s][info ][safepoint    ] Total time for which application threads were stopped: 0.0022726 seconds, Stopping threads took: 0.0002073 seconds
[9.087s][info ][safepoint    ] Application time: 0.0458841 seconds
[9.088s][info ][safepoint    ] Entering safepoint region: GenCollectForAllocation
[9.088s][info ][gc,start     ] GC(64) Pause Young (Allocation Failure)
[9.088s][info ][gc,task      ] GC(64) Using 4 workers of 4 for evacuation
[9.090s][debug][gc,ref       ] GC(64) Skipped phase1 of Reference Processing due to unavailable references
[9.090s][debug][gc,ref       ] GC(64) Skipped phase2 of Reference Processing due to unavailable references
[9.090s][debug][gc,ref       ] GC(64) Skipped phase3 of Reference Processing due to unavailable references
[9.090s][debug][gc,ref       ] GC(64) Skipped phase4 of Reference Processing due to unavailable references
[9.090s][debug][gc,age       ] GC(64) Desired survivor size 15400960 bytes, new threshold 6 (max threshold 6)
[9.090s][info ][gc,heap      ] GC(64) ParNew: 241534K->678K(270976K)
[9.090s][info ][gc,heap      ] GC(64) CMS: 131796K->131876K(602112K)
[9.090s][info ][gc,metaspace ] GC(64) Metaspace: 38407K->38407K(1083392K)
[9.090s][info ][gc           ] GC(64) Pause Young (Allocation Failure) 364M->129M(852M) 2.284ms
[9.090s][info ][gc,cpu       ] GC(64) User=0.01s Sys=0.00s Real=0.01s
[9.090s][info ][safepoint    ] Leaving safepoint region
[9.090s][info ][safepoint    ] Total time for which application threads were stopped: 0.0031326 seconds, Stopping threads took: 0.0006865 seconds
[9.153s][info ][safepoint    ] Application time: 0.0630358 seconds
[9.154s][info ][safepoint    ] Entering safepoint region: GenCollectForAllocation
[9.154s][info ][gc,start     ] GC(65) Pause Young (Allocation Failure)
[9.154s][info ][gc,task      ] GC(65) Using 4 workers of 4 for evacuation
[9.156s][debug][gc,ref       ] GC(65) Skipped phase1 of Reference Processing due to unavailable references
[9.156s][debug][gc,ref       ] GC(65) Skipped phase2 of Reference Processing due to unavailable references
[9.156s][debug][gc,ref       ] GC(65) Skipped phase3 of Reference Processing due to unavailable references
[9.156s][debug][gc,ref       ] GC(65) Skipped phase4 of Reference Processing due to unavailable references
[9.156s][debug][gc,age       ] GC(65) Desired survivor size 15400960 bytes, new threshold 6 (max threshold 6)
[9.156s][info ][gc,heap      ] GC(65) ParNew: 241574K->771K(270976K)
[9.156s][info ][gc,heap      ] GC(65) CMS: 131876K->131932K(602112K)
[9.156s][info ][gc,metaspace ] GC(65) Metaspace: 38407K->38407K(1083392K)
[9.156s][info ][gc           ] GC(65) Pause Young (Allocation Failure) 364M->129M(852M) 2.084ms
[9.156s][info ][gc,cpu       ] GC(65) User=0.01s Sys=0.00s Real=0.00s
[9.156s][info ][safepoint    ] Leaving safepoint region
[9.156s][info ][safepoint    ] Total time for which application threads were stopped: 0.0024122 seconds, Stopping threads took: 0.0001615 seconds
[9.213s][info ][safepoint    ] Application time: 0.0571373 seconds
[9.213s][info ][safepoint    ] Entering safepoint region: GenCollectForAllocation
[9.213s][info ][gc,start     ] GC(66) Pause Young (Allocation Failure)
[9.213s][info ][gc,task      ] GC(66) Using 4 workers of 4 for evacuation
[9.215s][debug][gc,ref       ] GC(66) Skipped phase1 of Reference Processing due to unavailable references
[9.215s][debug][gc,ref       ] GC(66) Skipped phase2 of Reference Processing due to unavailable references
[9.215s][debug][gc,ref       ] GC(66) Skipped phase3 of Reference Processing due to unavailable references
[9.215s][debug][gc,ref       ] GC(66) Skipped phase4 of Reference Processing due to unavailable references
[9.215s][debug][gc,age       ] GC(66) Desired survivor size 15400960 bytes, new threshold 6 (max threshold 6)
[9.215s][info ][gc,heap      ] GC(66) ParNew: 241667K->561K(270976K)
[9.215s][info ][gc,heap      ] GC(66) CMS: 131932K->131985K(602112K)
[9.215s][info ][gc,metaspace ] GC(66) Metaspace: 38407K->38407K(1083392K)
[9.215s][info ][gc           ] GC(66) Pause Young (Allocation Failure) 364M->129M(852M) 1.986ms
[9.215s][info ][gc,cpu       ] GC(66) User=0.01s Sys=0.00s Real=0.00s
[9.215s][info ][safepoint    ] Leaving safepoint region
[9.215s][info ][safepoint    ] Total time for which application threads were stopped: 0.0022002 seconds, Stopping threads took: 0.0000725 seconds
[9.269s][info ][safepoint    ] Application time: 0.0533680 seconds
[9.269s][info ][safepoint    ] Entering safepoint region: GenCollectForAllocation
[9.269s][info ][gc,start     ] GC(67) Pause Young (Allocation Failure)
[9.269s][info ][gc,task      ] GC(67) Using 4 workers of 4 for evacuation
[9.271s][debug][gc,ref       ] GC(67) Skipped phase1 of Reference Processing due to unavailable references
[9.271s][debug][gc,ref       ] GC(67) Skipped phase2 of Reference Processing due to unavailable references
[9.271s][debug][gc,ref       ] GC(67) Skipped phase3 of Reference Processing due to unavailable references
[9.271s][debug][gc,ref       ] GC(67) Skipped phase4 of Reference Processing due to unavailable references
[9.271s][debug][gc,age       ] GC(67) Desired survivor size 15400960 bytes, new threshold 6 (max threshold 6)
[9.271s][info ][gc,heap      ] GC(67) ParNew: 241457K->738K(270976K)
[9.271s][info ][gc,heap      ] GC(67) CMS: 131985K->132052K(602112K)
[9.271s][info ][gc,metaspace ] GC(67) Metaspace: 38407K->38407K(1083392K)
[9.271s][info ][gc           ] GC(67) Pause Young (Allocation Failure) 364M->129M(852M) 2.320ms
[9.271s][info ][gc,cpu       ] GC(67) User=0.00s Sys=0.00s Real=0.01s
[9.271s][info ][safepoint    ] Leaving safepoint region
[9.271s][info ][safepoint    ] Total time for which application threads were stopped: 0.0026974 seconds, Stopping threads took: 0.0001729 seconds
[9.317s][info ][safepoint    ] Application time: 0.0457599 seconds
[9.317s][info ][safepoint    ] Entering safepoint region: GenCollectForAllocation
[9.318s][info ][gc,start     ] GC(68) Pause Young (Allocation Failure)
[9.318s][info ][gc,task      ] GC(68) Using 4 workers of 4 for evacuation
[9.320s][debug][gc,ref       ] GC(68) Skipped phase1 of Reference Processing due to unavailable references
[9.320s][debug][gc,ref       ] GC(68) Skipped phase2 of Reference Processing due to unavailable references
[9.320s][debug][gc,ref       ] GC(68) Skipped phase3 of Reference Processing due to unavailable references
[9.320s][debug][gc,ref       ] GC(68) Skipped phase4 of Reference Processing due to unavailable references
[9.320s][debug][gc,age       ] GC(68) Desired survivor size 15400960 bytes, new threshold 6 (max threshold 6)
[9.320s][info ][gc,heap      ] GC(68) ParNew: 241634K->702K(270976K)
[9.320s][info ][gc,heap      ] GC(68) CMS: 132052K->132112K(602112K)
[9.320s][info ][gc,metaspace ] GC(68) Metaspace: 38407K->38407K(1083392K)
[9.320s][info ][gc           ] GC(68) Pause Young (Allocation Failure) 364M->129M(852M) 2.753ms
[9.320s][info ][gc,cpu       ] GC(68) User=0.01s Sys=0.00s Real=0.00s
[9.320s][info ][safepoint    ] Leaving safepoint region
[9.320s][info ][safepoint    ] Total time for which application threads were stopped: 0.0030377 seconds, Stopping threads took: 0.0000964 seconds
[9.374s][info ][safepoint    ] Application time: 0.0534911 seconds
[9.375s][info ][safepoint    ] Entering safepoint region: GenCollectForAllocation
[9.375s][info ][gc,start     ] GC(69) Pause Young (Allocation Failure)
[9.375s][info ][gc,task      ] GC(69) Using 4 workers of 4 for evacuation
[9.379s][debug][gc,ref       ] GC(69) Skipped phase1 of Reference Processing due to unavailable references
[9.379s][debug][gc,ref       ] GC(69) Skipped phase2 of Reference Processing due to unavailable references
[9.379s][debug][gc,ref       ] GC(69) Skipped phase3 of Reference Processing due to unavailable references
[9.379s][debug][gc,ref       ] GC(69) Skipped phase4 of Reference Processing due to unavailable references
[9.379s][debug][gc,age       ] GC(69) Desired survivor size 15400960 bytes, new threshold 6 (max threshold 6)
[9.379s][info ][gc,heap      ] GC(69) ParNew: 241598K->981K(270976K)
[9.379s][info ][gc,heap      ] GC(69) CMS: 132112K->132185K(602112K)
[9.379s][info ][gc,metaspace ] GC(69) Metaspace: 38411K->38411K(1083392K)
[9.379s][info ][gc           ] GC(69) Pause Young (Allocation Failure) 364M->130M(852M) 3.893ms
[9.379s][info ][gc,cpu       ] GC(69) User=0.01s Sys=0.00s Real=0.00s
[9.379s][info ][safepoint    ] Leaving safepoint region
[9.379s][info ][safepoint    ] Total time for which application threads were stopped: 0.0049743 seconds, Stopping threads took: 0.0007782 seconds
[9.434s][info ][safepoint    ] Application time: 0.0554221 seconds
[9.434s][info ][safepoint    ] Entering safepoint region: GenCollectForAllocation
[9.435s][info ][gc,start     ] GC(70) Pause Young (Allocation Failure)
[9.435s][info ][gc,task      ] GC(70) Using 4 workers of 4 for evacuation
[9.437s][debug][gc,ref       ] GC(70) Skipped phase1 of Reference Processing due to unavailable references
[9.437s][debug][gc,ref       ] GC(70) Skipped phase2 of Reference Processing due to unavailable references
[9.437s][debug][gc,ref       ] GC(70) Skipped phase3 of Reference Processing due to unavailable references
[9.437s][debug][gc,ref       ] GC(70) Skipped phase4 of Reference Processing due to unavailable references
[9.437s][debug][gc,age       ] GC(70) Desired survivor size 15400960 bytes, new threshold 6 (max threshold 6)
[9.437s][info ][gc,heap      ] GC(70) ParNew: 241877K->1110K(270976K)
[9.437s][info ][gc,heap      ] GC(70) CMS: 132185K->132248K(602112K)
[9.437s][info ][gc,metaspace ] GC(70) Metaspace: 38411K->38411K(1083392K)
[9.437s][info ][gc           ] GC(70) Pause Young (Allocation Failure) 365M->130M(852M) 2.259ms
[9.437s][info ][gc,cpu       ] GC(70) User=0.01s Sys=0.00s Real=0.00s
[9.437s][info ][safepoint    ] Leaving safepoint region
[9.437s][info ][safepoint    ] Total time for which application threads were stopped: 0.0026038 seconds, Stopping threads took: 0.0001849 seconds
[9.491s][info ][safepoint    ] Application time: 0.0541809 seconds
[9.491s][info ][safepoint    ] Entering safepoint region: GenCollectForAllocation
[9.491s][info ][gc,start     ] GC(71) Pause Young (Allocation Failure)
[9.491s][info ][gc,task      ] GC(71) Using 4 workers of 4 for evacuation
[9.495s][debug][gc,ref       ] GC(71) Skipped phase1 of Reference Processing due to unavailable references
[9.495s][debug][gc,ref       ] GC(71) Skipped phase2 of Reference Processing due to unavailable references
[9.495s][debug][gc,ref       ] GC(71) Skipped phase3 of Reference Processing due to unavailable references
[9.495s][debug][gc,ref       ] GC(71) Skipped phase4 of Reference Processing due to unavailable references
[9.495s][debug][gc,age       ] GC(71) Desired survivor size 15400960 bytes, new threshold 6 (max threshold 6)
[9.495s][info ][gc,heap      ] GC(71) ParNew: 242006K->1999K(270976K)
[9.495s][info ][gc,heap      ] GC(71) CMS: 132248K->132316K(602112K)
[9.495s][info ][gc,metaspace ] GC(71) Metaspace: 38411K->38411K(1083392K)
[9.495s][info ][gc           ] GC(71) Pause Young (Allocation Failure) 365M->131M(852M) 3.948ms
[9.495s][info ][gc,cpu       ] GC(71) User=0.01s Sys=0.00s Real=0.00s
[9.495s][info ][safepoint    ] Leaving safepoint region
[9.495s][info ][safepoint    ] Total time for which application threads were stopped: 0.0042184 seconds, Stopping threads took: 0.0001106 seconds
[9.544s][info ][safepoint    ] Application time: 0.0489398 seconds
[9.546s][info ][safepoint    ] Entering safepoint region: GenCollectForAllocation
[9.546s][info ][gc,start     ] GC(72) Pause Young (Allocation Failure)
[9.546s][info ][gc,task      ] GC(72) Using 4 workers of 4 for evacuation
[9.550s][debug][gc,ref       ] GC(72) Skipped phase1 of Reference Processing due to unavailable references
[9.550s][debug][gc,ref       ] GC(72) Skipped phase2 of Reference Processing due to unavailable references
[9.550s][debug][gc,ref       ] GC(72) Skipped phase3 of Reference Processing due to unavailable references
[9.550s][debug][gc,ref       ] GC(72) Skipped phase4 of Reference Processing due to unavailable references
[9.550s][debug][gc,age       ] GC(72) Desired survivor size 15400960 bytes, new threshold 6 (max threshold 6)
[9.550s][info ][gc,heap      ] GC(72) ParNew: 242895K->2643K(270976K)
[9.550s][info ][gc,heap      ] GC(72) CMS: 132316K->132384K(602112K)
[9.550s][info ][gc,metaspace ] GC(72) Metaspace: 38411K->38411K(1083392K)
[9.550s][info ][gc           ] GC(72) Pause Young (Allocation Failure) 366M->131M(852M) 3.354ms
[9.550s][info ][gc,cpu       ] GC(72) User=0.01s Sys=0.01s Real=0.00s
[9.550s][info ][safepoint    ] Leaving safepoint region
[9.550s][info ][safepoint    ] Total time for which application threads were stopped: 0.0054790 seconds, Stopping threads took: 0.0019617 seconds
[9.605s][info ][safepoint    ] Application time: 0.0551752 seconds
[9.605s][info ][safepoint    ] Entering safepoint region: GenCollectForAllocation
[9.605s][info ][gc,start     ] GC(73) Pause Young (Allocation Failure)
[9.605s][info ][gc,task      ] GC(73) Using 4 workers of 4 for evacuation
[9.609s][debug][gc,ref       ] GC(73) Skipped phase1 of Reference Processing due to unavailable references
[9.609s][debug][gc,ref       ] GC(73) Skipped phase2 of Reference Processing due to unavailable references
[9.609s][debug][gc,ref       ] GC(73) Skipped phase3 of Reference Processing due to unavailable references
[9.609s][debug][gc,ref       ] GC(73) Skipped phase4 of Reference Processing due to unavailable references
[9.609s][debug][gc,age       ] GC(73) Desired survivor size 15400960 bytes, new threshold 6 (max threshold 6)
[9.609s][info ][gc,heap      ] GC(73) ParNew: 243539K->1828K(270976K)
[9.609s][info ][gc,heap      ] GC(73) CMS: 132384K->132460K(602112K)
[9.609s][info ][gc,metaspace ] GC(73) Metaspace: 38411K->38411K(1083392K)
[9.609s][info ][gc           ] GC(73) Pause Young (Allocation Failure) 367M->131M(852M) 3.434ms
[9.609s][info ][gc,cpu       ] GC(73) User=0.01s Sys=0.00s Real=0.00s
[9.609s][info ][safepoint    ] Leaving safepoint region
[9.609s][info ][safepoint    ] Total time for which application threads were stopped: 0.0038532 seconds, Stopping threads took: 0.0002644 seconds
[9.663s][info ][safepoint    ] Application time: 0.0540730 seconds
[9.663s][info ][safepoint    ] Entering safepoint region: GenCollectForAllocation
[9.663s][info ][gc,start     ] GC(74) Pause Young (Allocation Failure)
[9.663s][info ][gc,task      ] GC(74) Using 4 workers of 4 for evacuation
[9.668s][debug][gc,ref       ] GC(74) Skipped phase1 of Reference Processing due to unavailable references
[9.668s][debug][gc,ref       ] GC(74) Skipped phase2 of Reference Processing due to unavailable references
[9.668s][debug][gc,ref       ] GC(74) Skipped phase3 of Reference Processing due to unavailable references
[9.668s][debug][gc,ref       ] GC(74) Skipped phase4 of Reference Processing due to unavailable references
[9.668s][debug][gc,age       ] GC(74) Desired survivor size 15400960 bytes, new threshold 6 (max threshold 6)
[9.668s][info ][gc,heap      ] GC(74) ParNew: 242724K->2457K(270976K)
[9.668s][info ][gc,heap      ] GC(74) CMS: 132460K->132529K(602112K)
[9.668s][info ][gc,metaspace ] GC(74) Metaspace: 38411K->38411K(1083392K)
[9.668s][info ][gc           ] GC(74) Pause Young (Allocation Failure) 366M->131M(852M) 4.443ms
[9.668s][info ][gc,cpu       ] GC(74) User=0.02s Sys=0.01s Real=0.00s
[9.668s][info ][safepoint    ] Leaving safepoint region
[9.668s][info ][safepoint    ] Total time for which application threads were stopped: 0.0049046 seconds, Stopping threads took: 0.0002533 seconds
[9.717s][info ][safepoint    ] Application time: 0.0486202 seconds
[9.717s][info ][safepoint    ] Entering safepoint region: GenCollectForAllocation
[9.717s][info ][gc,start     ] GC(75) Pause Young (Allocation Failure)
[9.717s][info ][gc,task      ] GC(75) Using 4 workers of 4 for evacuation
[9.721s][debug][gc,ref       ] GC(75) Skipped phase1 of Reference Processing due to unavailable references
[9.721s][debug][gc,ref       ] GC(75) Skipped phase2 of Reference Processing due to unavailable references
[9.721s][debug][gc,ref       ] GC(75) Skipped phase3 of Reference Processing due to unavailable references
[9.721s][debug][gc,ref       ] GC(75) Skipped phase4 of Reference Processing due to unavailable references
[9.721s][debug][gc,age       ] GC(75) Desired survivor size 15400960 bytes, new threshold 6 (max threshold 6)
[9.721s][info ][gc,heap      ] GC(75) ParNew: 243353K->1542K(270976K)
[9.721s][info ][gc,heap      ] GC(75) CMS: 132529K->132800K(602112K)
[9.721s][info ][gc,metaspace ] GC(75) Metaspace: 38411K->38411K(1083392K)
[9.721s][info ][gc           ] GC(75) Pause Young (Allocation Failure) 367M->131M(852M) 3.857ms
[9.721s][info ][gc,cpu       ] GC(75) User=0.01s Sys=0.00s Real=0.00s
[9.721s][info ][safepoint    ] Leaving safepoint region
[9.721s][info ][safepoint    ] Total time for which application threads were stopped: 0.0041443 seconds, Stopping threads took: 0.0001248 seconds
[9.768s][info ][safepoint    ] Application time: 0.0468606 seconds
[9.768s][info ][safepoint    ] Entering safepoint region: GenCollectForAllocation
[9.768s][info ][gc,start     ] GC(76) Pause Young (Allocation Failure)
[9.768s][info ][gc,task      ] GC(76) Using 4 workers of 4 for evacuation
[9.772s][debug][gc,ref       ] GC(76) Skipped phase1 of Reference Processing due to unavailable references
[9.772s][debug][gc,ref       ] GC(76) Skipped phase2 of Reference Processing due to unavailable references
[9.772s][debug][gc,ref       ] GC(76) Skipped phase3 of Reference Processing due to unavailable references
[9.772s][debug][gc,ref       ] GC(76) Skipped phase4 of Reference Processing due to unavailable references
[9.773s][debug][gc,age       ] GC(76) Desired survivor size 15400960 bytes, new threshold 6 (max threshold 6)
[9.773s][info ][gc,heap      ] GC(76) ParNew: 242438K->2502K(270976K)
[9.773s][info ][gc,heap      ] GC(76) CMS: 132800K->132872K(602112K)
[9.773s][info ][gc,metaspace ] GC(76) Metaspace: 38411K->38411K(1083392K)
[9.773s][info ][gc           ] GC(76) Pause Young (Allocation Failure) 366M->132M(852M) 4.612ms
[9.773s][info ][gc,cpu       ] GC(76) User=0.01s Sys=0.00s Real=0.01s
[9.773s][info ][safepoint    ] Leaving safepoint region
[9.773s][info ][safepoint    ] Total time for which application threads were stopped: 0.0049163 seconds, Stopping threads took: 0.0001378 seconds
[9.829s][info ][safepoint    ] Application time: 0.0561690 seconds
[9.829s][info ][safepoint    ] Entering safepoint region: GenCollectForAllocation
[9.829s][info ][gc,start     ] GC(77) Pause Young (Allocation Failure)
[9.829s][info ][gc,task      ] GC(77) Using 4 workers of 4 for evacuation
[9.833s][debug][gc,ref       ] GC(77) Skipped phase1 of Reference Processing due to unavailable references
[9.833s][debug][gc,ref       ] GC(77) Skipped phase2 of Reference Processing due to unavailable references
[9.833s][debug][gc,ref       ] GC(77) Skipped phase3 of Reference Processing due to unavailable references
[9.833s][debug][gc,ref       ] GC(77) Skipped phase4 of Reference Processing due to unavailable references
[9.833s][debug][gc,age       ] GC(77) Desired survivor size 15400960 bytes, new threshold 6 (max threshold 6)
[9.833s][info ][gc,heap      ] GC(77) ParNew: 243398K->882K(270976K)
[9.833s][info ][gc,heap      ] GC(77) CMS: 132872K->133849K(602112K)
[9.833s][info ][gc,metaspace ] GC(77) Metaspace: 38411K->38411K(1083392K)
[9.833s][info ][gc           ] GC(77) Pause Young (Allocation Failure) 367M->131M(852M) 4.379ms
[9.833s][info ][gc,cpu       ] GC(77) User=0.01s Sys=0.00s Real=0.01s
[9.833s][info ][safepoint    ] Leaving safepoint region
[9.833s][info ][safepoint    ] Total time for which application threads were stopped: 0.0046036 seconds, Stopping threads took: 0.0000734 seconds
[9.897s][info ][safepoint    ] Application time: 0.0635981 seconds
[9.897s][info ][safepoint    ] Entering safepoint region: GenCollectForAllocation
[9.897s][info ][gc,start     ] GC(78) Pause Young (Allocation Failure)
[9.897s][info ][gc,task      ] GC(78) Using 4 workers of 4 for evacuation
[9.900s][debug][gc,ref       ] GC(78) Skipped phase1 of Reference Processing due to unavailable references
[9.900s][debug][gc,ref       ] GC(78) Skipped phase2 of Reference Processing due to unavailable references
[9.900s][debug][gc,ref       ] GC(78) Skipped phase3 of Reference Processing due to unavailable references
[9.900s][debug][gc,ref       ] GC(78) Skipped phase4 of Reference Processing due to unavailable references
[9.900s][debug][gc,age       ] GC(78) Desired survivor size 15400960 bytes, new threshold 6 (max threshold 6)
[9.900s][info ][gc,heap      ] GC(78) ParNew: 241778K->1389K(270976K)
[9.900s][info ][gc,heap      ] GC(78) CMS: 133849K->133922K(602112K)
[9.900s][info ][gc,metaspace ] GC(78) Metaspace: 38411K->38411K(1083392K)
[9.900s][info ][gc           ] GC(78) Pause Young (Allocation Failure) 366M->132M(852M) 2.880ms
[9.900s][info ][gc,cpu       ] GC(78) User=0.01s Sys=0.00s Real=0.00s
[9.900s][info ][safepoint    ] Leaving safepoint region
[9.900s][info ][safepoint    ] Total time for which application threads were stopped: 0.0031994 seconds, Stopping threads took: 0.0001645 seconds
[9.943s][info ][safepoint    ] Application time: 0.0424322 seconds
[9.943s][info ][safepoint    ] Entering safepoint region: GenCollectForAllocation
[9.943s][info ][gc,start     ] GC(79) Pause Young (Allocation Failure)
[9.943s][info ][gc,task      ] GC(79) Using 4 workers of 4 for evacuation
[9.945s][debug][gc,ref       ] GC(79) Skipped phase1 of Reference Processing due to unavailable references
[9.945s][debug][gc,ref       ] GC(79) Skipped phase2 of Reference Processing due to unavailable references
[9.945s][debug][gc,ref       ] GC(79) Skipped phase3 of Reference Processing due to unavailable references
[9.945s][debug][gc,ref       ] GC(79) Skipped phase4 of Reference Processing due to unavailable references
[9.946s][debug][gc,age       ] GC(79) Desired survivor size 15400960 bytes, new threshold 6 (max threshold 6)
[9.946s][info ][gc,heap      ] GC(79) ParNew: 242285K->1648K(270976K)
[9.946s][info ][gc,heap      ] GC(79) CMS: 133922K->134014K(602112K)
[9.946s][info ][gc,metaspace ] GC(79) Metaspace: 38411K->38411K(1083392K)
[9.946s][info ][gc           ] GC(79) Pause Young (Allocation Failure) 367M->132M(852M) 2.574ms
[9.946s][info ][gc,cpu       ] GC(79) User=0.01s Sys=0.00s Real=0.00s
[9.946s][info ][safepoint    ] Leaving safepoint region
[9.946s][info ][safepoint    ] Total time for which application threads were stopped: 0.0029266 seconds, Stopping threads took: 0.0001442 seconds
[9.998s][info ][safepoint    ] Application time: 0.0520070 seconds
[10.010s][info ][safepoint    ] Entering safepoint region: GenCollectForAllocation
[10.010s][info ][gc,start     ] GC(80) Pause Young (Allocation Failure)
[10.010s][info ][gc,task      ] GC(80) Using 4 workers of 4 for evacuation
[10.014s][debug][gc,ref       ] GC(80) Skipped phase1 of Reference Processing due to unavailable references
[10.014s][debug][gc,ref       ] GC(80) Skipped phase2 of Reference Processing due to unavailable references
[10.014s][debug][gc,ref       ] GC(80) Skipped phase3 of Reference Processing due to unavailable references
[10.014s][debug][gc,ref       ] GC(80) Skipped phase4 of Reference Processing due to unavailable references
[10.014s][debug][gc,age       ] GC(80) Desired survivor size 15400960 bytes, new threshold 6 (max threshold 6)
[10.014s][info ][gc,heap      ] GC(80) ParNew: 242544K->1973K(270976K)
[10.014s][info ][gc,heap      ] GC(80) CMS: 134014K->134087K(602112K)
[10.014s][info ][gc,metaspace ] GC(80) Metaspace: 38411K->38411K(1083392K)
[10.014s][info ][gc           ] GC(80) Pause Young (Allocation Failure) 367M->132M(852M) 3.754ms
[10.014s][info ][gc,cpu       ] GC(80) User=0.02s Sys=0.00s Real=0.01s
[10.014s][info ][safepoint    ] Leaving safepoint region
[10.014s][info ][safepoint    ] Total time for which application threads were stopped: 0.0155946 seconds, Stopping threads took: 0.0116529 seconds
[10.062s][info ][safepoint    ] Application time: 0.0478701 seconds
[10.062s][info ][safepoint    ] Entering safepoint region: GenCollectForAllocation
[10.062s][info ][gc,start     ] GC(81) Pause Young (Allocation Failure)
[10.062s][info ][gc,task      ] GC(81) Using 4 workers of 4 for evacuation
[10.069s][debug][gc,ref       ] GC(81) Skipped phase1 of Reference Processing due to unavailable references
[10.069s][debug][gc,ref       ] GC(81) Skipped phase2 of Reference Processing due to unavailable references
[10.069s][debug][gc,ref       ] GC(81) Skipped phase3 of Reference Processing due to unavailable references
[10.069s][debug][gc,ref       ] GC(81) Skipped phase4 of Reference Processing due to unavailable references
[10.069s][debug][gc,age       ] GC(81) Desired survivor size 15400960 bytes, new threshold 6 (max threshold 6)
[10.069s][info ][gc,heap      ] GC(81) ParNew: 242869K->2756K(270976K)
[10.069s][info ][gc,heap      ] GC(81) CMS: 134087K->134169K(602112K)
[10.069s][info ][gc,metaspace ] GC(81) Metaspace: 38411K->38411K(1083392K)
[10.069s][info ][gc           ] GC(81) Pause Young (Allocation Failure) 368M->133M(852M) 7.463ms
[10.069s][info ][gc,cpu       ] GC(81) User=0.03s Sys=0.00s Real=0.01s
[10.069s][info ][safepoint    ] Leaving safepoint region
[10.070s][info ][safepoint    ] Total time for which application threads were stopped: 0.0078550 seconds, Stopping threads took: 0.0002180 seconds
[10.148s][info ][safepoint    ] Application time: 0.0788082 seconds
[10.149s][info ][safepoint    ] Entering safepoint region: GenCollectForAllocation
[10.149s][info ][gc,start     ] GC(82) Pause Young (Allocation Failure)
[10.149s][info ][gc,task      ] GC(82) Using 4 workers of 4 for evacuation
[10.154s][debug][gc,ref       ] GC(82) Skipped phase1 of Reference Processing due to unavailable references
[10.154s][debug][gc,ref       ] GC(82) Skipped phase3 of Reference Processing due to unavailable references
[10.154s][debug][gc,age       ] GC(82) Desired survivor size 15400960 bytes, new threshold 6 (max threshold 6)
[10.154s][info ][gc,heap      ] GC(82) ParNew: 243652K->4225K(270976K)
[10.154s][info ][gc,heap      ] GC(82) CMS: 134169K->134248K(602112K)
[10.154s][info ][gc,metaspace ] GC(82) Metaspace: 38670K->38670K(1083392K)
[10.154s][info ][gc           ] GC(82) Pause Young (Allocation Failure) 368M->135M(852M) 5.155ms
[10.154s][info ][gc,cpu       ] GC(82) User=0.02s Sys=0.00s Real=0.01s
[10.154s][info ][safepoint    ] Leaving safepoint region
[10.154s][info ][safepoint    ] Total time for which application threads were stopped: 0.0055768 seconds, Stopping threads took: 0.0002340 seconds
[10.208s][info ][safepoint    ] Application time: 0.0540767 seconds
[10.208s][info ][safepoint    ] Entering safepoint region: GenCollectForAllocation
[10.208s][info ][gc,start     ] GC(83) Pause Young (Allocation Failure)
[10.208s][info ][gc,task      ] GC(83) Using 4 workers of 4 for evacuation
[10.215s][debug][gc,ref       ] GC(83) Skipped phase1 of Reference Processing due to unavailable references
[10.216s][debug][gc,ref       ] GC(83) Skipped phase3 of Reference Processing due to unavailable references
[10.216s][debug][gc,age       ] GC(83) Desired survivor size 15400960 bytes, new threshold 6 (max threshold 6)
[10.216s][info ][gc,heap      ] GC(83) ParNew: 245121K->6331K(270976K)
[10.216s][info ][gc,heap      ] GC(83) CMS: 134248K->134427K(602112K)
[10.216s][info ][gc,metaspace ] GC(83) Metaspace: 38845K->38845K(1085440K)
[10.216s][info ][gc           ] GC(83) Pause Young (Allocation Failure) 370M->137M(852M) 7.235ms
[10.216s][info ][gc,cpu       ] GC(83) User=0.04s Sys=0.00s Real=0.01s
[10.216s][info ][safepoint    ] Leaving safepoint region
[10.216s][info ][safepoint    ] Total time for which application threads were stopped: 0.0076483 seconds, Stopping threads took: 0.0002239 seconds
[10.294s][info ][safepoint    ] Application time: 0.0777974 seconds
[10.294s][info ][safepoint    ] Entering safepoint region: GenCollectForAllocation
[10.294s][info ][gc,start     ] GC(84) Pause Young (Allocation Failure)
[10.294s][info ][gc,task      ] GC(84) Using 4 workers of 4 for evacuation
[10.304s][debug][gc,ref       ] GC(84) Skipped phase1 of Reference Processing due to unavailable references
[10.304s][debug][gc,ref       ] GC(84) Skipped phase3 of Reference Processing due to unavailable references
[10.304s][debug][gc,ref       ] GC(84) Skipped phase4 of Reference Processing due to unavailable references
[10.304s][debug][gc,age       ] GC(84) Desired survivor size 15400960 bytes, new threshold 6 (max threshold 6)
[10.304s][info ][gc,heap      ] GC(84) ParNew: 247227K->8515K(270976K)
[10.304s][info ][gc,heap      ] GC(84) CMS: 134427K->134757K(602112K)
[10.304s][info ][gc,metaspace ] GC(84) Metaspace: 38860K->38860K(1085440K)
[10.304s][info ][gc           ] GC(84) Pause Young (Allocation Failure) 372M->139M(852M) 10.160ms
[10.304s][info ][gc,cpu       ] GC(84) User=0.04s Sys=0.01s Real=0.01s
[10.304s][info ][safepoint    ] Leaving safepoint region
[10.304s][info ][safepoint    ] Total time for which application threads were stopped: 0.0106562 seconds, Stopping threads took: 0.0002802 seconds
[10.307s][info ][safepoint    ] Application time: 0.0028914 seconds
[10.308s][info ][safepoint    ] Entering safepoint region: RevokeBias
[10.308s][info ][safepoint    ] Leaving safepoint region
[10.308s][info ][safepoint    ] Total time for which application threads were stopped: 0.0005969 seconds, Stopping threads took: 0.0004879 seconds
[10.323s][info ][safepoint    ] Application time: 0.0149969 seconds
[10.324s][info ][safepoint    ] Entering safepoint region: RevokeBias
[10.324s][info ][safepoint    ] Leaving safepoint region
[10.324s][info ][safepoint    ] Total time for which application threads were stopped: 0.0013968 seconds, Stopping threads took: 0.0012980 seconds
[10.381s][info ][safepoint    ] Application time: 0.0568373 seconds
[10.381s][info ][safepoint    ] Entering safepoint region: RevokeBias
[10.381s][info ][safepoint    ] Leaving safepoint region
[10.381s][info ][safepoint    ] Total time for which application threads were stopped: 0.0003948 seconds, Stopping threads took: 0.0002829 seconds
[10.382s][info ][safepoint    ] Application time: 0.0008256 seconds
[10.383s][info ][safepoint    ] Entering safepoint region: RevokeBias
[10.383s][info ][safepoint    ] Leaving safepoint region
[10.383s][info ][safepoint    ] Total time for which application threads were stopped: 0.0003060 seconds, Stopping threads took: 0.0002133 seconds
[10.383s][info ][safepoint    ] Application time: 0.0000794 seconds
[10.383s][info ][safepoint    ] Entering safepoint region: RevokeBias
[10.383s][info ][safepoint    ] Leaving safepoint region
[10.383s][info ][safepoint    ] Total time for which application threads were stopped: 0.0001860 seconds, Stopping threads took: 0.0001105 seconds
[10.384s][info ][safepoint    ] Application time: 0.0005794 seconds
[10.384s][info ][safepoint    ] Entering safepoint region: Deoptimize
[10.385s][info ][safepoint    ] Leaving safepoint region
[10.385s][info ][safepoint    ] Total time for which application threads were stopped: 0.0009789 seconds, Stopping threads took: 0.0002271 seconds
[10.385s][info ][safepoint    ] Application time: 0.0002752 seconds
[10.385s][info ][safepoint    ] Entering safepoint region: GenCollectForAllocation
[10.385s][info ][gc,start     ] GC(85) Pause Young (Allocation Failure)
[10.385s][info ][gc,task      ] GC(85) Using 4 workers of 4 for evacuation
[10.398s][debug][gc,ref       ] GC(85) Skipped phase1 of Reference Processing due to unavailable references
[10.398s][debug][gc,ref       ] GC(85) Skipped phase3 of Reference Processing due to unavailable references
[10.398s][debug][gc,age       ] GC(85) Desired survivor size 15400960 bytes, new threshold 6 (max threshold 6)
[10.398s][info ][gc,heap      ] GC(85) ParNew: 249411K->15321K(270976K)
[10.398s][info ][gc,heap      ] GC(85) CMS: 134757K->134931K(602112K)
[10.398s][info ][gc,metaspace ] GC(85) Metaspace: 39538K->39538K(1085440K)
[10.398s][info ][gc           ] GC(85) Pause Young (Allocation Failure) 375M->146M(852M) 13.416ms
[10.398s][info ][gc,cpu       ] GC(85) User=0.07s Sys=0.00s Real=0.01s
[10.399s][info ][safepoint    ] Leaving safepoint region
[10.399s][info ][safepoint    ] Total time for which application threads were stopped: 0.0137075 seconds, Stopping threads took: 0.0001604 seconds
[10.474s][info ][safepoint    ] Application time: 0.0756410 seconds
[10.480s][info ][safepoint    ] Entering safepoint region: GenCollectForAllocation
[10.480s][info ][gc,start     ] GC(86) Pause Young (Allocation Failure)
[10.480s][info ][gc,task      ] GC(86) Using 4 workers of 4 for evacuation
[10.494s][debug][gc,ref       ] GC(86) Skipped phase1 of Reference Processing due to unavailable references
[10.494s][debug][gc,ref       ] GC(86) Skipped phase3 of Reference Processing due to unavailable references
[10.494s][debug][gc,ref       ] GC(86) Skipped phase4 of Reference Processing due to unavailable references
[10.494s][debug][gc,age       ] GC(86) Desired survivor size 15400960 bytes, new threshold 6 (max threshold 6)
[10.494s][info ][gc,heap      ] GC(86) ParNew: 256217K->13131K(270976K)
[10.494s][info ][gc,heap      ] GC(86) CMS: 134931K->135754K(602112K)
[10.494s][info ][gc,metaspace ] GC(86) Metaspace: 39538K->39538K(1085440K)
[10.494s][info ][gc           ] GC(86) Pause Young (Allocation Failure) 381M->145M(852M) 14.332ms
[10.494s][info ][gc,cpu       ] GC(86) User=0.08s Sys=0.00s Real=0.02s
[10.494s][info ][safepoint    ] Leaving safepoint region
[10.494s][info ][safepoint    ] Total time for which application threads were stopped: 0.0201373 seconds, Stopping threads took: 0.0056440 seconds
[10.558s][info ][safepoint    ] Application time: 0.0637558 seconds
[10.558s][info ][safepoint    ] Entering safepoint region: GenCollectForAllocation
[10.559s][info ][gc,start     ] GC(87) Pause Young (Allocation Failure)
[10.559s][info ][gc,task      ] GC(87) Using 4 workers of 4 for evacuation
[10.570s][debug][gc,ref       ] GC(87) Skipped phase1 of Reference Processing due to unavailable references
[10.570s][debug][gc,ref       ] GC(87) Skipped phase3 of Reference Processing due to unavailable references
[10.570s][debug][gc,ref       ] GC(87) Skipped phase4 of Reference Processing due to unavailable references
[10.570s][debug][gc,age       ] GC(87) Desired survivor size 15400960 bytes, new threshold 6 (max threshold 6)
[10.570s][info ][gc,heap      ] GC(87) ParNew: 254027K->13655K(270976K)
[10.570s][info ][gc,heap      ] GC(87) CMS: 135754K->136565K(602112K)
[10.570s][info ][gc,metaspace ] GC(87) Metaspace: 39538K->39538K(1085440K)
[10.570s][info ][gc           ] GC(87) Pause Young (Allocation Failure) 380M->146M(852M) 11.283ms
[10.570s][info ][gc,cpu       ] GC(87) User=0.04s Sys=0.00s Real=0.01s
[10.570s][info ][safepoint    ] Leaving safepoint region
[10.570s][info ][safepoint    ] Total time for which application threads were stopped: 0.0117008 seconds, Stopping threads took: 0.0002442 seconds
[10.631s][info ][safepoint    ] Application time: 0.0612134 seconds
[10.631s][info ][safepoint    ] Entering safepoint region: GenCollectForAllocation
[10.631s][info ][gc,start     ] GC(88) Pause Young (Allocation Failure)
[10.631s][info ][gc,task      ] GC(88) Using 4 workers of 4 for evacuation
[10.642s][debug][gc,ref       ] GC(88) Skipped phase1 of Reference Processing due to unavailable references
[10.642s][debug][gc,ref       ] GC(88) Skipped phase3 of Reference Processing due to unavailable references
[10.642s][debug][gc,ref       ] GC(88) Skipped phase4 of Reference Processing due to unavailable references
[10.642s][debug][gc,age       ] GC(88) Desired survivor size 15400960 bytes, new threshold 6 (max threshold 6)
[10.642s][info ][gc,heap      ] GC(88) ParNew: 254551K->15819K(270976K)
[10.642s][info ][gc,heap      ] GC(88) CMS: 136565K->137322K(602112K)
[10.642s][info ][gc,metaspace ] GC(88) Metaspace: 39538K->39538K(1085440K)
[10.642s][info ][gc           ] GC(88) Pause Young (Allocation Failure) 381M->149M(852M) 10.621ms
[10.642s][info ][gc,cpu       ] GC(88) User=0.05s Sys=0.00s Real=0.00s
[10.642s][info ][safepoint    ] Leaving safepoint region
[10.642s][info ][safepoint    ] Total time for which application threads were stopped: 0.0109190 seconds, Stopping threads took: 0.0001461 seconds
[10.705s][info ][safepoint    ] Application time: 0.0629326 seconds
[10.705s][info ][safepoint    ] Entering safepoint region: GenCollectForAllocation
[10.706s][info ][gc,start     ] GC(89) Pause Young (Allocation Failure)
[10.706s][info ][gc,task      ] GC(89) Using 4 workers of 4 for evacuation
[10.717s][debug][gc,ref       ] GC(89) Skipped phase1 of Reference Processing due to unavailable references
[10.717s][debug][gc,ref       ] GC(89) Skipped phase3 of Reference Processing due to unavailable references
[10.717s][debug][gc,ref       ] GC(89) Skipped phase4 of Reference Processing due to unavailable references
[10.717s][debug][gc,age       ] GC(89) Desired survivor size 15400960 bytes, new threshold 6 (max threshold 6)
[10.717s][info ][gc,heap      ] GC(89) ParNew: 256715K->15011K(270976K)
[10.717s][info ][gc,heap      ] GC(89) CMS: 137322K->138671K(602112K)
[10.717s][info ][gc,metaspace ] GC(89) Metaspace: 39538K->39538K(1085440K)
[10.717s][info ][gc           ] GC(89) Pause Young (Allocation Failure) 384M->150M(852M) 11.292ms
[10.717s][info ][gc,cpu       ] GC(89) User=0.05s Sys=0.00s Real=0.01s
[10.717s][info ][safepoint    ] Leaving safepoint region
[10.717s][info ][safepoint    ] Total time for which application threads were stopped: 0.0117583 seconds, Stopping threads took: 0.0001945 seconds
[10.792s][info ][safepoint    ] Application time: 0.0756103 seconds
[10.793s][info ][safepoint    ] Entering safepoint region: GenCollectForAllocation
[10.793s][info ][gc,start     ] GC(90) Pause Young (Allocation Failure)
[10.793s][info ][gc,task      ] GC(90) Using 4 workers of 4 for evacuation
[10.804s][debug][gc,ref       ] GC(90) Skipped phase1 of Reference Processing due to unavailable references
[10.804s][debug][gc,ref       ] GC(90) Skipped phase3 of Reference Processing due to unavailable references
[10.804s][debug][gc,ref       ] GC(90) Skipped phase4 of Reference Processing due to unavailable references
[10.804s][debug][gc,age       ] GC(90) Desired survivor size 15400960 bytes, new threshold 6 (max threshold 6)
[10.804s][info ][gc,heap      ] GC(90) ParNew: 255907K->5765K(270976K)
[10.804s][info ][gc,heap      ] GC(90) CMS: 138671K->142775K(602112K)
[10.804s][info ][gc,metaspace ] GC(90) Metaspace: 39538K->39538K(1085440K)
[10.804s][info ][gc           ] GC(90) Pause Young (Allocation Failure) 385M->145M(852M) 11.223ms
[10.804s][info ][gc,cpu       ] GC(90) User=0.05s Sys=0.00s Real=0.01s
[10.804s][info ][safepoint    ] Leaving safepoint region
[10.804s][info ][safepoint    ] Total time for which application threads were stopped: 0.0116709 seconds, Stopping threads took: 0.0002474 seconds
[10.890s][info ][safepoint    ] Application time: 0.0862543 seconds
[10.891s][info ][safepoint    ] Entering safepoint region: GenCollectForAllocation
[10.891s][info ][gc,start     ] GC(91) Pause Young (Allocation Failure)
[10.891s][info ][gc,task      ] GC(91) Using 4 workers of 4 for evacuation
[10.899s][debug][gc,ref       ] GC(91) Skipped phase1 of Reference Processing due to unavailable references
[10.900s][debug][gc,ref       ] GC(91) Skipped phase2 of Reference Processing due to unavailable references
[10.900s][debug][gc,ref       ] GC(91) Skipped phase3 of Reference Processing due to unavailable references
[10.900s][debug][gc,ref       ] GC(91) Skipped phase4 of Reference Processing due to unavailable references
[10.900s][debug][gc,age       ] GC(91) Desired survivor size 15400960 bytes, new threshold 6 (max threshold 6)
[10.900s][info ][gc,heap      ] GC(91) ParNew: 246661K->5091K(270976K)
[10.900s][info ][gc,heap      ] GC(91) CMS: 142775K->146993K(602112K)
[10.900s][info ][gc,metaspace ] GC(91) Metaspace: 39538K->39538K(1085440K)
[10.900s][info ][gc           ] GC(91) Pause Young (Allocation Failure) 380M->148M(852M) 8.885ms
[10.900s][info ][gc,cpu       ] GC(91) User=0.03s Sys=0.00s Real=0.00s
[10.900s][info ][safepoint    ] Leaving safepoint region
[10.900s][info ][safepoint    ] Total time for which application threads were stopped: 0.0092429 seconds, Stopping threads took: 0.0002067 seconds
[10.985s][info ][safepoint    ] Application time: 0.0853894 seconds
[10.985s][info ][safepoint    ] Entering safepoint region: GenCollectForAllocation
[10.986s][info ][gc,start     ] GC(92) Pause Young (Allocation Failure)
[10.986s][info ][gc,task      ] GC(92) Using 4 workers of 4 for evacuation
[10.989s][debug][gc,ref       ] GC(92) Skipped phase1 of Reference Processing due to unavailable references
[10.989s][debug][gc,ref       ] GC(92) Skipped phase2 of Reference Processing due to unavailable references
[10.989s][debug][gc,ref       ] GC(92) Skipped phase3 of Reference Processing due to unavailable references
[10.989s][debug][gc,ref       ] GC(92) Skipped phase4 of Reference Processing due to unavailable references
[10.989s][debug][gc,age       ] GC(92) Desired survivor size 15400960 bytes, new threshold 6 (max threshold 6)
[10.989s][info ][gc,heap      ] GC(92) ParNew: 245987K->1559K(270976K)
[10.989s][info ][gc,heap      ] GC(92) CMS: 146993K->147098K(602112K)
[10.989s][info ][gc,metaspace ] GC(92) Metaspace: 39538K->39538K(1085440K)
[10.989s][info ][gc           ] GC(92) Pause Young (Allocation Failure) 383M->145M(852M) 3.431ms
[10.989s][info ][gc,cpu       ] GC(92) User=0.01s Sys=0.00s Real=0.00s
[10.989s][info ][safepoint    ] Leaving safepoint region
[10.989s][info ][safepoint    ] Total time for which application threads were stopped: 0.0038608 seconds, Stopping threads took: 0.0002976 seconds
[11.029s][info ][safepoint    ] Application time: 0.0398063 seconds
[11.029s][info ][safepoint    ] Entering safepoint region: RevokeBias
[11.029s][info ][safepoint    ] Leaving safepoint region
[11.029s][info ][safepoint    ] Total time for which application threads were stopped: 0.0000992 seconds, Stopping threads took: 0.0000350 seconds
[11.063s][info ][safepoint    ] Application time: 0.0340451 seconds
[11.063s][info ][safepoint    ] Entering safepoint region: Deoptimize
[11.064s][info ][safepoint    ] Leaving safepoint region
[11.064s][info ][safepoint    ] Total time for which application threads were stopped: 0.0006985 seconds, Stopping threads took: 0.0000123 seconds
[11.079s][info ][safepoint    ] Application time: 0.0152882 seconds
[11.079s][info ][safepoint    ] Entering safepoint region: RevokeBias
[11.079s][info ][safepoint    ] Leaving safepoint region
[11.079s][info ][safepoint    ] Total time for which application threads were stopped: 0.0000755 seconds, Stopping threads took: 0.0000133 seconds
[11.134s][info ][safepoint    ] Application time: 0.0544768 seconds
[11.134s][info ][safepoint    ] Entering safepoint region: Deoptimize
[11.134s][info ][safepoint    ] Leaving safepoint region
[11.134s][info ][safepoint    ] Total time for which application threads were stopped: 0.0007797 seconds, Stopping threads took: 0.0000485 seconds
[11.147s][info ][safepoint    ] Application time: 0.0121771 seconds
[11.147s][info ][safepoint    ] Entering safepoint region: RevokeBias
[11.147s][info ][safepoint    ] Leaving safepoint region
[11.147s][info ][safepoint    ] Total time for which application threads were stopped: 0.0007595 seconds, Stopping threads took: 0.0006846 seconds
[11.193s][info ][safepoint    ] Application time: 0.0456109 seconds
[11.193s][info ][safepoint    ] Entering safepoint region: RevokeBias
[11.193s][info ][safepoint    ] Leaving safepoint region
[11.193s][info ][safepoint    ] Total time for which application threads were stopped: 0.0001215 seconds, Stopping threads took: 0.0000396 seconds
[11.193s][info ][safepoint    ] Application time: 0.0000896 seconds
[11.193s][info ][safepoint    ] Entering safepoint region: RevokeBias
[11.193s][info ][safepoint    ] Leaving safepoint region
[11.193s][info ][safepoint    ] Total time for which application threads were stopped: 0.0002135 seconds, Stopping threads took: 0.0001069 seconds
[11.440s][info ][safepoint    ] Application time: 0.2461274 seconds
[11.440s][info ][safepoint    ] Entering safepoint region: ICBufferFull
[11.440s][info ][safepoint    ] Leaving safepoint region
[11.440s][info ][safepoint    ] Total time for which application threads were stopped: 0.0002231 seconds, Stopping threads took: 0.0000127 seconds
[11.657s][info ][safepoint    ] Application time: 0.2169280 seconds
[11.657s][info ][safepoint    ] Entering safepoint region: RevokeBias
[11.657s][info ][safepoint    ] Leaving safepoint region
[11.657s][info ][safepoint    ] Total time for which application threads were stopped: 0.0001549 seconds, Stopping threads took: 0.0000141 seconds
[11.891s][info ][safepoint    ] Application time: 0.2342698 seconds
[11.891s][info ][safepoint    ] Entering safepoint region: ICBufferFull
[11.891s][info ][safepoint    ] Leaving safepoint region
[11.891s][info ][safepoint    ] Total time for which application threads were stopped: 0.0001516 seconds, Stopping threads took: 0.0000128 seconds
[12.009s][info ][safepoint    ] Application time: 0.1178219 seconds
[12.009s][info ][safepoint    ] Entering safepoint region: GenCollectForAllocation
[12.009s][info ][gc,start     ] GC(93) Pause Young (Allocation Failure)
[12.009s][info ][gc,task      ] GC(93) Using 4 workers of 4 for evacuation
[12.080s][debug][gc,ref       ] GC(93) Skipped phase1 of Reference Processing due to unavailable references
[12.081s][debug][gc,ref       ] GC(93) Skipped phase3 of Reference Processing due to unavailable references
[12.081s][debug][gc,age       ] GC(93) Desired survivor size 15400960 bytes, new threshold 1 (max threshold 6)
[12.081s][info ][gc,heap      ] GC(93) ParNew: 242455K->30079K(270976K)
[12.081s][info ][gc,heap      ] GC(93) CMS: 147098K->188505K(602112K)
[12.081s][info ][gc,metaspace ] GC(93) Metaspace: 42305K->42305K(1087488K)
[12.081s][info ][gc           ] GC(93) Pause Young (Allocation Failure) 380M->213M(852M) 71.256ms
[12.081s][info ][gc,cpu       ] GC(93) User=0.24s Sys=0.02s Real=0.07s
[12.081s][info ][safepoint    ] Leaving safepoint region
[12.081s][info ][safepoint    ] Total time for which application threads were stopped: 0.0714566 seconds, Stopping threads took: 0.0000170 seconds
[12.101s][info ][safepoint    ] Application time: 0.0205835 seconds
[12.101s][info ][safepoint    ] Entering safepoint region: RevokeBias
[12.101s][info ][safepoint    ] Leaving safepoint region
[12.101s][info ][safepoint    ] Total time for which application threads were stopped: 0.0000897 seconds, Stopping threads took: 0.0000145 seconds
[12.119s][info ][safepoint    ] Application time: 0.0177160 seconds
[12.119s][info ][safepoint    ] Entering safepoint region: Deoptimize
[12.120s][info ][safepoint    ] Leaving safepoint region
[12.120s][info ][safepoint    ] Total time for which application threads were stopped: 0.0008993 seconds, Stopping threads took: 0.0000771 seconds
[12.129s][info ][safepoint    ] Application time: 0.0087101 seconds
[12.129s][info ][safepoint    ] Entering safepoint region: CollectForMetadataAllocation
[12.129s][info ][safepoint    ] Leaving safepoint region
[12.129s][info ][safepoint    ] Total time for which application threads were stopped: 0.0002286 seconds, Stopping threads took: 0.0000955 seconds
[12.131s][info ][safepoint    ] Application time: 0.0020578 seconds
[12.131s][info ][safepoint    ] Entering safepoint region: RevokeBias
[12.131s][info ][safepoint    ] Leaving safepoint region
[12.131s][info ][safepoint    ] Total time for which application threads were stopped: 0.0001676 seconds, Stopping threads took: 0.0000723 seconds
[12.239s][info ][safepoint    ] Application time: 0.1071858 seconds
[12.239s][info ][safepoint    ] Entering safepoint region: CollectForMetadataAllocation
[12.239s][info ][safepoint    ] Leaving safepoint region
[12.239s][info ][safepoint    ] Total time for which application threads were stopped: 0.0001738 seconds, Stopping threads took: 0.0000133 seconds
[12.248s][info ][safepoint    ] Application time: 0.0093308 seconds
[12.248s][info ][safepoint    ] Entering safepoint region: CollectForMetadataAllocation
[12.248s][info ][safepoint    ] Leaving safepoint region
[12.248s][info ][safepoint    ] Total time for which application threads were stopped: 0.0001680 seconds, Stopping threads took: 0.0000234 seconds
[12.286s][info ][safepoint    ] Application time: 0.0377178 seconds
[12.286s][info ][safepoint    ] Entering safepoint region: CollectForMetadataAllocation
[12.286s][info ][safepoint    ] Leaving safepoint region
[12.286s][info ][safepoint    ] Total time for which application threads were stopped: 0.0001524 seconds, Stopping threads took: 0.0000326 seconds
[12.468s][info ][safepoint    ] Application time: 0.1821739 seconds
[12.468s][info ][safepoint    ] Entering safepoint region: CollectForMetadataAllocation
[12.469s][info ][safepoint    ] Leaving safepoint region
[12.469s][info ][safepoint    ] Total time for which application threads were stopped: 0.0001926 seconds, Stopping threads took: 0.0000330 seconds
[12.588s][info ][safepoint    ] Application time: 0.1189099 seconds
[12.588s][info ][safepoint    ] Entering safepoint region: CollectForMetadataAllocation
[12.588s][info ][safepoint    ] Leaving safepoint region
[12.588s][info ][safepoint    ] Total time for which application threads were stopped: 0.0002265 seconds, Stopping threads took: 0.0000204 seconds
[12.593s][info ][safepoint    ] Application time: 0.0050864 seconds
[12.593s][info ][safepoint    ] Entering safepoint region: BulkRevokeBias
[12.593s][info ][safepoint    ] Leaving safepoint region
[12.593s][info ][safepoint    ] Total time for which application threads were stopped: 0.0002880 seconds, Stopping threads took: 0.0000156 seconds
[12.594s][info ][safepoint    ] Application time: 0.0011607 seconds
[12.594s][info ][safepoint    ] Entering safepoint region: RevokeBias
[12.594s][info ][safepoint    ] Leaving safepoint region
[12.594s][info ][safepoint    ] Total time for which application threads were stopped: 0.0000646 seconds, Stopping threads took: 0.0000126 seconds
[12.595s][info ][safepoint    ] Application time: 0.0000785 seconds
[12.595s][info ][safepoint    ] Entering safepoint region: RevokeBias
[12.595s][info ][safepoint    ] Leaving safepoint region
[12.595s][info ][safepoint    ] Total time for which application threads were stopped: 0.0000442 seconds, Stopping threads took: 0.0000130 seconds
[12.595s][info ][safepoint    ] Application time: 0.0001722 seconds
[12.595s][info ][safepoint    ] Entering safepoint region: RevokeBias
[12.595s][info ][safepoint    ] Leaving safepoint region
[12.595s][info ][safepoint    ] Total time for which application threads were stopped: 0.0000420 seconds, Stopping threads took: 0.0000120 seconds
[12.595s][info ][safepoint    ] Application time: 0.0000989 seconds
[12.595s][info ][safepoint    ] Entering safepoint region: RevokeBias
[12.595s][info ][safepoint    ] Leaving safepoint region
[12.595s][info ][safepoint    ] Total time for which application threads were stopped: 0.0000316 seconds, Stopping threads took: 0.0000079 seconds
[12.600s][info ][safepoint    ] Application time: 0.0047026 seconds
[12.600s][info ][safepoint    ] Entering safepoint region: RevokeBias
[12.600s][info ][safepoint    ] Leaving safepoint region
[12.600s][info ][safepoint    ] Total time for which application threads were stopped: 0.0001307 seconds, Stopping threads took: 0.0000624 seconds
[12.600s][info ][safepoint    ] Application time: 0.0000672 seconds
[12.600s][info ][safepoint    ] Entering safepoint region: RevokeBias
[12.600s][info ][safepoint    ] Leaving safepoint region
[12.600s][info ][safepoint    ] Total time for which application threads were stopped: 0.0000458 seconds, Stopping threads took: 0.0000122 seconds
[12.629s][info ][safepoint    ] Application time: 0.0288714 seconds
[12.629s][info ][safepoint    ] Entering safepoint region: CollectForMetadataAllocation
[12.629s][info ][safepoint    ] Leaving safepoint region
[12.629s][info ][safepoint    ] Total time for which application threads were stopped: 0.0001744 seconds, Stopping threads took: 0.0000141 seconds
[12.674s][info ][safepoint    ] Application time: 0.0444876 seconds
[12.674s][info ][safepoint    ] Entering safepoint region: Deoptimize
[12.674s][info ][safepoint    ] Leaving safepoint region
[12.675s][info ][safepoint    ] Total time for which application threads were stopped: 0.0009183 seconds, Stopping threads took: 0.0000145 seconds
[12.681s][info ][safepoint    ] Application time: 0.0061817 seconds
[12.681s][info ][safepoint    ] Entering safepoint region: CollectForMetadataAllocation
[12.681s][info ][safepoint    ] Leaving safepoint region
[12.681s][info ][safepoint    ] Total time for which application threads were stopped: 0.0001998 seconds, Stopping threads took: 0.0000496 seconds
[12.919s][info ][safepoint    ] Application time: 0.2382122 seconds
[12.919s][info ][safepoint    ] Entering safepoint region: ICBufferFull
[12.919s][info ][safepoint    ] Leaving safepoint region
[12.919s][info ][safepoint    ] Total time for which application threads were stopped: 0.0002279 seconds, Stopping threads took: 0.0000774 seconds
[13.034s][info ][safepoint    ] Application time: 0.1143654 seconds
[13.034s][info ][safepoint    ] Entering safepoint region: ICBufferFull
[13.034s][info ][safepoint    ] Leaving safepoint region
[13.034s][info ][safepoint    ] Total time for which application threads were stopped: 0.0002329 seconds, Stopping threads took: 0.0000414 seconds
[13.342s][info ][safepoint    ] Application time: 0.3078952 seconds
[13.342s][info ][safepoint    ] Entering safepoint region: CollectForMetadataAllocation
[13.342s][info ][safepoint    ] Leaving safepoint region
[13.342s][info ][safepoint    ] Total time for which application threads were stopped: 0.0002018 seconds, Stopping threads took: 0.0000294 seconds
[13.438s][info ][safepoint    ] Application time: 0.0954134 seconds
[13.438s][info ][safepoint    ] Entering safepoint region: ICBufferFull
[13.438s][info ][safepoint    ] Leaving safepoint region
[13.438s][info ][safepoint    ] Total time for which application threads were stopped: 0.0001681 seconds, Stopping threads took: 0.0000151 seconds
[13.531s][info ][safepoint    ] Application time: 0.0932012 seconds
[13.531s][info ][safepoint    ] Entering safepoint region: ICBufferFull
[13.531s][info ][safepoint    ] Leaving safepoint region
[13.531s][info ][safepoint    ] Total time for which application threads were stopped: 0.0001682 seconds, Stopping threads took: 0.0000148 seconds
[13.678s][info ][safepoint    ] Application time: 0.1471621 seconds
[13.678s][info ][safepoint    ] Entering safepoint region: ICBufferFull
[13.679s][info ][safepoint    ] Leaving safepoint region
[13.679s][info ][safepoint    ] Total time for which application threads were stopped: 0.0001996 seconds, Stopping threads took: 0.0000148 seconds
[13.880s][info ][safepoint    ] Application time: 0.2014573 seconds
[13.880s][info ][safepoint    ] Entering safepoint region: ICBufferFull
[13.880s][info ][safepoint    ] Leaving safepoint region
[13.880s][info ][safepoint    ] Total time for which application threads were stopped: 0.0001953 seconds, Stopping threads took: 0.0000139 seconds
[13.889s][info ][safepoint    ] Application time: 0.0089556 seconds
[13.889s][info ][safepoint    ] Entering safepoint region: CollectForMetadataAllocation
[13.889s][info ][safepoint    ] Leaving safepoint region
[13.889s][info ][safepoint    ] Total time for which application threads were stopped: 0.0001838 seconds, Stopping threads took: 0.0000555 seconds
[14.081s][info ][safepoint    ] Application time: 0.1911792 seconds
[14.081s][info ][safepoint    ] Entering safepoint region: CMS_Initial_Mark
[14.081s][info ][gc,start     ] GC(94) Pause Initial Mark
[14.109s][info ][gc           ] GC(94) Pause Initial Mark 358M->358M(852M) 28.013ms
[14.109s][info ][gc,cpu       ] GC(94) User=0.11s Sys=0.00s Real=0.03s
[14.109s][info ][safepoint    ] Leaving safepoint region
[14.109s][info ][safepoint    ] Total time for which application threads were stopped: 0.0282740 seconds, Stopping threads took: 0.0000493 seconds
[14.109s][info ][gc           ] GC(94) Concurrent Mark
[14.341s][info ][gc           ] GC(94) Concurrent Mark 232.441ms
[14.342s][info ][gc,cpu       ] GC(94) User=0.58s Sys=0.03s Real=0.23s
[14.342s][info ][gc           ] GC(94) Concurrent Preclean
[14.342s][debug][gc,ref       ] GC(94) Preclean SoftReferences 0.001ms
[14.342s][debug][gc,ref       ] GC(94) Preclean WeakReferences 0.017ms
[14.342s][debug][gc,ref       ] GC(94) Preclean FinalReferences 0.000ms
[14.342s][debug][gc,ref       ] GC(94) Preclean PhantomReferences 0.001ms
[14.347s][info ][gc           ] GC(94) Concurrent Preclean 4.994ms
[14.347s][info ][gc,cpu       ] GC(94) User=0.02s Sys=0.00s Real=0.01s
[14.347s][info ][gc           ] GC(94) Concurrent Abortable Preclean
[14.629s][info ][safepoint    ] Application time: 0.5205124 seconds
[14.629s][info ][safepoint    ] Entering safepoint region: ICBufferFull
[14.630s][info ][safepoint    ] Leaving safepoint region
[14.630s][info ][safepoint    ] Total time for which application threads were stopped: 0.0001678 seconds, Stopping threads took: 0.0000144 seconds
[14.944s][info ][safepoint    ] Application time: 0.3142395 seconds
[14.944s][info ][safepoint    ] Entering safepoint region: ICBufferFull
[14.944s][info ][safepoint    ] Leaving safepoint region
[14.944s][info ][safepoint    ] Total time for which application threads were stopped: 0.0002811 seconds, Stopping threads took: 0.0000880 seconds
[14.949s][info ][safepoint    ] Application time: 0.0047017 seconds
[14.949s][info ][safepoint    ] Entering safepoint region: ICBufferFull
[14.949s][info ][safepoint    ] Leaving safepoint region
[14.949s][info ][safepoint    ] Total time for which application threads were stopped: 0.0001997 seconds, Stopping threads took: 0.0000133 seconds
[14.950s][info ][safepoint    ] Application time: 0.0012022 seconds
[14.950s][info ][safepoint    ] Entering safepoint region: ICBufferFull
[14.950s][info ][safepoint    ] Leaving safepoint region
[14.951s][info ][safepoint    ] Total time for which application threads were stopped: 0.0001502 seconds, Stopping threads took: 0.0000207 seconds
[15.479s][info ][safepoint    ] Application time: 0.5289081 seconds
[15.479s][info ][safepoint    ] Entering safepoint region: ICBufferFull
[15.480s][info ][safepoint    ] Leaving safepoint region
[15.480s][info ][safepoint    ] Total time for which application threads were stopped: 0.0002246 seconds, Stopping threads took: 0.0000151 seconds
[16.480s][info ][safepoint    ] Application time: 1.0001189 seconds
[16.480s][info ][safepoint    ] Entering safepoint region: Cleanup
[16.480s][info ][safepoint    ] Leaving safepoint region
[16.480s][info ][safepoint    ] Total time for which application threads were stopped: 0.0002466 seconds, Stopping threads took: 0.0000621 seconds
[16.830s][info ][safepoint    ] Application time: 0.3502634 seconds
[16.830s][info ][safepoint    ] Entering safepoint region: CollectForMetadataAllocation
[16.831s][info ][safepoint    ] Leaving safepoint region
[16.831s][info ][safepoint    ] Total time for which application threads were stopped: 0.0001816 seconds, Stopping threads took: 0.0000224 seconds
[17.831s][info ][safepoint    ] Application time: 1.0001389 seconds
[17.831s][info ][safepoint    ] Entering safepoint region: Cleanup
[17.831s][info ][safepoint    ] Leaving safepoint region
[17.831s][info ][safepoint    ] Total time for which application threads were stopped: 0.0002206 seconds, Stopping threads took: 0.0000586 seconds
[18.242s][info ][safepoint    ] Application time: 0.4107068 seconds
[18.242s][info ][safepoint    ] Entering safepoint region: GenCollectForAllocation
[18.242s][info ][gc,start     ] GC(95) Pause Young (Allocation Failure)
[18.242s][info ][gc,task      ] GC(95) Using 4 workers of 4 for evacuation
[18.265s][debug][gc,ref       ] GC(95) Skipped phase1 of Reference Processing due to unavailable references
[18.265s][debug][gc,ref       ] GC(95) Skipped phase3 of Reference Processing due to unavailable references
[18.265s][debug][gc,age       ] GC(95) Desired survivor size 15400960 bytes, new threshold 6 (max threshold 6)
[18.265s][info ][gc,heap      ] GC(95) ParNew: 270975K->28506K(270976K)
[18.265s][info ][gc,heap      ] GC(95) CMS: 188505K->202263K(602112K)
[18.265s][info ][gc,metaspace ] GC(95) Metaspace: 45627K->45627K(1091584K)
[18.266s][info ][gc           ] GC(95) Pause Young (Allocation Failure) 448M->225M(852M) 23.636ms
[18.266s][info ][gc,cpu       ] GC(95) User=0.08s Sys=0.00s Real=0.03s
[18.266s][info ][safepoint    ] Leaving safepoint region
[18.266s][info ][safepoint    ] Total time for which application threads were stopped: 0.0238245 seconds, Stopping threads took: 0.0000149 seconds
[19.266s][info ][safepoint    ] Application time: 1.0001337 seconds
[19.266s][info ][safepoint    ] Entering safepoint region: Cleanup
[19.266s][info ][safepoint    ] Leaving safepoint region
[19.266s][info ][safepoint    ] Total time for which application threads were stopped: 0.0001610 seconds, Stopping threads took: 0.0000174 seconds
[19.472s][info ][gc           ] GC(94) Concurrent Abortable Preclean 5125.231ms
[19.472s][info ][gc,cpu       ] GC(94) User=6.89s Sys=0.28s Real=5.13s
[19.472s][info ][safepoint    ] Application time: 0.2060658 seconds
[19.472s][info ][safepoint    ] Entering safepoint region: CMS_Final_Remark
[19.472s][info ][gc,start     ] GC(94) Pause Remark
[19.482s][debug][gc,phases    ] GC(94) Rescan (parallel) 9.546ms
[19.482s][debug][gc,ref       ] GC(94) Skipped phase1 of Reference Processing due to unavailable references
[19.482s][debug][gc,ref       ] GC(94) Skipped phase2 of Reference Processing due to unavailable references
[19.482s][debug][gc,ref       ] GC(94) Skipped phase3 of Reference Processing due to unavailable references
[19.482s][debug][gc,ref       ] GC(94) Skipped phase4 of Reference Processing due to unavailable references
[19.482s][debug][gc,phases    ] GC(94) Reference Processing 0.032ms
[19.482s][debug][gc,phases    ] GC(94) Weak Processing 0.123ms
[19.483s][debug][gc,phases    ] GC(94) ClassLoaderData 1.168ms
[19.483s][debug][gc,phases    ] GC(94) Dictionary 0.018ms
[19.483s][debug][gc,phases    ] GC(94) ProtectionDomainCacheTable 0.003ms
[19.483s][debug][gc,phases    ] GC(94) ResolvedMethodTable 0.148ms
[19.506s][debug][gc,phases    ] GC(94) Class Unloading 23.786ms
[19.509s][debug][gc,phases    ] GC(94) Scrub Symbol Table 3.717ms
[19.510s][debug][gc,phases    ] GC(94) Scrub String Table 0.387ms
[19.510s][info ][gc           ] GC(94) Pause Remark 265M->265M(852M) 38.355ms
[19.510s][info ][gc,cpu       ] GC(94) User=0.10s Sys=0.01s Real=0.04s
[19.510s][info ][safepoint    ] Leaving safepoint region
[19.510s][info ][safepoint    ] Total time for which application threads were stopped: 0.0384795 seconds, Stopping threads took: 0.0000157 seconds
[19.511s][info ][gc           ] GC(94) Concurrent Sweep
[19.515s][info ][safepoint    ] Application time: 0.0043445 seconds
[19.515s][info ][safepoint    ] Entering safepoint region: ICBufferFull
[19.515s][info ][safepoint    ] Leaving safepoint region
[19.515s][info ][safepoint    ] Total time for which application threads were stopped: 0.0002241 seconds, Stopping threads took: 0.0000152 seconds
[19.616s][info ][gc           ] GC(94) Concurrent Sweep 105.356ms
[19.616s][info ][gc,cpu       ] GC(94) User=0.23s Sys=0.00s Real=0.10s
[19.616s][info ][gc           ] GC(94) Concurrent Reset
[19.625s][info ][gc           ] GC(94) Concurrent Reset 8.835ms
[19.625s][info ][gc,cpu       ] GC(94) User=0.01s Sys=0.00s Real=0.01s
[19.625s][info ][gc,heap      ] GC(94) Old: 188505K->168290K(602112K)
[19.729s][info ][safepoint    ] Application time: 0.2142728 seconds
[19.729s][info ][safepoint    ] Entering safepoint region: ICBufferFull
[19.730s][info ][safepoint    ] Leaving safepoint region
[19.730s][info ][safepoint    ] Total time for which application threads were stopped: 0.0003422 seconds, Stopping threads took: 0.0000146 seconds
[20.730s][info ][safepoint    ] Application time: 1.0000785 seconds
[20.730s][info ][safepoint    ] Entering safepoint region: Cleanup
[20.730s][info ][safepoint    ] Leaving safepoint region
[20.730s][info ][safepoint    ] Total time for which application threads were stopped: 0.0001359 seconds, Stopping threads took: 0.0000351 seconds
[21.730s][info ][safepoint    ] Application time: 1.0000970 seconds
[21.730s][info ][safepoint    ] Entering safepoint region: Cleanup
[21.730s][info ][safepoint    ] Leaving safepoint region
[21.730s][info ][safepoint    ] Total time for which application threads were stopped: 0.0002054 seconds, Stopping threads took: 0.0000552 seconds
[22.594s][info ][safepoint    ] Application time: 0.8632941 seconds
[22.594s][info ][safepoint    ] Entering safepoint region: RevokeBias
[22.594s][info ][safepoint    ] Leaving safepoint region
[22.594s][info ][safepoint    ] Total time for which application threads were stopped: 0.0001315 seconds, Stopping threads took: 0.0000478 seconds
[23.594s][info ][safepoint    ] Application time: 1.0001083 seconds
[23.594s][info ][safepoint    ] Entering safepoint region: Cleanup
[23.594s][info ][safepoint    ] Leaving safepoint region
[23.594s][info ][safepoint    ] Total time for which application threads were stopped: 0.0001424 seconds, Stopping threads took: 0.0000152 seconds
[24.594s][info ][safepoint    ] Application time: 1.0000617 seconds
[24.594s][info ][safepoint    ] Entering safepoint region: Cleanup
[24.594s][info ][safepoint    ] Leaving safepoint region
[24.594s][info ][safepoint    ] Total time for which application threads were stopped: 0.0000986 seconds, Stopping threads took: 0.0000282 seconds
[25.594s][info ][safepoint    ] Application time: 1.0000892 seconds
[25.594s][info ][safepoint    ] Entering safepoint region: Cleanup
[25.595s][info ][safepoint    ] Leaving safepoint region
[25.595s][info ][safepoint    ] Total time for which application threads were stopped: 0.0001514 seconds, Stopping threads took: 0.0000655 seconds
[26.595s][info ][safepoint    ] Application time: 1.0000953 seconds
[26.595s][info ][safepoint    ] Entering safepoint region: Cleanup
[26.595s][info ][safepoint    ] Leaving safepoint region
[26.595s][info ][safepoint    ] Total time for which application threads were stopped: 0.0001415 seconds, Stopping threads took: 0.0000162 seconds
[27.595s][info ][safepoint    ] Application time: 1.0001055 seconds
[27.595s][info ][safepoint    ] Entering safepoint region: Cleanup
[27.595s][info ][safepoint    ] Leaving safepoint region
[27.595s][info ][safepoint    ] Total time for which application threads were stopped: 0.0002141 seconds, Stopping threads took: 0.0000159 seconds
[28.595s][info ][safepoint    ] Application time: 1.0000976 seconds
[28.595s][info ][safepoint    ] Entering safepoint region: Cleanup
[28.595s][info ][safepoint    ] Leaving safepoint region
[28.595s][info ][safepoint    ] Total time for which application threads were stopped: 0.0000935 seconds, Stopping threads took: 0.0000160 seconds
[29.478s][info ][safepoint    ] Application time: 0.8822323 seconds
[29.478s][info ][safepoint    ] Entering safepoint region: GenCollectForAllocation
[29.478s][info ][gc,start     ] GC(96) Pause Young (Allocation Failure)
[29.478s][info ][gc,task      ] GC(96) Using 4 workers of 4 for evacuation
[29.497s][debug][gc,ref       ] GC(96) Skipped phase1 of Reference Processing due to unavailable references
[29.497s][debug][gc,ref       ] GC(96) Skipped phase3 of Reference Processing due to unavailable references
[29.497s][debug][gc,age       ] GC(96) Desired survivor size 15400960 bytes, new threshold 6 (max threshold 6)
[29.498s][info ][gc,heap      ] GC(96) ParNew: 269402K->19776K(270976K)
[29.498s][info ][gc,heap      ] GC(96) CMS: 168290K->168290K(602112K)
[29.498s][info ][gc,metaspace ] GC(96) Metaspace: 45665K->45665K(1091584K)
[29.498s][info ][gc           ] GC(96) Pause Young (Allocation Failure) 427M->183M(852M) 19.737ms
[29.498s][info ][gc,cpu       ] GC(96) User=0.08s Sys=0.00s Real=0.02s
[29.498s][info ][safepoint    ] Leaving safepoint region
[29.498s][info ][safepoint    ] Total time for which application threads were stopped: 0.0198821 seconds, Stopping threads took: 0.0000148 seconds
[30.498s][info ][safepoint    ] Application time: 1.0001099 seconds
[30.498s][info ][safepoint    ] Entering safepoint region: Cleanup
[30.498s][info ][safepoint    ] Leaving safepoint region
[30.498s][info ][safepoint    ] Total time for which application threads were stopped: 0.0001852 seconds, Stopping threads took: 0.0000162 seconds
[31.498s][info ][safepoint    ] Application time: 1.0000867 seconds
[31.498s][info ][safepoint    ] Entering safepoint region: Cleanup
[31.498s][info ][safepoint    ] Leaving safepoint region
[31.498s][info ][safepoint    ] Total time for which application threads were stopped: 0.0001344 seconds, Stopping threads took: 0.0000288 seconds
[32.498s][info ][safepoint    ] Application time: 1.0000868 seconds
[32.498s][info ][safepoint    ] Entering safepoint region: Cleanup
[32.498s][info ][safepoint    ] Leaving safepoint region
[32.498s][info ][safepoint    ] Total time for which application threads were stopped: 0.0000939 seconds, Stopping threads took: 0.0000170 seconds
[33.499s][info ][safepoint    ] Application time: 1.0001023 seconds
[33.499s][info ][safepoint    ] Entering safepoint region: Cleanup
[33.499s][info ][safepoint    ] Leaving safepoint region
[33.499s][info ][safepoint    ] Total time for which application threads were stopped: 0.0000778 seconds, Stopping threads took: 0.0000187 seconds
[34.499s][info ][safepoint    ] Application time: 1.0001175 seconds
[34.499s][info ][safepoint    ] Entering safepoint region: Cleanup
[34.499s][info ][safepoint    ] Leaving safepoint region
[34.499s][info ][safepoint    ] Total time for which application threads were stopped: 0.0000725 seconds, Stopping threads took: 0.0000174 seconds
[35.499s][info ][safepoint    ] Application time: 1.0000888 seconds
[35.499s][info ][safepoint    ] Entering safepoint region: Cleanup
[35.499s][info ][safepoint    ] Leaving safepoint region
[35.499s][info ][safepoint    ] Total time for which application threads were stopped: 0.0000786 seconds, Stopping threads took: 0.0000175 seconds
[36.499s][info ][safepoint    ] Application time: 1.0000825 seconds
[36.499s][info ][safepoint    ] Entering safepoint region: Cleanup
[36.499s][info ][safepoint    ] Leaving safepoint region
[36.499s][info ][safepoint    ] Total time for which application threads were stopped: 0.0000749 seconds, Stopping threads took: 0.0000166 seconds
[37.499s][info ][safepoint    ] Application time: 1.0001143 seconds
[37.499s][info ][safepoint    ] Entering safepoint region: Cleanup
[37.499s][info ][safepoint    ] Leaving safepoint region
[37.499s][info ][safepoint    ] Total time for which application threads were stopped: 0.0000668 seconds, Stopping threads took: 0.0000181 seconds
[38.500s][info ][safepoint    ] Application time: 1.0000919 seconds
[38.500s][info ][safepoint    ] Entering safepoint region: Cleanup
[38.500s][info ][safepoint    ] Leaving safepoint region
[38.500s][info ][safepoint    ] Total time for which application threads were stopped: 0.0000924 seconds, Stopping threads took: 0.0000199 seconds
[39.500s][info ][safepoint    ] Application time: 1.0000876 seconds
[39.500s][info ][safepoint    ] Entering safepoint region: Cleanup
[39.500s][info ][safepoint    ] Leaving safepoint region
[39.500s][info ][safepoint    ] Total time for which application threads were stopped: 0.0000674 seconds, Stopping threads took: 0.0000174 seconds
[40.500s][info ][safepoint    ] Application time: 1.0000858 seconds
[40.500s][info ][safepoint    ] Entering safepoint region: Cleanup
[40.500s][info ][safepoint    ] Leaving safepoint region
[40.500s][info ][safepoint    ] Total time for which application threads were stopped: 0.0000665 seconds, Stopping threads took: 0.0000170 seconds
[41.500s][info ][safepoint    ] Application time: 1.0000718 seconds
[41.500s][info ][safepoint    ] Entering safepoint region: Cleanup
[41.500s][info ][safepoint    ] Leaving safepoint region
[41.500s][info ][safepoint    ] Total time for which application threads were stopped: 0.0000726 seconds, Stopping threads took: 0.0000174 seconds
[42.500s][info ][safepoint    ] Application time: 1.0000984 seconds
[42.500s][info ][safepoint    ] Entering safepoint region: Cleanup
[42.501s][info ][safepoint    ] Leaving safepoint region
[42.501s][info ][safepoint    ] Total time for which application threads were stopped: 0.0000651 seconds, Stopping threads took: 0.0000162 seconds
[43.501s][info ][safepoint    ] Application time: 1.0000899 seconds
[43.501s][info ][safepoint    ] Entering safepoint region: Cleanup
[43.501s][info ][safepoint    ] Leaving safepoint region
[43.501s][info ][safepoint    ] Total time for which application threads were stopped: 0.0000880 seconds, Stopping threads took: 0.0000163 seconds
[44.501s][info ][safepoint    ] Application time: 1.0000859 seconds
[44.501s][info ][safepoint    ] Entering safepoint region: Cleanup
[44.501s][info ][safepoint    ] Leaving safepoint region
[44.501s][info ][safepoint    ] Total time for which application threads were stopped: 0.0000710 seconds, Stopping threads took: 0.0000178 seconds
[45.501s][info ][safepoint    ] Application time: 1.0000991 seconds
[45.501s][info ][safepoint    ] Entering safepoint region: Cleanup
[45.501s][info ][safepoint    ] Leaving safepoint region
[45.501s][info ][safepoint    ] Total time for which application threads were stopped: 0.0000761 seconds, Stopping threads took: 0.0000166 seconds
[46.501s][info ][safepoint    ] Application time: 1.0000580 seconds
[46.501s][info ][safepoint    ] Entering safepoint region: Cleanup
[46.501s][info ][safepoint    ] Leaving safepoint region
[46.501s][info ][safepoint    ] Total time for which application threads were stopped: 0.0000753 seconds, Stopping threads took: 0.0000171 seconds
[47.501s][info ][safepoint    ] Application time: 1.0000945 seconds
[47.501s][info ][safepoint    ] Entering safepoint region: Cleanup
[47.502s][info ][safepoint    ] Leaving safepoint region
[47.502s][info ][safepoint    ] Total time for which application threads were stopped: 0.0000712 seconds, Stopping threads took: 0.0000162 seconds
[48.502s][info ][safepoint    ] Application time: 1.0001008 seconds
[48.502s][info ][safepoint    ] Entering safepoint region: Cleanup
[48.502s][info ][safepoint    ] Leaving safepoint region
[48.502s][info ][safepoint    ] Total time for which application threads were stopped: 0.0000749 seconds, Stopping threads took: 0.0000175 seconds
[49.502s][info ][safepoint    ] Application time: 1.0000737 seconds
[49.502s][info ][safepoint    ] Entering safepoint region: Cleanup
[49.502s][info ][safepoint    ] Leaving safepoint region
[49.502s][info ][safepoint    ] Total time for which application threads were stopped: 0.0000851 seconds, Stopping threads took: 0.0000174 seconds
[50.502s][info ][safepoint    ] Application time: 1.0000890 seconds
[50.502s][info ][safepoint    ] Entering safepoint region: Cleanup
[50.502s][info ][safepoint    ] Leaving safepoint region
[50.502s][info ][safepoint    ] Total time for which application threads were stopped: 0.0000689 seconds, Stopping threads took: 0.0000199 seconds
[51.502s][info ][safepoint    ] Application time: 1.0000892 seconds
[51.502s][info ][safepoint    ] Entering safepoint region: Cleanup
[51.502s][info ][safepoint    ] Leaving safepoint region
[51.502s][info ][safepoint    ] Total time for which application threads were stopped: 0.0000783 seconds, Stopping threads took: 0.0000170 seconds
[52.503s][info ][safepoint    ] Application time: 1.0000981 seconds
[52.503s][info ][safepoint    ] Entering safepoint region: Cleanup
[52.503s][info ][safepoint    ] Leaving safepoint region
[52.503s][info ][safepoint    ] Total time for which application threads were stopped: 0.0000662 seconds, Stopping threads took: 0.0000163 seconds
[53.503s][info ][safepoint    ] Application time: 1.0000466 seconds
[53.503s][info ][safepoint    ] Entering safepoint region: Cleanup
[53.503s][info ][safepoint    ] Leaving safepoint region
[53.503s][info ][safepoint    ] Total time for which application threads were stopped: 0.0000824 seconds, Stopping threads took: 0.0000176 seconds
[54.503s][info ][safepoint    ] Application time: 1.0001071 seconds
[54.503s][info ][safepoint    ] Entering safepoint region: Cleanup
[54.503s][info ][safepoint    ] Leaving safepoint region
[54.503s][info ][safepoint    ] Total time for which application threads were stopped: 0.0000641 seconds, Stopping threads took: 0.0000165 seconds
[55.503s][info ][safepoint    ] Application time: 1.0000980 seconds
[55.503s][info ][safepoint    ] Entering safepoint region: Cleanup
[55.503s][info ][safepoint    ] Leaving safepoint region
[55.503s][info ][safepoint    ] Total time for which application threads were stopped: 0.0000808 seconds, Stopping threads took: 0.0000167 seconds
[56.503s][info ][safepoint    ] Application time: 1.0000990 seconds
[56.503s][info ][safepoint    ] Entering safepoint region: Cleanup
[56.503s][info ][safepoint    ] Leaving safepoint region
[56.503s][info ][safepoint    ] Total time for which application threads were stopped: 0.0000668 seconds, Stopping threads took: 0.0000171 seconds
[57.504s][info ][safepoint    ] Application time: 1.0000902 seconds
[57.504s][info ][safepoint    ] Entering safepoint region: Cleanup
[57.504s][info ][safepoint    ] Leaving safepoint region
[57.504s][info ][safepoint    ] Total time for which application threads were stopped: 0.0000814 seconds, Stopping threads took: 0.0000167 seconds
[58.504s][info ][safepoint    ] Application time: 1.0000939 seconds
[58.504s][info ][safepoint    ] Entering safepoint region: Cleanup
[58.504s][info ][safepoint    ] Leaving safepoint region
[58.504s][info ][safepoint    ] Total time for which application threads were stopped: 0.0000699 seconds, Stopping threads took: 0.0000181 seconds
[59.504s][info ][safepoint    ] Application time: 1.0001020 seconds
[59.504s][info ][safepoint    ] Entering safepoint region: Cleanup
[59.504s][info ][safepoint    ] Leaving safepoint region
[59.504s][info ][safepoint    ] Total time for which application threads were stopped: 0.0000784 seconds, Stopping threads took: 0.0000170 seconds
[60.504s][info ][safepoint    ] Application time: 1.0000806 seconds
[60.504s][info ][safepoint    ] Entering safepoint region: Cleanup
[60.504s][info ][safepoint    ] Leaving safepoint region
[60.504s][info ][safepoint    ] Total time for which application threads were stopped: 0.0000937 seconds, Stopping threads took: 0.0000165 seconds
[61.504s][info ][safepoint    ] Application time: 1.0000940 seconds
[61.504s][info ][safepoint    ] Entering safepoint region: Cleanup
[61.504s][info ][safepoint    ] Leaving safepoint region
[61.504s][info ][safepoint    ] Total time for which application threads were stopped: 0.0000734 seconds, Stopping threads took: 0.0000169 seconds
[62.400s][info ][safepoint    ] Application time: 0.8959893 seconds
[62.401s][info ][safepoint    ] Entering safepoint region: RevokeBias
[62.401s][info ][safepoint    ] Leaving safepoint region
[62.401s][info ][safepoint    ] Total time for which application threads were stopped: 0.0000843 seconds, Stopping threads took: 0.0000129 seconds
[62.403s][info ][safepoint    ] Application time: 0.0020212 seconds
[62.403s][info ][safepoint    ] Entering safepoint region: RevokeBias
[62.403s][info ][safepoint    ] Leaving safepoint region
[62.403s][info ][safepoint    ] Total time for which application threads were stopped: 0.0003223 seconds, Stopping threads took: 0.0002699 seconds
[62.409s][info ][safepoint    ] Application time: 0.0063829 seconds
[62.409s][info ][safepoint    ] Entering safepoint region: RevokeBias
[62.409s][info ][safepoint    ] Leaving safepoint region
[62.410s][info ][safepoint    ] Total time for which application threads were stopped: 0.0000961 seconds, Stopping threads took: 0.0000137 seconds
[62.410s][info ][safepoint    ] Application time: 0.0004554 seconds
[62.410s][info ][safepoint    ] Entering safepoint region: RevokeBias
[62.410s][info ][safepoint    ] Leaving safepoint region
[62.410s][info ][safepoint    ] Total time for which application threads were stopped: 0.0000427 seconds, Stopping threads took: 0.0000098 seconds
[62.449s][info ][safepoint    ] Application time: 0.0390418 seconds
[62.449s][info ][safepoint    ] Entering safepoint region: Deoptimize
[62.450s][info ][safepoint    ] Leaving safepoint region
[62.450s][info ][safepoint    ] Total time for which application threads were stopped: 0.0012992 seconds, Stopping threads took: 0.0000143 seconds
[62.669s][info ][safepoint    ] Application time: 0.2187080 seconds
[62.669s][info ][safepoint    ] Entering safepoint region: RevokeBias
[62.669s][info ][safepoint    ] Leaving safepoint region
[62.669s][info ][safepoint    ] Total time for which application threads were stopped: 0.0001160 seconds, Stopping threads took: 0.0000329 seconds
[62.686s][info ][safepoint    ] Application time: 0.0163289 seconds
[62.686s][info ][safepoint    ] Entering safepoint region: RevokeBias
[62.686s][info ][safepoint    ] Leaving safepoint region
[62.686s][info ][safepoint    ] Total time for which application threads were stopped: 0.0000890 seconds, Stopping threads took: 0.0000163 seconds
[62.687s][info ][safepoint    ] Application time: 0.0017438 seconds
[62.688s][info ][safepoint    ] Entering safepoint region: RevokeBias
[62.688s][info ][safepoint    ] Leaving safepoint region
[62.688s][info ][safepoint    ] Total time for which application threads were stopped: 0.0000578 seconds, Stopping threads took: 0.0000131 seconds
[63.688s][info ][safepoint    ] Application time: 1.0000716 seconds
[63.688s][info ][safepoint    ] Entering safepoint region: Cleanup
[63.688s][info ][safepoint    ] Leaving safepoint region
[63.688s][info ][safepoint    ] Total time for which application threads were stopped: 0.0000660 seconds, Stopping threads took: 0.0000160 seconds
[64.084s][info ][safepoint    ] Application time: 0.3966765 seconds
[64.084s][info ][safepoint    ] Entering safepoint region: Deoptimize
[64.086s][info ][safepoint    ] Leaving safepoint region
[64.086s][info ][safepoint    ] Total time for which application threads were stopped: 0.0012144 seconds, Stopping threads took: 0.0000150 seconds
[64.086s][info ][safepoint    ] Application time: 0.0007756 seconds
[64.086s][info ][safepoint    ] Entering safepoint region: RevokeBias
[64.087s][info ][safepoint    ] Leaving safepoint region
[64.087s][info ][safepoint    ] Total time for which application threads were stopped: 0.0000438 seconds, Stopping threads took: 0.0000089 seconds
[64.087s][info ][safepoint    ] Application time: 0.0000449 seconds
[64.087s][info ][safepoint    ] Entering safepoint region: RevokeBias
[64.087s][info ][safepoint    ] Leaving safepoint region
[64.087s][info ][safepoint    ] Total time for which application threads were stopped: 0.0000297 seconds, Stopping threads took: 0.0000064 seconds
[64.087s][info ][safepoint    ] Application time: 0.0000437 seconds
[64.087s][info ][safepoint    ] Entering safepoint region: RevokeBias
[64.087s][info ][safepoint    ] Leaving safepoint region
[64.087s][info ][safepoint    ] Total time for which application threads were stopped: 0.0000282 seconds, Stopping threads took: 0.0000065 seconds
[64.087s][info ][safepoint    ] Application time: 0.0000423 seconds
[64.087s][info ][safepoint    ] Entering safepoint region: RevokeBias
[64.087s][info ][safepoint    ] Leaving safepoint region
[64.087s][info ][safepoint    ] Total time for which application threads were stopped: 0.0000262 seconds, Stopping threads took: 0.0000055 seconds
[64.092s][info ][safepoint    ] Application time: 0.0051114 seconds
[64.092s][info ][safepoint    ] Entering safepoint region: RevokeBias
[64.092s][info ][safepoint    ] Leaving safepoint region
[64.092s][info ][safepoint    ] Total time for which application threads were stopped: 0.0000559 seconds, Stopping threads took: 0.0000113 seconds
[64.098s][info ][safepoint    ] Application time: 0.0063396 seconds
[64.098s][info ][safepoint    ] Entering safepoint region: RevokeBias
[64.098s][info ][safepoint    ] Leaving safepoint region
[64.098s][info ][safepoint    ] Total time for which application threads were stopped: 0.0000754 seconds, Stopping threads took: 0.0000127 seconds
[64.118s][info ][safepoint    ] Application time: 0.0192806 seconds
[64.118s][info ][safepoint    ] Entering safepoint region: RevokeBias
[64.118s][info ][safepoint    ] Leaving safepoint region
[64.118s][info ][safepoint    ] Total time for which application threads were stopped: 0.0000839 seconds, Stopping threads took: 0.0000151 seconds
[64.118s][info ][safepoint    ] Application time: 0.0001543 seconds
[64.118s][info ][safepoint    ] Entering safepoint region: RevokeBias
[64.118s][info ][safepoint    ] Leaving safepoint region
[64.118s][info ][safepoint    ] Total time for which application threads were stopped: 0.0000292 seconds, Stopping threads took: 0.0000065 seconds
[64.162s][info ][safepoint    ] Application time: 0.0438637 seconds
[64.162s][info ][safepoint    ] Entering safepoint region: Deoptimize
[64.163s][info ][safepoint    ] Leaving safepoint region
[64.163s][info ][safepoint    ] Total time for which application threads were stopped: 0.0012974 seconds, Stopping threads took: 0.0000158 seconds
[64.200s][info ][safepoint    ] Application time: 0.0365592 seconds
[64.200s][info ][safepoint    ] Entering safepoint region: RevokeBias
[64.200s][info ][safepoint    ] Leaving safepoint region
[64.200s][info ][safepoint    ] Total time for which application threads were stopped: 0.0001473 seconds, Stopping threads took: 0.0000309 seconds
[64.207s][info ][safepoint    ] Application time: 0.0072614 seconds
[64.207s][info ][safepoint    ] Entering safepoint region: Deoptimize
[64.208s][info ][safepoint    ] Leaving safepoint region
[64.208s][info ][safepoint    ] Total time for which application threads were stopped: 0.0011886 seconds, Stopping threads took: 0.0000158 seconds
[64.227s][info ][safepoint    ] Application time: 0.0186373 seconds
[64.227s][info ][safepoint    ] Entering safepoint region: RevokeBias
[64.227s][info ][safepoint    ] Leaving safepoint region
[64.227s][info ][safepoint    ] Total time for which application threads were stopped: 0.0001479 seconds, Stopping threads took: 0.0000638 seconds
[64.228s][info ][safepoint    ] Application time: 0.0008629 seconds
[64.228s][info ][safepoint    ] Entering safepoint region: RevokeBias
[64.228s][info ][safepoint    ] Leaving safepoint region
[64.228s][info ][safepoint    ] Total time for which application threads were stopped: 0.0000550 seconds, Stopping threads took: 0.0000103 seconds
[64.228s][info ][safepoint    ] Application time: 0.0000726 seconds
[64.228s][info ][safepoint    ] Entering safepoint region: RevokeBias
[64.228s][info ][safepoint    ] Leaving safepoint region
[64.228s][info ][safepoint    ] Total time for which application threads were stopped: 0.0000402 seconds, Stopping threads took: 0.0000088 seconds
[64.228s][info ][safepoint    ] Application time: 0.0000689 seconds
[64.228s][info ][safepoint    ] Entering safepoint region: RevokeBias
[64.228s][info ][safepoint    ] Leaving safepoint region
[64.228s][info ][safepoint    ] Total time for which application threads were stopped: 0.0000392 seconds, Stopping threads took: 0.0000089 seconds
[64.229s][info ][safepoint    ] Application time: 0.0000608 seconds
[64.229s][info ][safepoint    ] Entering safepoint region: RevokeBias
[64.229s][info ][safepoint    ] Leaving safepoint region
[64.229s][info ][safepoint    ] Total time for which application threads were stopped: 0.0000291 seconds, Stopping threads took: 0.0000061 seconds
[64.322s][info ][safepoint    ] Application time: 0.0937949 seconds
[64.322s][info ][safepoint    ] Entering safepoint region: RevokeBias
[64.323s][info ][safepoint    ] Leaving safepoint region
[64.323s][info ][safepoint    ] Total time for which application threads were stopped: 0.0001984 seconds, Stopping threads took: 0.0000772 seconds
[64.440s][info ][safepoint    ] Application time: 0.1169422 seconds
[64.440s][info ][safepoint    ] Entering safepoint region: Deoptimize
[64.441s][info ][safepoint    ] Leaving safepoint region
[64.441s][info ][safepoint    ] Total time for which application threads were stopped: 0.0011352 seconds, Stopping threads took: 0.0000146 seconds
[64.441s][info ][safepoint    ] Application time: 0.0003011 seconds
[64.441s][info ][safepoint    ] Entering safepoint region: Deoptimize
[64.441s][info ][safepoint    ] Leaving safepoint region
[64.441s][info ][safepoint    ] Total time for which application threads were stopped: 0.0003842 seconds, Stopping threads took: 0.0000071 seconds
[64.442s][info ][safepoint    ] Application time: 0.0009595 seconds
[64.442s][info ][safepoint    ] Entering safepoint region: RevokeBias
[64.442s][info ][safepoint    ] Leaving safepoint region
[64.442s][info ][safepoint    ] Total time for which application threads were stopped: 0.0000411 seconds, Stopping threads took: 0.0000086 seconds
[64.443s][info ][safepoint    ] Application time: 0.0003515 seconds
[64.443s][info ][safepoint    ] Entering safepoint region: Deoptimize
[64.443s][info ][safepoint    ] Leaving safepoint region
[64.443s][info ][safepoint    ] Total time for which application threads were stopped: 0.0003911 seconds, Stopping threads took: 0.0000080 seconds
[64.447s][info ][safepoint    ] Application time: 0.0039697 seconds
[64.447s][info ][safepoint    ] Entering safepoint region: RevokeBias
[64.447s][info ][safepoint    ] Leaving safepoint region
[64.447s][info ][safepoint    ] Total time for which application threads were stopped: 0.0000757 seconds, Stopping threads took: 0.0000138 seconds
[64.478s][info ][safepoint    ] Application time: 0.0311879 seconds
[64.478s][info ][safepoint    ] Entering safepoint region: RevokeBias
[64.479s][info ][safepoint    ] Leaving safepoint region
[64.479s][info ][safepoint    ] Total time for which application threads were stopped: 0.0000862 seconds, Stopping threads took: 0.0000146 seconds
[64.487s][info ][safepoint    ] Application time: 0.0080406 seconds
[64.487s][info ][safepoint    ] Entering safepoint region: Deoptimize
[64.488s][info ][safepoint    ] Leaving safepoint region
[64.488s][info ][safepoint    ] Total time for which application threads were stopped: 0.0012104 seconds, Stopping threads took: 0.0000252 seconds
[64.685s][info ][safepoint    ] Application time: 0.1975208 seconds
[64.686s][info ][safepoint    ] Entering safepoint region: ICBufferFull
[64.686s][info ][safepoint    ] Leaving safepoint region
[64.686s][info ][safepoint    ] Total time for which application threads were stopped: 0.0003036 seconds, Stopping threads took: 0.0001377 seconds
[64.709s][info ][safepoint    ] Application time: 0.0234853 seconds
[64.709s][info ][safepoint    ] Entering safepoint region: Deoptimize
[64.711s][info ][safepoint    ] Leaving safepoint region
[64.711s][info ][safepoint    ] Total time for which application threads were stopped: 0.0013532 seconds, Stopping threads took: 0.0000148 seconds
[64.750s][info ][safepoint    ] Application time: 0.0398113 seconds
[64.751s][info ][safepoint    ] Entering safepoint region: RevokeBias
[64.751s][info ][safepoint    ] Leaving safepoint region
[64.751s][info ][safepoint    ] Total time for which application threads were stopped: 0.0001537 seconds, Stopping threads took: 0.0000337 seconds
[64.879s][info ][safepoint    ] Application time: 0.1283811 seconds
[64.879s][info ][safepoint    ] Entering safepoint region: GenCollectForAllocation
[64.879s][info ][gc,start     ] GC(97) Pause Young (Allocation Failure)
[64.879s][info ][gc,task      ] GC(97) Using 4 workers of 4 for evacuation
[64.893s][debug][gc,ref       ] GC(97) Skipped phase1 of Reference Processing due to unavailable references
[64.893s][debug][gc,age       ] GC(97) Desired survivor size 15400960 bytes, new threshold 3 (max threshold 6)
[64.894s][info ][gc,heap      ] GC(97) ParNew: 260672K->30080K(270976K)
[64.894s][info ][gc,heap      ] GC(97) CMS: 168290K->168400K(602112K)
[64.894s][info ][gc,metaspace ] GC(97) Metaspace: 53374K->53374K(1097728K)
[64.894s][info ][gc           ] GC(97) Pause Young (Allocation Failure) 418M->193M(852M) 14.226ms
[64.894s][info ][gc,cpu       ] GC(97) User=0.07s Sys=0.00s Real=0.02s
[64.894s][info ][safepoint    ] Leaving safepoint region
[64.894s][info ][safepoint    ] Total time for which application threads were stopped: 0.0145344 seconds, Stopping threads took: 0.0000358 seconds
[65.083s][info ][safepoint    ] Application time: 0.1890866 seconds
[65.083s][info ][safepoint    ] Entering safepoint region: Deoptimize
[65.084s][info ][safepoint    ] Leaving safepoint region
[65.084s][info ][safepoint    ] Total time for which application threads were stopped: 0.0013181 seconds, Stopping threads took: 0.0000337 seconds
[65.085s][info ][safepoint    ] Application time: 0.0009068 seconds
[65.085s][info ][safepoint    ] Entering safepoint region: Deoptimize
[65.086s][info ][safepoint    ] Leaving safepoint region
[65.086s][info ][safepoint    ] Total time for which application threads were stopped: 0.0008903 seconds, Stopping threads took: 0.0000237 seconds
[65.215s][info ][safepoint    ] Application time: 0.1291890 seconds
[65.215s][info ][safepoint    ] Entering safepoint region: Deoptimize
[65.217s][info ][safepoint    ] Leaving safepoint region
[65.217s][info ][safepoint    ] Total time for which application threads were stopped: 0.0020148 seconds, Stopping threads took: 0.0000410 seconds
[65.242s][info ][safepoint    ] Application time: 0.0252672 seconds
[65.242s][info ][safepoint    ] Entering safepoint region: Deoptimize
[65.244s][info ][safepoint    ] Leaving safepoint region
[65.244s][info ][safepoint    ] Total time for which application threads were stopped: 0.0014855 seconds, Stopping threads took: 0.0000806 seconds
[65.614s][info ][safepoint    ] Application time: 0.3697849 seconds
[65.614s][info ][safepoint    ] Entering safepoint region: ICBufferFull
[65.614s][info ][safepoint    ] Leaving safepoint region
[65.614s][info ][safepoint    ] Total time for which application threads were stopped: 0.0003368 seconds, Stopping threads took: 0.0000216 seconds
[65.616s][info ][safepoint    ] Application time: 0.0020490 seconds
[65.616s][info ][safepoint    ] Entering safepoint region: Deoptimize
[65.618s][info ][safepoint    ] Leaving safepoint region
[65.618s][info ][safepoint    ] Total time for which application threads were stopped: 0.0013836 seconds, Stopping threads took: 0.0000144 seconds
[65.740s][info ][safepoint    ] Application time: 0.1227613 seconds
[65.740s][info ][safepoint    ] Entering safepoint region: RevokeBias
[65.741s][info ][safepoint    ] Leaving safepoint region
[65.741s][info ][safepoint    ] Total time for which application threads were stopped: 0.0001913 seconds, Stopping threads took: 0.0000154 seconds
[65.959s][info ][safepoint    ] Application time: 0.2179897 seconds
[65.959s][info ][safepoint    ] Entering safepoint region: GenCollectForAllocation
[65.959s][info ][gc,start     ] GC(98) Pause Young (Allocation Failure)
[65.959s][info ][gc,task      ] GC(98) Using 4 workers of 4 for evacuation
[65.987s][debug][gc,ref       ] GC(98) Skipped phase1 of Reference Processing due to unavailable references
[65.987s][debug][gc,ref       ] GC(98) Skipped phase3 of Reference Processing due to unavailable references
[65.987s][debug][gc,age       ] GC(98) Desired survivor size 15400960 bytes, new threshold 1 (max threshold 6)
[65.987s][info ][gc,heap      ] GC(98) ParNew: 270976K->30080K(270976K)
[65.987s][info ][gc,heap      ] GC(98) CMS: 168400K->201032K(602112K)
[65.987s][info ][gc,metaspace ] GC(98) Metaspace: 54894K->54894K(1099776K)
[65.987s][info ][gc           ] GC(98) Pause Young (Allocation Failure) 429M->225M(852M) 28.117ms
[65.987s][info ][gc,cpu       ] GC(98) User=0.11s Sys=0.01s Real=0.03s
[65.987s][info ][safepoint    ] Leaving safepoint region
[65.987s][info ][safepoint    ] Total time for which application threads were stopped: 0.0284187 seconds, Stopping threads took: 0.0000849 seconds
[66.352s][info ][safepoint    ] Application time: 0.3653671 seconds
[66.352s][info ][safepoint    ] Entering safepoint region: ICBufferFull
[66.353s][info ][safepoint    ] Leaving safepoint region
[66.353s][info ][safepoint    ] Total time for which application threads were stopped: 0.0002231 seconds, Stopping threads took: 0.0000353 seconds
[67.033s][info ][safepoint    ] Application time: 0.6805368 seconds
[67.033s][info ][safepoint    ] Entering safepoint region: Deoptimize
[67.036s][info ][safepoint    ] Leaving safepoint region
[67.036s][info ][safepoint    ] Total time for which application threads were stopped: 0.0030016 seconds, Stopping threads took: 0.0000162 seconds
[67.664s][info ][safepoint    ] Application time: 0.6280515 seconds
[67.664s][info ][safepoint    ] Entering safepoint region: ICBufferFull
[67.665s][info ][safepoint    ] Leaving safepoint region
[67.665s][info ][safepoint    ] Total time for which application threads were stopped: 0.0002756 seconds, Stopping threads took: 0.0000166 seconds
[68.034s][info ][safepoint    ] Application time: 0.3697481 seconds
[68.035s][info ][safepoint    ] Entering safepoint region: ICBufferFull
[68.035s][info ][safepoint    ] Leaving safepoint region
[68.035s][info ][safepoint    ] Total time for which application threads were stopped: 0.0003040 seconds, Stopping threads took: 0.0000744 seconds
[68.046s][info ][safepoint    ] Application time: 0.0109948 seconds
[68.046s][info ][safepoint    ] Entering safepoint region: GenCollectForAllocation
[68.046s][info ][gc,start     ] GC(99) Pause Young (Allocation Failure)
[68.046s][info ][gc,task      ] GC(99) Using 4 workers of 4 for evacuation
[68.073s][debug][gc,ref       ] GC(99) Skipped phase1 of Reference Processing due to unavailable references
[68.073s][debug][gc,ref       ] GC(99) Skipped phase3 of Reference Processing due to unavailable references
[68.073s][debug][gc,age       ] GC(99) Desired survivor size 15400960 bytes, new threshold 6 (max threshold 6)
[68.073s][info ][gc,heap      ] GC(99) ParNew: 270976K->25147K(270976K)
[68.073s][info ][gc,heap      ] GC(99) CMS: 201032K->221971K(602112K)
[68.073s][info ][gc,metaspace ] GC(99) Metaspace: 55300K->55300K(1099776K)
[68.073s][info ][gc           ] GC(99) Pause Young (Allocation Failure) 460M->241M(852M) 27.101ms
[68.073s][info ][gc,cpu       ] GC(99) User=0.09s Sys=0.02s Real=0.03s
[68.073s][info ][safepoint    ] Leaving safepoint region
[68.073s][info ][safepoint    ] Total time for which application threads were stopped: 0.0272807 seconds, Stopping threads took: 0.0000156 seconds
[68.580s][info ][safepoint    ] Application time: 0.5072854 seconds
[68.580s][info ][safepoint    ] Entering safepoint region: ICBufferFull
[68.581s][info ][safepoint    ] Leaving safepoint region
[68.581s][info ][safepoint    ] Total time for which application threads were stopped: 0.0002852 seconds, Stopping threads took: 0.0000941 seconds
[68.700s][info ][safepoint    ] Application time: 0.1192184 seconds
[68.700s][info ][safepoint    ] Entering safepoint region: ICBufferFull
[68.700s][info ][safepoint    ] Leaving safepoint region
[68.700s][info ][safepoint    ] Total time for which application threads were stopped: 0.0002322 seconds, Stopping threads took: 0.0000149 seconds
[69.187s][info ][safepoint    ] Application time: 0.4864299 seconds
[69.187s][info ][safepoint    ] Entering safepoint region: ICBufferFull
[69.187s][info ][safepoint    ] Leaving safepoint region
[69.187s][info ][safepoint    ] Total time for which application threads were stopped: 0.0002185 seconds, Stopping threads took: 0.0000141 seconds
[69.443s][info ][safepoint    ] Application time: 0.2559249 seconds
[69.443s][info ][safepoint    ] Entering safepoint region: RevokeBias
[69.443s][info ][safepoint    ] Leaving safepoint region
[69.443s][info ][safepoint    ] Total time for which application threads were stopped: 0.0001585 seconds, Stopping threads took: 0.0000531 seconds
[69.443s][info ][safepoint    ] Application time: 0.0000927 seconds
[69.443s][info ][safepoint    ] Entering safepoint region: RevokeBias
[69.443s][info ][safepoint    ] Leaving safepoint region
[69.443s][info ][safepoint    ] Total time for which application threads were stopped: 0.0000827 seconds, Stopping threads took: 0.0000582 seconds
[70.282s][info ][safepoint    ] Application time: 0.8387650 seconds
[70.282s][info ][safepoint    ] Entering safepoint region: ICBufferFull
[70.282s][info ][safepoint    ] Leaving safepoint region
[70.282s][info ][safepoint    ] Total time for which application threads were stopped: 0.0002428 seconds, Stopping threads took: 0.0000338 seconds
[70.981s][info ][safepoint    ] Application time: 0.6985831 seconds
[70.981s][info ][safepoint    ] Entering safepoint region: ICBufferFull
[70.981s][info ][safepoint    ] Leaving safepoint region
[70.981s][info ][safepoint    ] Total time for which application threads were stopped: 0.0002444 seconds, Stopping threads took: 0.0000748 seconds
[71.444s][info ][safepoint    ] Application time: 0.4629260 seconds
[71.444s][info ][safepoint    ] Entering safepoint region: GenCollectForAllocation
[71.444s][info ][gc,start     ] GC(100) Pause Young (Allocation Failure)
[71.444s][info ][gc,task      ] GC(100) Using 4 workers of 4 for evacuation
[71.452s][debug][gc,ref       ] GC(100) Skipped phase1 of Reference Processing due to unavailable references
[71.452s][debug][gc,ref       ] GC(100) Skipped phase3 of Reference Processing due to unavailable references
[71.452s][debug][gc,ref       ] GC(100) Skipped phase4 of Reference Processing due to unavailable references
[71.452s][debug][gc,age       ] GC(100) Desired survivor size 15400960 bytes, new threshold 6 (max threshold 6)
[71.452s][info ][gc,heap      ] GC(100) ParNew: 266043K->21480K(270976K)
[71.452s][info ][gc,heap      ] GC(100) CMS: 221971K->221971K(602112K)
[71.452s][info ][gc,metaspace ] GC(100) Metaspace: 55514K->55514K(1099776K)
[71.452s][info ][gc           ] GC(100) Pause Young (Allocation Failure) 476M->237M(852M) 7.911ms
[71.452s][info ][gc,cpu       ] GC(100) User=0.04s Sys=0.00s Real=0.01s
[71.452s][info ][safepoint    ] Leaving safepoint region
[71.452s][info ][safepoint    ] Total time for which application threads were stopped: 0.0081394 seconds, Stopping threads took: 0.0000171 seconds
[72.452s][info ][safepoint    ] Application time: 1.0000962 seconds
[72.452s][info ][safepoint    ] Entering safepoint region: Cleanup
[72.452s][info ][safepoint    ] Leaving safepoint region
[72.452s][info ][safepoint    ] Total time for which application threads were stopped: 0.0001812 seconds, Stopping threads took: 0.0000320 seconds
[72.960s][info ][safepoint    ] Application time: 0.5074323 seconds
[72.960s][info ][safepoint    ] Entering safepoint region: ICBufferFull
[72.960s][info ][safepoint    ] Leaving safepoint region
[72.960s][info ][safepoint    ] Total time for which application threads were stopped: 0.0002142 seconds, Stopping threads took: 0.0000333 seconds
[73.297s][info ][safepoint    ] Application time: 0.3364920 seconds
[73.297s][info ][safepoint    ] Entering safepoint region: GenCollectForAllocation
[73.297s][info ][gc,start     ] GC(101) Pause Young (Allocation Failure)
[73.297s][info ][gc,task      ] GC(101) Using 4 workers of 4 for evacuation
[73.313s][debug][gc,ref       ] GC(101) Skipped phase1 of Reference Processing due to unavailable references
[73.313s][debug][gc,ref       ] GC(101) Skipped phase3 of Reference Processing due to unavailable references
[73.313s][debug][gc,age       ] GC(101) Desired survivor size 15400960 bytes, new threshold 1 (max threshold 6)
[73.313s][info ][gc,heap      ] GC(101) ParNew: 262376K->30080K(270976K)
[73.313s][info ][gc,heap      ] GC(101) CMS: 221971K->223213K(602112K)
[73.313s][info ][gc,metaspace ] GC(101) Metaspace: 55900K->55900K(1099776K)
[73.313s][info ][gc           ] GC(101) Pause Young (Allocation Failure) 472M->247M(852M) 15.901ms
[73.313s][info ][gc,cpu       ] GC(101) User=0.07s Sys=0.00s Real=0.02s
[73.313s][info ][safepoint    ] Leaving safepoint region
[73.313s][info ][safepoint    ] Total time for which application threads were stopped: 0.0161517 seconds, Stopping threads took: 0.0000160 seconds
[74.313s][info ][safepoint    ] Application time: 1.0001299 seconds
[74.313s][info ][safepoint    ] Entering safepoint region: Cleanup
[74.313s][info ][safepoint    ] Leaving safepoint region
[74.313s][info ][safepoint    ] Total time for which application threads were stopped: 0.0002445 seconds, Stopping threads took: 0.0000207 seconds
[74.443s][info ][safepoint    ] Application time: 0.1301058 seconds
[74.443s][info ][safepoint    ] Entering safepoint region: RevokeBias
[74.443s][info ][safepoint    ] Leaving safepoint region
[74.443s][info ][safepoint    ] Total time for which application threads were stopped: 0.0000775 seconds, Stopping threads took: 0.0000149 seconds
[74.444s][info ][safepoint    ] Application time: 0.0008302 seconds
[74.444s][info ][safepoint    ] Entering safepoint region: RevokeBias
[74.444s][info ][safepoint    ] Leaving safepoint region
[74.444s][info ][safepoint    ] Total time for which application threads were stopped: 0.0000525 seconds, Stopping threads took: 0.0000222 seconds
[74.445s][info ][safepoint    ] Application time: 0.0002600 seconds
[74.445s][info ][safepoint    ] Entering safepoint region: RevokeBias
[74.445s][info ][safepoint    ] Leaving safepoint region
[74.445s][info ][safepoint    ] Total time for which application threads were stopped: 0.0000476 seconds, Stopping threads took: 0.0000220 seconds
[74.445s][info ][safepoint    ] Application time: 0.0000734 seconds
[74.445s][info ][safepoint    ] Entering safepoint region: RevokeBias
[74.445s][info ][safepoint    ] Leaving safepoint region
[74.445s][info ][safepoint    ] Total time for which application threads were stopped: 0.0000454 seconds, Stopping threads took: 0.0000231 seconds
[74.445s][info ][safepoint    ] Application time: 0.0001411 seconds
[74.445s][info ][safepoint    ] Entering safepoint region: RevokeBias
[74.445s][info ][safepoint    ] Leaving safepoint region
[74.445s][info ][safepoint    ] Total time for which application threads were stopped: 0.0000328 seconds, Stopping threads took: 0.0000077 seconds
[74.445s][info ][safepoint    ] Application time: 0.0001630 seconds
[74.445s][info ][safepoint    ] Entering safepoint region: RevokeBias
[74.445s][info ][safepoint    ] Leaving safepoint region
[74.445s][info ][safepoint    ] Total time for which application threads were stopped: 0.0000286 seconds, Stopping threads took: 0.0000070 seconds
[75.445s][info ][safepoint    ] Application time: 1.0000923 seconds
[75.445s][info ][safepoint    ] Entering safepoint region: Cleanup
[75.446s][info ][safepoint    ] Leaving safepoint region
[75.446s][info ][safepoint    ] Total time for which application threads were stopped: 0.0001824 seconds, Stopping threads took: 0.0000326 seconds
[75.682s][info ][safepoint    ] Application time: 0.2363724 seconds
[75.682s][info ][safepoint    ] Entering safepoint region: GenCollectForAllocation
[75.682s][info ][gc,start     ] GC(102) Pause Young (Allocation Failure)
[75.682s][info ][gc,task      ] GC(102) Using 4 workers of 4 for evacuation
[75.718s][debug][gc,ref       ] GC(102) Skipped phase1 of Reference Processing due to unavailable references
[75.718s][debug][gc,ref       ] GC(102) Skipped phase3 of Reference Processing due to unavailable references
[75.718s][debug][gc,age       ] GC(102) Desired survivor size 15400960 bytes, new threshold 6 (max threshold 6)
[75.718s][info ][gc,heap      ] GC(102) ParNew: 270976K->24446K(270976K)
[75.718s][info ][gc,heap      ] GC(102) CMS: 223213K->236635K(602112K)
[75.718s][info ][gc,metaspace ] GC(102) Metaspace: 56185K->56185K(1099776K)
[75.718s][info ][gc           ] GC(102) Pause Young (Allocation Failure) 482M->254M(852M) 35.795ms
[75.718s][info ][gc,cpu       ] GC(102) User=0.05s Sys=0.00s Real=0.03s
[75.718s][info ][safepoint    ] Leaving safepoint region
[75.718s][info ][safepoint    ] Total time for which application threads were stopped: 0.0360429 seconds, Stopping threads took: 0.0000192 seconds
[76.718s][info ][safepoint    ] Application time: 1.0001013 seconds
[76.718s][info ][safepoint    ] Entering safepoint region: Cleanup
[76.718s][info ][safepoint    ] Leaving safepoint region
[76.718s][info ][safepoint    ] Total time for which application threads were stopped: 0.0001710 seconds, Stopping threads took: 0.0000174 seconds
[77.719s][info ][safepoint    ] Application time: 1.0002919 seconds
[77.719s][info ][safepoint    ] Entering safepoint region: Cleanup
[77.719s][info ][safepoint    ] Leaving safepoint region
[77.719s][info ][safepoint    ] Total time for which application threads were stopped: 0.0002338 seconds, Stopping threads took: 0.0001388 seconds
[78.719s][info ][safepoint    ] Application time: 1.0000991 seconds
[78.719s][info ][safepoint    ] Entering safepoint region: Cleanup
[78.719s][info ][safepoint    ] Leaving safepoint region
[78.719s][info ][safepoint    ] Total time for which application threads were stopped: 0.0001877 seconds, Stopping threads took: 0.0000331 seconds
[79.031s][info ][safepoint    ] Application time: 0.3119999 seconds
[79.031s][info ][safepoint    ] Entering safepoint region: GenCollectForAllocation
[79.031s][info ][gc,start     ] GC(103) Pause Young (Allocation Failure)
[79.031s][info ][gc,task      ] GC(103) Using 4 workers of 4 for evacuation
[79.035s][debug][gc,ref       ] GC(103) Skipped phase1 of Reference Processing due to unavailable references
[79.035s][debug][gc,ref       ] GC(103) Skipped phase3 of Reference Processing due to unavailable references
[79.035s][debug][gc,ref       ] GC(103) Skipped phase4 of Reference Processing due to unavailable references
[79.036s][debug][gc,age       ] GC(103) Desired survivor size 15400960 bytes, new threshold 6 (max threshold 6)
[79.036s][info ][gc,heap      ] GC(103) ParNew: 265342K->6261K(270976K)
[79.036s][info ][gc,heap      ] GC(103) CMS: 236635K->236635K(602112K)
[79.036s][info ][gc,metaspace ] GC(103) Metaspace: 56281K->56281K(1099776K)
[79.036s][info ][gc           ] GC(103) Pause Young (Allocation Failure) 490M->237M(852M) 4.283ms
[79.036s][info ][gc,cpu       ] GC(103) User=0.01s Sys=0.00s Real=0.00s
[79.036s][info ][safepoint    ] Leaving safepoint region
[79.036s][info ][safepoint    ] Total time for which application threads were stopped: 0.0044449 seconds, Stopping threads took: 0.0000254 seconds
[79.608s][info ][safepoint    ] Application time: 0.5724773 seconds
[79.608s][info ][safepoint    ] Entering safepoint region: ICBufferFull
[79.608s][info ][safepoint    ] Leaving safepoint region
[79.608s][info ][safepoint    ] Total time for which application threads were stopped: 0.0002303 seconds, Stopping threads took: 0.0000262 seconds
[80.609s][info ][safepoint    ] Application time: 1.0001170 seconds
[80.614s][info ][safepoint    ] Entering safepoint region: Cleanup
[80.614s][info ][safepoint    ] Leaving safepoint region
[80.614s][info ][safepoint    ] Total time for which application threads were stopped: 0.0057461 seconds, Stopping threads took: 0.0054638 seconds
[81.614s][info ][safepoint    ] Application time: 1.0000917 seconds
[81.615s][info ][safepoint    ] Entering safepoint region: Cleanup
[81.615s][info ][safepoint    ] Leaving safepoint region
[81.615s][info ][safepoint    ] Total time for which application threads were stopped: 0.0001279 seconds, Stopping threads took: 0.0000189 seconds
[82.583s][info ][safepoint    ] Application time: 0.9679222 seconds
[82.583s][info ][safepoint    ] Entering safepoint region: GenCollectForAllocation
[82.583s][info ][gc,start     ] GC(104) Pause Young (Allocation Failure)
[82.583s][info ][gc,task      ] GC(104) Using 4 workers of 4 for evacuation
[82.585s][debug][gc,ref       ] GC(104) Skipped phase1 of Reference Processing due to unavailable references
[82.585s][debug][gc,ref       ] GC(104) Skipped phase3 of Reference Processing due to unavailable references
[82.585s][debug][gc,ref       ] GC(104) Skipped phase4 of Reference Processing due to unavailable references
[82.585s][debug][gc,age       ] GC(104) Desired survivor size 15400960 bytes, new threshold 6 (max threshold 6)
[82.585s][info ][gc,heap      ] GC(104) ParNew: 247157K->2229K(270976K)
[82.585s][info ][gc,heap      ] GC(104) CMS: 236635K->236635K(602112K)
[82.585s][info ][gc,metaspace ] GC(104) Metaspace: 56299K->56299K(1099776K)
[82.585s][info ][gc           ] GC(104) Pause Young (Allocation Failure) 472M->233M(852M) 2.579ms
[82.585s][info ][gc,cpu       ] GC(104) User=0.00s Sys=0.00s Real=0.00s
[82.585s][info ][safepoint    ] Leaving safepoint region
[82.585s][info ][safepoint    ] Total time for which application threads were stopped: 0.0027313 seconds, Stopping threads took: 0.0000175 seconds
[83.586s][info ][safepoint    ] Application time: 1.0001315 seconds
[83.586s][info ][safepoint    ] Entering safepoint region: Cleanup
[83.586s][info ][safepoint    ] Leaving safepoint region
[83.586s][info ][safepoint    ] Total time for which application threads were stopped: 0.0002085 seconds, Stopping threads took: 0.0001398 seconds
[84.586s][info ][safepoint    ] Application time: 1.0001191 seconds
[84.586s][info ][safepoint    ] Entering safepoint region: Cleanup
[84.586s][info ][safepoint    ] Leaving safepoint region
[84.586s][info ][safepoint    ] Total time for which application threads were stopped: 0.0001628 seconds, Stopping threads took: 0.0000402 seconds
[85.586s][info ][safepoint    ] Application time: 1.0001215 seconds
[85.586s][info ][safepoint    ] Entering safepoint region: Cleanup
[85.586s][info ][safepoint    ] Leaving safepoint region
[85.586s][info ][safepoint    ] Total time for which application threads were stopped: 0.0001158 seconds, Stopping threads took: 0.0000428 seconds
[86.288s][info ][safepoint    ] Application time: 0.7012096 seconds
[86.288s][info ][safepoint    ] Entering safepoint region: GenCollectForAllocation
[86.288s][info ][gc,start     ] GC(105) Pause Young (Allocation Failure)
[86.288s][info ][gc,task      ] GC(105) Using 4 workers of 4 for evacuation
[86.290s][debug][gc,ref       ] GC(105) Skipped phase1 of Reference Processing due to unavailable references
[86.290s][debug][gc,ref       ] GC(105) Skipped phase3 of Reference Processing due to unavailable references
[86.290s][debug][gc,ref       ] GC(105) Skipped phase4 of Reference Processing due to unavailable references
[86.290s][debug][gc,age       ] GC(105) Desired survivor size 15400960 bytes, new threshold 6 (max threshold 6)
[86.290s][info ][gc,heap      ] GC(105) ParNew: 243125K->1590K(270976K)
[86.290s][info ][gc,heap      ] GC(105) CMS: 236635K->236635K(602112K)
[86.290s][info ][gc,metaspace ] GC(105) Metaspace: 56331K->56331K(1099776K)
[86.290s][info ][gc           ] GC(105) Pause Young (Allocation Failure) 468M->232M(852M) 2.620ms
[86.290s][info ][gc,cpu       ] GC(105) User=0.01s Sys=0.00s Real=0.01s
[86.290s][info ][safepoint    ] Leaving safepoint region
[86.290s][info ][safepoint    ] Total time for which application threads were stopped: 0.0027671 seconds, Stopping threads took: 0.0000146 seconds
[87.291s][info ][safepoint    ] Application time: 1.0000944 seconds
[87.291s][info ][safepoint    ] Entering safepoint region: Cleanup
[87.291s][info ][safepoint    ] Leaving safepoint region
[87.291s][info ][safepoint    ] Total time for which application threads were stopped: 0.0000747 seconds, Stopping threads took: 0.0000151 seconds
[88.291s][info ][safepoint    ] Application time: 1.0000965 seconds
[88.291s][info ][safepoint    ] Entering safepoint region: Cleanup
[88.291s][info ][safepoint    ] Leaving safepoint region
[88.291s][info ][safepoint    ] Total time for which application threads were stopped: 0.0001137 seconds, Stopping threads took: 0.0000164 seconds
[89.291s][info ][safepoint    ] Application time: 1.0000916 seconds
[89.291s][info ][safepoint    ] Entering safepoint region: Cleanup
[89.291s][info ][safepoint    ] Leaving safepoint region
[89.291s][info ][safepoint    ] Total time for which application threads were stopped: 0.0000803 seconds, Stopping threads took: 0.0000159 seconds
[90.030s][info ][safepoint    ] Application time: 0.7390918 seconds
[90.030s][info ][safepoint    ] Entering safepoint region: GenCollectForAllocation
[90.030s][info ][gc,start     ] GC(106) Pause Young (Allocation Failure)
[90.030s][info ][gc,task      ] GC(106) Using 4 workers of 4 for evacuation
[90.033s][debug][gc,ref       ] GC(106) Skipped phase1 of Reference Processing due to unavailable references
[90.033s][debug][gc,ref       ] GC(106) Skipped phase3 of Reference Processing due to unavailable references
[90.033s][debug][gc,age       ] GC(106) Desired survivor size 15400960 bytes, new threshold 6 (max threshold 6)
[90.033s][info ][gc,heap      ] GC(106) ParNew: 242486K->1225K(270976K)
[90.033s][info ][gc,heap      ] GC(106) CMS: 236635K->236635K(602112K)
[90.033s][info ][gc,metaspace ] GC(106) Metaspace: 56345K->56345K(1099776K)
[90.033s][info ][gc           ] GC(106) Pause Young (Allocation Failure) 467M->232M(852M) 2.666ms
[90.033s][info ][gc,cpu       ] GC(106) User=0.01s Sys=0.00s Real=0.00s
[90.033s][info ][safepoint    ] Leaving safepoint region
[90.033s][info ][safepoint    ] Total time for which application threads were stopped: 0.0028304 seconds, Stopping threads took: 0.0000139 seconds
[91.033s][info ][safepoint    ] Application time: 1.0000969 seconds
[91.033s][info ][safepoint    ] Entering safepoint region: Cleanup
[91.033s][info ][safepoint    ] Leaving safepoint region
[91.033s][info ][safepoint    ] Total time for which application threads were stopped: 0.0001398 seconds, Stopping threads took: 0.0000383 seconds
[92.033s][info ][safepoint    ] Application time: 1.0000878 seconds
[92.034s][info ][safepoint    ] Entering safepoint region: Cleanup
[92.034s][info ][safepoint    ] Leaving safepoint region
[92.034s][info ][safepoint    ] Total time for which application threads were stopped: 0.0001628 seconds, Stopping threads took: 0.0000832 seconds
[93.034s][info ][safepoint    ] Application time: 1.0000982 seconds
[93.034s][info ][safepoint    ] Entering safepoint region: Cleanup
[93.034s][info ][safepoint    ] Leaving safepoint region
[93.034s][info ][safepoint    ] Total time for which application threads were stopped: 0.0001228 seconds, Stopping threads took: 0.0000520 seconds
[93.886s][info ][safepoint    ] Application time: 0.8519559 seconds
[93.886s][info ][safepoint    ] Entering safepoint region: GenCollectForAllocation
[93.886s][info ][gc,start     ] GC(107) Pause Young (Allocation Failure)
[93.886s][info ][gc,task      ] GC(107) Using 4 workers of 4 for evacuation
[93.888s][debug][gc,ref       ] GC(107) Skipped phase1 of Reference Processing due to unavailable references
[93.888s][debug][gc,ref       ] GC(107) Skipped phase3 of Reference Processing due to unavailable references
[93.888s][debug][gc,ref       ] GC(107) Skipped phase4 of Reference Processing due to unavailable references
[93.889s][debug][gc,age       ] GC(107) Desired survivor size 15400960 bytes, new threshold 6 (max threshold 6)
[93.889s][info ][gc,heap      ] GC(107) ParNew: 242121K->1374K(270976K)
[93.889s][info ][gc,heap      ] GC(107) CMS: 236635K->236635K(602112K)
[93.889s][info ][gc,metaspace ] GC(107) Metaspace: 56367K->56367K(1099776K)
[93.889s][info ][gc           ] GC(107) Pause Young (Allocation Failure) 467M->232M(852M) 2.494ms
[93.889s][info ][gc,cpu       ] GC(107) User=0.00s Sys=0.01s Real=0.00s
[93.889s][info ][safepoint    ] Leaving safepoint region
[93.889s][info ][safepoint    ] Total time for which application threads were stopped: 0.0028861 seconds, Stopping threads took: 0.0000168 seconds
[94.889s][info ][safepoint    ] Application time: 1.0000972 seconds
[94.889s][info ][safepoint    ] Entering safepoint region: Cleanup
[94.889s][info ][safepoint    ] Leaving safepoint region
[94.889s][info ][safepoint    ] Total time for which application threads were stopped: 0.0000942 seconds, Stopping threads took: 0.0000295 seconds
[95.890s][info ][safepoint    ] Application time: 1.0010501 seconds
[95.890s][info ][safepoint    ] Entering safepoint region: Cleanup
[95.890s][info ][safepoint    ] Leaving safepoint region
[95.890s][info ][safepoint    ] Total time for which application threads were stopped: 0.0000743 seconds, Stopping threads took: 0.0000165 seconds
[96.890s][info ][safepoint    ] Application time: 1.0000975 seconds
[96.890s][info ][safepoint    ] Entering safepoint region: Cleanup
[96.890s][info ][safepoint    ] Leaving safepoint region
[96.890s][info ][safepoint    ] Total time for which application threads were stopped: 0.0000718 seconds, Stopping threads took: 0.0000158 seconds
[97.827s][info ][safepoint    ] Application time: 0.9368587 seconds
[97.827s][info ][safepoint    ] Entering safepoint region: GenCollectForAllocation
[97.827s][info ][gc,start     ] GC(108) Pause Young (Allocation Failure)
[97.827s][info ][gc,task      ] GC(108) Using 4 workers of 4 for evacuation
[97.830s][debug][gc,ref       ] GC(108) Skipped phase1 of Reference Processing due to unavailable references
[97.830s][debug][gc,ref       ] GC(108) Skipped phase3 of Reference Processing due to unavailable references
[97.830s][debug][gc,age       ] GC(108) Desired survivor size 15400960 bytes, new threshold 6 (max threshold 6)
[97.830s][info ][gc,heap      ] GC(108) ParNew: 242270K->1291K(270976K)
[97.830s][info ][gc,heap      ] GC(108) CMS: 236635K->236988K(602112K)
[97.830s][info ][gc,metaspace ] GC(108) Metaspace: 56402K->56402K(1099776K)
[97.830s][info ][gc           ] GC(108) Pause Young (Allocation Failure) 467M->232M(852M) 2.825ms
[97.830s][info ][gc,cpu       ] GC(108) User=0.01s Sys=0.00s Real=0.01s
[97.830s][info ][safepoint    ] Leaving safepoint region
[97.830s][info ][safepoint    ] Total time for which application threads were stopped: 0.0030060 seconds, Stopping threads took: 0.0000157 seconds
[98.830s][info ][safepoint    ] Application time: 1.0000957 seconds
[98.830s][info ][safepoint    ] Entering safepoint region: Cleanup
[98.831s][info ][safepoint    ] Leaving safepoint region
[98.831s][info ][safepoint    ] Total time for which application threads were stopped: 0.0001409 seconds, Stopping threads took: 0.0000384 seconds
[99.831s][info ][safepoint    ] Application time: 1.0000836 seconds
[99.831s][info ][safepoint    ] Entering safepoint region: Cleanup
[99.831s][info ][safepoint    ] Leaving safepoint region
[99.831s][info ][safepoint    ] Total time for which application threads were stopped: 0.0001541 seconds, Stopping threads took: 0.0000518 seconds
[100.831s][info ][safepoint    ] Application time: 1.0000872 seconds
[100.831s][info ][safepoint    ] Entering safepoint region: Cleanup
[100.831s][info ][safepoint    ] Leaving safepoint region
[100.831s][info ][safepoint    ] Total time for which application threads were stopped: 0.0001214 seconds, Stopping threads took: 0.0000497 seconds
[101.682s][info ][safepoint    ] Application time: 0.8511088 seconds
[101.682s][info ][safepoint    ] Entering safepoint region: GenCollectForAllocation
[101.682s][info ][gc,start     ] GC(109) Pause Young (Allocation Failure)
[101.682s][info ][gc,task      ] GC(109) Using 4 workers of 4 for evacuation
[101.685s][debug][gc,ref       ] GC(109) Skipped phase1 of Reference Processing due to unavailable references
[101.685s][debug][gc,ref       ] GC(109) Skipped phase3 of Reference Processing due to unavailable references
[101.685s][debug][gc,age       ] GC(109) Desired survivor size 15400960 bytes, new threshold 6 (max threshold 6)
[101.685s][info ][gc,heap      ] GC(109) ParNew: 242187K->983K(270976K)
[101.685s][info ][gc,heap      ] GC(109) CMS: 236988K->237066K(602112K)
[101.685s][info ][gc,metaspace ] GC(109) Metaspace: 56436K->56436K(1099776K)
[101.685s][info ][gc           ] GC(109) Pause Young (Allocation Failure) 467M->232M(852M) 2.386ms
[101.685s][info ][gc,cpu       ] GC(109) User=0.01s Sys=0.00s Real=0.00s
[101.685s][info ][safepoint    ] Leaving safepoint region
[101.685s][info ][safepoint    ] Total time for which application threads were stopped: 0.0025404 seconds, Stopping threads took: 0.0000146 seconds
[102.685s][info ][safepoint    ] Application time: 1.0000592 seconds
[102.685s][info ][safepoint    ] Entering safepoint region: Cleanup
[102.685s][info ][safepoint    ] Leaving safepoint region
[102.685s][info ][safepoint    ] Total time for which application threads were stopped: 0.0001380 seconds, Stopping threads took: 0.0000399 seconds
[103.685s][info ][safepoint    ] Application time: 1.0000868 seconds
[103.685s][info ][safepoint    ] Entering safepoint region: Cleanup
[103.685s][info ][safepoint    ] Leaving safepoint region
[103.685s][info ][safepoint    ] Total time for which application threads were stopped: 0.0001222 seconds, Stopping threads took: 0.0000397 seconds
[104.685s][info ][safepoint    ] Application time: 1.0000409 seconds
[104.685s][info ][safepoint    ] Entering safepoint region: Cleanup
[104.686s][info ][safepoint    ] Leaving safepoint region
[104.686s][info ][safepoint    ] Total time for which application threads were stopped: 0.0002955 seconds, Stopping threads took: 0.0000616 seconds
[105.629s][info ][safepoint    ] Application time: 0.9429672 seconds
[105.629s][info ][safepoint    ] Entering safepoint region: GenCollectForAllocation
[105.629s][info ][gc,start     ] GC(110) Pause Young (Allocation Failure)
[105.629s][info ][gc,task      ] GC(110) Using 4 workers of 4 for evacuation
[105.631s][debug][gc,ref       ] GC(110) Skipped phase1 of Reference Processing due to unavailable references
[105.631s][debug][gc,ref       ] GC(110) Skipped phase3 of Reference Processing due to unavailable references
[105.631s][debug][gc,ref       ] GC(110) Skipped phase4 of Reference Processing due to unavailable references
[105.631s][debug][gc,age       ] GC(110) Desired survivor size 15400960 bytes, new threshold 6 (max threshold 6)
[105.631s][info ][gc,heap      ] GC(110) ParNew: 241879K->954K(270976K)
[105.631s][info ][gc,heap      ] GC(110) CMS: 237066K->237139K(602112K)
[105.631s][info ][gc,metaspace ] GC(110) Metaspace: 56441K->56441K(1099776K)
[105.631s][info ][gc           ] GC(110) Pause Young (Allocation Failure) 467M->232M(852M) 2.400ms
[105.631s][info ][gc,cpu       ] GC(110) User=0.01s Sys=0.00s Real=0.01s
[105.631s][info ][safepoint    ] Leaving safepoint region
[105.631s][info ][safepoint    ] Total time for which application threads were stopped: 0.0025451 seconds, Stopping threads took: 0.0000172 seconds
[106.631s][info ][safepoint    ] Application time: 1.0000994 seconds
[106.631s][info ][safepoint    ] Entering safepoint region: Cleanup
[106.631s][info ][safepoint    ] Leaving safepoint region
[106.631s][info ][safepoint    ] Total time for which application threads were stopped: 0.0001178 seconds, Stopping threads took: 0.0000299 seconds
[107.287s][info ][safepoint    ] Application time: 0.6560042 seconds
[107.288s][info ][safepoint    ] Entering safepoint region: Deoptimize
[107.289s][info ][safepoint    ] Leaving safepoint region
[107.289s][info ][safepoint    ] Total time for which application threads were stopped: 0.0014534 seconds, Stopping threads took: 0.0000150 seconds
[108.289s][info ][safepoint    ] Application time: 1.0001025 seconds
[108.289s][info ][safepoint    ] Entering safepoint region: Cleanup
[108.289s][info ][safepoint    ] Leaving safepoint region
[108.289s][info ][safepoint    ] Total time for which application threads were stopped: 0.0001791 seconds, Stopping threads took: 0.0000827 seconds
[109.289s][info ][safepoint    ] Application time: 1.0000989 seconds
[109.289s][info ][safepoint    ] Entering safepoint region: Cleanup
[109.290s][info ][safepoint    ] Leaving safepoint region
[109.290s][info ][safepoint    ] Total time for which application threads were stopped: 0.0002923 seconds, Stopping threads took: 0.0000603 seconds
[109.382s][info ][safepoint    ] Application time: 0.0922539 seconds
[109.382s][info ][safepoint    ] Entering safepoint region: GenCollectForAllocation
[109.382s][info ][gc,start     ] GC(111) Pause Young (Allocation Failure)
[109.382s][info ][gc,task      ] GC(111) Using 4 workers of 4 for evacuation
[109.385s][debug][gc,ref       ] GC(111) Skipped phase1 of Reference Processing due to unavailable references
[109.385s][debug][gc,ref       ] GC(111) Skipped phase3 of Reference Processing due to unavailable references
[109.385s][debug][gc,age       ] GC(111) Desired survivor size 15400960 bytes, new threshold 6 (max threshold 6)
[109.385s][info ][gc,heap      ] GC(111) ParNew: 241850K->1094K(270976K)
[109.385s][info ][gc,heap      ] GC(111) CMS: 237139K->237370K(602112K)
[109.385s][info ][gc,metaspace ] GC(111) Metaspace: 56462K->56462K(1099776K)
[109.385s][info ][gc           ] GC(111) Pause Young (Allocation Failure) 467M->232M(852M) 2.805ms
[109.385s][info ][gc,cpu       ] GC(111) User=0.01s Sys=0.00s Real=0.00s
[109.385s][info ][safepoint    ] Leaving safepoint region
[109.385s][info ][safepoint    ] Total time for which application threads were stopped: 0.0029594 seconds, Stopping threads took: 0.0000153 seconds
[110.385s][info ][safepoint    ] Application time: 1.0000997 seconds
[110.385s][info ][safepoint    ] Entering safepoint region: Cleanup
[110.385s][info ][safepoint    ] Leaving safepoint region
[110.385s][info ][safepoint    ] Total time for which application threads were stopped: 0.0001246 seconds, Stopping threads took: 0.0000391 seconds
[111.385s][info ][safepoint    ] Application time: 1.0000842 seconds
[111.385s][info ][safepoint    ] Entering safepoint region: Cleanup
[111.386s][info ][safepoint    ] Leaving safepoint region
[111.386s][info ][safepoint    ] Total time for which application threads were stopped: 0.0001682 seconds, Stopping threads took: 0.0000577 seconds
[112.386s][info ][safepoint    ] Application time: 1.0000823 seconds
[112.386s][info ][safepoint    ] Entering safepoint region: Cleanup
[112.386s][info ][safepoint    ] Leaving safepoint region
[112.386s][info ][safepoint    ] Total time for which application threads were stopped: 0.0001197 seconds, Stopping threads took: 0.0000382 seconds
[113.232s][info ][safepoint    ] Application time: 0.8457191 seconds
[113.232s][info ][safepoint    ] Entering safepoint region: GenCollectForAllocation
[113.232s][info ][gc,start     ] GC(112) Pause Young (Allocation Failure)
[113.232s][info ][gc,task      ] GC(112) Using 4 workers of 4 for evacuation
[113.234s][debug][gc,ref       ] GC(112) Skipped phase1 of Reference Processing due to unavailable references
[113.234s][debug][gc,ref       ] GC(112) Skipped phase3 of Reference Processing due to unavailable references
[113.235s][debug][gc,age       ] GC(112) Desired survivor size 15400960 bytes, new threshold 6 (max threshold 6)
[113.235s][info ][gc,heap      ] GC(112) ParNew: 241990K->1425K(270976K)
[113.235s][info ][gc,heap      ] GC(112) CMS: 237370K->237444K(602112K)
[113.235s][info ][gc,metaspace ] GC(112) Metaspace: 56481K->56481K(1099776K)
[113.235s][info ][gc           ] GC(112) Pause Young (Allocation Failure) 468M->233M(852M) 2.880ms
[113.235s][info ][gc,cpu       ] GC(112) User=0.01s Sys=0.00s Real=0.00s
[113.235s][info ][safepoint    ] Leaving safepoint region
[113.235s][info ][safepoint    ] Total time for which application threads were stopped: 0.0030452 seconds, Stopping threads took: 0.0000149 seconds
[114.235s][info ][safepoint    ] Application time: 1.0000892 seconds
[114.235s][info ][safepoint    ] Entering safepoint region: Cleanup
[114.235s][info ][safepoint    ] Leaving safepoint region
[114.235s][info ][safepoint    ] Total time for which application threads were stopped: 0.0001129 seconds, Stopping threads took: 0.0000399 seconds
[115.235s][info ][safepoint    ] Application time: 1.0000876 seconds
[115.235s][info ][safepoint    ] Entering safepoint region: Cleanup
[115.235s][info ][safepoint    ] Leaving safepoint region
[115.235s][info ][safepoint    ] Total time for which application threads were stopped: 0.0001078 seconds, Stopping threads took: 0.0000415 seconds
[116.235s][info ][safepoint    ] Application time: 1.0000494 seconds
[116.235s][info ][safepoint    ] Entering safepoint region: Cleanup
[116.235s][info ][safepoint    ] Leaving safepoint region
[116.235s][info ][safepoint    ] Total time for which application threads were stopped: 0.0001347 seconds, Stopping threads took: 0.0000552 seconds
[117.133s][info ][safepoint    ] Application time: 0.8977025 seconds
[117.133s][info ][safepoint    ] Entering safepoint region: GenCollectForAllocation
[117.133s][info ][gc,start     ] GC(113) Pause Young (Allocation Failure)
[117.133s][info ][gc,task      ] GC(113) Using 4 workers of 4 for evacuation
[117.136s][debug][gc,ref       ] GC(113) Skipped phase1 of Reference Processing due to unavailable references
[117.136s][debug][gc,ref       ] GC(113) Skipped phase3 of Reference Processing due to unavailable references
[117.136s][debug][gc,ref       ] GC(113) Skipped phase4 of Reference Processing due to unavailable references
[117.136s][debug][gc,age       ] GC(113) Desired survivor size 15400960 bytes, new threshold 6 (max threshold 6)
[117.136s][info ][gc,heap      ] GC(113) ParNew: 242321K->1445K(270976K)
[117.136s][info ][gc,heap      ] GC(113) CMS: 237444K->237489K(602112K)
[117.136s][info ][gc,metaspace ] GC(113) Metaspace: 56495K->56495K(1099776K)
[117.136s][info ][gc           ] GC(113) Pause Young (Allocation Failure) 468M->233M(852M) 2.892ms
[117.136s][info ][gc,cpu       ] GC(113) User=0.01s Sys=0.00s Real=0.00s
[117.136s][info ][safepoint    ] Leaving safepoint region
[117.136s][info ][safepoint    ] Total time for which application threads were stopped: 0.0030368 seconds, Stopping threads took: 0.0000173 seconds
[118.136s][info ][safepoint    ] Application time: 1.0000899 seconds
[118.136s][info ][safepoint    ] Entering safepoint region: Cleanup
[118.136s][info ][safepoint    ] Leaving safepoint region
[118.136s][info ][safepoint    ] Total time for which application threads were stopped: 0.0000665 seconds, Stopping threads took: 0.0000144 seconds
[119.137s][info ][safepoint    ] Application time: 1.0001052 seconds
[119.137s][info ][safepoint    ] Entering safepoint region: Cleanup
[119.137s][info ][safepoint    ] Leaving safepoint region
[119.137s][info ][safepoint    ] Total time for which application threads were stopped: 0.0002824 seconds, Stopping threads took: 0.0001855 seconds
[120.137s][info ][safepoint    ] Application time: 1.0000871 seconds
[120.137s][info ][safepoint    ] Entering safepoint region: Cleanup
[120.137s][info ][safepoint    ] Leaving safepoint region
[120.137s][info ][safepoint    ] Total time for which application threads were stopped: 0.0000771 seconds, Stopping threads took: 0.0000143 seconds
[120.783s][info ][safepoint    ] Application time: 0.6456423 seconds
[120.783s][info ][safepoint    ] Entering safepoint region: GenCollectForAllocation
[120.783s][info ][gc,start     ] GC(114) Pause Young (Allocation Failure)
[120.783s][info ][gc,task      ] GC(114) Using 4 workers of 4 for evacuation
[120.786s][debug][gc,ref       ] GC(114) Skipped phase1 of Reference Processing due to unavailable references
[120.786s][debug][gc,ref       ] GC(114) Skipped phase3 of Reference Processing due to unavailable references
[120.786s][debug][gc,ref       ] GC(114) Skipped phase4 of Reference Processing due to unavailable references
[120.786s][debug][gc,age       ] GC(114) Desired survivor size 15400960 bytes, new threshold 6 (max threshold 6)
[120.786s][info ][gc,heap      ] GC(114) ParNew: 242341K->2276K(270976K)
[120.786s][info ][gc,heap      ] GC(114) CMS: 237489K->237509K(602112K)
[120.786s][info ][gc,metaspace ] GC(114) Metaspace: 56501K->56501K(1099776K)
[120.786s][info ][gc           ] GC(114) Pause Young (Allocation Failure) 468M->234M(852M) 3.057ms
[120.786s][info ][gc,cpu       ] GC(114) User=0.01s Sys=0.00s Real=0.00s
[120.786s][info ][safepoint    ] Leaving safepoint region
[120.786s][info ][safepoint    ] Total time for which application threads were stopped: 0.0032198 seconds, Stopping threads took: 0.0000149 seconds
[121.786s][info ][safepoint    ] Application time: 1.0000871 seconds
[121.786s][info ][safepoint    ] Entering safepoint region: Cleanup
[121.786s][info ][safepoint    ] Leaving safepoint region
[121.786s][info ][safepoint    ] Total time for which application threads were stopped: 0.0001551 seconds, Stopping threads took: 0.0000361 seconds
[122.786s][info ][safepoint    ] Application time: 1.0000862 seconds
[122.786s][info ][safepoint    ] Entering safepoint region: Cleanup
[122.786s][info ][safepoint    ] Leaving safepoint region
[122.786s][info ][safepoint    ] Total time for which application threads were stopped: 0.0001064 seconds, Stopping threads took: 0.0000362 seconds
[123.787s][info ][safepoint    ] Application time: 1.0000946 seconds
[123.787s][info ][safepoint    ] Entering safepoint region: Cleanup
[123.787s][info ][safepoint    ] Leaving safepoint region
[123.787s][info ][safepoint    ] Total time for which application threads were stopped: 0.0001425 seconds, Stopping threads took: 0.0000750 seconds
[124.434s][info ][safepoint    ] Application time: 0.6475089 seconds
[124.434s][info ][safepoint    ] Entering safepoint region: GenCollectForAllocation
[124.434s][info ][gc,start     ] GC(115) Pause Young (Allocation Failure)
[124.434s][info ][gc,task      ] GC(115) Using 4 workers of 4 for evacuation
[124.437s][debug][gc,ref       ] GC(115) Skipped phase1 of Reference Processing due to unavailable references
[124.437s][debug][gc,ref       ] GC(115) Skipped phase3 of Reference Processing due to unavailable references
[124.437s][debug][gc,ref       ] GC(115) Skipped phase4 of Reference Processing due to unavailable references
[124.437s][debug][gc,age       ] GC(115) Desired survivor size 15400960 bytes, new threshold 6 (max threshold 6)
[124.437s][info ][gc,heap      ] GC(115) ParNew: 243172K->2680K(270976K)
[124.438s][info ][gc,heap      ] GC(115) CMS: 237509K->237582K(602112K)
[124.438s][info ][gc,metaspace ] GC(115) Metaspace: 56509K->56509K(1099776K)
[124.438s][info ][gc           ] GC(115) Pause Young (Allocation Failure) 469M->234M(852M) 3.111ms
[124.438s][info ][gc,cpu       ] GC(115) User=0.01s Sys=0.00s Real=0.00s
[124.438s][info ][safepoint    ] Leaving safepoint region
[124.438s][info ][safepoint    ] Total time for which application threads were stopped: 0.0032888 seconds, Stopping threads took: 0.0000153 seconds
[125.438s][info ][safepoint    ] Application time: 1.0000968 seconds
[125.438s][info ][safepoint    ] Entering safepoint region: Cleanup
[125.438s][info ][safepoint    ] Leaving safepoint region
[125.438s][info ][safepoint    ] Total time for which application threads were stopped: 0.0001352 seconds, Stopping threads took: 0.0000404 seconds
[126.438s][info ][safepoint    ] Application time: 1.0001025 seconds
[126.438s][info ][safepoint    ] Entering safepoint region: Cleanup
[126.438s][info ][safepoint    ] Leaving safepoint region
[126.438s][info ][safepoint    ] Total time for which application threads were stopped: 0.0001148 seconds, Stopping threads took: 0.0000205 seconds
[127.438s][info ][safepoint    ] Application time: 1.0001012 seconds
[127.438s][info ][safepoint    ] Entering safepoint region: Cleanup
[127.438s][info ][safepoint    ] Leaving safepoint region
[127.438s][info ][safepoint    ] Total time for which application threads were stopped: 0.0000890 seconds, Stopping threads took: 0.0000281 seconds
[128.288s][info ][safepoint    ] Application time: 0.8499072 seconds
[128.288s][info ][safepoint    ] Entering safepoint region: GenCollectForAllocation
[128.288s][info ][gc,start     ] GC(116) Pause Young (Allocation Failure)
[128.288s][info ][gc,task      ] GC(116) Using 4 workers of 4 for evacuation
[128.291s][debug][gc,ref       ] GC(116) Skipped phase1 of Reference Processing due to unavailable references
[128.292s][debug][gc,ref       ] GC(116) Skipped phase3 of Reference Processing due to unavailable references
[128.292s][debug][gc,ref       ] GC(116) Skipped phase4 of Reference Processing due to unavailable references
[128.292s][debug][gc,age       ] GC(116) Desired survivor size 15400960 bytes, new threshold 6 (max threshold 6)
[128.292s][info ][gc,heap      ] GC(116) ParNew: 243576K->2028K(270976K)
[128.292s][info ][gc,heap      ] GC(116) CMS: 237582K->237732K(602112K)
[128.292s][info ][gc,metaspace ] GC(116) Metaspace: 56512K->56512K(1099776K)
[128.292s][info ][gc           ] GC(116) Pause Young (Allocation Failure) 469M->234M(852M) 3.307ms
[128.292s][info ][gc,cpu       ] GC(116) User=0.01s Sys=0.00s Real=0.01s
[128.292s][info ][safepoint    ] Leaving safepoint region
[128.292s][info ][safepoint    ] Total time for which application threads were stopped: 0.0034649 seconds, Stopping threads took: 0.0000153 seconds
[129.292s][info ][safepoint    ] Application time: 1.0001015 seconds
[129.292s][info ][safepoint    ] Entering safepoint region: Cleanup
[129.292s][info ][safepoint    ] Leaving safepoint region
[129.292s][info ][safepoint    ] Total time for which application threads were stopped: 0.0000776 seconds, Stopping threads took: 0.0000163 seconds
[130.292s][info ][safepoint    ] Application time: 1.0000915 seconds
[130.292s][info ][safepoint    ] Entering safepoint region: Cleanup
[130.292s][info ][safepoint    ] Leaving safepoint region
[130.292s][info ][safepoint    ] Total time for which application threads were stopped: 0.0001966 seconds, Stopping threads took: 0.0000157 seconds
[131.292s][info ][safepoint    ] Application time: 1.0000868 seconds
[131.292s][info ][safepoint    ] Entering safepoint region: Cleanup
[131.292s][info ][safepoint    ] Leaving safepoint region
[131.292s][info ][safepoint    ] Total time for which application threads were stopped: 0.0000760 seconds, Stopping threads took: 0.0000144 seconds
[132.178s][info ][safepoint    ] Application time: 0.8854893 seconds
[132.178s][info ][safepoint    ] Entering safepoint region: GenCollectForAllocation
[132.178s][info ][gc,start     ] GC(117) Pause Young (Allocation Failure)
[132.178s][info ][gc,task      ] GC(117) Using 4 workers of 4 for evacuation
[132.181s][debug][gc,ref       ] GC(117) Skipped phase1 of Reference Processing due to unavailable references
[132.181s][debug][gc,ref       ] GC(117) Skipped phase3 of Reference Processing due to unavailable references
[132.181s][debug][gc,age       ] GC(117) Desired survivor size 15400960 bytes, new threshold 6 (max threshold 6)
[132.181s][info ][gc,heap      ] GC(117) ParNew: 242924K->1923K(270976K)
[132.181s][info ][gc,heap      ] GC(117) CMS: 237732K->237848K(602112K)
[132.181s][info ][gc,metaspace ] GC(117) Metaspace: 56538K->56538K(1099776K)
[132.181s][info ][gc           ] GC(117) Pause Young (Allocation Failure) 469M->234M(852M) 3.196ms
[132.181s][info ][gc,cpu       ] GC(117) User=0.01s Sys=0.00s Real=0.00s
[132.181s][info ][safepoint    ] Leaving safepoint region
[132.181s][info ][safepoint    ] Total time for which application threads were stopped: 0.0034139 seconds, Stopping threads took: 0.0000400 seconds
[133.182s][info ][safepoint    ] Application time: 1.0000946 seconds
[133.182s][info ][safepoint    ] Entering safepoint region: Cleanup
[133.182s][info ][safepoint    ] Leaving safepoint region
[133.182s][info ][safepoint    ] Total time for which application threads were stopped: 0.0001095 seconds, Stopping threads took: 0.0000355 seconds
[134.182s][info ][safepoint    ] Application time: 1.0002265 seconds
[134.182s][info ][safepoint    ] Entering safepoint region: Cleanup
[134.182s][info ][safepoint    ] Leaving safepoint region
[134.182s][info ][safepoint    ] Total time for which application threads were stopped: 0.0001007 seconds, Stopping threads took: 0.0000326 seconds
[135.182s][info ][safepoint    ] Application time: 1.0000703 seconds
[135.182s][info ][safepoint    ] Entering safepoint region: Cleanup
[135.182s][info ][safepoint    ] Leaving safepoint region
[135.182s][info ][safepoint    ] Total time for which application threads were stopped: 0.0001462 seconds, Stopping threads took: 0.0000547 seconds
[136.182s][info ][safepoint    ] Application time: 1.0000875 seconds
[136.182s][info ][safepoint    ] Entering safepoint region: Cleanup
[136.182s][info ][safepoint    ] Leaving safepoint region
[136.182s][info ][safepoint    ] Total time for which application threads were stopped: 0.0001060 seconds, Stopping threads took: 0.0000376 seconds
[136.186s][info ][safepoint    ] Application time: 0.0038090 seconds
[136.186s][info ][safepoint    ] Entering safepoint region: GenCollectForAllocation
[136.186s][info ][gc,start     ] GC(118) Pause Young (Allocation Failure)
[136.186s][info ][gc,task      ] GC(118) Using 4 workers of 4 for evacuation
[136.189s][debug][gc,ref       ] GC(118) Skipped phase1 of Reference Processing due to unavailable references
[136.189s][debug][gc,ref       ] GC(118) Skipped phase3 of Reference Processing due to unavailable references
[136.189s][debug][gc,ref       ] GC(118) Skipped phase4 of Reference Processing due to unavailable references
[136.189s][debug][gc,age       ] GC(118) Desired survivor size 15400960 bytes, new threshold 6 (max threshold 6)
[136.189s][info ][gc,heap      ] GC(118) ParNew: 242819K->2236K(270976K)
[136.189s][info ][gc,heap      ] GC(118) CMS: 237848K->238022K(602112K)
[136.189s][info ][gc,metaspace ] GC(118) Metaspace: 56559K->56559K(1099776K)
[136.189s][info ][gc           ] GC(118) Pause Young (Allocation Failure) 469M->234M(852M) 2.965ms
[136.189s][info ][gc,cpu       ] GC(118) User=0.01s Sys=0.00s Real=0.00s
[136.189s][info ][safepoint    ] Leaving safepoint region
[136.189s][info ][safepoint    ] Total time for which application threads were stopped: 0.0030709 seconds, Stopping threads took: 0.0000104 seconds
[137.189s][info ][safepoint    ] Application time: 1.0000746 seconds
[137.190s][info ][safepoint    ] Entering safepoint region: Cleanup
[137.190s][info ][safepoint    ] Leaving safepoint region
[137.190s][info ][safepoint    ] Total time for which application threads were stopped: 0.0000822 seconds, Stopping threads took: 0.0000145 seconds
[138.190s][info ][safepoint    ] Application time: 1.0000882 seconds
[138.190s][info ][safepoint    ] Entering safepoint region: Cleanup
[138.190s][info ][safepoint    ] Leaving safepoint region
[138.190s][info ][safepoint    ] Total time for which application threads were stopped: 0.0000866 seconds, Stopping threads took: 0.0000149 seconds
[139.190s][info ][safepoint    ] Application time: 1.0000897 seconds
[139.190s][info ][safepoint    ] Entering safepoint region: Cleanup
[139.190s][info ][safepoint    ] Leaving safepoint region
[139.190s][info ][safepoint    ] Total time for which application threads were stopped: 0.0000650 seconds, Stopping threads took: 0.0000143 seconds
[140.190s][info ][safepoint    ] Application time: 1.0000973 seconds
[140.190s][info ][safepoint    ] Entering safepoint region: Cleanup
[140.190s][info ][safepoint    ] Leaving safepoint region
[140.190s][info ][safepoint    ] Total time for which application threads were stopped: 0.0001300 seconds, Stopping threads took: 0.0000420 seconds
[140.436s][info ][safepoint    ] Application time: 0.2460085 seconds
[140.436s][info ][safepoint    ] Entering safepoint region: GenCollectForAllocation
[140.436s][info ][gc,start     ] GC(119) Pause Young (Allocation Failure)
[140.436s][info ][gc,task      ] GC(119) Using 4 workers of 4 for evacuation
[140.439s][debug][gc,ref       ] GC(119) Skipped phase1 of Reference Processing due to unavailable references
[140.439s][debug][gc,ref       ] GC(119) Skipped phase3 of Reference Processing due to unavailable references
[140.439s][debug][gc,ref       ] GC(119) Skipped phase4 of Reference Processing due to unavailable references
[140.439s][debug][gc,age       ] GC(119) Desired survivor size 15400960 bytes, new threshold 6 (max threshold 6)
[140.439s][info ][gc,heap      ] GC(119) ParNew: 243132K->1860K(270976K)
[140.439s][info ][gc,heap      ] GC(119) CMS: 238022K->238211K(602112K)
[140.439s][info ][gc,metaspace ] GC(119) Metaspace: 56577K->56577K(1099776K)
[140.439s][info ][gc           ] GC(119) Pause Young (Allocation Failure) 469M->234M(852M) 2.946ms
[140.439s][info ][gc,cpu       ] GC(119) User=0.01s Sys=0.00s Real=0.00s
[140.439s][info ][safepoint    ] Leaving safepoint region
[140.439s][info ][safepoint    ] Total time for which application threads were stopped: 0.0031027 seconds, Stopping threads took: 0.0000145 seconds
[141.440s][info ][safepoint    ] Application time: 1.0001064 seconds
[141.440s][info ][safepoint    ] Entering safepoint region: Cleanup
[141.440s][info ][safepoint    ] Leaving safepoint region
[141.440s][info ][safepoint    ] Total time for which application threads were stopped: 0.0000980 seconds, Stopping threads took: 0.0000308 seconds
[142.440s][info ][safepoint    ] Application time: 1.0000939 seconds
[142.440s][info ][safepoint    ] Entering safepoint region: Cleanup
[142.440s][info ][safepoint    ] Leaving safepoint region
[142.440s][info ][safepoint    ] Total time for which application threads were stopped: 0.0000924 seconds, Stopping threads took: 0.0000296 seconds
[143.440s][info ][safepoint    ] Application time: 1.0001031 seconds
[143.440s][info ][safepoint    ] Entering safepoint region: Cleanup
[143.440s][info ][safepoint    ] Leaving safepoint region
[143.440s][info ][safepoint    ] Total time for which application threads were stopped: 0.0000891 seconds, Stopping threads took: 0.0000156 seconds
[144.440s][info ][safepoint    ] Application time: 1.0000916 seconds
[144.440s][info ][safepoint    ] Entering safepoint region: Cleanup
[144.440s][info ][safepoint    ] Leaving safepoint region
[144.440s][info ][safepoint    ] Total time for which application threads were stopped: 0.0000837 seconds, Stopping threads took: 0.0000158 seconds
[144.485s][info ][safepoint    ] Application time: 0.0447896 seconds
[144.485s][info ][safepoint    ] Entering safepoint region: GenCollectForAllocation
[144.485s][info ][gc,start     ] GC(120) Pause Young (Allocation Failure)
[144.485s][info ][gc,task      ] GC(120) Using 4 workers of 4 for evacuation
[144.488s][debug][gc,ref       ] GC(120) Skipped phase1 of Reference Processing due to unavailable references
[144.488s][debug][gc,ref       ] GC(120) Skipped phase3 of Reference Processing due to unavailable references
[144.488s][debug][gc,ref       ] GC(120) Skipped phase4 of Reference Processing due to unavailable references
[144.488s][debug][gc,age       ] GC(120) Desired survivor size 15400960 bytes, new threshold 6 (max threshold 6)
[144.488s][info ][gc,heap      ] GC(120) ParNew: 242756K->2022K(270976K)
[144.488s][info ][gc,heap      ] GC(120) CMS: 238211K->238249K(602112K)
[144.488s][info ][gc,metaspace ] GC(120) Metaspace: 56583K->56583K(1099776K)
[144.488s][info ][gc           ] GC(120) Pause Young (Allocation Failure) 469M->234M(852M) 2.817ms
[144.488s][info ][gc,cpu       ] GC(120) User=0.01s Sys=0.00s Real=0.00s
[144.488s][info ][safepoint    ] Leaving safepoint region
[144.488s][info ][safepoint    ] Total time for which application threads were stopped: 0.0029699 seconds, Stopping threads took: 0.0000177 seconds
[145.488s][info ][safepoint    ] Application time: 1.0000935 seconds
[145.488s][info ][safepoint    ] Entering safepoint region: Cleanup
[145.488s][info ][safepoint    ] Leaving safepoint region
[145.488s][info ][safepoint    ] Total time for which application threads were stopped: 0.0000739 seconds, Stopping threads took: 0.0000187 seconds
[146.488s][info ][safepoint    ] Application time: 1.0001000 seconds
[146.489s][info ][safepoint    ] Entering safepoint region: Cleanup
[146.489s][info ][safepoint    ] Leaving safepoint region
[146.489s][info ][safepoint    ] Total time for which application threads were stopped: 0.0000959 seconds, Stopping threads took: 0.0000381 seconds
[147.489s][info ][safepoint    ] Application time: 1.0000981 seconds
[147.489s][info ][safepoint    ] Entering safepoint region: Cleanup
[147.489s][info ][safepoint    ] Leaving safepoint region
[147.489s][info ][safepoint    ] Total time for which application threads were stopped: 0.0000711 seconds, Stopping threads took: 0.0000147 seconds
[148.489s][info ][safepoint    ] Application time: 1.0000787 seconds
[148.489s][info ][safepoint    ] Entering safepoint region: Cleanup
[148.489s][info ][safepoint    ] Leaving safepoint region
[148.489s][info ][safepoint    ] Total time for which application threads were stopped: 0.0000921 seconds, Stopping threads took: 0.0000156 seconds
[148.578s][info ][safepoint    ] Application time: 0.0887356 seconds
[148.578s][info ][safepoint    ] Entering safepoint region: GenCollectForAllocation
[148.578s][info ][gc,start     ] GC(121) Pause Young (Allocation Failure)
[148.578s][info ][gc,task      ] GC(121) Using 4 workers of 4 for evacuation
[148.581s][debug][gc,ref       ] GC(121) Skipped phase1 of Reference Processing due to unavailable references
[148.581s][debug][gc,ref       ] GC(121) Skipped phase3 of Reference Processing due to unavailable references
[148.581s][debug][gc,age       ] GC(121) Desired survivor size 15400960 bytes, new threshold 6 (max threshold 6)
[148.581s][info ][gc,heap      ] GC(121) ParNew: 242918K->2383K(270976K)
[148.581s][info ][gc,heap      ] GC(121) CMS: 238249K->238308K(602112K)
[148.581s][info ][gc,metaspace ] GC(121) Metaspace: 56604K->56604K(1099776K)
[148.581s][info ][gc           ] GC(121) Pause Young (Allocation Failure) 469M->235M(852M) 3.132ms
[148.581s][info ][gc,cpu       ] GC(121) User=0.01s Sys=0.00s Real=0.00s
[148.581s][info ][safepoint    ] Leaving safepoint region
[148.581s][info ][safepoint    ] Total time for which application threads were stopped: 0.0032896 seconds, Stopping threads took: 0.0000151 seconds
[149.581s][info ][safepoint    ] Application time: 1.0001253 seconds
[149.581s][info ][safepoint    ] Entering safepoint region: Cleanup
[149.581s][info ][safepoint    ] Leaving safepoint region
[149.581s][info ][safepoint    ] Total time for which application threads were stopped: 0.0001304 seconds, Stopping threads took: 0.0000397 seconds
[150.581s][info ][safepoint    ] Application time: 1.0000809 seconds
[150.582s][info ][safepoint    ] Entering safepoint region: Cleanup
[150.582s][info ][safepoint    ] Leaving safepoint region
[150.582s][info ][safepoint    ] Total time for which application threads were stopped: 0.0001563 seconds, Stopping threads took: 0.0000790 seconds
[151.582s][info ][safepoint    ] Application time: 1.0001027 seconds
[151.582s][info ][safepoint    ] Entering safepoint region: Cleanup
[151.582s][info ][safepoint    ] Leaving safepoint region
[151.582s][info ][safepoint    ] Total time for which application threads were stopped: 0.0001077 seconds, Stopping threads took: 0.0000373 seconds
[152.582s][info ][safepoint    ] Application time: 1.0000997 seconds
[152.582s][info ][safepoint    ] Entering safepoint region: Cleanup
[152.582s][info ][safepoint    ] Leaving safepoint region
[152.582s][info ][safepoint    ] Total time for which application threads were stopped: 0.0001488 seconds, Stopping threads took: 0.0000635 seconds
[152.885s][info ][safepoint    ] Application time: 0.3024978 seconds
[152.885s][info ][safepoint    ] Entering safepoint region: GenCollectForAllocation
[152.885s][info ][gc,start     ] GC(122) Pause Young (Allocation Failure)
[152.885s][info ][gc,task      ] GC(122) Using 4 workers of 4 for evacuation
[152.888s][debug][gc,ref       ] GC(122) Skipped phase1 of Reference Processing due to unavailable references
[152.888s][debug][gc,ref       ] GC(122) Skipped phase3 of Reference Processing due to unavailable references
[152.888s][debug][gc,age       ] GC(122) Desired survivor size 15400960 bytes, new threshold 6 (max threshold 6)
[152.888s][info ][gc,heap      ] GC(122) ParNew: 243279K->1932K(270976K)
[152.888s][info ][gc,heap      ] GC(122) CMS: 238308K->238455K(602112K)
[152.888s][info ][gc,metaspace ] GC(122) Metaspace: 56619K->56619K(1099776K)
[152.888s][info ][gc           ] GC(122) Pause Young (Allocation Failure) 470M->234M(852M) 2.904ms
[152.888s][info ][gc,cpu       ] GC(122) User=0.01s Sys=0.00s Real=0.00s
[152.888s][info ][safepoint    ] Leaving safepoint region
[152.888s][info ][safepoint    ] Total time for which application threads were stopped: 0.0030652 seconds, Stopping threads took: 0.0000143 seconds
[153.888s][info ][safepoint    ] Application time: 1.0000917 seconds
[153.888s][info ][safepoint    ] Entering safepoint region: Cleanup
[153.888s][info ][safepoint    ] Leaving safepoint region
[153.888s][info ][safepoint    ] Total time for which application threads were stopped: 0.0000859 seconds, Stopping threads took: 0.0000154 seconds
[154.888s][info ][safepoint    ] Application time: 1.0000943 seconds
[154.888s][info ][safepoint    ] Entering safepoint region: Cleanup
[154.888s][info ][safepoint    ] Leaving safepoint region
[154.888s][info ][safepoint    ] Total time for which application threads were stopped: 0.0001387 seconds, Stopping threads took: 0.0000741 seconds
[155.888s][info ][safepoint    ] Application time: 1.0000754 seconds
[155.888s][info ][safepoint    ] Entering safepoint region: Cleanup
[155.889s][info ][safepoint    ] Leaving safepoint region
[155.889s][info ][safepoint    ] Total time for which application threads were stopped: 0.0001184 seconds, Stopping threads took: 0.0000407 seconds
[156.889s][info ][safepoint    ] Application time: 1.0000503 seconds
[156.892s][info ][safepoint    ] Entering safepoint region: Cleanup
[156.892s][info ][safepoint    ] Leaving safepoint region
[156.892s][info ][safepoint    ] Total time for which application threads were stopped: 0.0031860 seconds, Stopping threads took: 0.0030827 seconds
[157.384s][info ][safepoint    ] Application time: 0.4920933 seconds
[157.384s][info ][safepoint    ] Entering safepoint region: GenCollectForAllocation
[157.384s][info ][gc,start     ] GC(123) Pause Young (Allocation Failure)
[157.384s][info ][gc,task      ] GC(123) Using 4 workers of 4 for evacuation
[157.387s][debug][gc,ref       ] GC(123) Skipped phase1 of Reference Processing due to unavailable references
[157.387s][debug][gc,ref       ] GC(123) Skipped phase3 of Reference Processing due to unavailable references
[157.387s][debug][gc,ref       ] GC(123) Skipped phase4 of Reference Processing due to unavailable references
[157.387s][debug][gc,age       ] GC(123) Desired survivor size 15400960 bytes, new threshold 6 (max threshold 6)
[157.387s][info ][gc,heap      ] GC(123) ParNew: 242828K->2119K(270976K)
[157.387s][info ][gc,heap      ] GC(123) CMS: 238455K->238646K(602112K)
[157.387s][info ][gc,metaspace ] GC(123) Metaspace: 56625K->56625K(1099776K)
[157.387s][info ][gc           ] GC(123) Pause Young (Allocation Failure) 470M->235M(852M) 3.086ms
[157.387s][info ][gc,cpu       ] GC(123) User=0.02s Sys=0.00s Real=0.00s
[157.387s][info ][safepoint    ] Leaving safepoint region
[157.387s][info ][safepoint    ] Total time for which application threads were stopped: 0.0032295 seconds, Stopping threads took: 0.0000152 seconds
[158.387s][info ][safepoint    ] Application time: 1.0001080 seconds
[158.387s][info ][safepoint    ] Entering safepoint region: Cleanup
[158.388s][info ][safepoint    ] Leaving safepoint region
[158.388s][info ][safepoint    ] Total time for which application threads were stopped: 0.0001868 seconds, Stopping threads took: 0.0000425 seconds
[159.087s][info ][safepoint    ] Application time: 0.6995981 seconds
[159.087s][info ][safepoint    ] Entering safepoint region: GenCollectForAllocation
[159.087s][info ][gc,start     ] GC(124) Pause Young (Allocation Failure)
[159.087s][info ][gc,task      ] GC(124) Using 4 workers of 4 for evacuation
[159.095s][debug][gc,ref       ] GC(124) Skipped phase1 of Reference Processing due to unavailable references
[159.095s][debug][gc,ref       ] GC(124) Skipped phase3 of Reference Processing due to unavailable references
[159.095s][debug][gc,ref       ] GC(124) Skipped phase4 of Reference Processing due to unavailable references
[159.095s][debug][gc,age       ] GC(124) Desired survivor size 15400960 bytes, new threshold 6 (max threshold 6)
[159.095s][info ][gc,heap      ] GC(124) ParNew: 243015K->10785K(270976K)
[159.095s][info ][gc,heap      ] GC(124) CMS: 238646K->238762K(602112K)
[159.095s][info ][gc,metaspace ] GC(124) Metaspace: 56727K->56727K(1101824K)
[159.095s][info ][gc           ] GC(124) Pause Young (Allocation Failure) 470M->243M(852M) 7.703ms
[159.095s][info ][gc,cpu       ] GC(124) User=0.02s Sys=0.00s Real=0.01s
[159.095s][info ][safepoint    ] Leaving safepoint region
[159.095s][info ][safepoint    ] Total time for which application threads were stopped: 0.0078726 seconds, Stopping threads took: 0.0000153 seconds
[160.095s][info ][safepoint    ] Application time: 1.0001045 seconds
[160.095s][info ][safepoint    ] Entering safepoint region: Cleanup
[160.095s][info ][safepoint    ] Leaving safepoint region
[160.095s][info ][safepoint    ] Total time for which application threads were stopped: 0.0001374 seconds, Stopping threads took: 0.0000599 seconds
[160.350s][info ][safepoint    ] Application time: 0.2548379 seconds
[160.350s][info ][safepoint    ] Entering safepoint region: GenCollectForAllocation
[160.350s][info ][gc,start     ] GC(125) Pause Young (Allocation Failure)
[160.350s][info ][gc,task      ] GC(125) Using 4 workers of 4 for evacuation
[160.358s][debug][gc,ref       ] GC(125) Skipped phase1 of Reference Processing due to unavailable references
[160.358s][debug][gc,ref       ] GC(125) Skipped phase3 of Reference Processing due to unavailable references
[160.358s][debug][gc,ref       ] GC(125) Skipped phase4 of Reference Processing due to unavailable references
[160.358s][debug][gc,age       ] GC(125) Desired survivor size 15400960 bytes, new threshold 6 (max threshold 6)
[160.358s][info ][gc,heap      ] GC(125) ParNew: 251681K->15685K(270976K)
[160.358s][info ][gc,heap      ] GC(125) CMS: 238762K->238858K(602112K)
[160.358s][info ][gc,metaspace ] GC(125) Metaspace: 56736K->56736K(1101824K)
[160.358s][info ][gc           ] GC(125) Pause Young (Allocation Failure) 478M->248M(852M) 7.927ms
[160.358s][info ][gc,cpu       ] GC(125) User=0.03s Sys=0.00s Real=0.00s
[160.358s][info ][safepoint    ] Leaving safepoint region
[160.358s][info ][safepoint    ] Total time for which application threads were stopped: 0.0081114 seconds, Stopping threads took: 0.0000156 seconds
[161.358s][info ][safepoint    ] Application time: 1.0000935 seconds
[161.359s][info ][safepoint    ] Entering safepoint region: Cleanup
[161.359s][info ][safepoint    ] Leaving safepoint region
[161.359s][info ][safepoint    ] Total time for which application threads were stopped: 0.0003831 seconds, Stopping threads took: 0.0003028 seconds
[161.592s][info ][safepoint    ] Application time: 0.2327735 seconds
[161.592s][info ][safepoint    ] Entering safepoint region: GenCollectForAllocation
[161.592s][info ][gc,start     ] GC(126) Pause Young (Allocation Failure)
[161.592s][info ][gc,task      ] GC(126) Using 4 workers of 4 for evacuation
[161.603s][debug][gc,ref       ] GC(126) Skipped phase1 of Reference Processing due to unavailable references
[161.603s][debug][gc,ref       ] GC(126) Skipped phase3 of Reference Processing due to unavailable references
[161.603s][debug][gc,ref       ] GC(126) Skipped phase4 of Reference Processing due to unavailable references
[161.603s][debug][gc,age       ] GC(126) Desired survivor size 15400960 bytes, new threshold 6 (max threshold 6)
[161.603s][info ][gc,heap      ] GC(126) ParNew: 256581K->20785K(270976K)
[161.603s][info ][gc,heap      ] GC(126) CMS: 238858K->238999K(602112K)
[161.603s][info ][gc,metaspace ] GC(126) Metaspace: 56744K->56744K(1101824K)
[161.603s][info ][gc           ] GC(126) Pause Young (Allocation Failure) 483M->253M(852M) 11.464ms
[161.603s][info ][gc,cpu       ] GC(126) User=0.05s Sys=0.00s Real=0.01s
[161.603s][info ][safepoint    ] Leaving safepoint region
[161.603s][info ][safepoint    ] Total time for which application threads were stopped: 0.0116550 seconds, Stopping threads took: 0.0000139 seconds
[162.603s][info ][safepoint    ] Application time: 1.0001199 seconds
[162.603s][info ][safepoint    ] Entering safepoint region: Cleanup
[162.604s][info ][safepoint    ] Leaving safepoint region
[162.604s][info ][safepoint    ] Total time for which application threads were stopped: 0.0001350 seconds, Stopping threads took: 0.0000488 seconds
[162.845s][info ][safepoint    ] Application time: 0.2416178 seconds
[162.845s][info ][safepoint    ] Entering safepoint region: GenCollectForAllocation
[162.845s][info ][gc,start     ] GC(127) Pause Young (Allocation Failure)
[162.845s][info ][gc,task      ] GC(127) Using 4 workers of 4 for evacuation
[162.853s][debug][gc,ref       ] GC(127) Skipped phase1 of Reference Processing due to unavailable references
[162.853s][debug][gc,ref       ] GC(127) Skipped phase3 of Reference Processing due to unavailable references
[162.853s][debug][gc,age       ] GC(127) Desired survivor size 15400960 bytes, new threshold 6 (max threshold 6)
[162.853s][info ][gc,heap      ] GC(127) ParNew: 261681K->14308K(270976K)
[162.853s][info ][gc,heap      ] GC(127) CMS: 238999K->239435K(602112K)
[162.853s][info ][gc,metaspace ] GC(127) Metaspace: 56759K->56759K(1101824K)
[162.853s][info ][gc           ] GC(127) Pause Young (Allocation Failure) 488M->247M(852M) 7.887ms
[162.853s][info ][gc,cpu       ] GC(127) User=0.03s Sys=0.00s Real=0.01s
[162.853s][info ][safepoint    ] Leaving safepoint region
[162.853s][info ][safepoint    ] Total time for which application threads were stopped: 0.0080504 seconds, Stopping threads took: 0.0000195 seconds
[163.853s][info ][safepoint    ] Application time: 1.0000968 seconds
[163.853s][info ][safepoint    ] Entering safepoint region: Cleanup
[163.853s][info ][safepoint    ] Leaving safepoint region
[163.853s][info ][safepoint    ] Total time for which application threads were stopped: 0.0000800 seconds, Stopping threads took: 0.0000166 seconds
[164.184s][info ][safepoint    ] Application time: 0.3302134 seconds
[164.184s][info ][safepoint    ] Entering safepoint region: GenCollectForAllocation
[164.184s][info ][gc,start     ] GC(128) Pause Young (Allocation Failure)
[164.184s][info ][gc,task      ] GC(128) Using 4 workers of 4 for evacuation
[164.191s][debug][gc,ref       ] GC(128) Skipped phase1 of Reference Processing due to unavailable references
[164.191s][debug][gc,ref       ] GC(128) Skipped phase3 of Reference Processing due to unavailable references
[164.191s][debug][gc,ref       ] GC(128) Skipped phase4 of Reference Processing due to unavailable references
[164.191s][debug][gc,age       ] GC(128) Desired survivor size 15400960 bytes, new threshold 6 (max threshold 6)
[164.191s][info ][gc,heap      ] GC(128) ParNew: 255204K->19355K(270976K)
[164.191s][info ][gc,heap      ] GC(128) CMS: 239435K->239646K(602112K)
[164.191s][info ][gc,metaspace ] GC(128) Metaspace: 56761K->56761K(1101824K)
[164.191s][info ][gc           ] GC(128) Pause Young (Allocation Failure) 483M->252M(852M) 7.383ms
[164.191s][info ][gc,cpu       ] GC(128) User=0.03s Sys=0.00s Real=0.01s
[164.191s][info ][safepoint    ] Leaving safepoint region
[164.191s][info ][safepoint    ] Total time for which application threads were stopped: 0.0075325 seconds, Stopping threads took: 0.0000146 seconds
[165.191s][info ][safepoint    ] Application time: 1.0000903 seconds
[165.191s][info ][safepoint    ] Entering safepoint region: Cleanup
[165.192s][info ][safepoint    ] Leaving safepoint region
[165.192s][info ][safepoint    ] Total time for which application threads were stopped: 0.0001234 seconds, Stopping threads took: 0.0000408 seconds
[165.578s][info ][safepoint    ] Application time: 0.3861026 seconds
[165.578s][info ][safepoint    ] Entering safepoint region: GenCollectForAllocation
[165.578s][info ][gc,start     ] GC(129) Pause Young (Allocation Failure)
[165.578s][info ][gc,task      ] GC(129) Using 4 workers of 4 for evacuation
[165.585s][debug][gc,ref       ] GC(129) Skipped phase1 of Reference Processing due to unavailable references
[165.585s][debug][gc,ref       ] GC(129) Skipped phase3 of Reference Processing due to unavailable references
[165.585s][debug][gc,ref       ] GC(129) Skipped phase4 of Reference Processing due to unavailable references
[165.585s][debug][gc,age       ] GC(129) Desired survivor size 15400960 bytes, new threshold 6 (max threshold 6)
[165.585s][info ][gc,heap      ] GC(129) ParNew: 260251K->18060K(270976K)
[165.585s][info ][gc,heap      ] GC(129) CMS: 239646K->239764K(602112K)
[165.585s][info ][gc,metaspace ] GC(129) Metaspace: 56761K->56761K(1101824K)
[165.585s][info ][gc           ] GC(129) Pause Young (Allocation Failure) 488M->251M(852M) 7.301ms
[165.585s][info ][gc,cpu       ] GC(129) User=0.03s Sys=0.00s Real=0.01s
[165.585s][info ][safepoint    ] Leaving safepoint region
[165.585s][info ][safepoint    ] Total time for which application threads were stopped: 0.0074382 seconds, Stopping threads took: 0.0000156 seconds
[166.585s][info ][safepoint    ] Application time: 1.0001037 seconds
[166.585s][info ][safepoint    ] Entering safepoint region: Cleanup
[166.585s][info ][safepoint    ] Leaving safepoint region
[166.585s][info ][safepoint    ] Total time for which application threads were stopped: 0.0001094 seconds, Stopping threads took: 0.0000388 seconds
[167.030s][info ][safepoint    ] Application time: 0.4444924 seconds
[167.030s][info ][safepoint    ] Entering safepoint region: GenCollectForAllocation
[167.030s][info ][gc,start     ] GC(130) Pause Young (Allocation Failure)
[167.030s][info ][gc,task      ] GC(130) Using 4 workers of 4 for evacuation
[167.044s][debug][gc,ref       ] GC(130) Skipped phase1 of Reference Processing due to unavailable references
[167.044s][debug][gc,ref       ] GC(130) Skipped phase3 of Reference Processing due to unavailable references
[167.044s][debug][gc,ref       ] GC(130) Skipped phase4 of Reference Processing due to unavailable references
[167.044s][debug][gc,age       ] GC(130) Desired survivor size 15400960 bytes, new threshold 6 (max threshold 6)
[167.044s][info ][gc,heap      ] GC(130) ParNew: 258956K->12194K(270976K)
[167.044s][info ][gc,heap      ] GC(130) CMS: 239764K->247190K(602112K)
[167.044s][info ][gc,metaspace ] GC(130) Metaspace: 56764K->56764K(1101824K)
[167.044s][info ][gc           ] GC(130) Pause Young (Allocation Failure) 487M->253M(852M) 14.493ms
[167.044s][info ][gc,cpu       ] GC(130) User=0.05s Sys=0.00s Real=0.02s
[167.045s][info ][safepoint    ] Leaving safepoint region
[167.045s][info ][safepoint    ] Total time for which application threads were stopped: 0.0146437 seconds, Stopping threads took: 0.0000154 seconds
[168.045s][info ][safepoint    ] Application time: 1.0001037 seconds
[168.045s][info ][safepoint    ] Entering safepoint region: Cleanup
[168.045s][info ][safepoint    ] Leaving safepoint region
[168.045s][info ][safepoint    ] Total time for which application threads were stopped: 0.0001110 seconds, Stopping threads took: 0.0000434 seconds
[168.543s][info ][safepoint    ] Application time: 0.4980365 seconds
[168.543s][info ][safepoint    ] Entering safepoint region: GenCollectForAllocation
[168.543s][info ][gc,start     ] GC(131) Pause Young (Allocation Failure)
[168.543s][info ][gc,task      ] GC(131) Using 4 workers of 4 for evacuation
[168.548s][debug][gc,ref       ] GC(131) Skipped phase1 of Reference Processing due to unavailable references
[168.548s][debug][gc,ref       ] GC(131) Skipped phase3 of Reference Processing due to unavailable references
[168.548s][debug][gc,age       ] GC(131) Desired survivor size 15400960 bytes, new threshold 6 (max threshold 6)
[168.548s][info ][gc,heap      ] GC(131) ParNew: 253090K->5010K(270976K)
[168.548s][info ][gc,heap      ] GC(131) CMS: 247190K->248165K(602112K)
[168.548s][info ][gc,metaspace ] GC(131) Metaspace: 56807K->56807K(1101824K)
[168.548s][info ][gc           ] GC(131) Pause Young (Allocation Failure) 488M->247M(852M) 5.482ms
[168.548s][info ][gc,cpu       ] GC(131) User=0.01s Sys=0.01s Real=0.00s
[168.548s][info ][safepoint    ] Leaving safepoint region
[168.548s][info ][safepoint    ] Total time for which application threads were stopped: 0.0056355 seconds, Stopping threads took: 0.0000162 seconds
[169.549s][info ][safepoint    ] Application time: 1.0001161 seconds
[169.549s][info ][safepoint    ] Entering safepoint region: Cleanup
[169.549s][info ][safepoint    ] Leaving safepoint region
[169.549s][info ][safepoint    ] Total time for which application threads were stopped: 0.0003003 seconds, Stopping threads took: 0.0002168 seconds
[170.099s][info ][safepoint    ] Application time: 0.5496874 seconds
[170.099s][info ][safepoint    ] Entering safepoint region: GenCollectForAllocation
[170.099s][info ][gc,start     ] GC(132) Pause Young (Allocation Failure)
[170.099s][info ][gc,task      ] GC(132) Using 4 workers of 4 for evacuation
[170.104s][debug][gc,ref       ] GC(132) Skipped phase1 of Reference Processing due to unavailable references
[170.104s][debug][gc,ref       ] GC(132) Skipped phase3 of Reference Processing due to unavailable references
[170.104s][debug][gc,ref       ] GC(132) Skipped phase4 of Reference Processing due to unavailable references
[170.104s][debug][gc,age       ] GC(132) Desired survivor size 15400960 bytes, new threshold 6 (max threshold 6)
[170.104s][info ][gc,heap      ] GC(132) ParNew: 245906K->4596K(270976K)
[170.104s][info ][gc,heap      ] GC(132) CMS: 248165K->249657K(602112K)
[170.104s][info ][gc,metaspace ] GC(132) Metaspace: 56808K->56808K(1101824K)
[170.104s][info ][gc           ] GC(132) Pause Young (Allocation Failure) 482M->248M(852M) 5.229ms
[170.104s][info ][gc,cpu       ] GC(132) User=0.02s Sys=0.00s Real=0.01s
[170.104s][info ][safepoint    ] Leaving safepoint region
[170.104s][info ][safepoint    ] Total time for which application threads were stopped: 0.0053852 seconds, Stopping threads took: 0.0000163 seconds
[171.104s][info ][safepoint    ] Application time: 1.0001227 seconds
[171.104s][info ][safepoint    ] Entering safepoint region: Cleanup
[171.104s][info ][safepoint    ] Leaving safepoint region
[171.104s][info ][safepoint    ] Total time for which application threads were stopped: 0.0001159 seconds, Stopping threads took: 0.0000510 seconds
[171.650s][info ][safepoint    ] Application time: 0.5456945 seconds
[171.650s][info ][safepoint    ] Entering safepoint region: GenCollectForAllocation
[171.650s][info ][gc,start     ] GC(133) Pause Young (Allocation Failure)
[171.650s][info ][gc,task      ] GC(133) Using 4 workers of 4 for evacuation
[171.654s][debug][gc,ref       ] GC(133) Skipped phase1 of Reference Processing due to unavailable references
[171.654s][debug][gc,ref       ] GC(133) Skipped phase3 of Reference Processing due to unavailable references
[171.654s][debug][gc,ref       ] GC(133) Skipped phase4 of Reference Processing due to unavailable references
[171.654s][debug][gc,age       ] GC(133) Desired survivor size 15400960 bytes, new threshold 6 (max threshold 6)
[171.654s][info ][gc,heap      ] GC(133) ParNew: 245492K->3474K(270976K)
[171.654s][info ][gc,heap      ] GC(133) CMS: 249657K->250807K(602112K)
[171.654s][info ][gc,metaspace ] GC(133) Metaspace: 56810K->56810K(1101824K)
[171.654s][info ][gc           ] GC(133) Pause Young (Allocation Failure) 483M->248M(852M) 4.054ms
[171.654s][info ][gc,cpu       ] GC(133) User=0.01s Sys=0.00s Real=0.00s
[171.654s][info ][safepoint    ] Leaving safepoint region
[171.654s][info ][safepoint    ] Total time for which application threads were stopped: 0.0042146 seconds, Stopping threads took: 0.0000159 seconds
[172.654s][info ][safepoint    ] Application time: 1.0001684 seconds
[172.654s][info ][safepoint    ] Entering safepoint region: Cleanup
[172.655s][info ][safepoint    ] Leaving safepoint region
[172.655s][info ][safepoint    ] Total time for which application threads were stopped: 0.0000738 seconds, Stopping threads took: 0.0000167 seconds
[173.286s][info ][safepoint    ] Application time: 0.6317121 seconds
[173.286s][info ][safepoint    ] Entering safepoint region: GenCollectForAllocation
[173.286s][info ][gc,start     ] GC(134) Pause Young (Allocation Failure)
[173.286s][info ][gc,task      ] GC(134) Using 4 workers of 4 for evacuation
[173.289s][debug][gc,ref       ] GC(134) Skipped phase1 of Reference Processing due to unavailable references
[173.289s][debug][gc,ref       ] GC(134) Skipped phase3 of Reference Processing due to unavailable references
[173.289s][debug][gc,ref       ] GC(134) Skipped phase4 of Reference Processing due to unavailable references
[173.290s][debug][gc,age       ] GC(134) Desired survivor size 15400960 bytes, new threshold 6 (max threshold 6)
[173.290s][info ][gc,heap      ] GC(134) ParNew: 244370K->2443K(270976K)
[173.290s][info ][gc,heap      ] GC(134) CMS: 250807K->251305K(602112K)
[173.290s][info ][gc,metaspace ] GC(134) Metaspace: 56811K->56811K(1101824K)
[173.290s][info ][gc           ] GC(134) Pause Young (Allocation Failure) 483M->247M(852M) 3.203ms
[173.290s][info ][gc,cpu       ] GC(134) User=0.01s Sys=0.00s Real=0.00s
[173.290s][info ][safepoint    ] Leaving safepoint region
[173.290s][info ][safepoint    ] Total time for which application threads were stopped: 0.0033343 seconds, Stopping threads took: 0.0000155 seconds
[174.290s][info ][safepoint    ] Application time: 1.0000893 seconds
[174.290s][info ][safepoint    ] Entering safepoint region: Cleanup
[174.290s][info ][safepoint    ] Leaving safepoint region
[174.290s][info ][safepoint    ] Total time for which application threads were stopped: 0.0001137 seconds, Stopping threads took: 0.0000502 seconds
[174.930s][info ][safepoint    ] Application time: 0.6403943 seconds
[174.930s][info ][safepoint    ] Entering safepoint region: GenCollectForAllocation
[174.930s][info ][gc,start     ] GC(135) Pause Young (Allocation Failure)
[174.930s][info ][gc,task      ] GC(135) Using 4 workers of 4 for evacuation
[174.934s][debug][gc,ref       ] GC(135) Skipped phase1 of Reference Processing due to unavailable references
[174.934s][debug][gc,ref       ] GC(135) Skipped phase3 of Reference Processing due to unavailable references
[174.934s][debug][gc,ref       ] GC(135) Skipped phase4 of Reference Processing due to unavailable references
[174.934s][debug][gc,age       ] GC(135) Desired survivor size 15400960 bytes, new threshold 6 (max threshold 6)
[174.934s][info ][gc,heap      ] GC(135) ParNew: 243339K->1864K(270976K)
[174.934s][info ][gc,heap      ] GC(135) CMS: 251305K->251476K(602112K)
[174.934s][info ][gc,metaspace ] GC(135) Metaspace: 56816K->56816K(1101824K)
[174.934s][info ][gc           ] GC(135) Pause Young (Allocation Failure) 483M->247M(852M) 3.254ms
[174.934s][info ][gc,cpu       ] GC(135) User=0.01s Sys=0.00s Real=0.00s
[174.934s][info ][safepoint    ] Leaving safepoint region
[174.934s][info ][safepoint    ] Total time for which application threads were stopped: 0.0034037 seconds, Stopping threads took: 0.0000371 seconds
[175.934s][info ][safepoint    ] Application time: 1.0001173 seconds
[175.934s][info ][safepoint    ] Entering safepoint region: Cleanup
[175.934s][info ][safepoint    ] Leaving safepoint region
[175.934s][info ][safepoint    ] Total time for which application threads were stopped: 0.0001303 seconds, Stopping threads took: 0.0000597 seconds
[176.594s][info ][safepoint    ] Application time: 0.6602267 seconds
[176.594s][info ][safepoint    ] Entering safepoint region: GenCollectForAllocation
[176.594s][info ][gc,start     ] GC(136) Pause Young (Allocation Failure)
[176.594s][info ][gc,task      ] GC(136) Using 4 workers of 4 for evacuation
[176.597s][debug][gc,ref       ] GC(136) Skipped phase1 of Reference Processing due to unavailable references
[176.598s][debug][gc,ref       ] GC(136) Skipped phase3 of Reference Processing due to unavailable references
[176.598s][debug][gc,ref       ] GC(136) Skipped phase4 of Reference Processing due to unavailable references
[176.598s][debug][gc,age       ] GC(136) Desired survivor size 15400960 bytes, new threshold 6 (max threshold 6)
[176.598s][info ][gc,heap      ] GC(136) ParNew: 242760K->1646K(270976K)
[176.598s][info ][gc,heap      ] GC(136) CMS: 251476K->251640K(602112K)
[176.598s][info ][gc,metaspace ] GC(136) Metaspace: 56820K->56820K(1101824K)
[176.598s][info ][gc           ] GC(136) Pause Young (Allocation Failure) 482M->247M(852M) 3.279ms
[176.598s][info ][gc,cpu       ] GC(136) User=0.01s Sys=0.00s Real=0.00s
[176.598s][info ][safepoint    ] Leaving safepoint region
[176.598s][info ][safepoint    ] Total time for which application threads were stopped: 0.0034382 seconds, Stopping threads took: 0.0000142 seconds
[177.598s][info ][safepoint    ] Application time: 1.0001050 seconds
[177.598s][info ][safepoint    ] Entering safepoint region: Cleanup
[177.598s][info ][safepoint    ] Leaving safepoint region
[177.598s][info ][safepoint    ] Total time for which application threads were stopped: 0.0001228 seconds, Stopping threads took: 0.0000517 seconds
[178.229s][info ][safepoint    ] Application time: 0.6313094 seconds
[178.229s][info ][safepoint    ] Entering safepoint region: GenCollectForAllocation
[178.229s][info ][gc,start     ] GC(137) Pause Young (Allocation Failure)
[178.230s][info ][gc,task      ] GC(137) Using 4 workers of 4 for evacuation
[178.233s][debug][gc,ref       ] GC(137) Skipped phase1 of Reference Processing due to unavailable references
[178.233s][debug][gc,ref       ] GC(137) Skipped phase2 of Reference Processing due to unavailable references
[178.233s][debug][gc,ref       ] GC(137) Skipped phase3 of Reference Processing due to unavailable references
[178.233s][debug][gc,ref       ] GC(137) Skipped phase4 of Reference Processing due to unavailable references
[178.234s][debug][gc,age       ] GC(137) Desired survivor size 15400960 bytes, new threshold 6 (max threshold 6)
[178.234s][info ][gc,heap      ] GC(137) ParNew: 242542K->1502K(270976K)
[178.234s][info ][gc,heap      ] GC(137) CMS: 251640K->251898K(602112K)
[178.234s][info ][gc,metaspace ] GC(137) Metaspace: 56822K->56822K(1101824K)
[178.234s][info ][gc           ] GC(137) Pause Young (Allocation Failure) 482M->247M(852M) 4.160ms
[178.234s][info ][gc,cpu       ] GC(137) User=0.02s Sys=0.00s Real=0.01s
[178.234s][info ][safepoint    ] Leaving safepoint region
[178.234s][info ][safepoint    ] Total time for which application threads were stopped: 0.0043238 seconds, Stopping threads took: 0.0000152 seconds
[179.234s][info ][safepoint    ] Application time: 1.0000951 seconds
[179.234s][info ][safepoint    ] Entering safepoint region: Cleanup
[179.234s][info ][safepoint    ] Leaving safepoint region
[179.234s][info ][safepoint    ] Total time for which application threads were stopped: 0.0001503 seconds, Stopping threads took: 0.0000800 seconds
[179.931s][info ][safepoint    ] Application time: 0.6970792 seconds
[179.931s][info ][safepoint    ] Entering safepoint region: GenCollectForAllocation
[179.931s][info ][gc,start     ] GC(138) Pause Young (Allocation Failure)
[179.931s][info ][gc,task      ] GC(138) Using 4 workers of 4 for evacuation
[179.934s][debug][gc,ref       ] GC(138) Skipped phase1 of Reference Processing due to unavailable references
[179.934s][debug][gc,ref       ] GC(138) Skipped phase2 of Reference Processing due to unavailable references
[179.934s][debug][gc,ref       ] GC(138) Skipped phase3 of Reference Processing due to unavailable references
[179.934s][debug][gc,ref       ] GC(138) Skipped phase4 of Reference Processing due to unavailable references
[179.935s][debug][gc,age       ] GC(138) Desired survivor size 15400960 bytes, new threshold 6 (max threshold 6)
[179.935s][info ][gc,heap      ] GC(138) ParNew: 242398K->1389K(270976K)
[179.935s][info ][gc,heap      ] GC(138) CMS: 251898K->252110K(602112K)
[179.935s][info ][gc,metaspace ] GC(138) Metaspace: 56829K->56829K(1101824K)
[179.935s][info ][gc           ] GC(138) Pause Young (Allocation Failure) 482M->247M(852M) 3.430ms
[179.935s][info ][gc,cpu       ] GC(138) User=0.02s Sys=0.00s Real=0.00s
[179.935s][info ][safepoint    ] Leaving safepoint region
[179.935s][info ][safepoint    ] Total time for which application threads were stopped: 0.0035674 seconds, Stopping threads took: 0.0000145 seconds
[180.935s][info ][safepoint    ] Application time: 1.0001216 seconds
[180.935s][info ][safepoint    ] Entering safepoint region: Cleanup
[180.935s][info ][safepoint    ] Leaving safepoint region
[180.935s][info ][safepoint    ] Total time for which application threads were stopped: 0.0001050 seconds, Stopping threads took: 0.0000398 seconds
[181.633s][info ][safepoint    ] Application time: 0.6982868 seconds
[181.633s][info ][safepoint    ] Entering safepoint region: GenCollectForAllocation
[181.633s][info ][gc,start     ] GC(139) Pause Young (Allocation Failure)
[181.633s][info ][gc,task      ] GC(139) Using 4 workers of 4 for evacuation
[181.637s][debug][gc,ref       ] GC(139) Skipped phase1 of Reference Processing due to unavailable references
[181.637s][debug][gc,ref       ] GC(139) Skipped phase2 of Reference Processing due to unavailable references
[181.637s][debug][gc,ref       ] GC(139) Skipped phase3 of Reference Processing due to unavailable references
[181.637s][debug][gc,ref       ] GC(139) Skipped phase4 of Reference Processing due to unavailable references
[181.637s][debug][gc,age       ] GC(139) Desired survivor size 15400960 bytes, new threshold 6 (max threshold 6)
[181.637s][info ][gc,heap      ] GC(139) ParNew: 242285K->1317K(270976K)
[181.637s][info ][gc,heap      ] GC(139) CMS: 252110K->252293K(602112K)
[181.637s][info ][gc,metaspace ] GC(139) Metaspace: 56834K->56834K(1101824K)
[181.637s][info ][gc           ] GC(139) Pause Young (Allocation Failure) 482M->247M(852M) 3.363ms
[181.637s][info ][gc,cpu       ] GC(139) User=0.02s Sys=0.00s Real=0.00s
[181.637s][info ][safepoint    ] Leaving safepoint region
[181.637s][info ][safepoint    ] Total time for which application threads were stopped: 0.0035371 seconds, Stopping threads took: 0.0000410 seconds
[182.637s][info ][safepoint    ] Application time: 1.0000997 seconds
[182.637s][info ][safepoint    ] Entering safepoint region: Cleanup
[182.637s][info ][safepoint    ] Leaving safepoint region
[182.637s][info ][safepoint    ] Total time for which application threads were stopped: 0.0001199 seconds, Stopping threads took: 0.0000538 seconds
[183.241s][info ][safepoint    ] Application time: 0.6043372 seconds
[183.241s][info ][safepoint    ] Entering safepoint region: GenCollectForAllocation
[183.242s][info ][gc,start     ] GC(140) Pause Young (Allocation Failure)
[183.242s][info ][gc,task      ] GC(140) Using 4 workers of 4 for evacuation
[183.244s][debug][gc,ref       ] GC(140) Skipped phase1 of Reference Processing due to unavailable references
[183.244s][debug][gc,ref       ] GC(140) Skipped phase2 of Reference Processing due to unavailable references
[183.244s][debug][gc,ref       ] GC(140) Skipped phase3 of Reference Processing due to unavailable references
[183.244s][debug][gc,ref       ] GC(140) Skipped phase4 of Reference Processing due to unavailable references
[183.245s][debug][gc,age       ] GC(140) Desired survivor size 15400960 bytes, new threshold 6 (max threshold 6)
[183.245s][info ][gc,heap      ] GC(140) ParNew: 242213K->1465K(270976K)
[183.245s][info ][gc,heap      ] GC(140) CMS: 252293K->252408K(602112K)
[183.245s][info ][gc,metaspace ] GC(140) Metaspace: 56842K->56842K(1101824K)
[183.245s][info ][gc           ] GC(140) Pause Young (Allocation Failure) 482M->247M(852M) 3.046ms
[183.245s][info ][gc,cpu       ] GC(140) User=0.01s Sys=0.00s Real=0.01s
[183.245s][info ][safepoint    ] Leaving safepoint region
[183.245s][info ][safepoint    ] Total time for which application threads were stopped: 0.0031963 seconds, Stopping threads took: 0.0000156 seconds
[184.245s][info ][safepoint    ] Application time: 1.0001043 seconds
[184.245s][info ][safepoint    ] Entering safepoint region: Cleanup
[184.245s][info ][safepoint    ] Leaving safepoint region
[184.245s][info ][safepoint    ] Total time for which application threads were stopped: 0.0001021 seconds, Stopping threads took: 0.0000428 seconds
[184.979s][info ][safepoint    ] Application time: 0.7345659 seconds
[184.980s][info ][safepoint    ] Entering safepoint region: GenCollectForAllocation
[184.980s][info ][gc,start     ] GC(141) Pause Young (Allocation Failure)
[184.980s][info ][gc,task      ] GC(141) Using 4 workers of 4 for evacuation
[184.983s][debug][gc,ref       ] GC(141) Skipped phase1 of Reference Processing due to unavailable references
[184.983s][debug][gc,ref       ] GC(141) Skipped phase2 of Reference Processing due to unavailable references
[184.983s][debug][gc,ref       ] GC(141) Skipped phase3 of Reference Processing due to unavailable references
[184.983s][debug][gc,ref       ] GC(141) Skipped phase4 of Reference Processing due to unavailable references
[184.983s][debug][gc,age       ] GC(141) Desired survivor size 15400960 bytes, new threshold 6 (max threshold 6)
[184.983s][info ][gc,heap      ] GC(141) ParNew: 242361K->1340K(270976K)
[184.983s][info ][gc,heap      ] GC(141) CMS: 252408K->252483K(602112K)
[184.983s][info ][gc,metaspace ] GC(141) Metaspace: 56842K->56842K(1101824K)
[184.983s][info ][gc           ] GC(141) Pause Young (Allocation Failure) 483M->247M(852M) 3.439ms
[184.983s][info ][gc,cpu       ] GC(141) User=0.01s Sys=0.00s Real=0.01s
[184.983s][info ][safepoint    ] Leaving safepoint region
[184.983s][info ][safepoint    ] Total time for which application threads were stopped: 0.0035818 seconds, Stopping threads took: 0.0000170 seconds
[185.983s][info ][safepoint    ] Application time: 1.0001144 seconds
[185.983s][info ][safepoint    ] Entering safepoint region: Cleanup
[185.983s][info ][safepoint    ] Leaving safepoint region
[185.983s][info ][safepoint    ] Total time for which application threads were stopped: 0.0001481 seconds, Stopping threads took: 0.0000728 seconds
[186.680s][info ][safepoint    ] Application time: 0.6965780 seconds
[186.680s][info ][safepoint    ] Entering safepoint region: GenCollectForAllocation
[186.680s][info ][gc,start     ] GC(142) Pause Young (Allocation Failure)
[186.680s][info ][gc,task      ] GC(142) Using 4 workers of 4 for evacuation
[186.683s][debug][gc,ref       ] GC(142) Skipped phase1 of Reference Processing due to unavailable references
[186.683s][debug][gc,ref       ] GC(142) Skipped phase2 of Reference Processing due to unavailable references
[186.683s][debug][gc,ref       ] GC(142) Skipped phase3 of Reference Processing due to unavailable references
[186.683s][debug][gc,ref       ] GC(142) Skipped phase4 of Reference Processing due to unavailable references
[186.683s][debug][gc,age       ] GC(142) Desired survivor size 15400960 bytes, new threshold 6 (max threshold 6)
[186.683s][info ][gc,heap      ] GC(142) ParNew: 242236K->1528K(270976K)
[186.683s][info ][gc,heap      ] GC(142) CMS: 252483K->252528K(602112K)
[186.683s][info ][gc,metaspace ] GC(142) Metaspace: 56843K->56843K(1101824K)
[186.683s][info ][gc           ] GC(142) Pause Young (Allocation Failure) 483M->248M(852M) 3.025ms
[186.683s][info ][gc,cpu       ] GC(142) User=0.01s Sys=0.00s Real=0.01s
[186.683s][info ][safepoint    ] Leaving safepoint region
[186.683s][info ][safepoint    ] Total time for which application threads were stopped: 0.0031597 seconds, Stopping threads took: 0.0000167 seconds
[187.683s][info ][safepoint    ] Application time: 1.0001125 seconds
[187.683s][info ][safepoint    ] Entering safepoint region: Cleanup
[187.683s][info ][safepoint    ] Leaving safepoint region
[187.683s][info ][safepoint    ] Total time for which application threads were stopped: 0.0001147 seconds, Stopping threads took: 0.0000397 seconds
[188.334s][info ][safepoint    ] Application time: 0.6504703 seconds
[188.334s][info ][safepoint    ] Entering safepoint region: GenCollectForAllocation
[188.334s][info ][gc,start     ] GC(143) Pause Young (Allocation Failure)
[188.334s][info ][gc,task      ] GC(143) Using 4 workers of 4 for evacuation
[188.337s][debug][gc,ref       ] GC(143) Skipped phase1 of Reference Processing due to unavailable references
[188.337s][debug][gc,ref       ] GC(143) Skipped phase2 of Reference Processing due to unavailable references
[188.337s][debug][gc,ref       ] GC(143) Skipped phase3 of Reference Processing due to unavailable references
[188.337s][debug][gc,ref       ] GC(143) Skipped phase4 of Reference Processing due to unavailable references
[188.338s][debug][gc,age       ] GC(143) Desired survivor size 15400960 bytes, new threshold 6 (max threshold 6)
[188.338s][info ][gc,heap      ] GC(143) ParNew: 242424K->1822K(270976K)
[188.338s][info ][gc,heap      ] GC(143) CMS: 252528K->252614K(602112K)
[188.338s][info ][gc,metaspace ] GC(143) Metaspace: 56844K->56844K(1101824K)
[188.338s][info ][gc           ] GC(143) Pause Young (Allocation Failure) 483M->248M(852M) 3.613ms
[188.338s][info ][gc,cpu       ] GC(143) User=0.01s Sys=0.01s Real=0.00s
[188.338s][info ][safepoint    ] Leaving safepoint region
[188.338s][info ][safepoint    ] Total time for which application threads were stopped: 0.0037664 seconds, Stopping threads took: 0.0000156 seconds
[189.338s][info ][safepoint    ] Application time: 1.0000906 seconds
[189.338s][info ][safepoint    ] Entering safepoint region: Cleanup
[189.338s][info ][safepoint    ] Leaving safepoint region
[189.338s][info ][safepoint    ] Total time for which application threads were stopped: 0.0001094 seconds, Stopping threads took: 0.0000401 seconds
[190.088s][info ][safepoint    ] Application time: 0.7500827 seconds
[190.088s][info ][safepoint    ] Entering safepoint region: GenCollectForAllocation
[190.088s][info ][gc,start     ] GC(144) Pause Young (Allocation Failure)
[190.088s][info ][gc,task      ] GC(144) Using 4 workers of 4 for evacuation
[190.091s][debug][gc,ref       ] GC(144) Skipped phase1 of Reference Processing due to unavailable references
[190.091s][debug][gc,ref       ] GC(144) Skipped phase2 of Reference Processing due to unavailable references
[190.091s][debug][gc,ref       ] GC(144) Skipped phase3 of Reference Processing due to unavailable references
[190.091s][debug][gc,ref       ] GC(144) Skipped phase4 of Reference Processing due to unavailable references
[190.091s][debug][gc,age       ] GC(144) Desired survivor size 15400960 bytes, new threshold 6 (max threshold 6)
[190.091s][info ][gc,heap      ] GC(144) ParNew: 242718K->1647K(270976K)
[190.091s][info ][gc,heap      ] GC(144) CMS: 252614K->252735K(602112K)
[190.091s][info ][gc,metaspace ] GC(144) Metaspace: 56847K->56847K(1101824K)
[190.091s][info ][gc           ] GC(144) Pause Young (Allocation Failure) 483M->248M(852M) 3.226ms
[190.091s][info ][gc,cpu       ] GC(144) User=0.01s Sys=0.00s Real=0.01s
[190.091s][info ][safepoint    ] Leaving safepoint region
[190.091s][info ][safepoint    ] Total time for which application threads were stopped: 0.0033635 seconds, Stopping threads took: 0.0000146 seconds
[191.092s][info ][safepoint    ] Application time: 1.0000960 seconds
[191.092s][info ][safepoint    ] Entering safepoint region: Cleanup
[191.092s][info ][safepoint    ] Leaving safepoint region
[191.092s][info ][safepoint    ] Total time for which application threads were stopped: 0.0001291 seconds, Stopping threads took: 0.0000431 seconds
[191.886s][info ][safepoint    ] Application time: 0.7939620 seconds
[191.886s][info ][safepoint    ] Entering safepoint region: GenCollectForAllocation
[191.886s][info ][gc,start     ] GC(145) Pause Young (Allocation Failure)
[191.886s][info ][gc,task      ] GC(145) Using 4 workers of 4 for evacuation
[191.889s][debug][gc,ref       ] GC(145) Skipped phase1 of Reference Processing due to unavailable references
[191.889s][debug][gc,ref       ] GC(145) Skipped phase2 of Reference Processing due to unavailable references
[191.889s][debug][gc,ref       ] GC(145) Skipped phase3 of Reference Processing due to unavailable references
[191.889s][debug][gc,ref       ] GC(145) Skipped phase4 of Reference Processing due to unavailable references
[191.889s][debug][gc,age       ] GC(145) Desired survivor size 15400960 bytes, new threshold 6 (max threshold 6)
[191.889s][info ][gc,heap      ] GC(145) ParNew: 242543K->1604K(270976K)
[191.889s][info ][gc,heap      ] GC(145) CMS: 252735K->252758K(602112K)
[191.889s][info ][gc,metaspace ] GC(145) Metaspace: 56854K->56854K(1101824K)
[191.889s][info ][gc           ] GC(145) Pause Young (Allocation Failure) 483M->248M(852M) 3.131ms
[191.889s][info ][gc,cpu       ] GC(145) User=0.02s Sys=0.00s Real=0.00s
[191.889s][info ][safepoint    ] Leaving safepoint region
[191.889s][info ][safepoint    ] Total time for which application threads were stopped: 0.0032848 seconds, Stopping threads took: 0.0000169 seconds
[192.889s][info ][safepoint    ] Application time: 1.0000961 seconds
[192.889s][info ][safepoint    ] Entering safepoint region: Cleanup
[192.889s][info ][safepoint    ] Leaving safepoint region
[192.889s][info ][safepoint    ] Total time for which application threads were stopped: 0.0001136 seconds, Stopping threads took: 0.0000401 seconds
[193.746s][info ][safepoint    ] Application time: 0.8564374 seconds
[193.746s][info ][safepoint    ] Entering safepoint region: GenCollectForAllocation
[193.746s][info ][gc,start     ] GC(146) Pause Young (Allocation Failure)
[193.746s][info ][gc,task      ] GC(146) Using 4 workers of 4 for evacuation
[193.749s][debug][gc,ref       ] GC(146) Skipped phase1 of Reference Processing due to unavailable references
[193.749s][debug][gc,ref       ] GC(146) Skipped phase2 of Reference Processing due to unavailable references
[193.749s][debug][gc,ref       ] GC(146) Skipped phase3 of Reference Processing due to unavailable references
[193.749s][debug][gc,ref       ] GC(146) Skipped phase4 of Reference Processing due to unavailable references
[193.749s][debug][gc,age       ] GC(146) Desired survivor size 15400960 bytes, new threshold 6 (max threshold 6)
[193.749s][info ][gc,heap      ] GC(146) ParNew: 242500K->1324K(270976K)
[193.749s][info ][gc,heap      ] GC(146) CMS: 252758K->252863K(602112K)
[193.749s][info ][gc,metaspace ] GC(146) Metaspace: 56875K->56875K(1101824K)
[193.749s][info ][gc           ] GC(146) Pause Young (Allocation Failure) 483M->248M(852M) 3.198ms
[193.749s][info ][gc,cpu       ] GC(146) User=0.01s Sys=0.00s Real=0.00s
[193.749s][info ][safepoint    ] Leaving safepoint region
[193.749s][info ][safepoint    ] Total time for which application threads were stopped: 0.0033631 seconds, Stopping threads took: 0.0000272 seconds
[194.749s][info ][safepoint    ] Application time: 1.0000999 seconds
[194.749s][info ][safepoint    ] Entering safepoint region: Cleanup
[194.749s][info ][safepoint    ] Leaving safepoint region
[194.749s][info ][safepoint    ] Total time for which application threads were stopped: 0.0001102 seconds, Stopping threads took: 0.0000391 seconds
[195.636s][info ][safepoint    ] Application time: 0.8865247 seconds
[195.636s][info ][safepoint    ] Entering safepoint region: GenCollectForAllocation
[195.636s][info ][gc,start     ] GC(147) Pause Young (Allocation Failure)
[195.636s][info ][gc,task      ] GC(147) Using 4 workers of 4 for evacuation
[195.640s][debug][gc,ref       ] GC(147) Skipped phase1 of Reference Processing due to unavailable references
[195.640s][debug][gc,ref       ] GC(147) Skipped phase2 of Reference Processing due to unavailable references
[195.640s][debug][gc,ref       ] GC(147) Skipped phase3 of Reference Processing due to unavailable references
[195.640s][debug][gc,ref       ] GC(147) Skipped phase4 of Reference Processing due to unavailable references
[195.640s][debug][gc,age       ] GC(147) Desired survivor size 15400960 bytes, new threshold 6 (max threshold 6)
[195.640s][info ][gc,heap      ] GC(147) ParNew: 242220K->1641K(270976K)
[195.640s][info ][gc,heap      ] GC(147) CMS: 252863K->252939K(602112K)
[195.640s][info ][gc,metaspace ] GC(147) Metaspace: 56878K->56878K(1101824K)
[195.640s][info ][gc           ] GC(147) Pause Young (Allocation Failure) 483M->248M(852M) 3.868ms
[195.640s][info ][gc,cpu       ] GC(147) User=0.02s Sys=0.00s Real=0.00s
[195.640s][info ][safepoint    ] Leaving safepoint region
[195.640s][info ][safepoint    ] Total time for which application threads were stopped: 0.0040144 seconds, Stopping threads took: 0.0000142 seconds
[196.640s][info ][safepoint    ] Application time: 1.0001049 seconds
[196.640s][info ][safepoint    ] Entering safepoint region: Cleanup
[196.640s][info ][safepoint    ] Leaving safepoint region
[196.640s][info ][safepoint    ] Total time for which application threads were stopped: 0.0001013 seconds, Stopping threads took: 0.0000409 seconds
[197.541s][info ][safepoint    ] Application time: 0.9009486 seconds
[197.541s][info ][safepoint    ] Entering safepoint region: GenCollectForAllocation
[197.541s][info ][gc,start     ] GC(148) Pause Young (Allocation Failure)
[197.541s][info ][gc,task      ] GC(148) Using 4 workers of 4 for evacuation
[197.544s][debug][gc,ref       ] GC(148) Skipped phase1 of Reference Processing due to unavailable references
[197.544s][debug][gc,ref       ] GC(148) Skipped phase2 of Reference Processing due to unavailable references
[197.544s][debug][gc,ref       ] GC(148) Skipped phase3 of Reference Processing due to unavailable references
[197.544s][debug][gc,ref       ] GC(148) Skipped phase4 of Reference Processing due to unavailable references
[197.544s][debug][gc,age       ] GC(148) Desired survivor size 15400960 bytes, new threshold 6 (max threshold 6)
[197.544s][info ][gc,heap      ] GC(148) ParNew: 242537K->1491K(270976K)
[197.544s][info ][gc,heap      ] GC(148) CMS: 252939K->253024K(602112K)
[197.544s][info ][gc,metaspace ] GC(148) Metaspace: 56883K->56883K(1101824K)
[197.545s][info ][gc           ] GC(148) Pause Young (Allocation Failure) 483M->248M(852M) 3.228ms
[197.545s][info ][gc,cpu       ] GC(148) User=0.01s Sys=0.00s Real=0.01s
[197.545s][info ][safepoint    ] Leaving safepoint region
[197.545s][info ][safepoint    ] Total time for which application threads were stopped: 0.0033815 seconds, Stopping threads took: 0.0000168 seconds
[198.545s][info ][safepoint    ] Application time: 1.0000964 seconds
[198.545s][info ][safepoint    ] Entering safepoint region: Cleanup
[198.545s][info ][safepoint    ] Leaving safepoint region
[198.545s][info ][safepoint    ] Total time for which application threads were stopped: 0.0000837 seconds, Stopping threads took: 0.0000171 seconds
[199.535s][info ][safepoint    ] Application time: 0.9904473 seconds
[199.535s][info ][safepoint    ] Entering safepoint region: GenCollectForAllocation
[199.535s][info ][gc,start     ] GC(149) Pause Young (Allocation Failure)
[199.535s][info ][gc,task      ] GC(149) Using 4 workers of 4 for evacuation
[199.539s][debug][gc,ref       ] GC(149) Skipped phase1 of Reference Processing due to unavailable references
[199.539s][debug][gc,ref       ] GC(149) Skipped phase2 of Reference Processing due to unavailable references
[199.539s][debug][gc,ref       ] GC(149) Skipped phase3 of Reference Processing due to unavailable references
[199.539s][debug][gc,ref       ] GC(149) Skipped phase4 of Reference Processing due to unavailable references
[199.539s][debug][gc,age       ] GC(149) Desired survivor size 15400960 bytes, new threshold 6 (max threshold 6)
[199.539s][info ][gc,heap      ] GC(149) ParNew: 242387K->2039K(270976K)
[199.539s][info ][gc,heap      ] GC(149) CMS: 253024K->253138K(602112K)
[199.539s][info ][gc,metaspace ] GC(149) Metaspace: 56884K->56884K(1101824K)
[199.539s][info ][gc           ] GC(149) Pause Young (Allocation Failure) 483M->249M(852M) 3.355ms
[199.539s][info ][gc,cpu       ] GC(149) User=0.01s Sys=0.00s Real=0.00s
[199.539s][info ][safepoint    ] Leaving safepoint region
[199.539s][info ][safepoint    ] Total time for which application threads were stopped: 0.0035044 seconds, Stopping threads took: 0.0000170 seconds
[200.539s][info ][safepoint    ] Application time: 1.0000703 seconds
[200.539s][info ][safepoint    ] Entering safepoint region: Cleanup
[200.539s][info ][safepoint    ] Leaving safepoint region
[200.539s][info ][safepoint    ] Total time for which application threads were stopped: 0.0001058 seconds, Stopping threads took: 0.0000392 seconds
[201.486s][info ][safepoint    ] Application time: 0.9471564 seconds
[201.486s][info ][safepoint    ] Entering safepoint region: GenCollectForAllocation
[201.486s][info ][gc,start     ] GC(150) Pause Young (Allocation Failure)
[201.486s][info ][gc,task      ] GC(150) Using 4 workers of 4 for evacuation
[201.489s][debug][gc,ref       ] GC(150) Skipped phase1 of Reference Processing due to unavailable references
[201.489s][debug][gc,ref       ] GC(150) Skipped phase3 of Reference Processing due to unavailable references
[201.490s][debug][gc,age       ] GC(150) Desired survivor size 15400960 bytes, new threshold 6 (max threshold 6)
[201.490s][info ][gc,heap      ] GC(150) ParNew: 242935K->1751K(270976K)
[201.490s][info ][gc,heap      ] GC(150) CMS: 253138K->253217K(602112K)
[201.490s][info ][gc,metaspace ] GC(150) Metaspace: 56898K->56898K(1101824K)
[201.490s][info ][gc           ] GC(150) Pause Young (Allocation Failure) 484M->248M(852M) 3.317ms
[201.490s][info ][gc,cpu       ] GC(150) User=0.02s Sys=0.00s Real=0.00s
[201.490s][info ][safepoint    ] Leaving safepoint region
[201.490s][info ][safepoint    ] Total time for which application threads were stopped: 0.0034622 seconds, Stopping threads took: 0.0000150 seconds
[202.490s][info ][safepoint    ] Application time: 1.0001321 seconds
[202.490s][info ][safepoint    ] Entering safepoint region: Cleanup
[202.490s][info ][safepoint    ] Leaving safepoint region
[202.490s][info ][safepoint    ] Total time for which application threads were stopped: 0.0001352 seconds, Stopping threads took: 0.0000365 seconds
[203.242s][info ][safepoint    ] Application time: 0.7521602 seconds
[203.242s][info ][safepoint    ] Entering safepoint region: GenCollectForAllocation
[203.242s][info ][gc,start     ] GC(151) Pause Young (Allocation Failure)
[203.242s][info ][gc,task      ] GC(151) Using 4 workers of 4 for evacuation
[203.245s][debug][gc,ref       ] GC(151) Skipped phase1 of Reference Processing due to unavailable references
[203.245s][debug][gc,ref       ] GC(151) Skipped phase3 of Reference Processing due to unavailable references
[203.245s][debug][gc,ref       ] GC(151) Skipped phase4 of Reference Processing due to unavailable references
[203.245s][debug][gc,age       ] GC(151) Desired survivor size 15400960 bytes, new threshold 6 (max threshold 6)
[203.245s][info ][gc,heap      ] GC(151) ParNew: 242647K->2313K(270976K)
[203.245s][info ][gc,heap      ] GC(151) CMS: 253217K->253287K(602112K)
[203.245s][info ][gc,metaspace ] GC(151) Metaspace: 56905K->56905K(1101824K)
[203.246s][info ][gc           ] GC(151) Pause Young (Allocation Failure) 484M->249M(852M) 3.252ms
[203.246s][info ][gc,cpu       ] GC(151) User=0.01s Sys=0.00s Real=0.00s
[203.246s][info ][safepoint    ] Leaving safepoint region
[203.246s][info ][safepoint    ] Total time for which application threads were stopped: 0.0033980 seconds, Stopping threads took: 0.0000175 seconds
[204.246s][info ][safepoint    ] Application time: 1.0000921 seconds
[204.246s][info ][safepoint    ] Entering safepoint region: Cleanup
[204.246s][info ][safepoint    ] Leaving safepoint region
[204.246s][info ][safepoint    ] Total time for which application threads were stopped: 0.0000855 seconds, Stopping threads took: 0.0000169 seconds
[205.246s][info ][safepoint    ] Application time: 1.0000998 seconds
[205.246s][info ][safepoint    ] Entering safepoint region: Cleanup
[205.246s][info ][safepoint    ] Leaving safepoint region
[205.246s][info ][safepoint    ] Total time for which application threads were stopped: 0.0000705 seconds, Stopping threads took: 0.0000164 seconds
[205.328s][info ][safepoint    ] Application time: 0.0819523 seconds
[205.328s][info ][safepoint    ] Entering safepoint region: GenCollectForAllocation
[205.328s][info ][gc,start     ] GC(152) Pause Young (Allocation Failure)
[205.328s][info ][gc,task      ] GC(152) Using 4 workers of 4 for evacuation
[205.331s][debug][gc,ref       ] GC(152) Skipped phase1 of Reference Processing due to unavailable references
[205.331s][debug][gc,ref       ] GC(152) Skipped phase3 of Reference Processing due to unavailable references
[205.331s][debug][gc,ref       ] GC(152) Skipped phase4 of Reference Processing due to unavailable references
[205.331s][debug][gc,age       ] GC(152) Desired survivor size 15400960 bytes, new threshold 6 (max threshold 6)
[205.331s][info ][gc,heap      ] GC(152) ParNew: 243209K->2764K(270976K)
[205.331s][info ][gc,heap      ] GC(152) CMS: 253287K->253323K(602112K)
[205.331s][info ][gc,metaspace ] GC(152) Metaspace: 56908K->56908K(1101824K)
[205.331s][info ][gc           ] GC(152) Pause Young (Allocation Failure) 484M->250M(852M) 3.190ms
[205.331s][info ][gc,cpu       ] GC(152) User=0.01s Sys=0.00s Real=0.01s
[205.331s][info ][safepoint    ] Leaving safepoint region
[205.331s][info ][safepoint    ] Total time for which application threads were stopped: 0.0033655 seconds, Stopping threads took: 0.0000388 seconds
[206.331s][info ][safepoint    ] Application time: 1.0000992 seconds
[206.331s][info ][safepoint    ] Entering safepoint region: Cleanup
[206.332s][info ][safepoint    ] Leaving safepoint region
[206.332s][info ][safepoint    ] Total time for which application threads were stopped: 0.0001287 seconds, Stopping threads took: 0.0000655 seconds
[207.332s][info ][safepoint    ] Application time: 1.0000990 seconds
[207.332s][info ][safepoint    ] Entering safepoint region: Cleanup
[207.332s][info ][safepoint    ] Leaving safepoint region
[207.332s][info ][safepoint    ] Total time for which application threads were stopped: 0.0001235 seconds, Stopping threads took: 0.0000418 seconds
[207.391s][info ][safepoint    ] Application time: 0.0592639 seconds
[207.391s][info ][safepoint    ] Entering safepoint region: GenCollectForAllocation
[207.391s][info ][gc,start     ] GC(153) Pause Young (Allocation Failure)
[207.391s][info ][gc,task      ] GC(153) Using 4 workers of 4 for evacuation
[207.400s][debug][gc,ref       ] GC(153) Skipped phase1 of Reference Processing due to unavailable references
[207.400s][debug][gc,ref       ] GC(153) Skipped phase3 of Reference Processing due to unavailable references
[207.401s][debug][gc,age       ] GC(153) Desired survivor size 15400960 bytes, new threshold 6 (max threshold 6)
[207.401s][info ][gc,heap      ] GC(153) ParNew: 243660K->2335K(270976K)
[207.401s][info ][gc,heap      ] GC(153) CMS: 253323K->253527K(602112K)
[207.401s][info ][gc,metaspace ] GC(153) Metaspace: 56913K->56913K(1101824K)
[207.401s][info ][gc           ] GC(153) Pause Young (Allocation Failure) 485M->249M(852M) 9.400ms
[207.401s][info ][gc,cpu       ] GC(153) User=0.03s Sys=0.00s Real=0.00s
[207.401s][info ][safepoint    ] Leaving safepoint region
[207.401s][info ][safepoint    ] Total time for which application threads were stopped: 0.0095538 seconds, Stopping threads took: 0.0000166 seconds
[208.401s][info ][safepoint    ] Application time: 1.0001139 seconds
[208.401s][info ][safepoint    ] Entering safepoint region: Cleanup
[208.401s][info ][safepoint    ] Leaving safepoint region
[208.401s][info ][safepoint    ] Total time for which application threads were stopped: 0.0001151 seconds, Stopping threads took: 0.0000456 seconds
[209.401s][info ][safepoint    ] Application time: 1.0001029 seconds
[209.401s][info ][safepoint    ] Entering safepoint region: Cleanup
[209.401s][info ][safepoint    ] Leaving safepoint region
[209.401s][info ][safepoint    ] Total time for which application threads were stopped: 0.0000704 seconds, Stopping threads took: 0.0000175 seconds
[209.678s][info ][safepoint    ] Application time: 0.2771531 seconds
[209.678s][info ][safepoint    ] Entering safepoint region: GenCollectForAllocation
[209.679s][info ][gc,start     ] GC(154) Pause Young (Allocation Failure)
[209.679s][info ][gc,task      ] GC(154) Using 4 workers of 4 for evacuation
[209.682s][debug][gc,ref       ] GC(154) Skipped phase1 of Reference Processing due to unavailable references
[209.682s][debug][gc,ref       ] GC(154) Skipped phase3 of Reference Processing due to unavailable references
[209.682s][debug][gc,ref       ] GC(154) Skipped phase4 of Reference Processing due to unavailable references
[209.682s][debug][gc,age       ] GC(154) Desired survivor size 15400960 bytes, new threshold 6 (max threshold 6)
[209.682s][info ][gc,heap      ] GC(154) ParNew: 243231K->2118K(270976K)
[209.682s][info ][gc,heap      ] GC(154) CMS: 253527K->253620K(602112K)
[209.682s][info ][gc,metaspace ] GC(154) Metaspace: 56917K->56917K(1101824K)
[209.682s][info ][gc           ] GC(154) Pause Young (Allocation Failure) 485M->249M(852M) 3.182ms
[209.682s][info ][gc,cpu       ] GC(154) User=0.01s Sys=0.00s Real=0.00s
[209.682s][info ][safepoint    ] Leaving safepoint region
[209.682s][info ][safepoint    ] Total time for which application threads were stopped: 0.0033721 seconds, Stopping threads took: 0.0000349 seconds
[210.682s][info ][safepoint    ] Application time: 1.0001045 seconds
[210.682s][info ][safepoint    ] Entering safepoint region: Cleanup
[210.682s][info ][safepoint    ] Leaving safepoint region
[210.682s][info ][safepoint    ] Total time for which application threads were stopped: 0.0001154 seconds, Stopping threads took: 0.0000394 seconds
[211.682s][info ][safepoint    ] Application time: 1.0000989 seconds
[211.682s][info ][safepoint    ] Entering safepoint region: Cleanup
[211.682s][info ][safepoint    ] Leaving safepoint region
[211.682s][info ][safepoint    ] Total time for which application threads were stopped: 0.0001256 seconds, Stopping threads took: 0.0000628 seconds
[211.880s][info ][safepoint    ] Application time: 0.1978877 seconds
[211.880s][info ][safepoint    ] Entering safepoint region: GenCollectForAllocation
[211.880s][info ][gc,start     ] GC(155) Pause Young (Allocation Failure)
[211.880s][info ][gc,task      ] GC(155) Using 4 workers of 4 for evacuation
[211.883s][debug][gc,ref       ] GC(155) Skipped phase1 of Reference Processing due to unavailable references
[211.883s][debug][gc,ref       ] GC(155) Skipped phase3 of Reference Processing due to unavailable references
[211.883s][debug][gc,ref       ] GC(155) Skipped phase4 of Reference Processing due to unavailable references
[211.884s][debug][gc,age       ] GC(155) Desired survivor size 15400960 bytes, new threshold 6 (max threshold 6)
[211.884s][info ][gc,heap      ] GC(155) ParNew: 243014K->2100K(270976K)
[211.884s][info ][gc,heap      ] GC(155) CMS: 253620K->253859K(602112K)
[211.884s][info ][gc,metaspace ] GC(155) Metaspace: 56920K->56920K(1101824K)
[211.884s][info ][gc           ] GC(155) Pause Young (Allocation Failure) 484M->249M(852M) 3.257ms
[211.884s][info ][gc,cpu       ] GC(155) User=0.01s Sys=0.00s Real=0.01s
[211.884s][info ][safepoint    ] Leaving safepoint region
[211.884s][info ][safepoint    ] Total time for which application threads were stopped: 0.0034800 seconds, Stopping threads took: 0.0000173 seconds
[212.884s][info ][safepoint    ] Application time: 1.0001023 seconds
[212.884s][info ][safepoint    ] Entering safepoint region: Cleanup
[212.884s][info ][safepoint    ] Leaving safepoint region
[212.884s][info ][safepoint    ] Total time for which application threads were stopped: 0.0001316 seconds, Stopping threads took: 0.0000528 seconds
[213.884s][info ][safepoint    ] Application time: 1.0001032 seconds
[213.884s][info ][safepoint    ] Entering safepoint region: Cleanup
[213.884s][info ][safepoint    ] Leaving safepoint region
[213.884s][info ][safepoint    ] Total time for which application threads were stopped: 0.0001005 seconds, Stopping threads took: 0.0000382 seconds
[214.181s][info ][safepoint    ] Application time: 0.2965002 seconds
[214.181s][info ][safepoint    ] Entering safepoint region: GenCollectForAllocation
[214.181s][info ][gc,start     ] GC(156) Pause Young (Allocation Failure)
[214.181s][info ][gc,task      ] GC(156) Using 4 workers of 4 for evacuation
[214.184s][debug][gc,ref       ] GC(156) Skipped phase1 of Reference Processing due to unavailable references
[214.184s][debug][gc,ref       ] GC(156) Skipped phase2 of Reference Processing due to unavailable references
[214.184s][debug][gc,ref       ] GC(156) Skipped phase3 of Reference Processing due to unavailable references
[214.184s][debug][gc,ref       ] GC(156) Skipped phase4 of Reference Processing due to unavailable references
[214.185s][debug][gc,age       ] GC(156) Desired survivor size 15400960 bytes, new threshold 6 (max threshold 6)
[214.185s][info ][gc,heap      ] GC(156) ParNew: 242996K->1956K(270976K)
[214.185s][info ][gc,heap      ] GC(156) CMS: 253859K->254062K(602112K)
[214.185s][info ][gc,metaspace ] GC(156) Metaspace: 56921K->56921K(1101824K)
[214.185s][info ][gc           ] GC(156) Pause Young (Allocation Failure) 485M->250M(852M) 3.662ms
[214.185s][info ][gc,cpu       ] GC(156) User=0.01s Sys=0.00s Real=0.01s
[214.185s][info ][safepoint    ] Leaving safepoint region
[214.185s][info ][safepoint    ] Total time for which application threads were stopped: 0.0038762 seconds, Stopping threads took: 0.0000860 seconds
[215.185s][info ][safepoint    ] Application time: 1.0001203 seconds
[215.185s][info ][safepoint    ] Entering safepoint region: Cleanup
[215.185s][info ][safepoint    ] Leaving safepoint region
[215.185s][info ][safepoint    ] Total time for which application threads were stopped: 0.0001093 seconds, Stopping threads took: 0.0000394 seconds
[216.185s][info ][safepoint    ] Application time: 1.0000727 seconds
[216.185s][info ][safepoint    ] Entering safepoint region: Cleanup
[216.185s][info ][safepoint    ] Leaving safepoint region
[216.185s][info ][safepoint    ] Total time for which application threads were stopped: 0.0001203 seconds, Stopping threads took: 0.0000474 seconds
[216.592s][info ][safepoint    ] Application time: 0.4067475 seconds
[216.592s][info ][safepoint    ] Entering safepoint region: GenCollectForAllocation
[216.592s][info ][gc,start     ] GC(157) Pause Young (Allocation Failure)
[216.592s][info ][gc,task      ] GC(157) Using 4 workers of 4 for evacuation
[216.595s][debug][gc,ref       ] GC(157) Skipped phase1 of Reference Processing due to unavailable references
[216.595s][debug][gc,ref       ] GC(157) Skipped phase3 of Reference Processing due to unavailable references
[216.595s][debug][gc,ref       ] GC(157) Skipped phase4 of Reference Processing due to unavailable references
[216.595s][debug][gc,age       ] GC(157) Desired survivor size 15400960 bytes, new threshold 6 (max threshold 6)
[216.595s][info ][gc,heap      ] GC(157) ParNew: 242852K->1566K(270976K)
[216.595s][info ][gc,heap      ] GC(157) CMS: 254062K->254472K(602112K)
[216.595s][info ][gc,metaspace ] GC(157) Metaspace: 56922K->56922K(1101824K)
[216.595s][info ][gc           ] GC(157) Pause Young (Allocation Failure) 485M->250M(852M) 3.208ms
[216.595s][info ][gc,cpu       ] GC(157) User=0.01s Sys=0.00s Real=0.00s
[216.595s][info ][safepoint    ] Leaving safepoint region
[216.595s][info ][safepoint    ] Total time for which application threads were stopped: 0.0034076 seconds, Stopping threads took: 0.0000186 seconds
[217.595s][info ][safepoint    ] Application time: 1.0001012 seconds
[217.596s][info ][safepoint    ] Entering safepoint region: Cleanup
[217.596s][info ][safepoint    ] Leaving safepoint region
[217.596s][info ][safepoint    ] Total time for which application threads were stopped: 0.0001149 seconds, Stopping threads took: 0.0000435 seconds
[218.596s][info ][safepoint    ] Application time: 1.0000910 seconds
[218.596s][info ][safepoint    ] Entering safepoint region: Cleanup
[218.596s][info ][safepoint    ] Leaving safepoint region
[218.596s][info ][safepoint    ] Total time for which application threads were stopped: 0.0000832 seconds, Stopping threads took: 0.0000304 seconds
[219.037s][info ][safepoint    ] Application time: 0.4408258 seconds
[219.037s][info ][safepoint    ] Entering safepoint region: GenCollectForAllocation
[219.037s][info ][gc,start     ] GC(158) Pause Young (Allocation Failure)
[219.037s][info ][gc,task      ] GC(158) Using 4 workers of 4 for evacuation
[219.040s][debug][gc,ref       ] GC(158) Skipped phase1 of Reference Processing due to unavailable references
[219.040s][debug][gc,ref       ] GC(158) Skipped phase3 of Reference Processing due to unavailable references
[219.040s][debug][gc,ref       ] GC(158) Skipped phase4 of Reference Processing due to unavailable references
[219.040s][debug][gc,age       ] GC(158) Desired survivor size 15400960 bytes, new threshold 6 (max threshold 6)
[219.040s][info ][gc,heap      ] GC(158) ParNew: 242462K->1608K(270976K)
[219.040s][info ][gc,heap      ] GC(158) CMS: 254472K->254670K(602112K)
[219.040s][info ][gc,metaspace ] GC(158) Metaspace: 56923K->56923K(1101824K)
[219.040s][info ][gc           ] GC(158) Pause Young (Allocation Failure) 485M->250M(852M) 3.108ms
[219.040s][info ][gc,cpu       ] GC(158) User=0.01s Sys=0.00s Real=0.00s
[219.040s][info ][safepoint    ] Leaving safepoint region
[219.040s][info ][safepoint    ] Total time for which application threads were stopped: 0.0032472 seconds, Stopping threads took: 0.0000168 seconds
[220.040s][info ][safepoint    ] Application time: 1.0000847 seconds
[220.040s][info ][safepoint    ] Entering safepoint region: Cleanup
[220.040s][info ][safepoint    ] Leaving safepoint region
[220.040s][info ][safepoint    ] Total time for which application threads were stopped: 0.0000862 seconds, Stopping threads took: 0.0000154 seconds
[221.040s][info ][safepoint    ] Application time: 1.0000956 seconds
[221.040s][info ][safepoint    ] Entering safepoint region: Cleanup
[221.040s][info ][safepoint    ] Leaving safepoint region
[221.040s][info ][safepoint    ] Total time for which application threads were stopped: 0.0001785 seconds, Stopping threads took: 0.0001091 seconds
[221.631s][info ][safepoint    ] Application time: 0.5905025 seconds
[221.631s][info ][safepoint    ] Entering safepoint region: GenCollectForAllocation
[221.631s][info ][gc,start     ] GC(159) Pause Young (Allocation Failure)
[221.631s][info ][gc,task      ] GC(159) Using 4 workers of 4 for evacuation
[221.634s][debug][gc,ref       ] GC(159) Skipped phase1 of Reference Processing due to unavailable references
[221.634s][debug][gc,ref       ] GC(159) Skipped phase3 of Reference Processing due to unavailable references
[221.634s][debug][gc,ref       ] GC(159) Skipped phase4 of Reference Processing due to unavailable references
[221.634s][debug][gc,age       ] GC(159) Desired survivor size 15400960 bytes, new threshold 6 (max threshold 6)
[221.634s][info ][gc,heap      ] GC(159) ParNew: 242504K->1169K(270976K)
[221.634s][info ][gc,heap      ] GC(159) CMS: 254670K->254872K(602112K)
[221.634s][info ][gc,metaspace ] GC(159) Metaspace: 56931K->56931K(1101824K)
[221.634s][info ][gc           ] GC(159) Pause Young (Allocation Failure) 485M->250M(852M) 2.838ms
[221.634s][info ][gc,cpu       ] GC(159) User=0.01s Sys=0.00s Real=0.00s
[221.634s][info ][safepoint    ] Leaving safepoint region
[221.634s][info ][safepoint    ] Total time for which application threads were stopped: 0.0029776 seconds, Stopping threads took: 0.0000151 seconds
[222.634s][info ][safepoint    ] Application time: 1.0000881 seconds
[222.634s][info ][safepoint    ] Entering safepoint region: Cleanup
[222.634s][info ][safepoint    ] Leaving safepoint region
[222.634s][info ][safepoint    ] Total time for which application threads were stopped: 0.0001291 seconds, Stopping threads took: 0.0000646 seconds
[223.634s][info ][safepoint    ] Application time: 1.0000943 seconds
[223.635s][info ][safepoint    ] Entering safepoint region: Cleanup
[223.635s][info ][safepoint    ] Leaving safepoint region
[223.635s][info ][safepoint    ] Total time for which application threads were stopped: 0.0001901 seconds, Stopping threads took: 0.0000969 seconds
[224.233s][info ][safepoint    ] Application time: 0.5979422 seconds
[224.233s][info ][safepoint    ] Entering safepoint region: GenCollectForAllocation
[224.233s][info ][gc,start     ] GC(160) Pause Young (Allocation Failure)
[224.233s][info ][gc,task      ] GC(160) Using 4 workers of 4 for evacuation
[224.235s][debug][gc,ref       ] GC(160) Skipped phase1 of Reference Processing due to unavailable references
[224.235s][debug][gc,ref       ] GC(160) Skipped phase3 of Reference Processing due to unavailable references
[224.236s][debug][gc,age       ] GC(160) Desired survivor size 15400960 bytes, new threshold 6 (max threshold 6)
[224.236s][info ][gc,heap      ] GC(160) ParNew: 242065K->2105K(270976K)
[224.236s][info ][gc,heap      ] GC(160) CMS: 254872K->254925K(602112K)
[224.236s][info ][gc,metaspace ] GC(160) Metaspace: 56939K->56939K(1101824K)
[224.236s][info ][gc           ] GC(160) Pause Young (Allocation Failure) 485M->251M(852M) 2.744ms
[224.236s][info ][gc,cpu       ] GC(160) User=0.02s Sys=0.00s Real=0.00s
[224.236s][info ][safepoint    ] Leaving safepoint region
[224.236s][info ][safepoint    ] Total time for which application threads were stopped: 0.0030260 seconds, Stopping threads took: 0.0000150 seconds
[225.236s][info ][safepoint    ] Application time: 1.0000988 seconds
[225.236s][info ][safepoint    ] Entering safepoint region: Cleanup
[225.236s][info ][safepoint    ] Leaving safepoint region
[225.236s][info ][safepoint    ] Total time for which application threads were stopped: 0.0001414 seconds, Stopping threads took: 0.0000528 seconds
[226.236s][info ][safepoint    ] Application time: 1.0000603 seconds
[226.236s][info ][safepoint    ] Entering safepoint region: Cleanup
[226.236s][info ][safepoint    ] Leaving safepoint region
[226.236s][info ][safepoint    ] Total time for which application threads were stopped: 0.0001600 seconds, Stopping threads took: 0.0000547 seconds
[226.480s][info ][safepoint    ] Application time: 0.2441490 seconds
[226.480s][info ][safepoint    ] Entering safepoint region: GenCollectForAllocation
[226.481s][info ][gc,start     ] GC(161) Pause Young (Allocation Failure)
[226.481s][info ][gc,task      ] GC(161) Using 4 workers of 4 for evacuation
[226.483s][debug][gc,ref       ] GC(161) Skipped phase1 of Reference Processing due to unavailable references
[226.483s][debug][gc,ref       ] GC(161) Skipped phase3 of Reference Processing due to unavailable references
[226.483s][debug][gc,ref       ] GC(161) Skipped phase4 of Reference Processing due to unavailable references
[226.483s][debug][gc,age       ] GC(161) Desired survivor size 15400960 bytes, new threshold 6 (max threshold 6)
[226.483s][info ][gc,heap      ] GC(161) ParNew: 243001K->2008K(270976K)
[226.483s][info ][gc,heap      ] GC(161) CMS: 254925K->254988K(602112K)
[226.483s][info ][gc,metaspace ] GC(161) Metaspace: 56948K->56948K(1101824K)
[226.484s][info ][gc           ] GC(161) Pause Young (Allocation Failure) 486M->250M(852M) 2.952ms
[226.484s][info ][gc,cpu       ] GC(161) User=0.01s Sys=0.00s Real=0.01s
[226.484s][info ][safepoint    ] Leaving safepoint region
[226.484s][info ][safepoint    ] Total time for which application threads were stopped: 0.0031833 seconds, Stopping threads took: 0.0000854 seconds
[227.484s][info ][safepoint    ] Application time: 1.0001158 seconds
[227.484s][info ][safepoint    ] Entering safepoint region: Cleanup
[227.484s][info ][safepoint    ] Leaving safepoint region
[227.484s][info ][safepoint    ] Total time for which application threads were stopped: 0.0002763 seconds, Stopping threads took: 0.0000786 seconds
[228.484s][info ][safepoint    ] Application time: 1.0000851 seconds
[228.484s][info ][safepoint    ] Entering safepoint region: Cleanup
[228.484s][info ][safepoint    ] Leaving safepoint region
[228.484s][info ][safepoint    ] Total time for which application threads were stopped: 0.0001011 seconds, Stopping threads took: 0.0000409 seconds
[229.028s][info ][safepoint    ] Application time: 0.5439713 seconds
[229.028s][info ][safepoint    ] Entering safepoint region: GenCollectForAllocation
[229.028s][info ][gc,start     ] GC(162) Pause Young (Allocation Failure)
[229.028s][info ][gc,task      ] GC(162) Using 4 workers of 4 for evacuation
[229.031s][debug][gc,ref       ] GC(162) Skipped phase1 of Reference Processing due to unavailable references
[229.031s][debug][gc,ref       ] GC(162) Skipped phase3 of Reference Processing due to unavailable references
[229.032s][debug][gc,age       ] GC(162) Desired survivor size 15400960 bytes, new threshold 6 (max threshold 6)
[229.032s][info ][gc,heap      ] GC(162) ParNew: 242904K->2443K(270976K)
[229.032s][info ][gc,heap      ] GC(162) CMS: 254988K->255203K(602112K)
[229.032s][info ][gc,metaspace ] GC(162) Metaspace: 56957K->56957K(1101824K)
[229.032s][info ][gc           ] GC(162) Pause Young (Allocation Failure) 486M->251M(852M) 3.221ms
[229.032s][info ][gc,cpu       ] GC(162) User=0.01s Sys=0.00s Real=0.01s
[229.032s][info ][safepoint    ] Leaving safepoint region
[229.032s][info ][safepoint    ] Total time for which application threads were stopped: 0.0033833 seconds, Stopping threads took: 0.0000352 seconds
[230.032s][info ][safepoint    ] Application time: 1.0001006 seconds
[230.032s][info ][safepoint    ] Entering safepoint region: Cleanup
[230.032s][info ][safepoint    ] Leaving safepoint region
[230.032s][info ][safepoint    ] Total time for which application threads were stopped: 0.0001068 seconds, Stopping threads took: 0.0000404 seconds
[231.032s][info ][safepoint    ] Application time: 1.0000998 seconds
[231.032s][info ][safepoint    ] Entering safepoint region: Cleanup
[231.032s][info ][safepoint    ] Leaving safepoint region
[231.032s][info ][safepoint    ] Total time for which application threads were stopped: 0.0001466 seconds, Stopping threads took: 0.0000755 seconds
[231.838s][info ][safepoint    ] Application time: 0.8056762 seconds
[231.838s][info ][safepoint    ] Entering safepoint region: GenCollectForAllocation
[231.838s][info ][gc,start     ] GC(163) Pause Young (Allocation Failure)
[231.838s][info ][gc,task      ] GC(163) Using 4 workers of 4 for evacuation
[231.841s][debug][gc,ref       ] GC(163) Skipped phase1 of Reference Processing due to unavailable references
[231.841s][debug][gc,ref       ] GC(163) Skipped phase3 of Reference Processing due to unavailable references
[231.841s][debug][gc,ref       ] GC(163) Skipped phase4 of Reference Processing due to unavailable references
[231.841s][debug][gc,age       ] GC(163) Desired survivor size 15400960 bytes, new threshold 6 (max threshold 6)
[231.841s][info ][gc,heap      ] GC(163) ParNew: 243339K->2396K(270976K)
[231.841s][info ][gc,heap      ] GC(163) CMS: 255203K->255280K(602112K)
[231.841s][info ][gc,metaspace ] GC(163) Metaspace: 56967K->56967K(1101824K)
[231.841s][info ][gc           ] GC(163) Pause Young (Allocation Failure) 486M->251M(852M) 2.772ms
[231.841s][info ][gc,cpu       ] GC(163) User=0.01s Sys=0.00s Real=0.00s
[231.841s][info ][safepoint    ] Leaving safepoint region
[231.841s][info ][safepoint    ] Total time for which application threads were stopped: 0.0029234 seconds, Stopping threads took: 0.0000152 seconds
[232.841s][info ][safepoint    ] Application time: 1.0001006 seconds
[232.841s][info ][safepoint    ] Entering safepoint region: Cleanup
[232.841s][info ][safepoint    ] Leaving safepoint region
[232.841s][info ][safepoint    ] Total time for which application threads were stopped: 0.0000740 seconds, Stopping threads took: 0.0000161 seconds
[233.841s][info ][safepoint    ] Application time: 1.0000849 seconds
[233.841s][info ][safepoint    ] Entering safepoint region: Cleanup
[233.841s][info ][safepoint    ] Leaving safepoint region
[233.841s][info ][safepoint    ] Total time for which application threads were stopped: 0.0000873 seconds, Stopping threads took: 0.0000291 seconds
[234.728s][info ][safepoint    ] Application time: 0.8865875 seconds
[234.728s][info ][safepoint    ] Entering safepoint region: GenCollectForAllocation
[234.728s][info ][gc,start     ] GC(164) Pause Young (Allocation Failure)
[234.728s][info ][gc,task      ] GC(164) Using 4 workers of 4 for evacuation
[234.731s][debug][gc,ref       ] GC(164) Skipped phase1 of Reference Processing due to unavailable references
[234.731s][debug][gc,ref       ] GC(164) Skipped phase3 of Reference Processing due to unavailable references
[234.731s][debug][gc,ref       ] GC(164) Skipped phase4 of Reference Processing due to unavailable references
[234.731s][debug][gc,age       ] GC(164) Desired survivor size 15400960 bytes, new threshold 6 (max threshold 6)
[234.731s][info ][gc,heap      ] GC(164) ParNew: 243292K->2504K(270976K)
[234.731s][info ][gc,heap      ] GC(164) CMS: 255280K->255394K(602112K)
[234.731s][info ][gc,metaspace ] GC(164) Metaspace: 56968K->56968K(1101824K)
[234.731s][info ][gc           ] GC(164) Pause Young (Allocation Failure) 486M->251M(852M) 3.065ms
[234.731s][info ][gc,cpu       ] GC(164) User=0.02s Sys=0.00s Real=0.01s
[234.731s][info ][safepoint    ] Leaving safepoint region
[234.731s][info ][safepoint    ] Total time for which application threads were stopped: 0.0032342 seconds, Stopping threads took: 0.0000379 seconds
[235.731s][info ][safepoint    ] Application time: 1.0001312 seconds
[235.731s][info ][safepoint    ] Entering safepoint region: Cleanup
[235.731s][info ][safepoint    ] Leaving safepoint region
[235.731s][info ][safepoint    ] Total time for which application threads were stopped: 0.0001379 seconds, Stopping threads took: 0.0000379 seconds
[236.732s][info ][safepoint    ] Application time: 1.0001045 seconds
[236.732s][info ][safepoint    ] Entering safepoint region: Cleanup
[236.732s][info ][safepoint    ] Leaving safepoint region
[236.732s][info ][safepoint    ] Total time for which application threads were stopped: 0.0003581 seconds, Stopping threads took: 0.0002913 seconds
[237.684s][info ][safepoint    ] Application time: 0.9516218 seconds
[237.684s][info ][safepoint    ] Entering safepoint region: GenCollectForAllocation
[237.684s][info ][gc,start     ] GC(165) Pause Young (Allocation Failure)
[237.684s][info ][gc,task      ] GC(165) Using 4 workers of 4 for evacuation
[237.687s][debug][gc,ref       ] GC(165) Skipped phase1 of Reference Processing due to unavailable references
[237.687s][debug][gc,ref       ] GC(165) Skipped phase3 of Reference Processing due to unavailable references
[237.687s][debug][gc,ref       ] GC(165) Skipped phase4 of Reference Processing due to unavailable references
[237.687s][debug][gc,age       ] GC(165) Desired survivor size 15400960 bytes, new threshold 6 (max threshold 6)
[237.687s][info ][gc,heap      ] GC(165) ParNew: 243400K->2218K(270976K)
[237.687s][info ][gc,heap      ] GC(165) CMS: 255394K->255465K(602112K)
[237.687s][info ][gc,metaspace ] GC(165) Metaspace: 56973K->56973K(1101824K)
[237.687s][info ][gc           ] GC(165) Pause Young (Allocation Failure) 487M->251M(852M) 3.220ms
[237.687s][info ][gc,cpu       ] GC(165) User=0.02s Sys=0.00s Real=0.00s
[237.687s][info ][safepoint    ] Leaving safepoint region
[237.687s][info ][safepoint    ] Total time for which application threads were stopped: 0.0033620 seconds, Stopping threads took: 0.0000150 seconds
[238.687s][info ][safepoint    ] Application time: 1.0000942 seconds
[238.687s][info ][safepoint    ] Entering safepoint region: Cleanup
[238.687s][info ][safepoint    ] Leaving safepoint region
[238.687s][info ][safepoint    ] Total time for which application threads were stopped: 0.0001079 seconds, Stopping threads took: 0.0000397 seconds
[239.687s][info ][safepoint    ] Application time: 1.0000994 seconds
[239.687s][info ][safepoint    ] Entering safepoint region: Cleanup
[239.687s][info ][safepoint    ] Leaving safepoint region
[239.687s][info ][safepoint    ] Total time for which application threads were stopped: 0.0001402 seconds, Stopping threads took: 0.0000764 seconds
[240.688s][info ][safepoint    ] Application time: 1.0000897 seconds
[240.688s][info ][safepoint    ] Entering safepoint region: Cleanup
[240.688s][info ][safepoint    ] Leaving safepoint region
[240.688s][info ][safepoint    ] Total time for which application threads were stopped: 0.0001126 seconds, Stopping threads took: 0.0000394 seconds
[240.778s][info ][safepoint    ] Application time: 0.0901832 seconds
[240.778s][info ][safepoint    ] Entering safepoint region: GenCollectForAllocation
[240.778s][info ][gc,start     ] GC(166) Pause Young (Allocation Failure)
[240.778s][info ][gc,task      ] GC(166) Using 4 workers of 4 for evacuation
[240.781s][debug][gc,ref       ] GC(166) Skipped phase1 of Reference Processing due to unavailable references
[240.781s][debug][gc,ref       ] GC(166) Skipped phase3 of Reference Processing due to unavailable references
[240.781s][debug][gc,ref       ] GC(166) Skipped phase4 of Reference Processing due to unavailable references
[240.781s][debug][gc,age       ] GC(166) Desired survivor size 15400960 bytes, new threshold 6 (max threshold 6)
[240.781s][info ][gc,heap      ] GC(166) ParNew: 243114K->1957K(270976K)
[240.781s][info ][gc,heap      ] GC(166) CMS: 255465K->255586K(602112K)
[240.781s][info ][gc,metaspace ] GC(166) Metaspace: 56982K->56982K(1101824K)
[240.781s][info ][gc           ] GC(166) Pause Young (Allocation Failure) 486M->251M(852M) 2.916ms
[240.781s][info ][gc,cpu       ] GC(166) User=0.01s Sys=0.00s Real=0.00s
[240.781s][info ][safepoint    ] Leaving safepoint region
[240.781s][info ][safepoint    ] Total time for which application threads were stopped: 0.0031689 seconds, Stopping threads took: 0.0001082 seconds
[241.781s][info ][safepoint    ] Application time: 1.0000672 seconds
[241.781s][info ][safepoint    ] Entering safepoint region: Cleanup
[241.781s][info ][safepoint    ] Leaving safepoint region
[241.781s][info ][safepoint    ] Total time for which application threads were stopped: 0.0001030 seconds, Stopping threads took: 0.0000401 seconds
[242.781s][info ][safepoint    ] Application time: 1.0000931 seconds
[242.782s][info ][safepoint    ] Entering safepoint region: Cleanup
[242.782s][info ][safepoint    ] Leaving safepoint region
[242.782s][info ][safepoint    ] Total time for which application threads were stopped: 0.0001289 seconds, Stopping threads took: 0.0000683 seconds
[243.782s][info ][safepoint    ] Application time: 1.0001010 seconds
[243.782s][info ][safepoint    ] Entering safepoint region: Cleanup
[243.782s][info ][safepoint    ] Leaving safepoint region
[243.782s][info ][safepoint    ] Total time for which application threads were stopped: 0.0001479 seconds, Stopping threads took: 0.0000743 seconds
[243.831s][info ][safepoint    ] Application time: 0.0494354 seconds
[243.831s][info ][safepoint    ] Entering safepoint region: GenCollectForAllocation
[243.831s][info ][gc,start     ] GC(167) Pause Young (Allocation Failure)
[243.831s][info ][gc,task      ] GC(167) Using 4 workers of 4 for evacuation
[243.834s][debug][gc,ref       ] GC(167) Skipped phase1 of Reference Processing due to unavailable references
[243.834s][debug][gc,ref       ] GC(167) Skipped phase3 of Reference Processing due to unavailable references
[243.834s][debug][gc,ref       ] GC(167) Skipped phase4 of Reference Processing due to unavailable references
[243.834s][debug][gc,age       ] GC(167) Desired survivor size 15400960 bytes, new threshold 6 (max threshold 6)
[243.834s][info ][gc,heap      ] GC(167) ParNew: 242853K->1946K(270976K)
[243.834s][info ][gc,heap      ] GC(167) CMS: 255586K->255880K(602112K)
[243.834s][info ][gc,metaspace ] GC(167) Metaspace: 56982K->56982K(1101824K)
[243.834s][info ][gc           ] GC(167) Pause Young (Allocation Failure) 486M->251M(852M) 2.818ms
[243.834s][info ][gc,cpu       ] GC(167) User=0.01s Sys=0.00s Real=0.00s
[243.834s][info ][safepoint    ] Leaving safepoint region
[243.834s][info ][safepoint    ] Total time for which application threads were stopped: 0.0029575 seconds, Stopping threads took: 0.0000152 seconds
[244.834s][info ][safepoint    ] Application time: 1.0000900 seconds
[244.834s][info ][safepoint    ] Entering safepoint region: Cleanup
[244.835s][info ][safepoint    ] Leaving safepoint region
[244.835s][info ][safepoint    ] Total time for which application threads were stopped: 0.0000995 seconds, Stopping threads took: 0.0000381 seconds
[245.835s][info ][safepoint    ] Application time: 1.0000997 seconds
[245.835s][info ][safepoint    ] Entering safepoint region: Cleanup
[245.835s][info ][safepoint    ] Leaving safepoint region
[245.835s][info ][safepoint    ] Total time for which application threads were stopped: 0.0001023 seconds, Stopping threads took: 0.0000406 seconds
[246.835s][info ][safepoint    ] Application time: 1.0000839 seconds
[246.835s][info ][safepoint    ] Entering safepoint region: Cleanup
[246.835s][info ][safepoint    ] Leaving safepoint region
[246.835s][info ][safepoint    ] Total time for which application threads were stopped: 0.0002503 seconds, Stopping threads took: 0.0000989 seconds
[246.982s][info ][safepoint    ] Application time: 0.1463986 seconds
[246.982s][info ][safepoint    ] Entering safepoint region: GenCollectForAllocation
[246.982s][info ][gc,start     ] GC(168) Pause Young (Allocation Failure)
[246.982s][info ][gc,task      ] GC(168) Using 4 workers of 4 for evacuation
[246.985s][debug][gc,ref       ] GC(168) Skipped phase1 of Reference Processing due to unavailable references
[246.985s][debug][gc,ref       ] GC(168) Skipped phase3 of Reference Processing due to unavailable references
[246.985s][debug][gc,ref       ] GC(168) Skipped phase4 of Reference Processing due to unavailable references
[246.985s][debug][gc,age       ] GC(168) Desired survivor size 15400960 bytes, new threshold 6 (max threshold 6)
[246.985s][info ][gc,heap      ] GC(168) ParNew: 242842K->1355K(270976K)
[246.985s][info ][gc,heap      ] GC(168) CMS: 255880K->256425K(602112K)
[246.985s][info ][gc,metaspace ] GC(168) Metaspace: 56984K->56984K(1101824K)
[246.985s][info ][gc           ] GC(168) Pause Young (Allocation Failure) 487M->251M(852M) 3.197ms
[246.985s][info ][gc,cpu       ] GC(168) User=0.01s Sys=0.00s Real=0.01s
[246.985s][info ][safepoint    ] Leaving safepoint region
[246.985s][info ][safepoint    ] Total time for which application threads were stopped: 0.0033503 seconds, Stopping threads took: 0.0000289 seconds
[247.985s][info ][safepoint    ] Application time: 1.0001001 seconds
[247.985s][info ][safepoint    ] Entering safepoint region: Cleanup
[247.985s][info ][safepoint    ] Leaving safepoint region
[247.985s][info ][safepoint    ] Total time for which application threads were stopped: 0.0000955 seconds, Stopping threads took: 0.0000398 seconds
[248.985s][info ][safepoint    ] Application time: 1.0000841 seconds
[248.985s][info ][safepoint    ] Entering safepoint region: Cleanup
[248.985s][info ][safepoint    ] Leaving safepoint region
[248.985s][info ][safepoint    ] Total time for which application threads were stopped: 0.0001287 seconds, Stopping threads took: 0.0000711 seconds
[249.986s][info ][safepoint    ] Application time: 1.0000916 seconds
[249.986s][info ][safepoint    ] Entering safepoint region: Cleanup
[249.986s][info ][safepoint    ] Leaving safepoint region
[249.986s][info ][safepoint    ] Total time for which application threads were stopped: 0.0001686 seconds, Stopping threads took: 0.0000915 seconds
[250.234s][info ][safepoint    ] Application time: 0.2479723 seconds
[250.234s][info ][safepoint    ] Entering safepoint region: GenCollectForAllocation
[250.234s][info ][gc,start     ] GC(169) Pause Young (Allocation Failure)
[250.234s][info ][gc,task      ] GC(169) Using 4 workers of 4 for evacuation
[250.236s][debug][gc,ref       ] GC(169) Skipped phase1 of Reference Processing due to unavailable references
[250.236s][debug][gc,ref       ] GC(169) Skipped phase3 of Reference Processing due to unavailable references
[250.236s][debug][gc,ref       ] GC(169) Skipped phase4 of Reference Processing due to unavailable references
[250.236s][debug][gc,age       ] GC(169) Desired survivor size 15400960 bytes, new threshold 6 (max threshold 6)
[250.236s][info ][gc,heap      ] GC(169) ParNew: 242251K->1323K(270976K)
[250.236s][info ][gc,heap      ] GC(169) CMS: 256425K->256458K(602112K)
[250.236s][info ][gc,metaspace ] GC(169) Metaspace: 56984K->56984K(1101824K)
[250.236s][info ][gc           ] GC(169) Pause Young (Allocation Failure) 486M->251M(852M) 2.508ms
[250.236s][info ][gc,cpu       ] GC(169) User=0.01s Sys=0.00s Real=0.00s
[250.236s][info ][safepoint    ] Leaving safepoint region
[250.236s][info ][safepoint    ] Total time for which application threads were stopped: 0.0026515 seconds, Stopping threads took: 0.0000151 seconds
[251.237s][info ][safepoint    ] Application time: 1.0001156 seconds
[251.237s][info ][safepoint    ] Entering safepoint region: Cleanup
[251.237s][info ][safepoint    ] Leaving safepoint region
[251.237s][info ][safepoint    ] Total time for which application threads were stopped: 0.0001499 seconds, Stopping threads took: 0.0000923 seconds
[252.237s][info ][safepoint    ] Application time: 1.0000971 seconds
[252.237s][info ][safepoint    ] Entering safepoint region: Cleanup
[252.237s][info ][safepoint    ] Leaving safepoint region
[252.237s][info ][safepoint    ] Total time for which application threads were stopped: 0.0001147 seconds, Stopping threads took: 0.0000513 seconds
[253.237s][info ][safepoint    ] Application time: 1.0000908 seconds
[253.239s][info ][safepoint    ] Entering safepoint region: Cleanup
[253.239s][info ][safepoint    ] Leaving safepoint region
[253.239s][info ][safepoint    ] Total time for which application threads were stopped: 0.0018512 seconds, Stopping threads took: 0.0017682 seconds
[253.378s][info ][safepoint    ] Application time: 0.1389050 seconds
[253.378s][info ][safepoint    ] Entering safepoint region: GenCollectForAllocation
[253.378s][info ][gc,start     ] GC(170) Pause Young (Allocation Failure)
[253.378s][info ][gc,task      ] GC(170) Using 4 workers of 4 for evacuation
[253.381s][debug][gc,ref       ] GC(170) Skipped phase1 of Reference Processing due to unavailable references
[253.381s][debug][gc,ref       ] GC(170) Skipped phase3 of Reference Processing due to unavailable references
[253.381s][debug][gc,ref       ] GC(170) Skipped phase4 of Reference Processing due to unavailable references
[253.381s][debug][gc,age       ] GC(170) Desired survivor size 15400960 bytes, new threshold 6 (max threshold 6)
[253.381s][info ][gc,heap      ] GC(170) ParNew: 242219K->1219K(270976K)
[253.381s][info ][gc,heap      ] GC(170) CMS: 256458K->256687K(602112K)
[253.381s][info ][gc,metaspace ] GC(170) Metaspace: 57028K->57028K(1101824K)
[253.381s][info ][gc           ] GC(170) Pause Young (Allocation Failure) 486M->251M(852M) 2.946ms
[253.381s][info ][gc,cpu       ] GC(170) User=0.01s Sys=0.00s Real=0.00s
[253.381s][info ][safepoint    ] Leaving safepoint region
[253.381s][info ][safepoint    ] Total time for which application threads were stopped: 0.0031184 seconds, Stopping threads took: 0.0000394 seconds
[254.381s][info ][safepoint    ] Application time: 1.0000976 seconds
[254.381s][info ][safepoint    ] Entering safepoint region: Cleanup
[254.381s][info ][safepoint    ] Leaving safepoint region
[254.381s][info ][safepoint    ] Total time for which application threads were stopped: 0.0001089 seconds, Stopping threads took: 0.0000384 seconds
[255.381s][info ][safepoint    ] Application time: 1.0000936 seconds
[255.381s][info ][safepoint    ] Entering safepoint region: Cleanup
[255.381s][info ][safepoint    ] Leaving safepoint region
[255.381s][info ][safepoint    ] Total time for which application threads were stopped: 0.0000910 seconds, Stopping threads took: 0.0000385 seconds
[256.382s][info ][safepoint    ] Application time: 1.0000875 seconds
[256.382s][info ][safepoint    ] Entering safepoint region: Cleanup
[256.382s][info ][safepoint    ] Leaving safepoint region
[256.382s][info ][safepoint    ] Total time for which application threads were stopped: 0.0000991 seconds, Stopping threads took: 0.0000409 seconds
[256.778s][info ][safepoint    ] Application time: 0.3961322 seconds
[256.778s][info ][safepoint    ] Entering safepoint region: GenCollectForAllocation
[256.778s][info ][gc,start     ] GC(171) Pause Young (Allocation Failure)
[256.778s][info ][gc,task      ] GC(171) Using 4 workers of 4 for evacuation
[256.781s][debug][gc,ref       ] GC(171) Skipped phase1 of Reference Processing due to unavailable references
[256.781s][debug][gc,ref       ] GC(171) Skipped phase3 of Reference Processing due to unavailable references
[256.781s][debug][gc,ref       ] GC(171) Skipped phase4 of Reference Processing due to unavailable references
[256.781s][debug][gc,age       ] GC(171) Desired survivor size 15400960 bytes, new threshold 6 (max threshold 6)
[256.781s][info ][gc,heap      ] GC(171) ParNew: 242115K->1420K(270976K)
[256.781s][info ][gc,heap      ] GC(171) CMS: 256687K->256793K(602112K)
[256.781s][info ][gc,metaspace ] GC(171) Metaspace: 57030K->57030K(1101824K)
[256.781s][info ][gc           ] GC(171) Pause Young (Allocation Failure) 487M->252M(852M) 2.865ms
[256.781s][info ][gc,cpu       ] GC(171) User=0.01s Sys=0.00s Real=0.00s
[256.781s][info ][safepoint    ] Leaving safepoint region
[256.781s][info ][safepoint    ] Total time for which application threads were stopped: 0.0030292 seconds, Stopping threads took: 0.0000386 seconds
[257.781s][info ][safepoint    ] Application time: 1.0001017 seconds
[257.781s][info ][safepoint    ] Entering safepoint region: Cleanup
[257.781s][info ][safepoint    ] Leaving safepoint region
[257.781s][info ][safepoint    ] Total time for which application threads were stopped: 0.0001079 seconds, Stopping threads took: 0.0000401 seconds
[258.781s][info ][safepoint    ] Application time: 1.0000870 seconds
[258.781s][info ][safepoint    ] Entering safepoint region: Cleanup
[258.781s][info ][safepoint    ] Leaving safepoint region
[258.781s][info ][safepoint    ] Total time for which application threads were stopped: 0.0001244 seconds, Stopping threads took: 0.0000601 seconds
[259.782s][info ][safepoint    ] Application time: 1.0001050 seconds
[259.782s][info ][safepoint    ] Entering safepoint region: Cleanup
[259.782s][info ][safepoint    ] Leaving safepoint region
[259.782s][info ][safepoint    ] Total time for which application threads were stopped: 0.0001396 seconds, Stopping threads took: 0.0000694 seconds
[260.184s][info ][safepoint    ] Application time: 0.4026362 seconds
[260.184s][info ][safepoint    ] Entering safepoint region: GenCollectForAllocation
[260.185s][info ][gc,start     ] GC(172) Pause Young (Allocation Failure)
[260.185s][info ][gc,task      ] GC(172) Using 4 workers of 4 for evacuation
[260.187s][debug][gc,ref       ] GC(172) Skipped phase1 of Reference Processing due to unavailable references
[260.187s][debug][gc,ref       ] GC(172) Skipped phase3 of Reference Processing due to unavailable references
[260.187s][debug][gc,ref       ] GC(172) Skipped phase4 of Reference Processing due to unavailable references
[260.187s][debug][gc,age       ] GC(172) Desired survivor size 15400960 bytes, new threshold 6 (max threshold 6)
[260.187s][info ][gc,heap      ] GC(172) ParNew: 242316K->982K(270976K)
[260.187s][info ][gc,heap      ] GC(172) CMS: 256793K->256825K(602112K)
[260.187s][info ][gc,metaspace ] GC(172) Metaspace: 57039K->57039K(1101824K)
[260.187s][info ][gc           ] GC(172) Pause Young (Allocation Failure) 487M->251M(852M) 2.843ms
[260.187s][info ][gc,cpu       ] GC(172) User=0.01s Sys=0.00s Real=0.00s
[260.187s][info ][safepoint    ] Leaving safepoint region
[260.187s][info ][safepoint    ] Total time for which application threads were stopped: 0.0029744 seconds, Stopping threads took: 0.0000147 seconds
[261.187s][info ][safepoint    ] Application time: 1.0000915 seconds
[261.188s][info ][safepoint    ] Entering safepoint region: Cleanup
[261.188s][info ][safepoint    ] Leaving safepoint region
[261.188s][info ][safepoint    ] Total time for which application threads were stopped: 0.0000972 seconds, Stopping threads took: 0.0000377 seconds
[262.188s][info ][safepoint    ] Application time: 1.0000508 seconds
[262.188s][info ][safepoint    ] Entering safepoint region: Cleanup
[262.188s][info ][safepoint    ] Leaving safepoint region
[262.188s][info ][safepoint    ] Total time for which application threads were stopped: 0.0001101 seconds, Stopping threads took: 0.0000388 seconds
[263.188s][info ][safepoint    ] Application time: 1.0000917 seconds
[263.188s][info ][safepoint    ] Entering safepoint region: Cleanup
[263.188s][info ][safepoint    ] Leaving safepoint region
[263.188s][info ][safepoint    ] Total time for which application threads were stopped: 0.0001349 seconds, Stopping threads took: 0.0000742 seconds
[263.728s][info ][safepoint    ] Application time: 0.5395670 seconds
[263.728s][info ][safepoint    ] Entering safepoint region: GenCollectForAllocation
[263.728s][info ][gc,start     ] GC(173) Pause Young (Allocation Failure)
[263.728s][info ][gc,task      ] GC(173) Using 4 workers of 4 for evacuation
[263.730s][debug][gc,ref       ] GC(173) Skipped phase1 of Reference Processing due to unavailable references
[263.730s][debug][gc,ref       ] GC(173) Skipped phase3 of Reference Processing due to unavailable references
[263.730s][debug][gc,ref       ] GC(173) Skipped phase4 of Reference Processing due to unavailable references
[263.731s][debug][gc,age       ] GC(173) Desired survivor size 15400960 bytes, new threshold 6 (max threshold 6)
[263.731s][info ][gc,heap      ] GC(173) ParNew: 241878K->1410K(270976K)
[263.731s][info ][gc,heap      ] GC(173) CMS: 256825K->256959K(602112K)
[263.731s][info ][gc,metaspace ] GC(173) Metaspace: 57046K->57046K(1101824K)
[263.731s][info ][gc           ] GC(173) Pause Young (Allocation Failure) 487M->252M(852M) 2.806ms
[263.731s][info ][gc,cpu       ] GC(173) User=0.01s Sys=0.00s Real=0.01s
[263.731s][info ][safepoint    ] Leaving safepoint region
[263.731s][info ][safepoint    ] Total time for which application threads were stopped: 0.0029819 seconds, Stopping threads took: 0.0000403 seconds
[264.731s][info ][safepoint    ] Application time: 1.0000972 seconds
[264.731s][info ][safepoint    ] Entering safepoint region: Cleanup
[264.731s][info ][safepoint    ] Leaving safepoint region
[264.731s][info ][safepoint    ] Total time for which application threads were stopped: 0.0001164 seconds, Stopping threads took: 0.0000389 seconds
[265.731s][info ][safepoint    ] Application time: 1.0000921 seconds
[265.731s][info ][safepoint    ] Entering safepoint region: Cleanup
[265.731s][info ][safepoint    ] Leaving safepoint region
[265.731s][info ][safepoint    ] Total time for which application threads were stopped: 0.0001462 seconds, Stopping threads took: 0.0000787 seconds
[266.731s][info ][safepoint    ] Application time: 1.0000982 seconds
[266.731s][info ][safepoint    ] Entering safepoint region: Cleanup
[266.731s][info ][safepoint    ] Leaving safepoint region
[266.731s][info ][safepoint    ] Total time for which application threads were stopped: 0.0001387 seconds, Stopping threads took: 0.0000739 seconds
[267.278s][info ][safepoint    ] Application time: 0.5466189 seconds
[267.278s][info ][safepoint    ] Entering safepoint region: GenCollectForAllocation
[267.278s][info ][gc,start     ] GC(174) Pause Young (Allocation Failure)
[267.278s][info ][gc,task      ] GC(174) Using 4 workers of 4 for evacuation
[267.281s][debug][gc,ref       ] GC(174) Skipped phase1 of Reference Processing due to unavailable references
[267.281s][debug][gc,ref       ] GC(174) Skipped phase3 of Reference Processing due to unavailable references
[267.281s][debug][gc,ref       ] GC(174) Skipped phase4 of Reference Processing due to unavailable references
[267.281s][debug][gc,age       ] GC(174) Desired survivor size 15400960 bytes, new threshold 6 (max threshold 6)
[267.281s][info ][gc,heap      ] GC(174) ParNew: 242306K->1094K(270976K)
[267.281s][info ][gc,heap      ] GC(174) CMS: 256959K->257091K(602112K)
[267.281s][info ][gc,metaspace ] GC(174) Metaspace: 57060K->57060K(1101824K)
[267.281s][info ][gc           ] GC(174) Pause Young (Allocation Failure) 487M->252M(852M) 2.786ms
[267.281s][info ][gc,cpu       ] GC(174) User=0.01s Sys=0.00s Real=0.00s
[267.281s][info ][safepoint    ] Leaving safepoint region
[267.281s][info ][safepoint    ] Total time for which application threads were stopped: 0.0029608 seconds, Stopping threads took: 0.0000412 seconds
[268.281s][info ][safepoint    ] Application time: 1.0000918 seconds
[268.281s][info ][safepoint    ] Entering safepoint region: Cleanup
[268.281s][info ][safepoint    ] Leaving safepoint region
[268.281s][info ][safepoint    ] Total time for which application threads were stopped: 0.0001051 seconds, Stopping threads took: 0.0000392 seconds
[269.281s][info ][safepoint    ] Application time: 1.0000852 seconds
[269.281s][info ][safepoint    ] Entering safepoint region: Cleanup
[269.282s][info ][safepoint    ] Leaving safepoint region
[269.282s][info ][safepoint    ] Total time for which application threads were stopped: 0.0001191 seconds, Stopping threads took: 0.0000388 seconds
[270.282s][info ][safepoint    ] Application time: 1.0000888 seconds
[270.282s][info ][safepoint    ] Entering safepoint region: Cleanup
[270.282s][info ][safepoint    ] Leaving safepoint region
[270.282s][info ][safepoint    ] Total time for which application threads were stopped: 0.0001122 seconds, Stopping threads took: 0.0000368 seconds
[271.030s][info ][safepoint    ] Application time: 0.7484862 seconds
[271.030s][info ][safepoint    ] Entering safepoint region: GenCollectForAllocation
[271.030s][info ][gc,start     ] GC(175) Pause Young (Allocation Failure)
[271.030s][info ][gc,task      ] GC(175) Using 4 workers of 4 for evacuation
[271.033s][debug][gc,ref       ] GC(175) Skipped phase1 of Reference Processing due to unavailable references
[271.033s][debug][gc,ref       ] GC(175) Skipped phase3 of Reference Processing due to unavailable references
[271.033s][debug][gc,ref       ] GC(175) Skipped phase4 of Reference Processing due to unavailable references
[271.033s][debug][gc,age       ] GC(175) Desired survivor size 15400960 bytes, new threshold 6 (max threshold 6)
[271.033s][info ][gc,heap      ] GC(175) ParNew: 241990K->1127K(270976K)
[271.033s][info ][gc,heap      ] GC(175) CMS: 257091K->257181K(602112K)
[271.033s][info ][gc,metaspace ] GC(175) Metaspace: 57065K->57065K(1101824K)
[271.033s][info ][gc           ] GC(175) Pause Young (Allocation Failure) 487M->252M(852M) 2.651ms
[271.033s][info ][gc,cpu       ] GC(175) User=0.01s Sys=0.00s Real=0.00s
[271.033s][info ][safepoint    ] Leaving safepoint region
[271.033s][info ][safepoint    ] Total time for which application threads were stopped: 0.0028066 seconds, Stopping threads took: 0.0000303 seconds
[272.033s][info ][safepoint    ] Application time: 1.0001228 seconds
[272.033s][info ][safepoint    ] Entering safepoint region: Cleanup
[272.033s][info ][safepoint    ] Leaving safepoint region
[272.033s][info ][safepoint    ] Total time for which application threads were stopped: 0.0001050 seconds, Stopping threads took: 0.0000393 seconds
[273.034s][info ][safepoint    ] Application time: 1.0000933 seconds
[273.034s][info ][safepoint    ] Entering safepoint region: Cleanup
[273.034s][info ][safepoint    ] Leaving safepoint region
[273.034s][info ][safepoint    ] Total time for which application threads were stopped: 0.0001030 seconds, Stopping threads took: 0.0000399 seconds
[274.034s][info ][safepoint    ] Application time: 1.0000944 seconds
[274.034s][info ][safepoint    ] Entering safepoint region: Cleanup
[274.034s][info ][safepoint    ] Leaving safepoint region
[274.034s][info ][safepoint    ] Total time for which application threads were stopped: 0.0001181 seconds, Stopping threads took: 0.0000380 seconds
[274.987s][info ][safepoint    ] Application time: 0.9530920 seconds
[274.987s][info ][safepoint    ] Entering safepoint region: GenCollectForAllocation
[274.987s][info ][gc,start     ] GC(176) Pause Young (Allocation Failure)
[274.987s][info ][gc,task      ] GC(176) Using 4 workers of 4 for evacuation
[274.990s][debug][gc,ref       ] GC(176) Skipped phase1 of Reference Processing due to unavailable references
[274.990s][debug][gc,ref       ] GC(176) Skipped phase2 of Reference Processing due to unavailable references
[274.990s][debug][gc,ref       ] GC(176) Skipped phase3 of Reference Processing due to unavailable references
[274.990s][debug][gc,ref       ] GC(176) Skipped phase4 of Reference Processing due to unavailable references
[274.990s][debug][gc,age       ] GC(176) Desired survivor size 15400960 bytes, new threshold 6 (max threshold 6)
[274.990s][info ][gc,heap      ] GC(176) ParNew: 242023K->1220K(270976K)
[274.990s][info ][gc,heap      ] GC(176) CMS: 257181K->257333K(602112K)
[274.990s][info ][gc,metaspace ] GC(176) Metaspace: 57069K->57069K(1101824K)
[274.991s][info ][gc           ] GC(176) Pause Young (Allocation Failure) 487M->252M(852M) 3.368ms
[274.991s][info ][gc,cpu       ] GC(176) User=0.01s Sys=0.00s Real=0.01s
[274.991s][info ][safepoint    ] Leaving safepoint region
[274.991s][info ][safepoint    ] Total time for which application threads were stopped: 0.0035190 seconds, Stopping threads took: 0.0000172 seconds
[275.991s][info ][safepoint    ] Application time: 1.0000908 seconds
[275.991s][info ][safepoint    ] Entering safepoint region: Cleanup
[275.991s][info ][safepoint    ] Leaving safepoint region
[275.991s][info ][safepoint    ] Total time for which application threads were stopped: 0.0000672 seconds, Stopping threads took: 0.0000155 seconds
[276.991s][info ][safepoint    ] Application time: 1.0000852 seconds
[276.991s][info ][safepoint    ] Entering safepoint region: Cleanup
[276.991s][info ][safepoint    ] Leaving safepoint region
[276.991s][info ][safepoint    ] Total time for which application threads were stopped: 0.0001134 seconds, Stopping threads took: 0.0000495 seconds
[277.991s][info ][safepoint    ] Application time: 1.0000876 seconds
[277.991s][info ][safepoint    ] Entering safepoint region: Cleanup
[277.991s][info ][safepoint    ] Leaving safepoint region
[277.991s][info ][safepoint    ] Total time for which application threads were stopped: 0.0000711 seconds, Stopping threads took: 0.0000248 seconds
[278.928s][info ][safepoint    ] Application time: 0.9366830 seconds
[278.928s][info ][safepoint    ] Entering safepoint region: GenCollectForAllocation
[278.928s][info ][gc,start     ] GC(177) Pause Young (Allocation Failure)
[278.928s][info ][gc,task      ] GC(177) Using 4 workers of 4 for evacuation
[278.931s][debug][gc,ref       ] GC(177) Skipped phase1 of Reference Processing due to unavailable references
[278.931s][debug][gc,ref       ] GC(177) Skipped phase2 of Reference Processing due to unavailable references
[278.931s][debug][gc,ref       ] GC(177) Skipped phase3 of Reference Processing due to unavailable references
[278.931s][debug][gc,ref       ] GC(177) Skipped phase4 of Reference Processing due to unavailable references
[278.931s][debug][gc,age       ] GC(177) Desired survivor size 15400960 bytes, new threshold 6 (max threshold 6)
[278.931s][info ][gc,heap      ] GC(177) ParNew: 242116K->1013K(270976K)
[278.931s][info ][gc,heap      ] GC(177) CMS: 257333K->257506K(602112K)
[278.931s][info ][gc,metaspace ] GC(177) Metaspace: 57070K->57070K(1101824K)
[278.931s][info ][gc           ] GC(177) Pause Young (Allocation Failure) 487M->252M(852M) 2.696ms
[278.931s][info ][gc,cpu       ] GC(177) User=0.01s Sys=0.00s Real=0.01s
[278.931s][info ][safepoint    ] Leaving safepoint region
[278.931s][info ][safepoint    ] Total time for which application threads were stopped: 0.0028557 seconds, Stopping threads took: 0.0000371 seconds
[279.931s][info ][safepoint    ] Application time: 1.0000925 seconds
[279.931s][info ][safepoint    ] Entering safepoint region: Cleanup
[279.931s][info ][safepoint    ] Leaving safepoint region
[279.931s][info ][safepoint    ] Total time for which application threads were stopped: 0.0001343 seconds, Stopping threads took: 0.0000589 seconds
[280.931s][info ][safepoint    ] Application time: 1.0000933 seconds
[280.931s][info ][safepoint    ] Entering safepoint region: Cleanup
[280.931s][info ][safepoint    ] Leaving safepoint region
[280.931s][info ][safepoint    ] Total time for which application threads were stopped: 0.0000987 seconds, Stopping threads took: 0.0000332 seconds
[281.931s][info ][safepoint    ] Application time: 1.0001175 seconds
[281.931s][info ][safepoint    ] Entering safepoint region: Cleanup
[281.931s][info ][safepoint    ] Leaving safepoint region
[281.931s][info ][safepoint    ] Total time for which application threads were stopped: 0.0000954 seconds, Stopping threads took: 0.0000351 seconds
[282.932s][info ][safepoint    ] Application time: 1.0000964 seconds
[282.932s][info ][safepoint    ] Entering safepoint region: Cleanup
[282.932s][info ][safepoint    ] Leaving safepoint region
[282.932s][info ][safepoint    ] Total time for which application threads were stopped: 0.0001070 seconds, Stopping threads took: 0.0000407 seconds
[282.981s][info ][safepoint    ] Application time: 0.0496946 seconds
[282.981s][info ][safepoint    ] Entering safepoint region: GenCollectForAllocation
[282.982s][info ][gc,start     ] GC(178) Pause Young (Allocation Failure)
[282.982s][info ][gc,task      ] GC(178) Using 4 workers of 4 for evacuation
[282.984s][debug][gc,ref       ] GC(178) Skipped phase1 of Reference Processing due to unavailable references
[282.984s][debug][gc,ref       ] GC(178) Skipped phase2 of Reference Processing due to unavailable references
[282.984s][debug][gc,ref       ] GC(178) Skipped phase3 of Reference Processing due to unavailable references
[282.984s][debug][gc,ref       ] GC(178) Skipped phase4 of Reference Processing due to unavailable references
[282.984s][debug][gc,age       ] GC(178) Desired survivor size 15400960 bytes, new threshold 6 (max threshold 6)
[282.984s][info ][gc,heap      ] GC(178) ParNew: 241909K->1023K(270976K)
[282.984s][info ][gc,heap      ] GC(178) CMS: 257506K->257548K(602112K)
[282.984s][info ][gc,metaspace ] GC(178) Metaspace: 57077K->57077K(1101824K)
[282.984s][info ][gc           ] GC(178) Pause Young (Allocation Failure) 487M->252M(852M) 2.737ms
[282.984s][info ][gc,cpu       ] GC(178) User=0.01s Sys=0.00s Real=0.01s
[282.984s][info ][safepoint    ] Leaving safepoint region
[282.984s][info ][safepoint    ] Total time for which application threads were stopped: 0.0028891 seconds, Stopping threads took: 0.0000304 seconds
[283.984s][info ][safepoint    ] Application time: 1.0000963 seconds
[283.985s][info ][safepoint    ] Entering safepoint region: Cleanup
[283.985s][info ][safepoint    ] Leaving safepoint region
[283.985s][info ][safepoint    ] Total time for which application threads were stopped: 0.0001174 seconds, Stopping threads took: 0.0000384 seconds
[284.985s][info ][safepoint    ] Application time: 1.0000862 seconds
[284.985s][info ][safepoint    ] Entering safepoint region: Cleanup
[284.985s][info ][safepoint    ] Leaving safepoint region
[284.985s][info ][safepoint    ] Total time for which application threads were stopped: 0.0001340 seconds, Stopping threads took: 0.0000712 seconds
[285.985s][info ][safepoint    ] Application time: 1.0001051 seconds
[285.985s][info ][safepoint    ] Entering safepoint region: Cleanup
[285.985s][info ][safepoint    ] Leaving safepoint region
[285.985s][info ][safepoint    ] Total time for which application threads were stopped: 0.0001137 seconds, Stopping threads took: 0.0000523 seconds
[286.985s][info ][safepoint    ] Application time: 1.0000907 seconds
[286.985s][info ][safepoint    ] Entering safepoint region: Cleanup
[286.985s][info ][safepoint    ] Leaving safepoint region
[286.985s][info ][safepoint    ] Total time for which application threads were stopped: 0.0001284 seconds, Stopping threads took: 0.0000396 seconds
[287.028s][info ][safepoint    ] Application time: 0.0427314 seconds
[287.028s][info ][safepoint    ] Entering safepoint region: GenCollectForAllocation
[287.028s][info ][gc,start     ] GC(179) Pause Young (Allocation Failure)
[287.028s][info ][gc,task      ] GC(179) Using 4 workers of 4 for evacuation
[287.031s][debug][gc,ref       ] GC(179) Skipped phase1 of Reference Processing due to unavailable references
[287.031s][debug][gc,ref       ] GC(179) Skipped phase2 of Reference Processing due to unavailable references
[287.031s][debug][gc,ref       ] GC(179) Skipped phase3 of Reference Processing due to unavailable references
[287.031s][debug][gc,ref       ] GC(179) Skipped phase4 of Reference Processing due to unavailable references
[287.031s][debug][gc,age       ] GC(179) Desired survivor size 15400960 bytes, new threshold 6 (max threshold 6)
[287.031s][info ][gc,heap      ] GC(179) ParNew: 241919K->1351K(270976K)
[287.031s][info ][gc,heap      ] GC(179) CMS: 257548K->257606K(602112K)
[287.031s][info ][gc,metaspace ] GC(179) Metaspace: 57080K->57080K(1101824K)
[287.031s][info ][gc           ] GC(179) Pause Young (Allocation Failure) 487M->252M(852M) 2.567ms
[287.031s][info ][gc,cpu       ] GC(179) User=0.01s Sys=0.00s Real=0.01s
[287.031s][info ][safepoint    ] Leaving safepoint region
[287.031s][info ][safepoint    ] Total time for which application threads were stopped: 0.0027512 seconds, Stopping threads took: 0.0000640 seconds
[288.031s][info ][safepoint    ] Application time: 1.0001124 seconds
[288.031s][info ][safepoint    ] Entering safepoint region: Cleanup
[288.031s][info ][safepoint    ] Leaving safepoint region
[288.031s][info ][safepoint    ] Total time for which application threads were stopped: 0.0000970 seconds, Stopping threads took: 0.0000376 seconds
[289.031s][info ][safepoint    ] Application time: 1.0000942 seconds
[289.031s][info ][safepoint    ] Entering safepoint region: Cleanup
[289.031s][info ][safepoint    ] Leaving safepoint region
[289.031s][info ][safepoint    ] Total time for which application threads were stopped: 0.0001119 seconds, Stopping threads took: 0.0000405 seconds
[290.032s][info ][safepoint    ] Application time: 1.0000999 seconds
[290.032s][info ][safepoint    ] Entering safepoint region: Cleanup
[290.032s][info ][safepoint    ] Leaving safepoint region
[290.032s][info ][safepoint    ] Total time for which application threads were stopped: 0.0002230 seconds, Stopping threads took: 0.0001672 seconds
[291.032s][info ][safepoint    ] Application time: 1.0000540 seconds
[291.032s][info ][safepoint    ] Entering safepoint region: Cleanup
[291.032s][info ][safepoint    ] Leaving safepoint region
[291.032s][info ][safepoint    ] Total time for which application threads were stopped: 0.0001011 seconds, Stopping threads took: 0.0000413 seconds
[291.228s][info ][safepoint    ] Application time: 0.1956905 seconds
[291.228s][info ][safepoint    ] Entering safepoint region: GenCollectForAllocation
[291.228s][info ][gc,start     ] GC(180) Pause Young (Allocation Failure)
[291.228s][info ][gc,task      ] GC(180) Using 4 workers of 4 for evacuation
[291.230s][debug][gc,ref       ] GC(180) Skipped phase1 of Reference Processing due to unavailable references
[291.230s][debug][gc,ref       ] GC(180) Skipped phase2 of Reference Processing due to unavailable references
[291.230s][debug][gc,ref       ] GC(180) Skipped phase3 of Reference Processing due to unavailable references
[291.230s][debug][gc,ref       ] GC(180) Skipped phase4 of Reference Processing due to unavailable references
[291.230s][debug][gc,age       ] GC(180) Desired survivor size 15400960 bytes, new threshold 6 (max threshold 6)
[291.230s][info ][gc,heap      ] GC(180) ParNew: 242247K->1644K(270976K)
[291.230s][info ][gc,heap      ] GC(180) CMS: 257606K->257723K(602112K)
[291.230s][info ][gc,metaspace ] GC(180) Metaspace: 57083K->57083K(1101824K)
[291.230s][info ][gc           ] GC(180) Pause Young (Allocation Failure) 488M->253M(852M) 2.641ms
[291.230s][info ][gc,cpu       ] GC(180) User=0.01s Sys=0.00s Real=0.01s
[291.231s][info ][safepoint    ] Leaving safepoint region
[291.231s][info ][safepoint    ] Total time for which application threads were stopped: 0.0028181 seconds, Stopping threads took: 0.0000508 seconds
[292.231s][info ][safepoint    ] Application time: 1.0001305 seconds
[292.231s][info ][safepoint    ] Entering safepoint region: Cleanup
[292.231s][info ][safepoint    ] Leaving safepoint region
[292.231s][info ][safepoint    ] Total time for which application threads were stopped: 0.0001176 seconds, Stopping threads took: 0.0000489 seconds
[293.231s][info ][safepoint    ] Application time: 1.0000967 seconds
[293.231s][info ][safepoint    ] Entering safepoint region: Cleanup
[293.231s][info ][safepoint    ] Leaving safepoint region
[293.231s][info ][safepoint    ] Total time for which application threads were stopped: 0.0001071 seconds, Stopping threads took: 0.0000377 seconds
[294.231s][info ][safepoint    ] Application time: 1.0000935 seconds
[294.231s][info ][safepoint    ] Entering safepoint region: Cleanup
[294.231s][info ][safepoint    ] Leaving safepoint region
[294.231s][info ][safepoint    ] Total time for which application threads were stopped: 0.0001204 seconds, Stopping threads took: 0.0000373 seconds
[295.231s][info ][safepoint    ] Application time: 1.0000990 seconds
[295.231s][info ][safepoint    ] Entering safepoint region: Cleanup
[295.232s][info ][safepoint    ] Leaving safepoint region
[295.232s][info ][safepoint    ] Total time for which application threads were stopped: 0.0001151 seconds, Stopping threads took: 0.0000377 seconds
[295.528s][info ][safepoint    ] Application time: 0.2963876 seconds
[295.528s][info ][safepoint    ] Entering safepoint region: GenCollectForAllocation
[295.528s][info ][gc,start     ] GC(181) Pause Young (Allocation Failure)
[295.528s][info ][gc,task      ] GC(181) Using 4 workers of 4 for evacuation
[295.531s][debug][gc,ref       ] GC(181) Skipped phase1 of Reference Processing due to unavailable references
[295.531s][debug][gc,ref       ] GC(181) Skipped phase2 of Reference Processing due to unavailable references
[295.531s][debug][gc,ref       ] GC(181) Skipped phase3 of Reference Processing due to unavailable references
[295.531s][debug][gc,ref       ] GC(181) Skipped phase4 of Reference Processing due to unavailable references
[295.531s][debug][gc,age       ] GC(181) Desired survivor size 15400960 bytes, new threshold 6 (max threshold 6)
[295.531s][info ][gc,heap      ] GC(181) ParNew: 242540K->1286K(270976K)
[295.531s][info ][gc,heap      ] GC(181) CMS: 257723K->257866K(602112K)
[295.531s][info ][gc,metaspace ] GC(181) Metaspace: 57085K->57085K(1101824K)
[295.531s][info ][gc           ] GC(181) Pause Young (Allocation Failure) 488M->253M(852M) 2.847ms
[295.531s][info ][gc,cpu       ] GC(181) User=0.01s Sys=0.00s Real=0.01s
[295.531s][info ][safepoint    ] Leaving safepoint region
[295.531s][info ][safepoint    ] Total time for which application threads were stopped: 0.0030512 seconds, Stopping threads took: 0.0000808 seconds
[297.531s][info ][safepoint    ] Application time: 2.0001822 seconds
[297.531s][info ][safepoint    ] Entering safepoint region: Cleanup
[297.531s][info ][safepoint    ] Leaving safepoint region
[297.531s][info ][safepoint    ] Total time for which application threads were stopped: 0.0001518 seconds, Stopping threads took: 0.0000868 seconds
[298.531s][info ][safepoint    ] Application time: 1.0000915 seconds
[298.532s][info ][safepoint    ] Entering safepoint region: Cleanup
[298.532s][info ][safepoint    ] Leaving safepoint region
[298.532s][info ][safepoint    ] Total time for which application threads were stopped: 0.0001026 seconds, Stopping threads took: 0.0000388 seconds
[299.532s][info ][safepoint    ] Application time: 1.0000903 seconds
[299.532s][info ][safepoint    ] Entering safepoint region: Cleanup
[299.532s][info ][safepoint    ] Leaving safepoint region
[299.532s][info ][safepoint    ] Total time for which application threads were stopped: 0.0001115 seconds, Stopping threads took: 0.0000480 seconds
[299.828s][info ][safepoint    ] Application time: 0.2960795 seconds
[299.828s][info ][safepoint    ] Entering safepoint region: GenCollectForAllocation
[299.828s][info ][gc,start     ] GC(182) Pause Young (Allocation Failure)
[299.828s][info ][gc,task      ] GC(182) Using 4 workers of 4 for evacuation
[299.831s][debug][gc,ref       ] GC(182) Skipped phase1 of Reference Processing due to unavailable references
[299.831s][debug][gc,ref       ] GC(182) Skipped phase2 of Reference Processing due to unavailable references
[299.831s][debug][gc,ref       ] GC(182) Skipped phase3 of Reference Processing due to unavailable references
[299.831s][debug][gc,ref       ] GC(182) Skipped phase4 of Reference Processing due to unavailable references
[299.831s][debug][gc,age       ] GC(182) Desired survivor size 15400960 bytes, new threshold 6 (max threshold 6)
[299.831s][info ][gc,heap      ] GC(182) ParNew: 242182K->1288K(270976K)
[299.831s][info ][gc,heap      ] GC(182) CMS: 257866K->258005K(602112K)
[299.831s][info ][gc,metaspace ] GC(182) Metaspace: 57103K->57103K(1101824K)
[299.831s][info ][gc           ] GC(182) Pause Young (Allocation Failure) 488M->253M(852M) 2.674ms
[299.831s][info ][gc,cpu       ] GC(182) User=0.01s Sys=0.00s Real=0.01s
[299.831s][info ][safepoint    ] Leaving safepoint region
[299.831s][info ][safepoint    ] Total time for which application threads were stopped: 0.0028733 seconds, Stopping threads took: 0.0000811 seconds
[301.831s][info ][safepoint    ] Application time: 2.0001768 seconds
[301.831s][info ][safepoint    ] Entering safepoint region: Cleanup
[301.831s][info ][safepoint    ] Leaving safepoint region
[301.831s][info ][safepoint    ] Total time for which application threads were stopped: 0.0001347 seconds, Stopping threads took: 0.0000695 seconds
[302.831s][info ][safepoint    ] Application time: 1.0000962 seconds
[302.837s][info ][safepoint    ] Entering safepoint region: Cleanup
[302.837s][info ][safepoint    ] Leaving safepoint region
[302.837s][info ][safepoint    ] Total time for which application threads were stopped: 0.0052719 seconds, Stopping threads took: 0.0051981 seconds
[303.837s][info ][safepoint    ] Application time: 1.0000696 seconds
[303.837s][info ][safepoint    ] Entering safepoint region: Cleanup
[303.837s][info ][safepoint    ] Leaving safepoint region
[303.837s][info ][safepoint    ] Total time for which application threads were stopped: 0.0000709 seconds, Stopping threads took: 0.0000165 seconds
[304.082s][info ][safepoint    ] Application time: 0.2456734 seconds
[304.083s][info ][safepoint    ] Entering safepoint region: GenCollectForAllocation
[304.083s][info ][gc,start     ] GC(183) Pause Young (Allocation Failure)
[304.083s][info ][gc,task      ] GC(183) Using 4 workers of 4 for evacuation
[304.085s][debug][gc,ref       ] GC(183) Skipped phase1 of Reference Processing due to unavailable references
[304.085s][debug][gc,ref       ] GC(183) Skipped phase3 of Reference Processing due to unavailable references
[304.086s][debug][gc,age       ] GC(183) Desired survivor size 15400960 bytes, new threshold 6 (max threshold 6)
[304.086s][info ][gc,heap      ] GC(183) ParNew: 242184K->1422K(270976K)
[304.086s][info ][gc,heap      ] GC(183) CMS: 258005K->258175K(602112K)
[304.086s][info ][gc,metaspace ] GC(183) Metaspace: 57109K->57109K(1101824K)
[304.086s][info ][gc           ] GC(183) Pause Young (Allocation Failure) 488M->253M(852M) 2.922ms
[304.086s][info ][gc,cpu       ] GC(183) User=0.01s Sys=0.01s Real=0.00s
[304.086s][info ][safepoint    ] Leaving safepoint region
[304.086s][info ][safepoint    ] Total time for which application threads were stopped: 0.0030739 seconds, Stopping threads took: 0.0000148 seconds
[305.086s][info ][safepoint    ] Application time: 1.0000938 seconds
[305.086s][info ][safepoint    ] Entering safepoint region: Cleanup
[305.086s][info ][safepoint    ] Leaving safepoint region
[305.086s][info ][safepoint    ] Total time for which application threads were stopped: 0.0001053 seconds, Stopping threads took: 0.0000392 seconds
[308.434s][info ][safepoint    ] Application time: 3.3481277 seconds
[308.434s][info ][safepoint    ] Entering safepoint region: GenCollectForAllocation
[308.434s][info ][gc,start     ] GC(184) Pause Young (Allocation Failure)
[308.434s][info ][gc,task      ] GC(184) Using 4 workers of 4 for evacuation
[308.437s][debug][gc,ref       ] GC(184) Skipped phase1 of Reference Processing due to unavailable references
[308.437s][debug][gc,ref       ] GC(184) Skipped phase2 of Reference Processing due to unavailable references
[308.437s][debug][gc,ref       ] GC(184) Skipped phase3 of Reference Processing due to unavailable references
[308.437s][debug][gc,ref       ] GC(184) Skipped phase4 of Reference Processing due to unavailable references
[308.437s][debug][gc,age       ] GC(184) Desired survivor size 15400960 bytes, new threshold 6 (max threshold 6)
[308.437s][info ][gc,heap      ] GC(184) ParNew: 242318K->1539K(270976K)
[308.437s][info ][gc,heap      ] GC(184) CMS: 258175K->258240K(602112K)
[308.437s][info ][gc,metaspace ] GC(184) Metaspace: 57111K->57111K(1101824K)
[308.437s][info ][gc           ] GC(184) Pause Young (Allocation Failure) 488M->253M(852M) 2.597ms
[308.437s][info ][gc,cpu       ] GC(184) User=0.01s Sys=0.00s Real=0.00s
[308.437s][info ][safepoint    ] Leaving safepoint region
[308.437s][info ][safepoint    ] Total time for which application threads were stopped: 0.0027651 seconds, Stopping threads took: 0.0000282 seconds
[310.437s][info ][safepoint    ] Application time: 2.0001809 seconds
[310.437s][info ][safepoint    ] Entering safepoint region: Cleanup
[310.437s][info ][safepoint    ] Leaving safepoint region
[310.437s][info ][safepoint    ] Total time for which application threads were stopped: 0.0000693 seconds, Stopping threads took: 0.0000159 seconds
[312.604s][info ][safepoint    ] Application time: 2.1673359 seconds
[312.605s][info ][safepoint    ] Entering safepoint region: GenCollectForAllocation
[312.605s][info ][gc,start     ] GC(185) Pause Young (Allocation Failure)
[312.605s][info ][gc,task      ] GC(185) Using 4 workers of 4 for evacuation
[312.609s][debug][gc,ref       ] GC(185) Skipped phase1 of Reference Processing due to unavailable references
[312.609s][debug][gc,ref       ] GC(185) Skipped phase3 of Reference Processing due to unavailable references
[312.609s][debug][gc,age       ] GC(185) Desired survivor size 15400960 bytes, new threshold 6 (max threshold 6)
[312.609s][info ][gc,heap      ] GC(185) ParNew: 242435K->4764K(270976K)
[312.609s][info ][gc,heap      ] GC(185) CMS: 258240K->258519K(602112K)
[312.609s][info ][gc,metaspace ] GC(185) Metaspace: 57131K->57131K(1101824K)
[312.609s][info ][gc           ] GC(185) Pause Young (Allocation Failure) 488M->257M(852M) 4.476ms
[312.609s][info ][gc,cpu       ] GC(185) User=0.01s Sys=0.01s Real=0.00s
[312.609s][info ][safepoint    ] Leaving safepoint region
[312.609s][info ][safepoint    ] Total time for which application threads were stopped: 0.0048118 seconds, Stopping threads took: 0.0001647 seconds
[313.609s][info ][safepoint    ] Application time: 1.0001071 seconds
[313.609s][info ][safepoint    ] Entering safepoint region: Cleanup
[313.609s][info ][safepoint    ] Leaving safepoint region
[313.609s][info ][safepoint    ] Total time for which application threads were stopped: 0.0001005 seconds, Stopping threads took: 0.0000163 seconds
[316.528s][info ][safepoint    ] Application time: 2.9187895 seconds
[316.528s][info ][safepoint    ] Entering safepoint region: GenCollectForAllocation
[316.528s][info ][gc,start     ] GC(186) Pause Young (Allocation Failure)
[316.528s][info ][gc,task      ] GC(186) Using 4 workers of 4 for evacuation
[316.531s][debug][gc,ref       ] GC(186) Skipped phase1 of Reference Processing due to unavailable references
[316.531s][debug][gc,ref       ] GC(186) Skipped phase2 of Reference Processing due to unavailable references
[316.531s][debug][gc,ref       ] GC(186) Skipped phase3 of Reference Processing due to unavailable references
[316.531s][debug][gc,ref       ] GC(186) Skipped phase4 of Reference Processing due to unavailable references
[316.531s][debug][gc,age       ] GC(186) Desired survivor size 15400960 bytes, new threshold 6 (max threshold 6)
[316.532s][info ][gc,heap      ] GC(186) ParNew: 245660K->3425K(270976K)
[316.532s][info ][gc,heap      ] GC(186) CMS: 258519K->258625K(602112K)
[316.532s][info ][gc,metaspace ] GC(186) Metaspace: 57133K->57133K(1101824K)
[316.532s][info ][gc           ] GC(186) Pause Young (Allocation Failure) 492M->255M(852M) 3.097ms
[316.532s][info ][gc,cpu       ] GC(186) User=0.01s Sys=0.00s Real=0.01s
[316.532s][info ][safepoint    ] Leaving safepoint region
[316.532s][info ][safepoint    ] Total time for which application threads were stopped: 0.0032640 seconds, Stopping threads took: 0.0000160 seconds
[321.083s][info ][safepoint    ] Application time: 4.5515445 seconds
[321.083s][info ][safepoint    ] Entering safepoint region: GenCollectForAllocation
[321.083s][info ][gc,start     ] GC(187) Pause Young (Allocation Failure)
[321.083s][info ][gc,task      ] GC(187) Using 4 workers of 4 for evacuation
[321.086s][debug][gc,ref       ] GC(187) Skipped phase1 of Reference Processing due to unavailable references
[321.086s][debug][gc,ref       ] GC(187) Skipped phase2 of Reference Processing due to unavailable references
[321.086s][debug][gc,ref       ] GC(187) Skipped phase3 of Reference Processing due to unavailable references
[321.086s][debug][gc,ref       ] GC(187) Skipped phase4 of Reference Processing due to unavailable references
[321.086s][debug][gc,age       ] GC(187) Desired survivor size 15400960 bytes, new threshold 6 (max threshold 6)
[321.086s][info ][gc,heap      ] GC(187) ParNew: 244321K->1054K(270976K)
[321.086s][info ][gc,heap      ] GC(187) CMS: 258625K->258746K(602112K)
[321.086s][info ][gc,metaspace ] GC(187) Metaspace: 57137K->57137K(1101824K)
[321.086s][info ][gc           ] GC(187) Pause Young (Allocation Failure) 491M->253M(852M) 2.720ms
[321.086s][info ][gc,cpu       ] GC(187) User=0.00s Sys=0.00s Real=0.00s
[321.086s][info ][safepoint    ] Leaving safepoint region
[321.086s][info ][safepoint    ] Total time for which application threads were stopped: 0.0028576 seconds, Stopping threads took: 0.0000153 seconds
[323.086s][info ][safepoint    ] Application time: 2.0001796 seconds
[323.086s][info ][safepoint    ] Entering safepoint region: Cleanup
[323.086s][info ][safepoint    ] Leaving safepoint region
[323.086s][info ][safepoint    ] Total time for which application threads were stopped: 0.0000678 seconds, Stopping threads took: 0.0000163 seconds
[325.086s][info ][safepoint    ] Application time: 2.0001514 seconds
[325.087s][info ][safepoint    ] Entering safepoint region: Cleanup
[325.087s][info ][safepoint    ] Leaving safepoint region
[325.087s][info ][safepoint    ] Total time for which application threads were stopped: 0.0000712 seconds, Stopping threads took: 0.0000162 seconds
[325.586s][info ][safepoint    ] Application time: 0.4992882 seconds
[325.586s][info ][safepoint    ] Entering safepoint region: GenCollectForAllocation
[325.586s][info ][gc,start     ] GC(188) Pause Young (Allocation Failure)
[325.586s][info ][gc,task      ] GC(188) Using 4 workers of 4 for evacuation
[325.589s][debug][gc,ref       ] GC(188) Skipped phase1 of Reference Processing due to unavailable references
[325.589s][debug][gc,ref       ] GC(188) Skipped phase2 of Reference Processing due to unavailable references
[325.589s][debug][gc,ref       ] GC(188) Skipped phase3 of Reference Processing due to unavailable references
[325.589s][debug][gc,ref       ] GC(188) Skipped phase4 of Reference Processing due to unavailable references
[325.589s][debug][gc,age       ] GC(188) Desired survivor size 15400960 bytes, new threshold 6 (max threshold 6)
[325.589s][info ][gc,heap      ] GC(188) ParNew: 241950K->1157K(270976K)
[325.589s][info ][gc,heap      ] GC(188) CMS: 258746K->258832K(602112K)
[325.589s][info ][gc,metaspace ] GC(188) Metaspace: 57151K->57151K(1101824K)
[325.589s][info ][gc           ] GC(188) Pause Young (Allocation Failure) 488M->253M(852M) 2.847ms
[325.589s][info ][gc,cpu       ] GC(188) User=0.01s Sys=0.00s Real=0.00s
[325.589s][info ][safepoint    ] Leaving safepoint region
[325.589s][info ][safepoint    ] Total time for which application threads were stopped: 0.0029831 seconds, Stopping threads took: 0.0000164 seconds
[329.589s][info ][safepoint    ] Application time: 4.0002927 seconds
[329.589s][info ][safepoint    ] Entering safepoint region: Cleanup
[329.589s][info ][safepoint    ] Leaving safepoint region
[329.589s][info ][safepoint    ] Total time for which application threads were stopped: 0.0000724 seconds, Stopping threads took: 0.0000166 seconds
[330.130s][info ][safepoint    ] Application time: 0.5410033 seconds
[330.130s][info ][safepoint    ] Entering safepoint region: GenCollectForAllocation
[330.131s][info ][gc,start     ] GC(189) Pause Young (Allocation Failure)
[330.131s][info ][gc,task      ] GC(189) Using 4 workers of 4 for evacuation
[330.133s][debug][gc,ref       ] GC(189) Skipped phase1 of Reference Processing due to unavailable references
[330.133s][debug][gc,ref       ] GC(189) Skipped phase2 of Reference Processing due to unavailable references
[330.133s][debug][gc,ref       ] GC(189) Skipped phase3 of Reference Processing due to unavailable references
[330.133s][debug][gc,ref       ] GC(189) Skipped phase4 of Reference Processing due to unavailable references
[330.133s][debug][gc,age       ] GC(189) Desired survivor size 15400960 bytes, new threshold 6 (max threshold 6)
[330.133s][info ][gc,heap      ] GC(189) ParNew: 242053K->946K(270976K)
[330.133s][info ][gc,heap      ] GC(189) CMS: 258832K->259032K(602112K)
[330.133s][info ][gc,metaspace ] GC(189) Metaspace: 57171K->57171K(1101824K)
[330.133s][info ][gc           ] GC(189) Pause Young (Allocation Failure) 489M->253M(852M) 2.922ms
[330.133s][info ][gc,cpu       ] GC(189) User=0.01s Sys=0.00s Real=0.00s
[330.133s][info ][safepoint    ] Leaving safepoint region
[330.134s][info ][safepoint    ] Total time for which application threads were stopped: 0.0031264 seconds, Stopping threads took: 0.0000810 seconds
[331.134s][info ][safepoint    ] Application time: 1.0001045 seconds
[331.134s][info ][safepoint    ] Entering safepoint region: Cleanup
[331.134s][info ][safepoint    ] Leaving safepoint region
[331.134s][info ][safepoint    ] Total time for which application threads were stopped: 0.0001301 seconds, Stopping threads took: 0.0000385 seconds
[331.647s][info ][safepoint    ] Application time: 0.5133187 seconds
[331.647s][info ][safepoint    ] Entering safepoint region: ICBufferFull
[331.647s][info ][safepoint    ] Leaving safepoint region
[331.647s][info ][safepoint    ] Total time for which application threads were stopped: 0.0001885 seconds, Stopping threads took: 0.0000153 seconds
[332.647s][info ][safepoint    ] Application time: 1.0000938 seconds
[332.647s][info ][safepoint    ] Entering safepoint region: Cleanup
[332.648s][info ][safepoint    ] Leaving safepoint region
[332.648s][info ][safepoint    ] Total time for which application threads were stopped: 0.0001128 seconds, Stopping threads took: 0.0000155 seconds
[333.331s][info ][safepoint    ] Application time: 0.6832426 seconds
[333.331s][info ][safepoint    ] Entering safepoint region: GenCollectForAllocation
[333.331s][info ][gc,start     ] GC(190) Pause Young (Allocation Failure)
[333.331s][info ][gc,task      ] GC(190) Using 4 workers of 4 for evacuation
[333.336s][debug][gc,ref       ] GC(190) Skipped phase1 of Reference Processing due to unavailable references
[333.336s][debug][gc,ref       ] GC(190) Skipped phase3 of Reference Processing due to unavailable references
[333.337s][debug][gc,age       ] GC(190) Desired survivor size 15400960 bytes, new threshold 6 (max threshold 6)
[333.337s][info ][gc,heap      ] GC(190) ParNew: 241842K->7446K(270976K)
[333.337s][info ][gc,heap      ] GC(190) CMS: 259032K->259140K(602112K)
[333.337s][info ][gc,metaspace ] GC(190) Metaspace: 57238K->57238K(1101824K)
[333.337s][info ][gc           ] GC(190) Pause Young (Allocation Failure) 489M->260M(852M) 5.604ms
[333.337s][info ][gc,cpu       ] GC(190) User=0.02s Sys=0.00s Real=0.00s
[333.337s][info ][safepoint    ] Leaving safepoint region
[333.337s][info ][safepoint    ] Total time for which application threads were stopped: 0.0057907 seconds, Stopping threads took: 0.0000379 seconds
[334.337s][info ][safepoint    ] Application time: 1.0000917 seconds
[334.337s][info ][safepoint    ] Entering safepoint region: Cleanup
[334.337s][info ][safepoint    ] Leaving safepoint region
[334.337s][info ][safepoint    ] Total time for which application threads were stopped: 0.0001628 seconds, Stopping threads took: 0.0000383 seconds
[335.337s][info ][safepoint    ] Application time: 1.0000914 seconds
[335.337s][info ][safepoint    ] Entering safepoint region: Cleanup
[335.337s][info ][safepoint    ] Leaving safepoint region
[335.337s][info ][safepoint    ] Total time for which application threads were stopped: 0.0001137 seconds, Stopping threads took: 0.0000403 seconds
[336.337s][info ][safepoint    ] Application time: 1.0000993 seconds
[336.337s][info ][safepoint    ] Entering safepoint region: Cleanup
[336.337s][info ][safepoint    ] Leaving safepoint region
[336.337s][info ][safepoint    ] Total time for which application threads were stopped: 0.0001380 seconds, Stopping threads took: 0.0000389 seconds
[336.379s][info ][safepoint    ] Application time: 0.0416544 seconds
[336.379s][info ][safepoint    ] Entering safepoint region: GenCollectForAllocation
[336.379s][info ][gc,start     ] GC(191) Pause Young (Allocation Failure)
[336.379s][info ][gc,task      ] GC(191) Using 4 workers of 4 for evacuation
[336.385s][debug][gc,ref       ] GC(191) Skipped phase1 of Reference Processing due to unavailable references
[336.385s][debug][gc,ref       ] GC(191) Skipped phase3 of Reference Processing due to unavailable references
[336.385s][debug][gc,ref       ] GC(191) Skipped phase4 of Reference Processing due to unavailable references
[336.386s][debug][gc,age       ] GC(191) Desired survivor size 15400960 bytes, new threshold 6 (max threshold 6)
[336.386s][info ][gc,heap      ] GC(191) ParNew: 248342K->12055K(270976K)
[336.386s][info ][gc,heap      ] GC(191) CMS: 259140K->259185K(602112K)
[336.386s][info ][gc,metaspace ] GC(191) Metaspace: 57296K->57296K(1101824K)
[336.386s][info ][gc           ] GC(191) Pause Young (Allocation Failure) 495M->264M(852M) 6.295ms
[336.386s][info ][gc,cpu       ] GC(191) User=0.03s Sys=0.00s Real=0.01s
[336.386s][info ][safepoint    ] Leaving safepoint region
[336.386s][info ][safepoint    ] Total time for which application threads were stopped: 0.0065198 seconds, Stopping threads took: 0.0000833 seconds
[337.386s][info ][safepoint    ] Application time: 1.0000884 seconds
[337.386s][info ][safepoint    ] Entering safepoint region: Cleanup
[337.386s][info ][safepoint    ] Leaving safepoint region
[337.386s][info ][safepoint    ] Total time for which application threads were stopped: 0.0001472 seconds, Stopping threads took: 0.0000361 seconds
[338.236s][info ][safepoint    ] Application time: 0.8499810 seconds
[338.236s][info ][safepoint    ] Entering safepoint region: Deoptimize
[338.238s][info ][safepoint    ] Leaving safepoint region
[338.238s][info ][safepoint    ] Total time for which application threads were stopped: 0.0016048 seconds, Stopping threads took: 0.0000144 seconds
[339.238s][info ][safepoint    ] Application time: 1.0000913 seconds
[339.238s][info ][safepoint    ] Entering safepoint region: Cleanup
[339.238s][info ][safepoint    ] Leaving safepoint region
[339.238s][info ][safepoint    ] Total time for which application threads were stopped: 0.0001415 seconds, Stopping threads took: 0.0000535 seconds
[339.479s][info ][safepoint    ] Application time: 0.2412898 seconds
[339.479s][info ][safepoint    ] Entering safepoint region: GenCollectForAllocation
[339.479s][info ][gc,start     ] GC(192) Pause Young (Allocation Failure)
[339.479s][info ][gc,task      ] GC(192) Using 4 workers of 4 for evacuation
[339.486s][debug][gc,ref       ] GC(192) Skipped phase1 of Reference Processing due to unavailable references
[339.486s][debug][gc,ref       ] GC(192) Skipped phase3 of Reference Processing due to unavailable references
[339.486s][debug][gc,age       ] GC(192) Desired survivor size 15400960 bytes, new threshold 6 (max threshold 6)
[339.486s][info ][gc,heap      ] GC(192) ParNew: 252951K->17843K(270976K)
[339.486s][info ][gc,heap      ] GC(192) CMS: 259185K->259328K(602112K)
[339.486s][info ][gc,metaspace ] GC(192) Metaspace: 57371K->57371K(1101824K)
[339.486s][info ][gc           ] GC(192) Pause Young (Allocation Failure) 500M->270M(852M) 6.775ms
[339.486s][info ][gc,cpu       ] GC(192) User=0.03s Sys=0.00s Real=0.01s
[339.486s][info ][safepoint    ] Leaving safepoint region
[339.486s][info ][safepoint    ] Total time for which application threads were stopped: 0.0069242 seconds, Stopping threads took: 0.0000158 seconds
[340.486s][info ][safepoint    ] Application time: 1.0000937 seconds
[340.486s][info ][safepoint    ] Entering safepoint region: Cleanup
[340.486s][info ][safepoint    ] Leaving safepoint region
[340.486s][info ][safepoint    ] Total time for which application threads were stopped: 0.0001339 seconds, Stopping threads took: 0.0000502 seconds
[341.486s][info ][safepoint    ] Application time: 1.0001154 seconds
[341.487s][info ][safepoint    ] Entering safepoint region: Cleanup
[341.487s][info ][safepoint    ] Leaving safepoint region
[341.487s][info ][safepoint    ] Total time for which application threads were stopped: 0.0000997 seconds, Stopping threads took: 0.0000372 seconds
[342.487s][info ][safepoint    ] Application time: 1.0000507 seconds
[342.487s][info ][safepoint    ] Entering safepoint region: Cleanup
[342.487s][info ][safepoint    ] Leaving safepoint region
[342.487s][info ][safepoint    ] Total time for which application threads were stopped: 0.0000733 seconds, Stopping threads took: 0.0000159 seconds
[343.379s][info ][safepoint    ] Application time: 0.8925352 seconds
[343.379s][info ][safepoint    ] Entering safepoint region: GenCollectForAllocation
[343.379s][info ][gc,start     ] GC(193) Pause Young (Allocation Failure)
[343.380s][info ][gc,task      ] GC(193) Using 4 workers of 4 for evacuation
[343.385s][debug][gc,ref       ] GC(193) Skipped phase1 of Reference Processing due to unavailable references
[343.385s][debug][gc,ref       ] GC(193) Skipped phase3 of Reference Processing due to unavailable references
[343.386s][debug][gc,age       ] GC(193) Desired survivor size 15400960 bytes, new threshold 6 (max threshold 6)
[343.386s][info ][gc,heap      ] GC(193) ParNew: 258739K->18574K(270976K)
[343.386s][info ][gc,heap      ] GC(193) CMS: 259328K->259343K(602112K)
[343.386s][info ][gc,metaspace ] GC(193) Metaspace: 57409K->57409K(1101824K)
[343.386s][info ][gc           ] GC(193) Pause Young (Allocation Failure) 505M->271M(852M) 6.148ms
[343.386s][info ][gc,cpu       ] GC(193) User=0.03s Sys=0.00s Real=0.01s
[343.386s][info ][safepoint    ] Leaving safepoint region
[343.386s][info ][safepoint    ] Total time for which application threads were stopped: 0.0063409 seconds, Stopping threads took: 0.0000430 seconds
[344.386s][info ][safepoint    ] Application time: 1.0000617 seconds
[344.386s][info ][safepoint    ] Entering safepoint region: Cleanup
[344.386s][info ][safepoint    ] Leaving safepoint region
[344.386s][info ][safepoint    ] Total time for which application threads were stopped: 0.0001406 seconds, Stopping threads took: 0.0000787 seconds
[345.386s][info ][safepoint    ] Application time: 1.0000615 seconds
[345.386s][info ][safepoint    ] Entering safepoint region: Cleanup
[345.386s][info ][safepoint    ] Leaving safepoint region
[345.386s][info ][safepoint    ] Total time for which application threads were stopped: 0.0001684 seconds, Stopping threads took: 0.0000672 seconds
[346.386s][info ][safepoint    ] Application time: 1.0000897 seconds
[346.386s][info ][safepoint    ] Entering safepoint region: Cleanup
[346.386s][info ][safepoint    ] Leaving safepoint region
[346.386s][info ][safepoint    ] Total time for which application threads were stopped: 0.0001603 seconds, Stopping threads took: 0.0000278 seconds
[347.533s][info ][safepoint    ] Application time: 1.1463744 seconds
[347.533s][info ][safepoint    ] Entering safepoint region: GenCollectForAllocation
[347.533s][info ][gc,start     ] GC(194) Pause Young (Allocation Failure)
[347.533s][info ][gc,task      ] GC(194) Using 4 workers of 4 for evacuation
[347.539s][debug][gc,ref       ] GC(194) Skipped phase1 of Reference Processing due to unavailable references
[347.539s][debug][gc,ref       ] GC(194) Skipped phase3 of Reference Processing due to unavailable references
[347.539s][debug][gc,ref       ] GC(194) Skipped phase4 of Reference Processing due to unavailable references
[347.539s][debug][gc,age       ] GC(194) Desired survivor size 15400960 bytes, new threshold 6 (max threshold 6)
[347.539s][info ][gc,heap      ] GC(194) ParNew: 259470K->16713K(270976K)
[347.539s][info ][gc,heap      ] GC(194) CMS: 259343K->259432K(602112K)
[347.539s][info ][gc,metaspace ] GC(194) Metaspace: 57414K->57414K(1101824K)
[347.539s][info ][gc           ] GC(194) Pause Young (Allocation Failure) 506M->269M(852M) 6.227ms
[347.539s][info ][gc,cpu       ] GC(194) User=0.03s Sys=0.00s Real=0.00s
[347.539s][info ][safepoint    ] Leaving safepoint region
[347.539s][info ][safepoint    ] Total time for which application threads were stopped: 0.0063711 seconds, Stopping threads took: 0.0000144 seconds
[348.539s][info ][safepoint    ] Application time: 1.0000643 seconds
[348.539s][info ][safepoint    ] Entering safepoint region: Cleanup
[348.539s][info ][safepoint    ] Leaving safepoint region
[348.539s][info ][safepoint    ] Total time for which application threads were stopped: 0.0000753 seconds, Stopping threads took: 0.0000146 seconds
[350.540s][info ][safepoint    ] Application time: 2.0001586 seconds
[350.540s][info ][safepoint    ] Entering safepoint region: Cleanup
[350.540s][info ][safepoint    ] Leaving safepoint region
[350.540s][info ][safepoint    ] Total time for which application threads were stopped: 0.0000835 seconds, Stopping threads took: 0.0000162 seconds
[351.540s][info ][safepoint    ] Application time: 1.0000890 seconds
[351.540s][info ][safepoint    ] Entering safepoint region: Cleanup
[351.540s][info ][safepoint    ] Leaving safepoint region
[351.540s][info ][safepoint    ] Total time for which application threads were stopped: 0.0000696 seconds, Stopping threads took: 0.0000142 seconds
[351.878s][info ][safepoint    ] Application time: 0.3379953 seconds
[351.878s][info ][safepoint    ] Entering safepoint region: GenCollectForAllocation
[351.878s][info ][gc,start     ] GC(195) Pause Young (Allocation Failure)
[351.878s][info ][gc,task      ] GC(195) Using 4 workers of 4 for evacuation
[351.884s][debug][gc,ref       ] GC(195) Skipped phase1 of Reference Processing due to unavailable references
[351.884s][debug][gc,ref       ] GC(195) Skipped phase3 of Reference Processing due to unavailable references
[351.884s][debug][gc,ref       ] GC(195) Skipped phase4 of Reference Processing due to unavailable references
[351.884s][debug][gc,age       ] GC(195) Desired survivor size 15400960 bytes, new threshold 6 (max threshold 6)
[351.884s][info ][gc,heap      ] GC(195) ParNew: 257609K->16898K(270976K)
[351.884s][info ][gc,heap      ] GC(195) CMS: 259432K->259574K(602112K)
[351.884s][info ][gc,metaspace ] GC(195) Metaspace: 57432K->57432K(1101824K)
[351.884s][info ][gc           ] GC(195) Pause Young (Allocation Failure) 504M->269M(852M) 6.181ms
[351.884s][info ][gc,cpu       ] GC(195) User=0.02s Sys=0.00s Real=0.01s
[351.884s][info ][safepoint    ] Leaving safepoint region
[351.884s][info ][safepoint    ] Total time for which application threads were stopped: 0.0063515 seconds, Stopping threads took: 0.0000385 seconds
[352.884s][info ][safepoint    ] Application time: 1.0001150 seconds
[352.885s][info ][safepoint    ] Entering safepoint region: Cleanup
[352.885s][info ][safepoint    ] Leaving safepoint region
[352.885s][info ][safepoint    ] Total time for which application threads were stopped: 0.0001210 seconds, Stopping threads took: 0.0000399 seconds
[353.885s][info ][safepoint    ] Application time: 1.0000954 seconds
[353.885s][info ][safepoint    ] Entering safepoint region: Cleanup
[353.885s][info ][safepoint    ] Leaving safepoint region
[353.885s][info ][safepoint    ] Total time for which application threads were stopped: 0.0001347 seconds, Stopping threads took: 0.0000580 seconds
[354.629s][info ][safepoint    ] Application time: 0.7444163 seconds
[354.629s][info ][safepoint    ] Entering safepoint region: GenCollectForAllocation
[354.629s][info ][gc,start     ] GC(196) Pause Young (Allocation Failure)
[354.629s][info ][gc,task      ] GC(196) Using 4 workers of 4 for evacuation
[354.644s][debug][gc,ref       ] GC(196) Skipped phase1 of Reference Processing due to unavailable references
[354.644s][debug][gc,ref       ] GC(196) Skipped phase3 of Reference Processing due to unavailable references
[354.644s][debug][gc,ref       ] GC(196) Skipped phase4 of Reference Processing due to unavailable references
[354.644s][debug][gc,age       ] GC(196) Desired survivor size 15400960 bytes, new threshold 6 (max threshold 6)
[354.644s][info ][gc,heap      ] GC(196) ParNew: 257794K->22528K(270976K)
[354.644s][info ][gc,heap      ] GC(196) CMS: 259574K->262851K(602112K)
[354.644s][info ][gc,metaspace ] GC(196) Metaspace: 57445K->57445K(1101824K)
[354.644s][info ][gc           ] GC(196) Pause Young (Allocation Failure) 505M->278M(852M) 14.291ms
[354.644s][info ][gc,cpu       ] GC(196) User=0.04s Sys=0.01s Real=0.02s
[354.644s][info ][safepoint    ] Leaving safepoint region
[354.644s][info ][safepoint    ] Total time for which application threads were stopped: 0.0144647 seconds, Stopping threads took: 0.0000157 seconds
[355.644s][info ][safepoint    ] Application time: 1.0000734 seconds
[355.644s][info ][safepoint    ] Entering safepoint region: Cleanup
[355.644s][info ][safepoint    ] Leaving safepoint region
[355.644s][info ][safepoint    ] Total time for which application threads were stopped: 0.0001786 seconds, Stopping threads took: 0.0000941 seconds
[355.830s][info ][safepoint    ] Application time: 0.1856221 seconds
[355.830s][info ][safepoint    ] Entering safepoint region: GenCollectForAllocation
[355.830s][info ][gc,start     ] GC(197) Pause Young (Allocation Failure)
[355.830s][info ][gc,task      ] GC(197) Using 4 workers of 4 for evacuation
[355.843s][debug][gc,ref       ] GC(197) Skipped phase1 of Reference Processing due to unavailable references
[355.843s][debug][gc,ref       ] GC(197) Skipped phase3 of Reference Processing due to unavailable references
[355.843s][debug][gc,ref       ] GC(197) Skipped phase4 of Reference Processing due to unavailable references
[355.843s][debug][gc,age       ] GC(197) Desired survivor size 15400960 bytes, new threshold 6 (max threshold 6)
[355.843s][info ][gc,heap      ] GC(197) ParNew: 263424K->19085K(270976K)
[355.843s][info ][gc,heap      ] GC(197) CMS: 262851K->266808K(602112K)
[355.843s][info ][gc,metaspace ] GC(197) Metaspace: 57450K->57450K(1101824K)
[355.843s][info ][gc           ] GC(197) Pause Young (Allocation Failure) 513M->279M(852M) 13.090ms
[355.843s][info ][gc,cpu       ] GC(197) User=0.07s Sys=0.00s Real=0.02s
[355.843s][info ][safepoint    ] Leaving safepoint region
[355.843s][info ][safepoint    ] Total time for which application threads were stopped: 0.0132532 seconds, Stopping threads took: 0.0000168 seconds
[356.843s][info ][safepoint    ] Application time: 1.0001460 seconds
[356.843s][info ][safepoint    ] Entering safepoint region: Cleanup
[356.843s][info ][safepoint    ] Leaving safepoint region
[356.843s][info ][safepoint    ] Total time for which application threads were stopped: 0.0002026 seconds, Stopping threads took: 0.0000510 seconds
[357.137s][info ][safepoint    ] Application time: 0.2931078 seconds
[357.137s][info ][safepoint    ] Entering safepoint region: GenCollectForAllocation
[357.137s][info ][gc,start     ] GC(198) Pause Young (Allocation Failure)
[357.137s][info ][gc,task      ] GC(198) Using 4 workers of 4 for evacuation
[357.148s][debug][gc,ref       ] GC(198) Skipped phase1 of Reference Processing due to unavailable references
[357.148s][debug][gc,ref       ] GC(198) Skipped phase2 of Reference Processing due to unavailable references
[357.148s][debug][gc,ref       ] GC(198) Skipped phase3 of Reference Processing due to unavailable references
[357.148s][debug][gc,ref       ] GC(198) Skipped phase4 of Reference Processing due to unavailable references
[357.149s][debug][gc,age       ] GC(198) Desired survivor size 15400960 bytes, new threshold 3 (max threshold 6)
[357.149s][info ][gc,heap      ] GC(198) ParNew: 259981K->23014K(270976K)
[357.149s][info ][gc,heap      ] GC(198) CMS: 266808K->268469K(602112K)
[357.149s][info ][gc,metaspace ] GC(198) Metaspace: 57464K->57464K(1101824K)
[357.149s][info ][gc           ] GC(198) Pause Young (Allocation Failure) 514M->284M(852M) 11.984ms
[357.149s][info ][gc,cpu       ] GC(198) User=0.04s Sys=0.00s Real=0.01s
[357.149s][info ][safepoint    ] Leaving safepoint region
[357.149s][info ][safepoint    ] Total time for which application threads were stopped: 0.0121373 seconds, Stopping threads took: 0.0000140 seconds
[358.149s][info ][safepoint    ] Application time: 1.0000981 seconds
[358.149s][info ][safepoint    ] Entering safepoint region: Cleanup
[358.149s][info ][safepoint    ] Leaving safepoint region
[358.149s][info ][safepoint    ] Total time for which application threads were stopped: 0.0001183 seconds, Stopping threads took: 0.0000154 seconds
[358.832s][info ][safepoint    ] Application time: 0.6829915 seconds
[358.832s][info ][safepoint    ] Entering safepoint region: GenCollectForAllocation
[358.832s][info ][gc,start     ] GC(199) Pause Young (Allocation Failure)
[358.832s][info ][gc,task      ] GC(199) Using 4 workers of 4 for evacuation
[358.849s][debug][gc,ref       ] GC(199) Skipped phase1 of Reference Processing due to unavailable references
[358.849s][debug][gc,ref       ] GC(199) Skipped phase3 of Reference Processing due to unavailable references
[358.849s][debug][gc,age       ] GC(199) Desired survivor size 15400960 bytes, new threshold 6 (max threshold 6)
[358.849s][info ][gc,heap      ] GC(199) ParNew: 263910K->15697K(270976K)
[358.849s][info ][gc,heap      ] GC(199) CMS: 268469K->276847K(602112K)
[358.849s][info ][gc,metaspace ] GC(199) Metaspace: 57536K->57536K(1101824K)
[358.849s][info ][gc           ] GC(199) Pause Young (Allocation Failure) 519M->285M(852M) 16.605ms
[358.849s][info ][gc,cpu       ] GC(199) User=0.06s Sys=0.00s Real=0.01s
[358.849s][info ][safepoint    ] Leaving safepoint region
[358.849s][info ][safepoint    ] Total time for which application threads were stopped: 0.0169097 seconds, Stopping threads took: 0.0000781 seconds
[359.849s][info ][safepoint    ] Application time: 1.0001112 seconds
[359.849s][info ][safepoint    ] Entering safepoint region: Cleanup
[359.849s][info ][safepoint    ] Leaving safepoint region
[359.849s][info ][safepoint    ] Total time for which application threads were stopped: 0.0001090 seconds, Stopping threads took: 0.0000163 seconds
[360.849s][info ][safepoint    ] Application time: 1.0000982 seconds
[360.849s][info ][safepoint    ] Entering safepoint region: Cleanup
[360.849s][info ][safepoint    ] Leaving safepoint region
[360.849s][info ][safepoint    ] Total time for which application threads were stopped: 0.0001307 seconds, Stopping threads took: 0.0000364 seconds
[360.937s][info ][safepoint    ] Application time: 0.0877622 seconds
[360.937s][info ][safepoint    ] Entering safepoint region: GenCollectForAllocation
[360.937s][info ][gc,start     ] GC(200) Pause Young (Allocation Failure)
[360.937s][info ][gc,task      ] GC(200) Using 4 workers of 4 for evacuation
[360.944s][debug][gc,ref       ] GC(200) Skipped phase1 of Reference Processing due to unavailable references
[360.944s][debug][gc,ref       ] GC(200) Skipped phase3 of Reference Processing due to unavailable references
[360.944s][debug][gc,age       ] GC(200) Desired survivor size 15400960 bytes, new threshold 6 (max threshold 6)
[360.944s][info ][gc,heap      ] GC(200) ParNew: 256593K->16583K(270976K)
[360.944s][info ][gc,heap      ] GC(200) CMS: 276847K->276847K(602112K)
[360.944s][info ][gc,metaspace ] GC(200) Metaspace: 57549K->57549K(1101824K)
[360.944s][info ][gc           ] GC(200) Pause Young (Allocation Failure) 520M->286M(852M) 6.992ms
[360.944s][info ][gc,cpu       ] GC(200) User=0.04s Sys=0.00s Real=0.01s
[360.944s][info ][safepoint    ] Leaving safepoint region
[360.944s][info ][safepoint    ] Total time for which application threads were stopped: 0.0071624 seconds, Stopping threads took: 0.0000145 seconds
[361.944s][info ][safepoint    ] Application time: 1.0000934 seconds
[361.945s][info ][safepoint    ] Entering safepoint region: Cleanup
[361.945s][info ][safepoint    ] Leaving safepoint region
[361.945s][info ][safepoint    ] Total time for which application threads were stopped: 0.0000798 seconds, Stopping threads took: 0.0000184 seconds
[362.945s][info ][safepoint    ] Application time: 1.0000639 seconds
[362.945s][info ][safepoint    ] Entering safepoint region: Cleanup
[362.945s][info ][safepoint    ] Leaving safepoint region
[362.945s][info ][safepoint    ] Total time for which application threads were stopped: 0.0001053 seconds, Stopping threads took: 0.0000372 seconds
[363.232s][info ][safepoint    ] Application time: 0.2873835 seconds
[363.232s][info ][safepoint    ] Entering safepoint region: GenCollectForAllocation
[363.232s][info ][gc,start     ] GC(201) Pause Young (Allocation Failure)
[363.232s][info ][gc,task      ] GC(201) Using 4 workers of 4 for evacuation
[363.239s][debug][gc,ref       ] GC(201) Skipped phase1 of Reference Processing due to unavailable references
[363.239s][debug][gc,ref       ] GC(201) Skipped phase3 of Reference Processing due to unavailable references
[363.239s][debug][gc,age       ] GC(201) Desired survivor size 15400960 bytes, new threshold 6 (max threshold 6)
[363.239s][info ][gc,heap      ] GC(201) ParNew: 257479K->16608K(270976K)
[363.239s][info ][gc,heap      ] GC(201) CMS: 276847K->276847K(602112K)
[363.239s][info ][gc,metaspace ] GC(201) Metaspace: 57563K->57563K(1101824K)
[363.239s][info ][gc           ] GC(201) Pause Young (Allocation Failure) 521M->286M(852M) 6.688ms
[363.239s][info ][gc,cpu       ] GC(201) User=0.02s Sys=0.00s Real=0.00s
[363.239s][info ][safepoint    ] Leaving safepoint region
[363.239s][info ][safepoint    ] Total time for which application threads were stopped: 0.0068764 seconds, Stopping threads took: 0.0000147 seconds
[364.239s][info ][safepoint    ] Application time: 1.0001163 seconds
[364.239s][info ][safepoint    ] Entering safepoint region: Cleanup
[364.239s][info ][safepoint    ] Leaving safepoint region
[364.239s][info ][safepoint    ] Total time for which application threads were stopped: 0.0001489 seconds, Stopping threads took: 0.0000426 seconds
[365.240s][info ][safepoint    ] Application time: 1.0000969 seconds
[365.240s][info ][safepoint    ] Entering safepoint region: Cleanup
[365.240s][info ][safepoint    ] Leaving safepoint region
[365.240s][info ][safepoint    ] Total time for which application threads were stopped: 0.0001022 seconds, Stopping threads took: 0.0000163 seconds
[365.879s][info ][safepoint    ] Application time: 0.6395901 seconds
[365.879s][info ][safepoint    ] Entering safepoint region: GenCollectForAllocation
[365.879s][info ][gc,start     ] GC(202) Pause Young (Allocation Failure)
[365.879s][info ][gc,task      ] GC(202) Using 4 workers of 4 for evacuation
[365.887s][debug][gc,ref       ] GC(202) Skipped phase1 of Reference Processing due to unavailable references
[365.887s][debug][gc,ref       ] GC(202) Skipped phase3 of Reference Processing due to unavailable references
[365.887s][debug][gc,age       ] GC(202) Desired survivor size 15400960 bytes, new threshold 6 (max threshold 6)
[365.887s][info ][gc,heap      ] GC(202) ParNew: 257504K->22810K(270976K)
[365.887s][info ][gc,heap      ] GC(202) CMS: 276847K->276847K(602112K)
[365.887s][info ][gc,metaspace ] GC(202) Metaspace: 57572K->57572K(1101824K)
[365.887s][info ][gc           ] GC(202) Pause Young (Allocation Failure) 521M->292M(852M) 7.416ms
[365.887s][info ][gc,cpu       ] GC(202) User=0.03s Sys=0.00s Real=0.01s
[365.887s][info ][safepoint    ] Leaving safepoint region
[365.887s][info ][safepoint    ] Total time for which application threads were stopped: 0.0076040 seconds, Stopping threads took: 0.0000415 seconds
[366.887s][info ][safepoint    ] Application time: 1.0001061 seconds
[366.887s][info ][safepoint    ] Entering safepoint region: Cleanup
[366.887s][info ][safepoint    ] Leaving safepoint region
[366.887s][info ][safepoint    ] Total time for which application threads were stopped: 0.0001336 seconds, Stopping threads took: 0.0000363 seconds
[367.887s][info ][safepoint    ] Application time: 1.0001079 seconds
[367.887s][info ][safepoint    ] Entering safepoint region: Cleanup
[367.887s][info ][safepoint    ] Leaving safepoint region
[367.887s][info ][safepoint    ] Total time for which application threads were stopped: 0.0000794 seconds, Stopping threads took: 0.0000141 seconds
[368.887s][info ][safepoint    ] Application time: 1.0000877 seconds
[368.888s][info ][safepoint    ] Entering safepoint region: Cleanup
[368.888s][info ][safepoint    ] Leaving safepoint region
[368.888s][info ][safepoint    ] Total time for which application threads were stopped: 0.0001172 seconds, Stopping threads took: 0.0000519 seconds
[368.984s][info ][safepoint    ] Application time: 0.0966781 seconds
[368.984s][info ][safepoint    ] Entering safepoint region: GenCollectForAllocation
[368.984s][info ][gc,start     ] GC(203) Pause Young (Allocation Failure)
[368.984s][info ][gc,task      ] GC(203) Using 4 workers of 4 for evacuation
[368.993s][debug][gc,ref       ] GC(203) Skipped phase1 of Reference Processing due to unavailable references
[368.993s][debug][gc,ref       ] GC(203) Skipped phase3 of Reference Processing due to unavailable references
[368.993s][debug][gc,age       ] GC(203) Desired survivor size 15400960 bytes, new threshold 6 (max threshold 6)
[368.993s][info ][gc,heap      ] GC(203) ParNew: 263706K->15288K(270976K)
[368.993s][info ][gc,heap      ] GC(203) CMS: 276847K->278764K(602112K)
[368.993s][info ][gc,metaspace ] GC(203) Metaspace: 57592K->57592K(1101824K)
[368.993s][info ][gc           ] GC(203) Pause Young (Allocation Failure) 527M->287M(852M) 8.815ms
[368.993s][info ][gc,cpu       ] GC(203) User=0.03s Sys=0.00s Real=0.01s
[368.993s][info ][safepoint    ] Leaving safepoint region
[368.993s][info ][safepoint    ] Total time for which application threads were stopped: 0.0089893 seconds, Stopping threads took: 0.0000155 seconds
[369.993s][info ][safepoint    ] Application time: 1.0001131 seconds
[369.994s][info ][safepoint    ] Entering safepoint region: Cleanup
[369.994s][info ][safepoint    ] Leaving safepoint region
[369.994s][info ][safepoint    ] Total time for which application threads were stopped: 0.0001697 seconds, Stopping threads took: 0.0000473 seconds
[370.994s][info ][safepoint    ] Application time: 1.0000952 seconds
[370.994s][info ][safepoint    ] Entering safepoint region: Cleanup
[370.994s][info ][safepoint    ] Leaving safepoint region
[370.994s][info ][safepoint    ] Total time for which application threads were stopped: 0.0001059 seconds, Stopping threads took: 0.0000163 seconds
[371.039s][info ][safepoint    ] Application time: 0.0446064 seconds
[371.039s][info ][safepoint    ] Entering safepoint region: GenCollectForAllocation
[371.039s][info ][gc,start     ] GC(204) Pause Young (Allocation Failure)
[371.039s][info ][gc,task      ] GC(204) Using 4 workers of 4 for evacuation
[371.049s][debug][gc,ref       ] GC(204) Skipped phase1 of Reference Processing due to unavailable references
[371.049s][debug][gc,ref       ] GC(204) Skipped phase3 of Reference Processing due to unavailable references
[371.049s][debug][gc,age       ] GC(204) Desired survivor size 15400960 bytes, new threshold 6 (max threshold 6)
[371.049s][info ][gc,heap      ] GC(204) ParNew: 256184K->21929K(270976K)
[371.049s][info ][gc,heap      ] GC(204) CMS: 278764K->281165K(602112K)
[371.049s][info ][gc,metaspace ] GC(204) Metaspace: 57599K->57599K(1101824K)
[371.049s][info ][gc           ] GC(204) Pause Young (Allocation Failure) 522M->295M(852M) 10.176ms
[371.049s][info ][gc,cpu       ] GC(204) User=0.04s Sys=0.00s Real=0.01s
[371.049s][info ][safepoint    ] Leaving safepoint region
[371.049s][info ][safepoint    ] Total time for which application threads were stopped: 0.0103328 seconds, Stopping threads took: 0.0000165 seconds
[372.049s][info ][safepoint    ] Application time: 1.0001076 seconds
[372.049s][info ][safepoint    ] Entering safepoint region: Cleanup
[372.049s][info ][safepoint    ] Leaving safepoint region
[372.049s][info ][safepoint    ] Total time for which application threads were stopped: 0.0001158 seconds, Stopping threads took: 0.0000334 seconds
[373.049s][info ][safepoint    ] Application time: 1.0000963 seconds
[373.049s][info ][safepoint    ] Entering safepoint region: Cleanup
[373.049s][info ][safepoint    ] Leaving safepoint region
[373.049s][info ][safepoint    ] Total time for which application threads were stopped: 0.0000979 seconds, Stopping threads took: 0.0000204 seconds
[373.941s][info ][safepoint    ] Application time: 0.8913083 seconds
[373.941s][info ][safepoint    ] Entering safepoint region: GenCollectForAllocation
[373.941s][info ][gc,start     ] GC(205) Pause Young (Allocation Failure)
[373.941s][info ][gc,task      ] GC(205) Using 4 workers of 4 for evacuation
[373.951s][debug][gc,ref       ] GC(205) Skipped phase1 of Reference Processing due to unavailable references
[373.951s][debug][gc,ref       ] GC(205) Skipped phase3 of Reference Processing due to unavailable references
[373.951s][debug][gc,ref       ] GC(205) Skipped phase4 of Reference Processing due to unavailable references
[373.951s][debug][gc,age       ] GC(205) Desired survivor size 15400960 bytes, new threshold 6 (max threshold 6)
[373.951s][info ][gc,heap      ] GC(205) ParNew: 262825K->16501K(270976K)
[373.951s][info ][gc,heap      ] GC(205) CMS: 281165K->283934K(602112K)
[373.951s][info ][gc,metaspace ] GC(205) Metaspace: 57610K->57610K(1101824K)
[373.951s][info ][gc           ] GC(205) Pause Young (Allocation Failure) 531M->293M(852M) 9.914ms
[373.951s][info ][gc,cpu       ] GC(205) User=0.04s Sys=0.00s Real=0.02s
[373.951s][info ][safepoint    ] Leaving safepoint region
[373.951s][info ][safepoint    ] Total time for which application threads were stopped: 0.0101213 seconds, Stopping threads took: 0.0000612 seconds
[374.951s][info ][safepoint    ] Application time: 1.0001105 seconds
[374.951s][info ][safepoint    ] Entering safepoint region: Cleanup
[374.951s][info ][safepoint    ] Leaving safepoint region
[374.951s][info ][safepoint    ] Total time for which application threads were stopped: 0.0000926 seconds, Stopping threads took: 0.0000153 seconds
[375.951s][info ][safepoint    ] Application time: 1.0000903 seconds
[375.951s][info ][safepoint    ] Entering safepoint region: Cleanup
[375.951s][info ][safepoint    ] Leaving safepoint region
[375.951s][info ][safepoint    ] Total time for which application threads were stopped: 0.0000875 seconds, Stopping threads took: 0.0000168 seconds
[376.951s][info ][safepoint    ] Application time: 1.0001166 seconds
[376.951s][info ][safepoint    ] Entering safepoint region: Cleanup
[376.952s][info ][safepoint    ] Leaving safepoint region
[376.952s][info ][safepoint    ] Total time for which application threads were stopped: 0.0000788 seconds, Stopping threads took: 0.0000162 seconds
[377.079s][info ][safepoint    ] Application time: 0.1270972 seconds
[377.079s][info ][safepoint    ] Entering safepoint region: GenCollectForAllocation
[377.079s][info ][gc,start     ] GC(206) Pause Young (Allocation Failure)
[377.079s][info ][gc,task      ] GC(206) Using 4 workers of 4 for evacuation
[377.086s][debug][gc,ref       ] GC(206) Skipped phase1 of Reference Processing due to unavailable references
[377.086s][debug][gc,ref       ] GC(206) Skipped phase3 of Reference Processing due to unavailable references
[377.086s][debug][gc,ref       ] GC(206) Skipped phase4 of Reference Processing due to unavailable references
[377.086s][debug][gc,age       ] GC(206) Desired survivor size 15400960 bytes, new threshold 6 (max threshold 6)
[377.086s][info ][gc,heap      ] GC(206) ParNew: 257397K->12034K(270976K)
[377.086s][info ][gc,heap      ] GC(206) CMS: 283934K->285707K(602112K)
[377.086s][info ][gc,metaspace ] GC(206) Metaspace: 57610K->57610K(1101824K)
[377.086s][info ][gc           ] GC(206) Pause Young (Allocation Failure) 528M->290M(852M) 7.450ms
[377.086s][info ][gc,cpu       ] GC(206) User=0.03s Sys=0.00s Real=0.01s
[377.086s][info ][safepoint    ] Leaving safepoint region
[377.086s][info ][safepoint    ] Total time for which application threads were stopped: 0.0075918 seconds, Stopping threads took: 0.0000147 seconds
[378.086s][info ][safepoint    ] Application time: 1.0000973 seconds
[378.086s][info ][safepoint    ] Entering safepoint region: Cleanup
[378.087s][info ][safepoint    ] Leaving safepoint region
[378.087s][info ][safepoint    ] Total time for which application threads were stopped: 0.0001015 seconds, Stopping threads took: 0.0000390 seconds
[379.087s][info ][safepoint    ] Application time: 1.0001106 seconds
[379.087s][info ][safepoint    ] Entering safepoint region: Cleanup
[379.087s][info ][safepoint    ] Leaving safepoint region
[379.087s][info ][safepoint    ] Total time for which application threads were stopped: 0.0000832 seconds, Stopping threads took: 0.0000151 seconds
[380.087s][info ][safepoint    ] Application time: 1.0000786 seconds
[380.087s][info ][safepoint    ] Entering safepoint region: Cleanup
[380.087s][info ][safepoint    ] Leaving safepoint region
[380.087s][info ][safepoint    ] Total time for which application threads were stopped: 0.0001094 seconds, Stopping threads took: 0.0000162 seconds
[380.441s][info ][safepoint    ] Application time: 0.3541241 seconds
[380.441s][info ][safepoint    ] Entering safepoint region: GenCollectForAllocation
[380.441s][info ][gc,start     ] GC(207) Pause Young (Allocation Failure)
[380.441s][info ][gc,task      ] GC(207) Using 4 workers of 4 for evacuation
[380.449s][debug][gc,ref       ] GC(207) Skipped phase1 of Reference Processing due to unavailable references
[380.449s][debug][gc,ref       ] GC(207) Skipped phase3 of Reference Processing due to unavailable references
[380.449s][debug][gc,ref       ] GC(207) Skipped phase4 of Reference Processing due to unavailable references
[380.449s][debug][gc,age       ] GC(207) Desired survivor size 15400960 bytes, new threshold 6 (max threshold 6)
[380.449s][info ][gc,heap      ] GC(207) ParNew: 252930K->18262K(270976K)
[380.449s][info ][gc,heap      ] GC(207) CMS: 285707K->286206K(602112K)
[380.449s][info ][gc,metaspace ] GC(207) Metaspace: 57618K->57618K(1101824K)
[380.449s][info ][gc           ] GC(207) Pause Young (Allocation Failure) 526M->297M(852M) 7.809ms
[380.449s][info ][gc,cpu       ] GC(207) User=0.03s Sys=0.00s Real=0.01s
[380.449s][info ][safepoint    ] Leaving safepoint region
[380.449s][info ][safepoint    ] Total time for which application threads were stopped: 0.0080433 seconds, Stopping threads took: 0.0000954 seconds
[381.449s][info ][safepoint    ] Application time: 1.0001005 seconds
[381.449s][info ][safepoint    ] Entering safepoint region: Cleanup
[381.449s][info ][safepoint    ] Leaving safepoint region
[381.449s][info ][safepoint    ] Total time for which application threads were stopped: 0.0001140 seconds, Stopping threads took: 0.0000190 seconds
[382.450s][info ][safepoint    ] Application time: 1.0000837 seconds
[382.450s][info ][safepoint    ] Entering safepoint region: Cleanup
[382.450s][info ][safepoint    ] Leaving safepoint region
[382.450s][info ][safepoint    ] Total time for which application threads were stopped: 0.0000881 seconds, Stopping threads took: 0.0000166 seconds
[383.450s][info ][safepoint    ] Application time: 1.0001073 seconds
[383.450s][info ][safepoint    ] Entering safepoint region: Cleanup
[383.450s][info ][safepoint    ] Leaving safepoint region
[383.450s][info ][safepoint    ] Total time for which application threads were stopped: 0.0000786 seconds, Stopping threads took: 0.0000164 seconds
[383.683s][info ][safepoint    ] Application time: 0.2335482 seconds
[383.683s][info ][safepoint    ] Entering safepoint region: GenCollectForAllocation
[383.684s][info ][gc,start     ] GC(208) Pause Young (Allocation Failure)
[383.684s][info ][gc,task      ] GC(208) Using 4 workers of 4 for evacuation
[383.692s][debug][gc,ref       ] GC(208) Skipped phase1 of Reference Processing due to unavailable references
[383.692s][debug][gc,ref       ] GC(208) Skipped phase3 of Reference Processing due to unavailable references
[383.692s][debug][gc,ref       ] GC(208) Skipped phase4 of Reference Processing due to unavailable references
[383.692s][debug][gc,age       ] GC(208) Desired survivor size 15400960 bytes, new threshold 6 (max threshold 6)
[383.692s][info ][gc,heap      ] GC(208) ParNew: 259158K->19060K(270976K)
[383.692s][info ][gc,heap      ] GC(208) CMS: 286206K->287417K(602112K)
[383.692s][info ][gc,metaspace ] GC(208) Metaspace: 57642K->57642K(1101824K)
[383.692s][info ][gc           ] GC(208) Pause Young (Allocation Failure) 532M->299M(852M) 8.510ms
[383.692s][info ][gc,cpu       ] GC(208) User=0.03s Sys=0.00s Real=0.01s
[383.692s][info ][safepoint    ] Leaving safepoint region
[383.692s][info ][safepoint    ] Total time for which application threads were stopped: 0.0086562 seconds, Stopping threads took: 0.0000148 seconds
[384.692s][info ][safepoint    ] Application time: 1.0001143 seconds
[384.692s][info ][safepoint    ] Entering safepoint region: Cleanup
[384.692s][info ][safepoint    ] Leaving safepoint region
[384.692s][info ][safepoint    ] Total time for which application threads were stopped: 0.0000730 seconds, Stopping threads took: 0.0000156 seconds
[385.692s][info ][safepoint    ] Application time: 1.0000508 seconds
[385.692s][info ][safepoint    ] Entering safepoint region: Cleanup
[385.693s][info ][safepoint    ] Leaving safepoint region
[385.693s][info ][safepoint    ] Total time for which application threads were stopped: 0.0000809 seconds, Stopping threads took: 0.0000155 seconds
[386.693s][info ][safepoint    ] Application time: 1.0000972 seconds
[386.693s][info ][safepoint    ] Entering safepoint region: Cleanup
[386.693s][info ][safepoint    ] Leaving safepoint region
[386.693s][info ][safepoint    ] Total time for which application threads were stopped: 0.0000891 seconds, Stopping threads took: 0.0000314 seconds
[387.693s][info ][safepoint    ] Application time: 1.0000963 seconds
[387.693s][info ][safepoint    ] Entering safepoint region: Cleanup
[387.693s][info ][safepoint    ] Leaving safepoint region
[387.693s][info ][safepoint    ] Total time for which application threads were stopped: 0.0002027 seconds, Stopping threads took: 0.0001178 seconds
[387.744s][info ][safepoint    ] Application time: 0.0509181 seconds
[387.744s][info ][safepoint    ] Entering safepoint region: GenCollectForAllocation
[387.744s][info ][gc,start     ] GC(209) Pause Young (Allocation Failure)
[387.744s][info ][gc,task      ] GC(209) Using 4 workers of 4 for evacuation
[387.752s][debug][gc,ref       ] GC(209) Skipped phase1 of Reference Processing due to unavailable references
[387.752s][debug][gc,ref       ] GC(209) Skipped phase3 of Reference Processing due to unavailable references
[387.752s][debug][gc,ref       ] GC(209) Skipped phase4 of Reference Processing due to unavailable references
[387.752s][debug][gc,age       ] GC(209) Desired survivor size 15400960 bytes, new threshold 6 (max threshold 6)
[387.752s][info ][gc,heap      ] GC(209) ParNew: 259956K->18156K(270976K)
[387.752s][info ][gc,heap      ] GC(209) CMS: 287417K->288788K(602112K)
[387.752s][info ][gc,metaspace ] GC(209) Metaspace: 57648K->57648K(1101824K)
[387.752s][info ][gc           ] GC(209) Pause Young (Allocation Failure) 534M->299M(852M) 7.728ms
[387.752s][info ][gc,cpu       ] GC(209) User=0.03s Sys=0.00s Real=0.01s
[387.752s][info ][safepoint    ] Leaving safepoint region
[387.752s][info ][safepoint    ] Total time for which application threads were stopped: 0.0079278 seconds, Stopping threads took: 0.0000353 seconds
[388.752s][info ][safepoint    ] Application time: 1.0001126 seconds
[388.752s][info ][safepoint    ] Entering safepoint region: Cleanup
[388.752s][info ][safepoint    ] Leaving safepoint region
[388.752s][info ][safepoint    ] Total time for which application threads were stopped: 0.0000731 seconds, Stopping threads took: 0.0000168 seconds
[389.752s][info ][safepoint    ] Application time: 1.0000912 seconds
[389.752s][info ][safepoint    ] Entering safepoint region: Cleanup
[389.752s][info ][safepoint    ] Leaving safepoint region
[389.752s][info ][safepoint    ] Total time for which application threads were stopped: 0.0000732 seconds, Stopping threads took: 0.0000164 seconds
[390.753s][info ][safepoint    ] Application time: 1.0000819 seconds
[390.753s][info ][safepoint    ] Entering safepoint region: Cleanup
[390.753s][info ][safepoint    ] Leaving safepoint region
[390.753s][info ][safepoint    ] Total time for which application threads were stopped: 0.0001888 seconds, Stopping threads took: 0.0000169 seconds
[391.753s][info ][safepoint    ] Application time: 1.0000642 seconds
[391.753s][info ][safepoint    ] Entering safepoint region: Cleanup
[391.753s][info ][safepoint    ] Leaving safepoint region
[391.753s][info ][safepoint    ] Total time for which application threads were stopped: 0.0000851 seconds, Stopping threads took: 0.0000190 seconds
[392.329s][info ][safepoint    ] Application time: 0.5764692 seconds
[392.329s][info ][safepoint    ] Entering safepoint region: GenCollectForAllocation
[392.330s][info ][gc,start     ] GC(210) Pause Young (Allocation Failure)
[392.330s][info ][gc,task      ] GC(210) Using 4 workers of 4 for evacuation
[392.337s][debug][gc,ref       ] GC(210) Skipped phase1 of Reference Processing due to unavailable references
[392.337s][debug][gc,ref       ] GC(210) Skipped phase3 of Reference Processing due to unavailable references
[392.337s][debug][gc,age       ] GC(210) Desired survivor size 15400960 bytes, new threshold 6 (max threshold 6)
[392.337s][info ][gc,heap      ] GC(210) ParNew: 259052K->11966K(270976K)
[392.337s][info ][gc,heap      ] GC(210) CMS: 288788K->290430K(602112K)
[392.337s][info ][gc,metaspace ] GC(210) Metaspace: 57659K->57659K(1101824K)
[392.337s][info ][gc           ] GC(210) Pause Young (Allocation Failure) 535M->295M(852M) 7.578ms
[392.337s][info ][gc,cpu       ] GC(210) User=0.03s Sys=0.00s Real=0.01s
[392.337s][info ][safepoint    ] Leaving safepoint region
[392.337s][info ][safepoint    ] Total time for which application threads were stopped: 0.0077617 seconds, Stopping threads took: 0.0000147 seconds
[393.337s][info ][safepoint    ] Application time: 1.0000956 seconds
[393.337s][info ][safepoint    ] Entering safepoint region: Cleanup
[393.337s][info ][safepoint    ] Leaving safepoint region
[393.337s][info ][safepoint    ] Total time for which application threads were stopped: 0.0001143 seconds, Stopping threads took: 0.0000388 seconds
[394.338s][info ][safepoint    ] Application time: 1.0000848 seconds
[394.338s][info ][safepoint    ] Entering safepoint region: Cleanup
[394.338s][info ][safepoint    ] Leaving safepoint region
[394.338s][info ][safepoint    ] Total time for which application threads were stopped: 0.0000758 seconds, Stopping threads took: 0.0000161 seconds
[395.338s][info ][safepoint    ] Application time: 1.0000879 seconds
[395.338s][info ][safepoint    ] Entering safepoint region: Cleanup
[395.338s][info ][safepoint    ] Leaving safepoint region
[395.338s][info ][safepoint    ] Total time for which application threads were stopped: 0.0000836 seconds, Stopping threads took: 0.0000308 seconds
[396.338s][info ][safepoint    ] Application time: 1.0000889 seconds
[396.338s][info ][safepoint    ] Entering safepoint region: Cleanup
[396.338s][info ][safepoint    ] Leaving safepoint region
[396.338s][info ][safepoint    ] Total time for which application threads were stopped: 0.0000806 seconds, Stopping threads took: 0.0000160 seconds
[396.486s][info ][safepoint    ] Application time: 0.1478104 seconds
[396.486s][info ][safepoint    ] Entering safepoint region: GenCollectForAllocation
[396.486s][info ][gc,start     ] GC(211) Pause Young (Allocation Failure)
[396.486s][info ][gc,task      ] GC(211) Using 4 workers of 4 for evacuation
[396.494s][debug][gc,ref       ] GC(211) Skipped phase1 of Reference Processing due to unavailable references
[396.494s][debug][gc,ref       ] GC(211) Skipped phase3 of Reference Processing due to unavailable references
[396.494s][debug][gc,ref       ] GC(211) Skipped phase4 of Reference Processing due to unavailable references
[396.494s][debug][gc,age       ] GC(211) Desired survivor size 15400960 bytes, new threshold 6 (max threshold 6)
[396.494s][info ][gc,heap      ] GC(211) ParNew: 252862K->19428K(270976K)
[396.494s][info ][gc,heap      ] GC(211) CMS: 290430K->291429K(602112K)
[396.494s][info ][gc,metaspace ] GC(211) Metaspace: 57664K->57664K(1101824K)
[396.494s][info ][gc           ] GC(211) Pause Young (Allocation Failure) 530M->303M(852M) 7.696ms
[396.494s][info ][gc,cpu       ] GC(211) User=0.02s Sys=0.01s Real=0.01s
[396.494s][info ][safepoint    ] Leaving safepoint region
[396.494s][info ][safepoint    ] Total time for which application threads were stopped: 0.0078728 seconds, Stopping threads took: 0.0000155 seconds
[397.494s][info ][safepoint    ] Application time: 1.0001064 seconds
[397.494s][info ][safepoint    ] Entering safepoint region: Cleanup
[397.494s][info ][safepoint    ] Leaving safepoint region
[397.494s][info ][safepoint    ] Total time for which application threads were stopped: 0.0000797 seconds, Stopping threads took: 0.0000183 seconds
[398.494s][info ][safepoint    ] Application time: 1.0000613 seconds
[398.494s][info ][safepoint    ] Entering safepoint region: Cleanup
[398.494s][info ][safepoint    ] Leaving safepoint region
[398.494s][info ][safepoint    ] Total time for which application threads were stopped: 0.0000973 seconds, Stopping threads took: 0.0000171 seconds
[399.494s][info ][safepoint    ] Application time: 1.0000851 seconds
[399.494s][info ][safepoint    ] Entering safepoint region: Cleanup
[399.494s][info ][safepoint    ] Leaving safepoint region
[399.494s][info ][safepoint    ] Total time for which application threads were stopped: 0.0000975 seconds, Stopping threads took: 0.0000287 seconds
[400.031s][info ][safepoint    ] Application time: 0.5363206 seconds
[400.031s][info ][safepoint    ] Entering safepoint region: GenCollectForAllocation
[400.031s][info ][gc,start     ] GC(212) Pause Young (Allocation Failure)
[400.031s][info ][gc,task      ] GC(212) Using 4 workers of 4 for evacuation
[400.038s][debug][gc,ref       ] GC(212) Skipped phase1 of Reference Processing due to unavailable references
[400.038s][debug][gc,ref       ] GC(212) Skipped phase3 of Reference Processing due to unavailable references
[400.038s][debug][gc,age       ] GC(212) Desired survivor size 15400960 bytes, new threshold 6 (max threshold 6)
[400.038s][info ][gc,heap      ] GC(212) ParNew: 260324K->14042K(270976K)
[400.038s][info ][gc,heap      ] GC(212) CMS: 291429K->291825K(602112K)
[400.038s][info ][gc,metaspace ] GC(212) Metaspace: 57705K->57705K(1101824K)
[400.038s][info ][gc           ] GC(212) Pause Young (Allocation Failure) 538M->298M(852M) 7.343ms
[400.038s][info ][gc,cpu       ] GC(212) User=0.03s Sys=0.00s Real=0.00s
[400.038s][info ][safepoint    ] Leaving safepoint region
[400.038s][info ][safepoint    ] Total time for which application threads were stopped: 0.0075068 seconds, Stopping threads took: 0.0000332 seconds
[400.295s][info ][safepoint    ] Application time: 0.2562068 seconds
[400.295s][info ][safepoint    ] Entering safepoint region: Deoptimize
[400.296s][info ][safepoint    ] Leaving safepoint region
[400.296s][info ][safepoint    ] Total time for which application threads were stopped: 0.0017263 seconds, Stopping threads took: 0.0000255 seconds
[401.027s][info ][safepoint    ] Application time: 0.7311450 seconds
[401.027s][info ][safepoint    ] Entering safepoint region: Deoptimize
[401.029s][info ][safepoint    ] Leaving safepoint region
[401.029s][info ][safepoint    ] Total time for which application threads were stopped: 0.0015082 seconds, Stopping threads took: 0.0000135 seconds
[401.029s][info ][safepoint    ] Application time: 0.0003427 seconds
[401.029s][info ][safepoint    ] Entering safepoint region: Deoptimize
[401.030s][info ][safepoint    ] Leaving safepoint region
[401.030s][info ][safepoint    ] Total time for which application threads were stopped: 0.0005325 seconds, Stopping threads took: 0.0000083 seconds
[402.030s][info ][safepoint    ] Application time: 1.0001775 seconds
[402.030s][info ][safepoint    ] Entering safepoint region: Cleanup
[402.030s][info ][safepoint    ] Leaving safepoint region
[402.030s][info ][safepoint    ] Total time for which application threads were stopped: 0.0001337 seconds, Stopping threads took: 0.0000584 seconds
[403.030s][info ][safepoint    ] Application time: 1.0000953 seconds
[403.030s][info ][safepoint    ] Entering safepoint region: Cleanup
[403.031s][info ][safepoint    ] Leaving safepoint region
[403.031s][info ][safepoint    ] Total time for which application threads were stopped: 0.0001705 seconds, Stopping threads took: 0.0000786 seconds
[403.185s][info ][safepoint    ] Application time: 0.1549054 seconds
[403.185s][info ][safepoint    ] Entering safepoint region: GenCollectForAllocation
[403.186s][info ][gc,start     ] GC(213) Pause Young (Allocation Failure)
[403.186s][info ][gc,task      ] GC(213) Using 4 workers of 4 for evacuation
[403.196s][debug][gc,ref       ] GC(213) Skipped phase1 of Reference Processing due to unavailable references
[403.196s][debug][gc,ref       ] GC(213) Skipped phase3 of Reference Processing due to unavailable references
[403.196s][debug][gc,age       ] GC(213) Desired survivor size 15400960 bytes, new threshold 6 (max threshold 6)
[403.196s][info ][gc,heap      ] GC(213) ParNew: 254938K->22195K(270976K)
[403.196s][info ][gc,heap      ] GC(213) CMS: 291825K->293289K(602112K)
[403.196s][info ][gc,metaspace ] GC(213) Metaspace: 57762K->57762K(1101824K)
[403.196s][info ][gc           ] GC(213) Pause Young (Allocation Failure) 533M->308M(852M) 10.131ms
[403.196s][info ][gc,cpu       ] GC(213) User=0.03s Sys=0.00s Real=0.01s
[403.196s][info ][safepoint    ] Leaving safepoint region
[403.196s][info ][safepoint    ] Total time for which application threads were stopped: 0.0103045 seconds, Stopping threads took: 0.0000156 seconds
[404.196s][info ][safepoint    ] Application time: 1.0001034 seconds
[404.196s][info ][safepoint    ] Entering safepoint region: Cleanup
[404.196s][info ][safepoint    ] Leaving safepoint region
[404.196s][info ][safepoint    ] Total time for which application threads were stopped: 0.0000971 seconds, Stopping threads took: 0.0000147 seconds
[405.196s][info ][safepoint    ] Application time: 1.0000926 seconds
[405.196s][info ][safepoint    ] Entering safepoint region: Cleanup
[405.196s][info ][safepoint    ] Leaving safepoint region
[405.196s][info ][safepoint    ] Total time for which application threads were stopped: 0.0001161 seconds, Stopping threads took: 0.0000183 seconds
[405.784s][info ][safepoint    ] Application time: 0.5880121 seconds
[405.784s][info ][safepoint    ] Entering safepoint region: GenCollectForAllocation
[405.784s][info ][gc,start     ] GC(214) Pause Young (Allocation Failure)
[405.784s][info ][gc,task      ] GC(214) Using 4 workers of 4 for evacuation
[405.797s][debug][gc,ref       ] GC(214) Skipped phase1 of Reference Processing due to unavailable references
[405.797s][debug][gc,ref       ] GC(214) Skipped phase3 of Reference Processing due to unavailable references
[405.797s][debug][gc,age       ] GC(214) Desired survivor size 15400960 bytes, new threshold 3 (max threshold 6)
[405.797s][info ][gc,heap      ] GC(214) ParNew: 263091K->19471K(270976K)
[405.797s][info ][gc,heap      ] GC(214) CMS: 293289K->297441K(602112K)
[405.797s][info ][gc,metaspace ] GC(214) Metaspace: 57789K->57789K(1101824K)
[405.797s][info ][gc           ] GC(214) Pause Young (Allocation Failure) 543M->309M(852M) 12.281ms
[405.797s][info ][gc,cpu       ] GC(214) User=0.05s Sys=0.00s Real=0.01s
[405.797s][info ][safepoint    ] Leaving safepoint region
[405.797s][info ][safepoint    ] Total time for which application threads were stopped: 0.0124534 seconds, Stopping threads took: 0.0000174 seconds
[406.797s][info ][safepoint    ] Application time: 1.0001042 seconds
[406.797s][info ][safepoint    ] Entering safepoint region: Cleanup
[406.797s][info ][safepoint    ] Leaving safepoint region
[406.797s][info ][safepoint    ] Total time for which application threads were stopped: 0.0001149 seconds, Stopping threads took: 0.0000187 seconds
[407.797s][info ][safepoint    ] Application time: 1.0002036 seconds
[407.797s][info ][safepoint    ] Entering safepoint region: Cleanup
[407.797s][info ][safepoint    ] Leaving safepoint region
[407.797s][info ][safepoint    ] Total time for which application threads were stopped: 0.0001373 seconds, Stopping threads took: 0.0000641 seconds
[408.232s][info ][safepoint    ] Application time: 0.4343472 seconds
[408.232s][info ][safepoint    ] Entering safepoint region: GenCollectForAllocation
[408.232s][info ][gc,start     ] GC(215) Pause Young (Allocation Failure)
[408.232s][info ][gc,task      ] GC(215) Using 4 workers of 4 for evacuation
[408.243s][debug][gc,ref       ] GC(215) Skipped phase1 of Reference Processing due to unavailable references
[408.243s][debug][gc,ref       ] GC(215) Skipped phase3 of Reference Processing due to unavailable references
[408.243s][debug][gc,ref       ] GC(215) Skipped phase4 of Reference Processing due to unavailable references
[408.243s][debug][gc,age       ] GC(215) Desired survivor size 15400960 bytes, new threshold 3 (max threshold 6)
[408.243s][info ][gc,heap      ] GC(215) ParNew: 260367K->20956K(270976K)
[408.243s][info ][gc,heap      ] GC(215) CMS: 297441K->300845K(602112K)
[408.243s][info ][gc,metaspace ] GC(215) Metaspace: 57805K->57805K(1101824K)
[408.243s][info ][gc           ] GC(215) Pause Young (Allocation Failure) 544M->314M(852M) 11.310ms
[408.243s][info ][gc,cpu       ] GC(215) User=0.04s Sys=0.00s Real=0.01s
[408.243s][info ][safepoint    ] Leaving safepoint region
[408.243s][info ][safepoint    ] Total time for which application threads were stopped: 0.0114706 seconds, Stopping threads took: 0.0000139 seconds
[409.243s][info ][safepoint    ] Application time: 1.0000563 seconds
[409.243s][info ][safepoint    ] Entering safepoint region: Cleanup
[409.243s][info ][safepoint    ] Leaving safepoint region
[409.243s][info ][safepoint    ] Total time for which application threads were stopped: 0.0001075 seconds, Stopping threads took: 0.0000303 seconds
[410.244s][info ][safepoint    ] Application time: 1.0000924 seconds
[410.244s][info ][safepoint    ] Entering safepoint region: Cleanup
[410.244s][info ][safepoint    ] Leaving safepoint region
[410.244s][info ][safepoint    ] Total time for which application threads were stopped: 0.0003003 seconds, Stopping threads took: 0.0002167 seconds
[410.684s][info ][safepoint    ] Application time: 0.4398257 seconds
[410.684s][info ][safepoint    ] Entering safepoint region: GenCollectForAllocation
[410.684s][info ][gc,start     ] GC(216) Pause Young (Allocation Failure)
[410.684s][info ][gc,task      ] GC(216) Using 4 workers of 4 for evacuation
[410.695s][debug][gc,ref       ] GC(216) Skipped phase1 of Reference Processing due to unavailable references
[410.695s][debug][gc,ref       ] GC(216) Skipped phase3 of Reference Processing due to unavailable references
[410.696s][debug][gc,age       ] GC(216) Desired survivor size 15400960 bytes, new threshold 6 (max threshold 6)
[410.696s][info ][gc,heap      ] GC(216) ParNew: 261852K->20660K(270976K)
[410.696s][info ][gc,heap      ] GC(216) CMS: 300845K->305904K(602112K)
[410.696s][info ][gc,metaspace ] GC(216) Metaspace: 57845K->57845K(1101824K)
[410.696s][info ][gc           ] GC(216) Pause Young (Allocation Failure) 549M->318M(852M) 11.794ms
[410.696s][info ][gc,cpu       ] GC(216) User=0.05s Sys=0.00s Real=0.01s
[410.696s][info ][safepoint    ] Leaving safepoint region
[410.696s][info ][safepoint    ] Total time for which application threads were stopped: 0.0119606 seconds, Stopping threads took: 0.0000145 seconds
[411.696s][info ][safepoint    ] Application time: 1.0000959 seconds
[411.696s][info ][safepoint    ] Entering safepoint region: Cleanup
[411.696s][info ][safepoint    ] Leaving safepoint region
[411.696s][info ][safepoint    ] Total time for which application threads were stopped: 0.0000835 seconds, Stopping threads took: 0.0000171 seconds
[412.696s][info ][safepoint    ] Application time: 1.0000920 seconds
[412.696s][info ][safepoint    ] Entering safepoint region: Cleanup
[412.696s][info ][safepoint    ] Leaving safepoint region
[412.696s][info ][safepoint    ] Total time for which application threads were stopped: 0.0001474 seconds, Stopping threads took: 0.0000506 seconds
[413.190s][info ][safepoint    ] Application time: 0.4935298 seconds
[413.190s][info ][safepoint    ] Entering safepoint region: GenCollectForAllocation
[413.190s][info ][gc,start     ] GC(217) Pause Young (Allocation Failure)
[413.190s][info ][gc,task      ] GC(217) Using 4 workers of 4 for evacuation
[413.198s][debug][gc,ref       ] GC(217) Skipped phase1 of Reference Processing due to unavailable references
[413.198s][debug][gc,ref       ] GC(217) Skipped phase3 of Reference Processing due to unavailable references
[413.198s][debug][gc,age       ] GC(217) Desired survivor size 15400960 bytes, new threshold 4 (max threshold 6)
[413.198s][info ][gc,heap      ] GC(217) ParNew: 261556K->29760K(270976K)
[413.198s][info ][gc,heap      ] GC(217) CMS: 305904K->305904K(602112K)
[413.198s][info ][gc,metaspace ] GC(217) Metaspace: 57884K->57884K(1101824K)
[413.198s][info ][gc           ] GC(217) Pause Young (Allocation Failure) 554M->327M(852M) 8.317ms
[413.198s][info ][gc,cpu       ] GC(217) User=0.03s Sys=0.01s Real=0.01s
[413.198s][info ][safepoint    ] Leaving safepoint region
[413.198s][info ][safepoint    ] Total time for which application threads were stopped: 0.0085074 seconds, Stopping threads took: 0.0000145 seconds
[414.198s][info ][safepoint    ] Application time: 1.0001332 seconds
[414.198s][info ][safepoint    ] Entering safepoint region: Cleanup
[414.199s][info ][safepoint    ] Leaving safepoint region
[414.199s][info ][safepoint    ] Total time for which application threads were stopped: 0.0001248 seconds, Stopping threads took: 0.0000165 seconds
[415.199s][info ][safepoint    ] Application time: 1.0001072 seconds
[415.199s][info ][safepoint    ] Entering safepoint region: Cleanup
[415.199s][info ][safepoint    ] Leaving safepoint region
[415.199s][info ][safepoint    ] Total time for which application threads were stopped: 0.0000903 seconds, Stopping threads took: 0.0000151 seconds
[415.531s][info ][safepoint    ] Application time: 0.3323825 seconds
[415.531s][info ][safepoint    ] Entering safepoint region: GenCollectForAllocation
[415.531s][info ][gc,start     ] GC(218) Pause Young (Allocation Failure)
[415.532s][info ][gc,task      ] GC(218) Using 4 workers of 4 for evacuation
[415.542s][debug][gc,ref       ] GC(218) Skipped phase1 of Reference Processing due to unavailable references
[415.543s][debug][gc,ref       ] GC(218) Skipped phase3 of Reference Processing due to unavailable references
[415.543s][debug][gc,ref       ] GC(218) Skipped phase4 of Reference Processing due to unavailable references
[415.543s][debug][gc,age       ] GC(218) Desired survivor size 15400960 bytes, new threshold 4 (max threshold 6)
[415.543s][info ][gc,heap      ] GC(218) ParNew: 270656K->22661K(270976K)
[415.543s][info ][gc,heap      ] GC(218) CMS: 305904K->310092K(602112K)
[415.543s][info ][gc,metaspace ] GC(218) Metaspace: 57899K->57899K(1101824K)
[415.543s][info ][gc           ] GC(218) Pause Young (Allocation Failure) 563M->324M(852M) 11.236ms
[415.543s][info ][gc,cpu       ] GC(218) User=0.05s Sys=0.00s Real=0.01s
[415.543s][info ][safepoint    ] Leaving safepoint region
[415.543s][info ][safepoint    ] Total time for which application threads were stopped: 0.0114973 seconds, Stopping threads took: 0.0000982 seconds
[416.543s][info ][safepoint    ] Application time: 1.0001129 seconds
[416.543s][info ][safepoint    ] Entering safepoint region: Cleanup
[416.543s][info ][safepoint    ] Leaving safepoint region
[416.543s][info ][safepoint    ] Total time for which application threads were stopped: 0.0002128 seconds, Stopping threads took: 0.0001379 seconds
[417.543s][info ][safepoint    ] Application time: 1.0000841 seconds
[417.543s][info ][safepoint    ] Entering safepoint region: Cleanup
[417.543s][info ][safepoint    ] Leaving safepoint region
[417.543s][info ][safepoint    ] Total time for which application threads were stopped: 0.0001110 seconds, Stopping threads took: 0.0000284 seconds
[417.829s][info ][safepoint    ] Application time: 0.2860036 seconds
[417.829s][info ][safepoint    ] Entering safepoint region: GenCollectForAllocation
[417.830s][info ][gc,start     ] GC(219) Pause Young (Allocation Failure)
[417.830s][info ][gc,task      ] GC(219) Using 4 workers of 4 for evacuation
[417.841s][debug][gc,ref       ] GC(219) Skipped phase1 of Reference Processing due to unavailable references
[417.841s][debug][gc,ref       ] GC(219) Skipped phase3 of Reference Processing due to unavailable references
[417.841s][debug][gc,ref       ] GC(219) Skipped phase4 of Reference Processing due to unavailable references
[417.841s][debug][gc,age       ] GC(219) Desired survivor size 15400960 bytes, new threshold 4 (max threshold 6)
[417.841s][info ][gc,heap      ] GC(219) ParNew: 263557K->30080K(270976K)
[417.841s][info ][gc,heap      ] GC(219) CMS: 310092K->312666K(602112K)
[417.841s][info ][gc,metaspace ] GC(219) Metaspace: 57915K->57915K(1101824K)
[417.841s][info ][gc           ] GC(219) Pause Young (Allocation Failure) 560M->334M(852M) 11.277ms
[417.841s][info ][gc,cpu       ] GC(219) User=0.04s Sys=0.00s Real=0.01s
[417.841s][info ][safepoint    ] Leaving safepoint region
[417.841s][info ][safepoint    ] Total time for which application threads were stopped: 0.0114723 seconds, Stopping threads took: 0.0000353 seconds
[418.841s][info ][safepoint    ] Application time: 1.0001005 seconds
[418.841s][info ][safepoint    ] Entering safepoint region: Cleanup
[418.841s][info ][safepoint    ] Leaving safepoint region
[418.841s][info ][safepoint    ] Total time for which application threads were stopped: 0.0000951 seconds, Stopping threads took: 0.0000162 seconds
[419.841s][info ][safepoint    ] Application time: 1.0000846 seconds
[419.841s][info ][safepoint    ] Entering safepoint region: Cleanup
[419.841s][info ][safepoint    ] Leaving safepoint region
[419.841s][info ][safepoint    ] Total time for which application threads were stopped: 0.0000723 seconds, Stopping threads took: 0.0000157 seconds
[420.387s][info ][safepoint    ] Application time: 0.5460541 seconds
[420.387s][info ][safepoint    ] Entering safepoint region: GenCollectForAllocation
[420.388s][info ][gc,start     ] GC(220) Pause Young (Allocation Failure)
[420.388s][info ][gc,task      ] GC(220) Using 4 workers of 4 for evacuation
[420.398s][debug][gc,ref       ] GC(220) Skipped phase1 of Reference Processing due to unavailable references
[420.398s][debug][gc,ref       ] GC(220) Skipped phase3 of Reference Processing due to unavailable references
[420.398s][debug][gc,ref       ] GC(220) Skipped phase4 of Reference Processing due to unavailable references
[420.398s][debug][gc,age       ] GC(220) Desired survivor size 15400960 bytes, new threshold 4 (max threshold 6)
[420.398s][info ][gc,heap      ] GC(220) ParNew: 270976K->23168K(270976K)
[420.398s][info ][gc,heap      ] GC(220) CMS: 312666K->316091K(602112K)
[420.398s][info ][gc,metaspace ] GC(220) Metaspace: 57918K->57918K(1101824K)
[420.398s][info ][gc           ] GC(220) Pause Young (Allocation Failure) 569M->331M(852M) 10.701ms
[420.398s][info ][gc,cpu       ] GC(220) User=0.06s Sys=0.00s Real=0.01s
[420.398s][info ][safepoint    ] Leaving safepoint region
[420.398s][info ][safepoint    ] Total time for which application threads were stopped: 0.0108778 seconds, Stopping threads took: 0.0000145 seconds
[421.398s][info ][safepoint    ] Application time: 1.0000920 seconds
[421.398s][info ][safepoint    ] Entering safepoint region: Cleanup
[421.398s][info ][safepoint    ] Leaving safepoint region
[421.398s][info ][safepoint    ] Total time for which application threads were stopped: 0.0000742 seconds, Stopping threads took: 0.0000169 seconds
[422.399s][info ][safepoint    ] Application time: 1.0000996 seconds
[422.399s][info ][safepoint    ] Entering safepoint region: Cleanup
[422.399s][info ][safepoint    ] Leaving safepoint region
[422.399s][info ][safepoint    ] Total time for which application threads were stopped: 0.0000917 seconds, Stopping threads took: 0.0000311 seconds
[423.399s][info ][safepoint    ] Application time: 1.0001063 seconds
[423.399s][info ][safepoint    ] Entering safepoint region: Cleanup
[423.399s][info ][safepoint    ] Leaving safepoint region
[423.399s][info ][safepoint    ] Total time for which application threads were stopped: 0.0001749 seconds, Stopping threads took: 0.0001024 seconds
[423.439s][info ][safepoint    ] Application time: 0.0401942 seconds
[423.439s][info ][safepoint    ] Entering safepoint region: GenCollectForAllocation
[423.439s][info ][gc,start     ] GC(221) Pause Young (Allocation Failure)
[423.439s][info ][gc,task      ] GC(221) Using 4 workers of 4 for evacuation
[423.448s][debug][gc,ref       ] GC(221) Skipped phase1 of Reference Processing due to unavailable references
[423.448s][debug][gc,ref       ] GC(221) Skipped phase3 of Reference Processing due to unavailable references
[423.448s][debug][gc,ref       ] GC(221) Skipped phase4 of Reference Processing due to unavailable references
[423.448s][debug][gc,age       ] GC(221) Desired survivor size 15400960 bytes, new threshold 6 (max threshold 6)
[423.448s][info ][gc,heap      ] GC(221) ParNew: 263926K->18034K(270976K)
[423.448s][info ][gc,heap      ] GC(221) CMS: 316091K->320201K(602112K)
[423.448s][info ][gc,metaspace ] GC(221) Metaspace: 57936K->57936K(1101824K)
[423.449s][info ][gc           ] GC(221) Pause Young (Allocation Failure) 566M->330M(852M) 9.127ms
[423.449s][info ][gc,cpu       ] GC(221) User=0.03s Sys=0.00s Real=0.01s
[423.449s][info ][safepoint    ] Leaving safepoint region
[423.449s][info ][safepoint    ] Total time for which application threads were stopped: 0.0092766 seconds, Stopping threads took: 0.0000145 seconds
[424.449s][info ][safepoint    ] Application time: 1.0001062 seconds
[424.449s][info ][safepoint    ] Entering safepoint region: Cleanup
[424.449s][info ][safepoint    ] Leaving safepoint region
[424.449s][info ][safepoint    ] Total time for which application threads were stopped: 0.0000706 seconds, Stopping threads took: 0.0000177 seconds
[425.449s][info ][safepoint    ] Application time: 1.0000866 seconds
[425.449s][info ][safepoint    ] Entering safepoint region: Cleanup
[425.449s][info ][safepoint    ] Leaving safepoint region
[425.449s][info ][safepoint    ] Total time for which application threads were stopped: 0.0001042 seconds, Stopping threads took: 0.0000226 seconds
[426.385s][info ][safepoint    ] Application time: 0.9360159 seconds
[426.385s][info ][safepoint    ] Entering safepoint region: GenCollectForAllocation
[426.385s][info ][gc,start     ] GC(222) Pause Young (Allocation Failure)
[426.385s][info ][gc,task      ] GC(222) Using 4 workers of 4 for evacuation
[426.392s][debug][gc,ref       ] GC(222) Skipped phase1 of Reference Processing due to unavailable references
[426.392s][debug][gc,ref       ] GC(222) Skipped phase3 of Reference Processing due to unavailable references
[426.392s][debug][gc,ref       ] GC(222) Skipped phase4 of Reference Processing due to unavailable references
[426.392s][debug][gc,age       ] GC(222) Desired survivor size 15400960 bytes, new threshold 6 (max threshold 6)
[426.392s][info ][gc,heap      ] GC(222) ParNew: 258930K->15619K(270976K)
[426.392s][info ][gc,heap      ] GC(222) CMS: 320201K->320201K(602112K)
[426.392s][info ][gc,metaspace ] GC(222) Metaspace: 57938K->57938K(1101824K)
[426.392s][info ][gc           ] GC(222) Pause Young (Allocation Failure) 565M->327M(852M) 6.583ms
[426.392s][info ][gc,cpu       ] GC(222) User=0.03s Sys=0.00s Real=0.01s
[426.392s][info ][safepoint    ] Leaving safepoint region
[426.392s][info ][safepoint    ] Total time for which application threads were stopped: 0.0067439 seconds, Stopping threads took: 0.0000150 seconds
[427.392s][info ][safepoint    ] Application time: 1.0000891 seconds
[427.392s][info ][safepoint    ] Entering safepoint region: Cleanup
[427.392s][info ][safepoint    ] Leaving safepoint region
[427.392s][info ][safepoint    ] Total time for which application threads were stopped: 0.0000946 seconds, Stopping threads took: 0.0000295 seconds
[428.392s][info ][safepoint    ] Application time: 1.0000862 seconds
[428.392s][info ][safepoint    ] Entering safepoint region: Cleanup
[428.392s][info ][safepoint    ] Leaving safepoint region
[428.392s][info ][safepoint    ] Total time for which application threads were stopped: 0.0000906 seconds, Stopping threads took: 0.0000154 seconds
[429.069s][info ][safepoint    ] Application time: 0.6764274 seconds
[429.069s][info ][safepoint    ] Entering safepoint region: GenCollectForAllocation
[429.069s][info ][gc,start     ] GC(223) Pause Young (Allocation Failure)
[429.069s][info ][gc,task      ] GC(223) Using 4 workers of 4 for evacuation
[429.077s][debug][gc,ref       ] GC(223) Skipped phase1 of Reference Processing due to unavailable references
[429.077s][debug][gc,ref       ] GC(223) Skipped phase3 of Reference Processing due to unavailable references
[429.077s][debug][gc,ref       ] GC(223) Skipped phase4 of Reference Processing due to unavailable references
[429.077s][debug][gc,age       ] GC(223) Desired survivor size 15400960 bytes, new threshold 5 (max threshold 6)
[429.077s][info ][gc,heap      ] GC(223) ParNew: 256504K->27348K(270976K)
[429.077s][info ][gc,heap      ] GC(223) CMS: 320201K->320201K(602112K)
[429.077s][info ][gc,metaspace ] GC(223) Metaspace: 57944K->57944K(1101824K)
[429.077s][info ][gc           ] GC(223) Pause Young (Allocation Failure) 563M->339M(852M) 8.479ms
[429.077s][info ][gc,cpu       ] GC(223) User=0.03s Sys=0.00s Real=0.01s
[429.077s][info ][safepoint    ] Leaving safepoint region
[429.077s][info ][safepoint    ] Total time for which application threads were stopped: 0.0086354 seconds, Stopping threads took: 0.0000157 seconds
[430.077s][info ][safepoint    ] Application time: 1.0001138 seconds
[430.078s][info ][safepoint    ] Entering safepoint region: Cleanup
[430.078s][info ][safepoint    ] Leaving safepoint region
[430.078s][info ][safepoint    ] Total time for which application threads were stopped: 0.0001415 seconds, Stopping threads took: 0.0000675 seconds
[431.078s][info ][safepoint    ] Application time: 1.0001049 seconds
[431.078s][info ][safepoint    ] Entering safepoint region: Cleanup
[431.078s][info ][safepoint    ] Leaving safepoint region
[431.078s][info ][safepoint    ] Total time for which application threads were stopped: 0.0001205 seconds, Stopping threads took: 0.0000575 seconds
[432.078s][info ][safepoint    ] Application time: 1.0000983 seconds
[432.078s][info ][safepoint    ] Entering safepoint region: Cleanup
[432.078s][info ][safepoint    ] Leaving safepoint region
[432.078s][info ][safepoint    ] Total time for which application threads were stopped: 0.0001895 seconds, Stopping threads took: 0.0001271 seconds
[432.984s][info ][safepoint    ] Application time: 0.9054467 seconds
[432.984s][info ][safepoint    ] Entering safepoint region: GenCollectForAllocation
[432.984s][info ][gc,start     ] GC(224) Pause Young (Allocation Failure)
[432.984s][info ][gc,task      ] GC(224) Using 4 workers of 4 for evacuation
[432.996s][debug][gc,ref       ] GC(224) Skipped phase1 of Reference Processing due to unavailable references
[432.996s][debug][gc,ref       ] GC(224) Skipped phase2 of Reference Processing due to unavailable references
[432.996s][debug][gc,ref       ] GC(224) Skipped phase3 of Reference Processing due to unavailable references
[432.996s][debug][gc,ref       ] GC(224) Skipped phase4 of Reference Processing due to unavailable references
[432.996s][debug][gc,age       ] GC(224) Desired survivor size 15400960 bytes, new threshold 6 (max threshold 6)
[432.996s][info ][gc,heap      ] GC(224) ParNew: 268244K->18828K(270976K)
[432.996s][info ][gc,heap      ] GC(224) CMS: 320201K->327924K(602112K)
[432.996s][info ][gc,metaspace ] GC(224) Metaspace: 57951K->57951K(1101824K)
[432.996s][info ][gc           ] GC(224) Pause Young (Allocation Failure) 574M->338M(852M) 12.356ms
[432.996s][info ][gc,cpu       ] GC(224) User=0.03s Sys=0.01s Real=0.01s
[432.996s][info ][safepoint    ] Leaving safepoint region
[432.996s][info ][safepoint    ] Total time for which application threads were stopped: 0.0125293 seconds, Stopping threads took: 0.0000298 seconds
[433.996s][info ][safepoint    ] Application time: 1.0000967 seconds
[433.996s][info ][safepoint    ] Entering safepoint region: Cleanup
[433.996s][info ][safepoint    ] Leaving safepoint region
[433.996s][info ][safepoint    ] Total time for which application threads were stopped: 0.0000821 seconds, Stopping threads took: 0.0000172 seconds
[434.784s][info ][safepoint    ] Application time: 0.7879205 seconds
[434.784s][info ][safepoint    ] Entering safepoint region: RevokeBias
[434.785s][info ][safepoint    ] Leaving safepoint region
[434.785s][info ][safepoint    ] Total time for which application threads were stopped: 0.0001290 seconds, Stopping threads took: 0.0000175 seconds
[435.785s][info ][safepoint    ] Application time: 1.0001059 seconds
[435.785s][info ][safepoint    ] Entering safepoint region: Cleanup
[435.785s][info ][safepoint    ] Leaving safepoint region
[435.785s][info ][safepoint    ] Total time for which application threads were stopped: 0.0001276 seconds, Stopping threads took: 0.0000384 seconds
[436.785s][info ][safepoint    ] Application time: 1.0000593 seconds
[436.785s][info ][safepoint    ] Entering safepoint region: Cleanup
[436.785s][info ][safepoint    ] Leaving safepoint region
[436.785s][info ][safepoint    ] Total time for which application threads were stopped: 0.0002264 seconds, Stopping threads took: 0.0000391 seconds
[437.431s][info ][safepoint    ] Application time: 0.6456418 seconds
[437.431s][info ][safepoint    ] Entering safepoint region: GenCollectForAllocation
[437.431s][info ][gc,start     ] GC(225) Pause Young (Allocation Failure)
[437.431s][info ][gc,task      ] GC(225) Using 4 workers of 4 for evacuation
[437.435s][debug][gc,ref       ] GC(225) Skipped phase1 of Reference Processing due to unavailable references
[437.435s][debug][gc,ref       ] GC(225) Skipped phase2 of Reference Processing due to unavailable references
[437.435s][debug][gc,ref       ] GC(225) Skipped phase3 of Reference Processing due to unavailable references
[437.435s][debug][gc,ref       ] GC(225) Skipped phase4 of Reference Processing due to unavailable references
[437.435s][debug][gc,age       ] GC(225) Desired survivor size 15400960 bytes, new threshold 6 (max threshold 6)
[437.435s][info ][gc,heap      ] GC(225) ParNew: 259724K->7875K(270976K)
[437.435s][info ][gc,heap      ] GC(225) CMS: 327924K->327924K(602112K)
[437.435s][info ][gc,metaspace ] GC(225) Metaspace: 57959K->57959K(1101824K)
[437.435s][info ][gc           ] GC(225) Pause Young (Allocation Failure) 573M->327M(852M) 4.249ms
[437.435s][info ][gc,cpu       ] GC(225) User=0.01s Sys=0.00s Real=0.00s
[437.435s][info ][safepoint    ] Leaving safepoint region
[437.435s][info ][safepoint    ] Total time for which application threads were stopped: 0.0043980 seconds, Stopping threads took: 0.0000157 seconds
[438.435s][info ][safepoint    ] Application time: 1.0000994 seconds
[438.435s][info ][safepoint    ] Entering safepoint region: Cleanup
[438.435s][info ][safepoint    ] Leaving safepoint region
[438.435s][info ][safepoint    ] Total time for which application threads were stopped: 0.0000655 seconds, Stopping threads took: 0.0000160 seconds
[439.436s][info ][safepoint    ] Application time: 1.0000769 seconds
[439.436s][info ][safepoint    ] Entering safepoint region: Cleanup
[439.436s][info ][safepoint    ] Leaving safepoint region
[439.436s][info ][safepoint    ] Total time for which application threads were stopped: 0.0000863 seconds, Stopping threads took: 0.0000168 seconds
[440.436s][info ][safepoint    ] Application time: 1.0001157 seconds
[440.436s][info ][safepoint    ] Entering safepoint region: Cleanup
[440.436s][info ][safepoint    ] Leaving safepoint region
[440.436s][info ][safepoint    ] Total time for which application threads were stopped: 0.0000627 seconds, Stopping threads took: 0.0000144 seconds
[440.735s][info ][safepoint    ] Application time: 0.2986655 seconds
[440.735s][info ][safepoint    ] Entering safepoint region: GenCollectForAllocation
[440.735s][info ][gc,start     ] GC(226) Pause Young (Allocation Failure)
[440.735s][info ][gc,task      ] GC(226) Using 4 workers of 4 for evacuation
[440.745s][debug][gc,ref       ] GC(226) Skipped phase1 of Reference Processing due to unavailable references
[440.745s][debug][gc,ref       ] GC(226) Skipped phase3 of Reference Processing due to unavailable references
[440.745s][debug][gc,age       ] GC(226) Desired survivor size 15400960 bytes, new threshold 6 (max threshold 6)
[440.745s][info ][gc,heap      ] GC(226) ParNew: 248535K->17827K(270976K)
[440.745s][info ][gc,heap      ] GC(226) CMS: 327924K->329861K(602112K)
[440.745s][info ][gc,metaspace ] GC(226) Metaspace: 58018K->58018K(1101824K)
[440.745s][info ][gc           ] GC(226) Pause Young (Allocation Failure) 562M->339M(852M) 10.465ms
[440.745s][info ][gc,cpu       ] GC(226) User=0.04s Sys=0.00s Real=0.01s
[440.745s][info ][safepoint    ] Leaving safepoint region
[440.745s][info ][safepoint    ] Total time for which application threads were stopped: 0.0108431 seconds, Stopping threads took: 0.0000674 seconds
[441.420s][info ][safepoint    ] Application time: 0.6746145 seconds
[441.420s][info ][safepoint    ] Entering safepoint region: GenCollectForAllocation
[441.420s][info ][gc,start     ] GC(227) Pause Young (Allocation Failure)
[441.420s][info ][gc,task      ] GC(227) Using 4 workers of 4 for evacuation
[441.432s][debug][gc,ref       ] GC(227) Skipped phase1 of Reference Processing due to unavailable references
[441.432s][debug][gc,ref       ] GC(227) Skipped phase3 of Reference Processing due to unavailable references
[441.432s][debug][gc,age       ] GC(227) Desired survivor size 15400960 bytes, new threshold 2 (max threshold 6)
[441.432s][info ][gc,heap      ] GC(227) ParNew: 258657K->30080K(270976K)
[441.432s][info ][gc,heap      ] GC(227) CMS: 329861K->329927K(602112K)
[441.432s][info ][gc,metaspace ] GC(227) Metaspace: 58050K->58050K(1101824K)
[441.432s][info ][gc           ] GC(227) Pause Young (Allocation Failure) 574M->351M(852M) 11.883ms
[441.432s][info ][gc,cpu       ] GC(227) User=0.05s Sys=0.00s Real=0.02s
[441.432s][info ][safepoint    ] Leaving safepoint region
[441.432s][info ][safepoint    ] Total time for which application threads were stopped: 0.0121519 seconds, Stopping threads took: 0.0000746 seconds
[442.031s][info ][safepoint    ] Application time: 0.5991051 seconds
[442.031s][info ][safepoint    ] Entering safepoint region: GenCollectForAllocation
[442.032s][info ][gc,start     ] GC(228) Pause Young (Allocation Failure)
[442.032s][info ][gc,task      ] GC(228) Using 4 workers of 4 for evacuation
[442.053s][debug][gc,ref       ] GC(228) Skipped phase1 of Reference Processing due to unavailable references
[442.053s][debug][gc,ref       ] GC(228) Skipped phase3 of Reference Processing due to unavailable references
[442.053s][debug][gc,age       ] GC(228) Desired survivor size 15400960 bytes, new threshold 1 (max threshold 6)
[442.053s][info ][gc,heap      ] GC(228) ParNew: 270976K->30080K(270976K)
[442.053s][info ][gc,heap      ] GC(228) CMS: 329927K->340125K(602112K)
[442.053s][info ][gc,metaspace ] GC(228) Metaspace: 58059K->58059K(1101824K)
[442.053s][info ][gc           ] GC(228) Pause Young (Allocation Failure) 586M->361M(852M) 21.552ms
[442.053s][info ][gc,cpu       ] GC(228) User=0.08s Sys=0.00s Real=0.02s
[442.053s][info ][safepoint    ] Leaving safepoint region
[442.053s][info ][safepoint    ] Total time for which application threads were stopped: 0.0218728 seconds, Stopping threads took: 0.0000375 seconds
[443.053s][info ][safepoint    ] Application time: 1.0000969 seconds
[443.053s][info ][safepoint    ] Entering safepoint region: Cleanup
[443.054s][info ][safepoint    ] Leaving safepoint region
[443.054s][info ][safepoint    ] Total time for which application threads were stopped: 0.0001346 seconds, Stopping threads took: 0.0000227 seconds
[443.244s][info ][safepoint    ] Application time: 0.1902475 seconds
[443.244s][info ][safepoint    ] Entering safepoint region: GenCollectForAllocation
[443.244s][info ][gc,start     ] GC(229) Pause Young (Allocation Failure)
[443.244s][info ][gc,task      ] GC(229) Using 4 workers of 4 for evacuation
[443.265s][debug][gc,ref       ] GC(229) Skipped phase1 of Reference Processing due to unavailable references
[443.265s][debug][gc,ref       ] GC(229) Skipped phase3 of Reference Processing due to unavailable references
[443.265s][debug][gc,age       ] GC(229) Desired survivor size 15400960 bytes, new threshold 6 (max threshold 6)
[443.265s][info ][gc,heap      ] GC(229) ParNew: 270976K->23548K(270976K)
[443.265s][info ][gc,heap      ] GC(229) CMS: 340125K->359165K(602112K)
[443.265s][info ][gc,metaspace ] GC(229) Metaspace: 58099K->58099K(1101824K)
[443.265s][info ][gc           ] GC(229) Pause Young (Allocation Failure) 596M->373M(852M) 21.174ms
[443.265s][info ][gc,cpu       ] GC(229) User=0.07s Sys=0.02s Real=0.02s
[443.265s][info ][safepoint    ] Leaving safepoint region
[443.265s][info ][safepoint    ] Total time for which application threads were stopped: 0.0213454 seconds, Stopping threads took: 0.0000187 seconds
[444.265s][info ][safepoint    ] Application time: 1.0000998 seconds
[444.265s][info ][safepoint    ] Entering safepoint region: Cleanup
[444.265s][info ][safepoint    ] Leaving safepoint region
[444.265s][info ][safepoint    ] Total time for which application threads were stopped: 0.0001127 seconds, Stopping threads took: 0.0000173 seconds
[444.959s][info ][safepoint    ] Application time: 0.6936181 seconds
[444.959s][info ][safepoint    ] Entering safepoint region: GenCollectForAllocation
[444.959s][info ][gc,start     ] GC(230) Pause Young (Allocation Failure)
[444.959s][info ][gc,task      ] GC(230) Using 4 workers of 4 for evacuation
[444.964s][debug][gc,ref       ] GC(230) Skipped phase1 of Reference Processing due to unavailable references
[444.964s][debug][gc,ref       ] GC(230) Skipped phase3 of Reference Processing due to unavailable references
[444.964s][debug][gc,ref       ] GC(230) Skipped phase4 of Reference Processing due to unavailable references
[444.964s][debug][gc,age       ] GC(230) Desired survivor size 15400960 bytes, new threshold 6 (max threshold 6)
[444.964s][info ][gc,heap      ] GC(230) ParNew: 264444K->15613K(270976K)
[444.964s][info ][gc,heap      ] GC(230) CMS: 359165K->359165K(602112K)
[444.964s][info ][gc,metaspace ] GC(230) Metaspace: 58118K->58118K(1101824K)
[444.964s][info ][gc           ] GC(230) Pause Young (Allocation Failure) 608M->365M(852M) 5.228ms
[444.964s][info ][gc,cpu       ] GC(230) User=0.02s Sys=0.00s Real=0.01s
[444.965s][info ][safepoint    ] Leaving safepoint region
[444.965s][info ][safepoint    ] Total time for which application threads were stopped: 0.0054233 seconds, Stopping threads took: 0.0000222 seconds
[445.965s][info ][safepoint    ] Application time: 1.0001145 seconds
[445.965s][info ][safepoint    ] Entering safepoint region: Cleanup
[445.965s][info ][safepoint    ] Leaving safepoint region
[445.965s][info ][safepoint    ] Total time for which application threads were stopped: 0.0001127 seconds, Stopping threads took: 0.0000423 seconds
[446.488s][info ][safepoint    ] Application time: 0.5233458 seconds
[446.488s][info ][safepoint    ] Entering safepoint region: GenCollectForAllocation
[446.488s][info ][gc,start     ] GC(231) Pause Young (Allocation Failure)
[446.488s][info ][gc,task      ] GC(231) Using 4 workers of 4 for evacuation
[446.493s][debug][gc,ref       ] GC(231) Skipped phase1 of Reference Processing due to unavailable references
[446.493s][debug][gc,ref       ] GC(231) Skipped phase3 of Reference Processing due to unavailable references
[446.493s][debug][gc,ref       ] GC(231) Skipped phase4 of Reference Processing due to unavailable references
[446.493s][debug][gc,age       ] GC(231) Desired survivor size 15400960 bytes, new threshold 6 (max threshold 6)
[446.493s][info ][gc,heap      ] GC(231) ParNew: 256509K->10348K(270976K)
[446.493s][info ][gc,heap      ] GC(231) CMS: 359165K->359165K(602112K)
[446.493s][info ][gc,metaspace ] GC(231) Metaspace: 58135K->58135K(1101824K)
[446.493s][info ][gc           ] GC(231) Pause Young (Allocation Failure) 601M->360M(852M) 5.174ms
[446.493s][info ][gc,cpu       ] GC(231) User=0.02s Sys=0.00s Real=0.01s
[446.494s][info ][safepoint    ] Leaving safepoint region
[446.494s][info ][safepoint    ] Total time for which application threads were stopped: 0.0053381 seconds, Stopping threads took: 0.0000284 seconds
[447.494s][info ][safepoint    ] Application time: 1.0001006 seconds
[447.494s][info ][safepoint    ] Entering safepoint region: Cleanup
[447.494s][info ][safepoint    ] Leaving safepoint region
[447.494s][info ][safepoint    ] Total time for which application threads were stopped: 0.0001189 seconds, Stopping threads took: 0.0000401 seconds
[448.096s][info ][safepoint    ] Application time: 0.6023369 seconds
[448.096s][info ][safepoint    ] Entering safepoint region: GenCollectForAllocation
[448.096s][info ][gc,start     ] GC(232) Pause Young (Allocation Failure)
[448.096s][info ][gc,task      ] GC(232) Using 4 workers of 4 for evacuation
[448.102s][debug][gc,ref       ] GC(232) Skipped phase1 of Reference Processing due to unavailable references
[448.102s][debug][gc,ref       ] GC(232) Skipped phase3 of Reference Processing due to unavailable references
[448.102s][debug][gc,ref       ] GC(232) Skipped phase4 of Reference Processing due to unavailable references
[448.102s][debug][gc,age       ] GC(232) Desired survivor size 15400960 bytes, new threshold 6 (max threshold 6)
[448.102s][info ][gc,heap      ] GC(232) ParNew: 251244K->14496K(270976K)
[448.102s][info ][gc,heap      ] GC(232) CMS: 359165K->359165K(602112K)
[448.102s][info ][gc,metaspace ] GC(232) Metaspace: 58144K->58144K(1101824K)
[448.102s][info ][gc           ] GC(232) Pause Young (Allocation Failure) 596M->364M(852M) 5.527ms
[448.102s][info ][gc,cpu       ] GC(232) User=0.02s Sys=0.00s Real=0.00s
[448.102s][info ][safepoint    ] Leaving safepoint region
[448.102s][info ][safepoint    ] Total time for which application threads were stopped: 0.0057011 seconds, Stopping threads took: 0.0000157 seconds
[449.102s][info ][safepoint    ] Application time: 1.0000602 seconds
[449.102s][info ][safepoint    ] Entering safepoint region: Cleanup
[449.102s][info ][safepoint    ] Leaving safepoint region
[449.102s][info ][safepoint    ] Total time for which application threads were stopped: 0.0000953 seconds, Stopping threads took: 0.0000216 seconds
[449.796s][info ][safepoint    ] Application time: 0.6940897 seconds
[449.796s][info ][safepoint    ] Entering safepoint region: GenCollectForAllocation
[449.796s][info ][gc,start     ] GC(233) Pause Young (Allocation Failure)
[449.796s][info ][gc,task      ] GC(233) Using 4 workers of 4 for evacuation
[449.802s][debug][gc,ref       ] GC(233) Skipped phase1 of Reference Processing due to unavailable references
[449.802s][debug][gc,ref       ] GC(233) Skipped phase3 of Reference Processing due to unavailable references
[449.802s][debug][gc,ref       ] GC(233) Skipped phase4 of Reference Processing due to unavailable references
[449.802s][debug][gc,age       ] GC(233) Desired survivor size 15400960 bytes, new threshold 6 (max threshold 6)
[449.802s][info ][gc,heap      ] GC(233) ParNew: 255392K->9729K(270976K)
[449.802s][info ][gc,heap      ] GC(233) CMS: 359165K->359165K(602112K)
[449.802s][info ][gc,metaspace ] GC(233) Metaspace: 58155K->58155K(1101824K)
[449.802s][info ][gc           ] GC(233) Pause Young (Allocation Failure) 600M->360M(852M) 5.420ms
[449.802s][info ][gc,cpu       ] GC(233) User=0.02s Sys=0.00s Real=0.00s
[449.802s][info ][safepoint    ] Leaving safepoint region
[449.802s][info ][safepoint    ] Total time for which application threads were stopped: 0.0055900 seconds, Stopping threads took: 0.0000158 seconds
[450.802s][info ][safepoint    ] Application time: 1.0000682 seconds
[450.802s][info ][safepoint    ] Entering safepoint region: Cleanup
[450.802s][info ][safepoint    ] Leaving safepoint region
[450.802s][info ][safepoint    ] Total time for which application threads were stopped: 0.0001179 seconds, Stopping threads took: 0.0000420 seconds
[451.506s][info ][safepoint    ] Application time: 0.7039206 seconds
[451.506s][info ][safepoint    ] Entering safepoint region: GenCollectForAllocation
[451.506s][info ][gc,start     ] GC(234) Pause Young (Allocation Failure)
[451.506s][info ][gc,task      ] GC(234) Using 4 workers of 4 for evacuation
[451.512s][debug][gc,ref       ] GC(234) Skipped phase1 of Reference Processing due to unavailable references
[451.512s][debug][gc,ref       ] GC(234) Skipped phase3 of Reference Processing due to unavailable references
[451.512s][debug][gc,ref       ] GC(234) Skipped phase4 of Reference Processing due to unavailable references
[451.512s][debug][gc,age       ] GC(234) Desired survivor size 15400960 bytes, new threshold 6 (max threshold 6)
[451.512s][info ][gc,heap      ] GC(234) ParNew: 250625K->15467K(270976K)
[451.512s][info ][gc,heap      ] GC(234) CMS: 359165K->359165K(602112K)
[451.512s][info ][gc,metaspace ] GC(234) Metaspace: 58161K->58161K(1101824K)
[451.512s][info ][gc           ] GC(234) Pause Young (Allocation Failure) 595M->365M(852M) 5.642ms
[451.512s][info ][gc,cpu       ] GC(234) User=0.02s Sys=0.01s Real=0.01s
[451.512s][info ][safepoint    ] Leaving safepoint region
[451.512s][info ][safepoint    ] Total time for which application threads were stopped: 0.0058144 seconds, Stopping threads took: 0.0000163 seconds
[452.512s][info ][safepoint    ] Application time: 1.0001011 seconds
[452.512s][info ][safepoint    ] Entering safepoint region: Cleanup
[452.512s][info ][safepoint    ] Leaving safepoint region
[452.512s][info ][safepoint    ] Total time for which application threads were stopped: 0.0000751 seconds, Stopping threads took: 0.0000167 seconds
[453.179s][info ][safepoint    ] Application time: 0.6667080 seconds
[453.179s][info ][safepoint    ] Entering safepoint region: GenCollectForAllocation
[453.179s][info ][gc,start     ] GC(235) Pause Young (Allocation Failure)
[453.179s][info ][gc,task      ] GC(235) Using 4 workers of 4 for evacuation
[453.188s][debug][gc,ref       ] GC(235) Skipped phase1 of Reference Processing due to unavailable references
[453.188s][debug][gc,ref       ] GC(235) Skipped phase3 of Reference Processing due to unavailable references
[453.188s][debug][gc,ref       ] GC(235) Skipped phase4 of Reference Processing due to unavailable references
[453.188s][debug][gc,age       ] GC(235) Desired survivor size 15400960 bytes, new threshold 6 (max threshold 6)
[453.188s][info ][gc,heap      ] GC(235) ParNew: 256363K->5071K(270976K)
[453.188s][info ][gc,heap      ] GC(235) CMS: 359165K->366578K(602112K)
[453.188s][info ][gc,metaspace ] GC(235) Metaspace: 58164K->58164K(1101824K)
[453.188s][info ][gc           ] GC(235) Pause Young (Allocation Failure) 601M->362M(852M) 8.943ms
[453.188s][info ][gc,cpu       ] GC(235) User=0.03s Sys=0.00s Real=0.01s
[453.188s][info ][safepoint    ] Leaving safepoint region
[453.188s][info ][safepoint    ] Total time for which application threads were stopped: 0.0091456 seconds, Stopping threads took: 0.0000572 seconds
[454.188s][info ][safepoint    ] Application time: 1.0001180 seconds
[454.188s][info ][safepoint    ] Entering safepoint region: Cleanup
[454.188s][info ][safepoint    ] Leaving safepoint region
[454.188s][info ][safepoint    ] Total time for which application threads were stopped: 0.0002021 seconds, Stopping threads took: 0.0001253 seconds
[454.846s][info ][safepoint    ] Application time: 0.6574184 seconds
[454.846s][info ][safepoint    ] Entering safepoint region: GenCollectForAllocation
[454.846s][info ][gc,start     ] GC(236) Pause Young (Allocation Failure)
[454.846s][info ][gc,task      ] GC(236) Using 4 workers of 4 for evacuation
[454.849s][debug][gc,ref       ] GC(236) Skipped phase1 of Reference Processing due to unavailable references
[454.849s][debug][gc,ref       ] GC(236) Skipped phase3 of Reference Processing due to unavailable references
[454.849s][debug][gc,ref       ] GC(236) Skipped phase4 of Reference Processing due to unavailable references
[454.849s][debug][gc,age       ] GC(236) Desired survivor size 15400960 bytes, new threshold 6 (max threshold 6)
[454.849s][info ][gc,heap      ] GC(236) ParNew: 245967K->2060K(270976K)
[454.849s][info ][gc,heap      ] GC(236) CMS: 366578K->366798K(602112K)
[454.849s][info ][gc,metaspace ] GC(236) Metaspace: 58175K->58175K(1101824K)
[454.849s][info ][gc           ] GC(236) Pause Young (Allocation Failure) 598M->360M(852M) 3.134ms
[454.849s][info ][gc,cpu       ] GC(236) User=0.01s Sys=0.00s Real=0.00s
[454.849s][info ][safepoint    ] Leaving safepoint region
[454.849s][info ][safepoint    ] Total time for which application threads were stopped: 0.0032893 seconds, Stopping threads took: 0.0000149 seconds
[455.849s][info ][safepoint    ] Application time: 1.0001033 seconds
[455.849s][info ][safepoint    ] Entering safepoint region: Cleanup
[455.849s][info ][safepoint    ] Leaving safepoint region
[455.849s][info ][safepoint    ] Total time for which application threads were stopped: 0.0000680 seconds, Stopping threads took: 0.0000188 seconds
[456.599s][info ][safepoint    ] Application time: 0.7495603 seconds
[456.599s][info ][safepoint    ] Entering safepoint region: GenCollectForAllocation
[456.599s][info ][gc,start     ] GC(237) Pause Young (Allocation Failure)
[456.599s][info ][gc,task      ] GC(237) Using 4 workers of 4 for evacuation
[456.602s][debug][gc,ref       ] GC(237) Skipped phase1 of Reference Processing due to unavailable references
[456.602s][debug][gc,ref       ] GC(237) Skipped phase3 of Reference Processing due to unavailable references
[456.602s][debug][gc,ref       ] GC(237) Skipped phase4 of Reference Processing due to unavailable references
[456.602s][debug][gc,age       ] GC(237) Desired survivor size 15400960 bytes, new threshold 6 (max threshold 6)
[456.602s][info ][gc,heap      ] GC(237) ParNew: 242956K->1781K(270976K)
[456.602s][info ][gc,heap      ] GC(237) CMS: 366798K->366980K(602112K)
[456.602s][info ][gc,metaspace ] GC(237) Metaspace: 58180K->58180K(1101824K)
[456.602s][info ][gc           ] GC(237) Pause Young (Allocation Failure) 595M->360M(852M) 2.828ms
[456.602s][info ][gc,cpu       ] GC(237) User=0.01s Sys=0.00s Real=0.00s
[456.602s][info ][safepoint    ] Leaving safepoint region
[456.602s][info ][safepoint    ] Total time for which application threads were stopped: 0.0029738 seconds, Stopping threads took: 0.0000174 seconds
[457.602s][info ][safepoint    ] Application time: 1.0001096 seconds
[457.602s][info ][safepoint    ] Entering safepoint region: Cleanup
[457.602s][info ][safepoint    ] Leaving safepoint region
[457.602s][info ][safepoint    ] Total time for which application threads were stopped: 0.0001072 seconds, Stopping threads took: 0.0000429 seconds
[458.178s][info ][safepoint    ] Application time: 0.5763715 seconds
[458.178s][info ][safepoint    ] Entering safepoint region: GenCollectForAllocation
[458.179s][info ][gc,start     ] GC(238) Pause Young (Allocation Failure)
[458.179s][info ][gc,task      ] GC(238) Using 4 workers of 4 for evacuation
[458.182s][debug][gc,ref       ] GC(238) Skipped phase1 of Reference Processing due to unavailable references
[458.182s][debug][gc,ref       ] GC(238) Skipped phase3 of Reference Processing due to unavailable references
[458.182s][debug][gc,ref       ] GC(238) Skipped phase4 of Reference Processing due to unavailable references
[458.183s][debug][gc,age       ] GC(238) Desired survivor size 15400960 bytes, new threshold 6 (max threshold 6)
[458.183s][info ][gc,heap      ] GC(238) ParNew: 242677K->4755K(270976K)
[458.183s][info ][gc,heap      ] GC(238) CMS: 366980K->367122K(602112K)
[458.183s][info ][gc,metaspace ] GC(238) Metaspace: 58182K->58182K(1101824K)
[458.183s][info ][gc           ] GC(238) Pause Young (Allocation Failure) 595M->363M(852M) 4.040ms
[458.183s][info ][gc,cpu       ] GC(238) User=0.01s Sys=0.01s Real=0.01s
[458.183s][info ][safepoint    ] Leaving safepoint region
[458.183s][info ][safepoint    ] Total time for which application threads were stopped: 0.0042363 seconds, Stopping threads took: 0.0000411 seconds
[459.183s][info ][safepoint    ] Application time: 1.0001279 seconds
[459.183s][info ][safepoint    ] Entering safepoint region: Cleanup
[459.183s][info ][safepoint    ] Leaving safepoint region
[459.183s][info ][safepoint    ] Total time for which application threads were stopped: 0.0001087 seconds, Stopping threads took: 0.0000392 seconds
[459.784s][info ][safepoint    ] Application time: 0.6013546 seconds
[459.784s][info ][safepoint    ] Entering safepoint region: GenCollectForAllocation
[459.784s][info ][gc,start     ] GC(239) Pause Young (Allocation Failure)
[459.784s][info ][gc,task      ] GC(239) Using 4 workers of 4 for evacuation
[459.788s][debug][gc,ref       ] GC(239) Skipped phase1 of Reference Processing due to unavailable references
[459.789s][debug][gc,ref       ] GC(239) Skipped phase3 of Reference Processing due to unavailable references
[459.789s][debug][gc,ref       ] GC(239) Skipped phase4 of Reference Processing due to unavailable references
[459.789s][debug][gc,age       ] GC(239) Desired survivor size 15400960 bytes, new threshold 6 (max threshold 6)
[459.789s][info ][gc,heap      ] GC(239) ParNew: 245651K->5915K(270976K)
[459.789s][info ][gc,heap      ] GC(239) CMS: 367122K->367217K(602112K)
[459.789s][info ][gc,metaspace ] GC(239) Metaspace: 58183K->58183K(1101824K)
[459.789s][info ][gc           ] GC(239) Pause Young (Allocation Failure) 598M->364M(852M) 4.205ms
[459.789s][info ][gc,cpu       ] GC(239) User=0.01s Sys=0.00s Real=0.00s
[459.789s][info ][safepoint    ] Leaving safepoint region
[459.789s][info ][safepoint    ] Total time for which application threads were stopped: 0.0043592 seconds, Stopping threads took: 0.0000142 seconds
[460.789s][info ][safepoint    ] Application time: 1.0001145 seconds
[460.789s][info ][safepoint    ] Entering safepoint region: Cleanup
[460.789s][info ][safepoint    ] Leaving safepoint region
[460.789s][info ][safepoint    ] Total time for which application threads were stopped: 0.0001152 seconds, Stopping threads took: 0.0000407 seconds
[461.447s][info ][safepoint    ] Application time: 0.6576753 seconds
[461.447s][info ][safepoint    ] Entering safepoint region: GenCollectForAllocation
[461.447s][info ][gc,start     ] GC(240) Pause Young (Allocation Failure)
[461.447s][info ][gc,task      ] GC(240) Using 4 workers of 4 for evacuation
[461.450s][debug][gc,ref       ] GC(240) Skipped phase1 of Reference Processing due to unavailable references
[461.450s][debug][gc,ref       ] GC(240) Skipped phase3 of Reference Processing due to unavailable references
[461.450s][debug][gc,ref       ] GC(240) Skipped phase4 of Reference Processing due to unavailable references
[461.451s][debug][gc,age       ] GC(240) Desired survivor size 15400960 bytes, new threshold 6 (max threshold 6)
[461.451s][info ][gc,heap      ] GC(240) ParNew: 246811K->5547K(270976K)
[461.451s][info ][gc,heap      ] GC(240) CMS: 367217K->367331K(602112K)
[461.451s][info ][gc,metaspace ] GC(240) Metaspace: 58191K->58191K(1101824K)
[461.451s][info ][gc           ] GC(240) Pause Young (Allocation Failure) 599M->364M(852M) 3.720ms
[461.451s][info ][gc,cpu       ] GC(240) User=0.01s Sys=0.00s Real=0.01s
[461.451s][info ][safepoint    ] Leaving safepoint region
[461.451s][info ][safepoint    ] Total time for which application threads were stopped: 0.0038792 seconds, Stopping threads took: 0.0000166 seconds
[462.451s][info ][safepoint    ] Application time: 1.0000979 seconds
[462.451s][info ][safepoint    ] Entering safepoint region: Cleanup
[462.451s][info ][safepoint    ] Leaving safepoint region
[462.451s][info ][safepoint    ] Total time for which application threads were stopped: 0.0001117 seconds, Stopping threads took: 0.0000391 seconds
[463.178s][info ][safepoint    ] Application time: 0.7275057 seconds
[463.178s][info ][safepoint    ] Entering safepoint region: GenCollectForAllocation
[463.179s][info ][gc,start     ] GC(241) Pause Young (Allocation Failure)
[463.179s][info ][gc,task      ] GC(241) Using 4 workers of 4 for evacuation
[463.182s][debug][gc,ref       ] GC(241) Skipped phase1 of Reference Processing due to unavailable references
[463.182s][debug][gc,ref       ] GC(241) Skipped phase3 of Reference Processing due to unavailable references
[463.182s][debug][gc,ref       ] GC(241) Skipped phase4 of Reference Processing due to unavailable references
[463.182s][debug][gc,age       ] GC(241) Desired survivor size 15400960 bytes, new threshold 6 (max threshold 6)
[463.182s][info ][gc,heap      ] GC(241) ParNew: 246443K->6611K(270976K)
[463.182s][info ][gc,heap      ] GC(241) CMS: 367331K->367443K(602112K)
[463.182s][info ][gc,metaspace ] GC(241) Metaspace: 58192K->58192K(1101824K)
[463.182s][info ][gc           ] GC(241) Pause Young (Allocation Failure) 599M->365M(852M) 3.946ms
[463.182s][info ][gc,cpu       ] GC(241) User=0.01s Sys=0.00s Real=0.01s
[463.183s][info ][safepoint    ] Leaving safepoint region
[463.183s][info ][safepoint    ] Total time for which application threads were stopped: 0.0041282 seconds, Stopping threads took: 0.0000396 seconds
[464.183s][info ][safepoint    ] Application time: 1.0001013 seconds
[464.183s][info ][safepoint    ] Entering safepoint region: Cleanup
[464.183s][info ][safepoint    ] Leaving safepoint region
[464.183s][info ][safepoint    ] Total time for which application threads were stopped: 0.0001141 seconds, Stopping threads took: 0.0000475 seconds
[464.549s][info ][safepoint    ] Application time: 0.3665957 seconds
[464.549s][info ][safepoint    ] Entering safepoint region: GenCollectForAllocation
[464.550s][info ][gc,start     ] GC(242) Pause Young (Allocation Failure)
[464.550s][info ][gc,task      ] GC(242) Using 4 workers of 4 for evacuation
[464.554s][debug][gc,ref       ] GC(242) Skipped phase1 of Reference Processing due to unavailable references
[464.554s][debug][gc,ref       ] GC(242) Skipped phase3 of Reference Processing due to unavailable references
[464.554s][debug][gc,ref       ] GC(242) Skipped phase4 of Reference Processing due to unavailable references
[464.555s][debug][gc,age       ] GC(242) Desired survivor size 15400960 bytes, new threshold 6 (max threshold 6)
[464.555s][info ][gc,heap      ] GC(242) ParNew: 247507K->7936K(270976K)
[464.555s][info ][gc,heap      ] GC(242) CMS: 367443K->367491K(602112K)
[464.555s][info ][gc,metaspace ] GC(242) Metaspace: 58193K->58193K(1101824K)
[464.555s][info ][gc           ] GC(242) Pause Young (Allocation Failure) 600M->366M(852M) 5.109ms
[464.555s][info ][gc,cpu       ] GC(242) User=0.01s Sys=0.01s Real=0.01s
[464.555s][info ][safepoint    ] Leaving safepoint region
[464.555s][info ][safepoint    ] Total time for which application threads were stopped: 0.0052746 seconds, Stopping threads took: 0.0000296 seconds
[465.555s][info ][safepoint    ] Application time: 1.0001209 seconds
[465.555s][info ][safepoint    ] Entering safepoint region: Cleanup
[465.555s][info ][safepoint    ] Leaving safepoint region
[465.555s][info ][safepoint    ] Total time for which application threads were stopped: 0.0000978 seconds, Stopping threads took: 0.0000222 seconds
[466.228s][info ][safepoint    ] Application time: 0.6730216 seconds
[466.228s][info ][safepoint    ] Entering safepoint region: GenCollectForAllocation
[466.228s][info ][gc,start     ] GC(243) Pause Young (Allocation Failure)
[466.228s][info ][gc,task      ] GC(243) Using 4 workers of 4 for evacuation
[466.233s][debug][gc,ref       ] GC(243) Skipped phase1 of Reference Processing due to unavailable references
[466.233s][debug][gc,ref       ] GC(243) Skipped phase3 of Reference Processing due to unavailable references
[466.233s][debug][gc,ref       ] GC(243) Skipped phase4 of Reference Processing due to unavailable references
[466.233s][debug][gc,age       ] GC(243) Desired survivor size 15400960 bytes, new threshold 6 (max threshold 6)
[466.233s][info ][gc,heap      ] GC(243) ParNew: 248832K->11172K(270976K)
[466.233s][info ][gc,heap      ] GC(243) CMS: 367491K->367547K(602112K)
[466.233s][info ][gc,metaspace ] GC(243) Metaspace: 58197K->58197K(1101824K)
[466.233s][info ][gc           ] GC(243) Pause Young (Allocation Failure) 601M->369M(852M) 4.713ms
[466.233s][info ][gc,cpu       ] GC(243) User=0.02s Sys=0.00s Real=0.01s
[466.233s][info ][safepoint    ] Leaving safepoint region
[466.233s][info ][safepoint    ] Total time for which application threads were stopped: 0.0048893 seconds, Stopping threads took: 0.0000377 seconds
[467.233s][info ][safepoint    ] Application time: 1.0001091 seconds
[467.233s][info ][safepoint    ] Entering safepoint region: Cleanup
[467.233s][info ][safepoint    ] Leaving safepoint region
[467.233s][info ][safepoint    ] Total time for which application threads were stopped: 0.0001198 seconds, Stopping threads took: 0.0000396 seconds
[467.837s][info ][safepoint    ] Application time: 0.6036554 seconds
[467.837s][info ][safepoint    ] Entering safepoint region: GenCollectForAllocation
[467.837s][info ][gc,start     ] GC(244) Pause Young (Allocation Failure)
[467.837s][info ][gc,task      ] GC(244) Using 4 workers of 4 for evacuation
[467.845s][debug][gc,ref       ] GC(244) Skipped phase1 of Reference Processing due to unavailable references
[467.845s][debug][gc,ref       ] GC(244) Skipped phase3 of Reference Processing due to unavailable references
[467.845s][debug][gc,ref       ] GC(244) Skipped phase4 of Reference Processing due to unavailable references
[467.845s][debug][gc,age       ] GC(244) Desired survivor size 15400960 bytes, new threshold 6 (max threshold 6)
[467.845s][info ][gc,heap      ] GC(244) ParNew: 252068K->6688K(270976K)
[467.845s][info ][gc,heap      ] GC(244) CMS: 367547K->369597K(602112K)
[467.845s][info ][gc,metaspace ] GC(244) Metaspace: 58198K->58198K(1101824K)
[467.845s][info ][gc           ] GC(244) Pause Young (Allocation Failure) 605M->367M(852M) 8.037ms
[467.845s][info ][gc,cpu       ] GC(244) User=0.03s Sys=0.00s Real=0.01s
[467.845s][info ][safepoint    ] Leaving safepoint region
[467.845s][info ][safepoint    ] Total time for which application threads were stopped: 0.0082098 seconds, Stopping threads took: 0.0000177 seconds
[468.845s][info ][safepoint    ] Application time: 1.0000946 seconds
[468.845s][info ][safepoint    ] Entering safepoint region: Cleanup
[468.845s][info ][safepoint    ] Leaving safepoint region
[468.845s][info ][safepoint    ] Total time for which application threads were stopped: 0.0001190 seconds, Stopping threads took: 0.0000428 seconds
[469.294s][info ][safepoint    ] Application time: 0.4484805 seconds
[469.294s][info ][safepoint    ] Entering safepoint region: GenCollectForAllocation
[469.294s][info ][gc,start     ] GC(245) Pause Young (Allocation Failure)
[469.294s][info ][gc,task      ] GC(245) Using 4 workers of 4 for evacuation
[469.299s][debug][gc,ref       ] GC(245) Skipped phase1 of Reference Processing due to unavailable references
[469.299s][debug][gc,ref       ] GC(245) Skipped phase3 of Reference Processing due to unavailable references
[469.299s][debug][gc,ref       ] GC(245) Skipped phase4 of Reference Processing due to unavailable references
[469.299s][debug][gc,age       ] GC(245) Desired survivor size 15400960 bytes, new threshold 6 (max threshold 6)
[469.299s][info ][gc,heap      ] GC(245) ParNew: 247584K->8624K(270976K)
[469.299s][info ][gc,heap      ] GC(245) CMS: 369597K->369678K(602112K)
[469.299s][info ][gc,metaspace ] GC(245) Metaspace: 58200K->58200K(1101824K)
[469.299s][info ][gc           ] GC(245) Pause Young (Allocation Failure) 602M->369M(852M) 4.947ms
[469.299s][info ][gc,cpu       ] GC(245) User=0.02s Sys=0.00s Real=0.00s
[469.299s][info ][safepoint    ] Leaving safepoint region
[469.299s][info ][safepoint    ] Total time for which application threads were stopped: 0.0050929 seconds, Stopping threads took: 0.0000149 seconds
[470.299s][info ][safepoint    ] Application time: 1.0000922 seconds
[470.299s][info ][safepoint    ] Entering safepoint region: Cleanup
[470.299s][info ][safepoint    ] Leaving safepoint region
[470.299s][info ][safepoint    ] Total time for which application threads were stopped: 0.0000736 seconds, Stopping threads took: 0.0000163 seconds
[471.079s][info ][safepoint    ] Application time: 0.7797159 seconds
[471.079s][info ][safepoint    ] Entering safepoint region: GenCollectForAllocation
[471.079s][info ][gc,start     ] GC(246) Pause Young (Allocation Failure)
[471.079s][info ][gc,task      ] GC(246) Using 4 workers of 4 for evacuation
[471.083s][debug][gc,ref       ] GC(246) Skipped phase1 of Reference Processing due to unavailable references
[471.083s][debug][gc,ref       ] GC(246) Skipped phase3 of Reference Processing due to unavailable references
[471.083s][debug][gc,ref       ] GC(246) Skipped phase4 of Reference Processing due to unavailable references
[471.084s][debug][gc,age       ] GC(246) Desired survivor size 15400960 bytes, new threshold 6 (max threshold 6)
[471.084s][info ][gc,heap      ] GC(246) ParNew: 249520K->10493K(270976K)
[471.084s][info ][gc,heap      ] GC(246) CMS: 369678K->369788K(602112K)
[471.084s][info ][gc,metaspace ] GC(246) Metaspace: 58208K->58208K(1101824K)
[471.084s][info ][gc           ] GC(246) Pause Young (Allocation Failure) 604M->371M(852M) 4.546ms
[471.084s][info ][gc,cpu       ] GC(246) User=0.02s Sys=0.00s Real=0.01s
[471.084s][info ][safepoint    ] Leaving safepoint region
[471.084s][info ][safepoint    ] Total time for which application threads were stopped: 0.0047481 seconds, Stopping threads took: 0.0000383 seconds
[472.084s][info ][safepoint    ] Application time: 1.0001014 seconds
[472.084s][info ][safepoint    ] Entering safepoint region: Cleanup
[472.084s][info ][safepoint    ] Leaving safepoint region
[472.084s][info ][safepoint    ] Total time for which application threads were stopped: 0.0001170 seconds, Stopping threads took: 0.0000393 seconds
[472.694s][info ][safepoint    ] Application time: 0.6099817 seconds
[472.694s][info ][safepoint    ] Entering safepoint region: GenCollectForAllocation
[472.694s][info ][gc,start     ] GC(247) Pause Young (Allocation Failure)
[472.694s][info ][gc,task      ] GC(247) Using 4 workers of 4 for evacuation
[472.698s][debug][gc,ref       ] GC(247) Skipped phase1 of Reference Processing due to unavailable references
[472.699s][debug][gc,ref       ] GC(247) Skipped phase3 of Reference Processing due to unavailable references
[472.699s][debug][gc,ref       ] GC(247) Skipped phase4 of Reference Processing due to unavailable references
[472.699s][debug][gc,age       ] GC(247) Desired survivor size 15400960 bytes, new threshold 6 (max threshold 6)
[472.699s][info ][gc,heap      ] GC(247) ParNew: 251389K->9166K(270976K)
[472.699s][info ][gc,heap      ] GC(247) CMS: 369788K->369853K(602112K)
[472.699s][info ][gc,metaspace ] GC(247) Metaspace: 58211K->58211K(1101824K)
[472.699s][info ][gc           ] GC(247) Pause Young (Allocation Failure) 606M->370M(852M) 4.689ms
[472.699s][info ][gc,cpu       ] GC(247) User=0.02s Sys=0.00s Real=0.00s
[472.699s][info ][safepoint    ] Leaving safepoint region
[472.699s][info ][safepoint    ] Total time for which application threads were stopped: 0.0048350 seconds, Stopping threads took: 0.0000149 seconds
[473.699s][info ][safepoint    ] Application time: 1.0001168 seconds
[473.699s][info ][safepoint    ] Entering safepoint region: Cleanup
[473.699s][info ][safepoint    ] Leaving safepoint region
[473.699s][info ][safepoint    ] Total time for which application threads were stopped: 0.0001025 seconds, Stopping threads took: 0.0000394 seconds
[474.351s][info ][safepoint    ] Application time: 0.6515080 seconds
[474.351s][info ][safepoint    ] Entering safepoint region: GenCollectForAllocation
[474.351s][info ][gc,start     ] GC(248) Pause Young (Allocation Failure)
[474.351s][info ][gc,task      ] GC(248) Using 4 workers of 4 for evacuation
[474.357s][debug][gc,ref       ] GC(248) Skipped phase1 of Reference Processing due to unavailable references
[474.357s][debug][gc,ref       ] GC(248) Skipped phase3 of Reference Processing due to unavailable references
[474.357s][debug][gc,ref       ] GC(248) Skipped phase4 of Reference Processing due to unavailable references
[474.357s][debug][gc,age       ] GC(248) Desired survivor size 15400960 bytes, new threshold 6 (max threshold 6)
[474.357s][info ][gc,heap      ] GC(248) ParNew: 250062K->6375K(270976K)
[474.357s][info ][gc,heap      ] GC(248) CMS: 369853K->372355K(602112K)
[474.357s][info ][gc,metaspace ] GC(248) Metaspace: 58215K->58215K(1101824K)
[474.358s][info ][gc           ] GC(248) Pause Young (Allocation Failure) 605M->369M(852M) 6.806ms
[474.358s][info ][gc,cpu       ] GC(248) User=0.02s Sys=0.00s Real=0.00s
[474.358s][info ][safepoint    ] Leaving safepoint region
[474.358s][info ][safepoint    ] Total time for which application threads were stopped: 0.0069650 seconds, Stopping threads took: 0.0000158 seconds
[475.358s][info ][safepoint    ] Application time: 1.0001433 seconds
[475.358s][info ][safepoint    ] Entering safepoint region: Cleanup
[475.358s][info ][safepoint    ] Leaving safepoint region
[475.358s][info ][safepoint    ] Total time for which application threads were stopped: 0.0000864 seconds, Stopping threads took: 0.0000175 seconds
[476.043s][info ][safepoint    ] Application time: 0.6847811 seconds
[476.043s][info ][safepoint    ] Entering safepoint region: GenCollectForAllocation
[476.043s][info ][gc,start     ] GC(249) Pause Young (Allocation Failure)
[476.043s][info ][gc,task      ] GC(249) Using 4 workers of 4 for evacuation
[476.047s][debug][gc,ref       ] GC(249) Skipped phase1 of Reference Processing due to unavailable references
[476.047s][debug][gc,ref       ] GC(249) Skipped phase3 of Reference Processing due to unavailable references
[476.047s][debug][gc,ref       ] GC(249) Skipped phase4 of Reference Processing due to unavailable references
[476.047s][debug][gc,age       ] GC(249) Desired survivor size 15400960 bytes, new threshold 6 (max threshold 6)
[476.047s][info ][gc,heap      ] GC(249) ParNew: 247271K->4994K(270976K)
[476.047s][info ][gc,heap      ] GC(249) CMS: 372355K->372495K(602112K)
[476.047s][info ][gc,metaspace ] GC(249) Metaspace: 58217K->58217K(1101824K)
[476.047s][info ][gc           ] GC(249) Pause Young (Allocation Failure) 605M->368M(852M) 4.255ms
[476.047s][info ][gc,cpu       ] GC(249) User=0.01s Sys=0.00s Real=0.00s
[476.047s][info ][safepoint    ] Leaving safepoint region
[476.047s][info ][safepoint    ] Total time for which application threads were stopped: 0.0044236 seconds, Stopping threads took: 0.0000149 seconds
[477.047s][info ][safepoint    ] Application time: 1.0000953 seconds
[477.047s][info ][safepoint    ] Entering safepoint region: Cleanup
[477.047s][info ][safepoint    ] Leaving safepoint region
[477.047s][info ][safepoint    ] Total time for which application threads were stopped: 0.0001123 seconds, Stopping threads took: 0.0000393 seconds
[477.729s][info ][safepoint    ] Application time: 0.6816986 seconds
[477.729s][info ][safepoint    ] Entering safepoint region: GenCollectForAllocation
[477.729s][info ][gc,start     ] GC(250) Pause Young (Allocation Failure)
[477.729s][info ][gc,task      ] GC(250) Using 4 workers of 4 for evacuation
[477.733s][debug][gc,ref       ] GC(250) Skipped phase1 of Reference Processing due to unavailable references
[477.733s][debug][gc,ref       ] GC(250) Skipped phase3 of Reference Processing due to unavailable references
[477.733s][debug][gc,ref       ] GC(250) Skipped phase4 of Reference Processing due to unavailable references
[477.733s][debug][gc,age       ] GC(250) Desired survivor size 15400960 bytes, new threshold 6 (max threshold 6)
[477.733s][info ][gc,heap      ] GC(250) ParNew: 245890K->4591K(270976K)
[477.733s][info ][gc,heap      ] GC(250) CMS: 372495K->372655K(602112K)
[477.733s][info ][gc,metaspace ] GC(250) Metaspace: 58217K->58217K(1101824K)
[477.733s][info ][gc           ] GC(250) Pause Young (Allocation Failure) 603M->368M(852M) 4.109ms
[477.733s][info ][gc,cpu       ] GC(250) User=0.02s Sys=0.00s Real=0.01s
[477.733s][info ][safepoint    ] Leaving safepoint region
[477.733s][info ][safepoint    ] Total time for which application threads were stopped: 0.0043274 seconds, Stopping threads took: 0.0000730 seconds
[478.733s][info ][safepoint    ] Application time: 1.0001017 seconds
[478.734s][info ][safepoint    ] Entering safepoint region: Cleanup
[478.734s][info ][safepoint    ] Leaving safepoint region
[478.734s][info ][safepoint    ] Total time for which application threads were stopped: 0.0001313 seconds, Stopping threads took: 0.0000406 seconds
[479.290s][info ][safepoint    ] Application time: 0.5557998 seconds
[479.290s][info ][safepoint    ] Entering safepoint region: GenCollectForAllocation
[479.290s][info ][gc,start     ] GC(251) Pause Young (Allocation Failure)
[479.290s][info ][gc,task      ] GC(251) Using 4 workers of 4 for evacuation
[479.295s][debug][gc,ref       ] GC(251) Skipped phase1 of Reference Processing due to unavailable references
[479.295s][debug][gc,ref       ] GC(251) Skipped phase3 of Reference Processing due to unavailable references
[479.295s][debug][gc,ref       ] GC(251) Skipped phase4 of Reference Processing due to unavailable references
[479.295s][debug][gc,age       ] GC(251) Desired survivor size 15400960 bytes, new threshold 6 (max threshold 6)
[479.295s][info ][gc,heap      ] GC(251) ParNew: 245487K->4006K(270976K)
[479.295s][info ][gc,heap      ] GC(251) CMS: 372655K->374666K(602112K)
[479.295s][info ][gc,metaspace ] GC(251) Metaspace: 58217K->58217K(1101824K)
[479.295s][info ][gc           ] GC(251) Pause Young (Allocation Failure) 603M->369M(852M) 5.191ms
[479.295s][info ][gc,cpu       ] GC(251) User=0.02s Sys=0.00s Real=0.01s
[479.295s][info ][safepoint    ] Leaving safepoint region
[479.295s][info ][safepoint    ] Total time for which application threads were stopped: 0.0053334 seconds, Stopping threads took: 0.0000147 seconds
[480.295s][info ][safepoint    ] Application time: 1.0001047 seconds
[480.295s][info ][safepoint    ] Entering safepoint region: Cleanup
[480.295s][info ][safepoint    ] Leaving safepoint region
[480.295s][info ][safepoint    ] Total time for which application threads were stopped: 0.0001146 seconds, Stopping threads took: 0.0000416 seconds
[480.978s][info ][safepoint    ] Application time: 0.6829688 seconds
[480.978s][info ][safepoint    ] Entering safepoint region: GenCollectForAllocation
[480.978s][info ][gc,start     ] GC(252) Pause Young (Allocation Failure)
[480.978s][info ][gc,task      ] GC(252) Using 4 workers of 4 for evacuation
[480.981s][debug][gc,ref       ] GC(252) Skipped phase1 of Reference Processing due to unavailable references
[480.981s][debug][gc,ref       ] GC(252) Skipped phase3 of Reference Processing due to unavailable references
[480.981s][debug][gc,ref       ] GC(252) Skipped phase4 of Reference Processing due to unavailable references
[480.981s][debug][gc,age       ] GC(252) Desired survivor size 15400960 bytes, new threshold 6 (max threshold 6)
[480.981s][info ][gc,heap      ] GC(252) ParNew: 244902K->2881K(270976K)
[480.981s][info ][gc,heap      ] GC(252) CMS: 374666K->374703K(602112K)
[480.981s][info ][gc,metaspace ] GC(252) Metaspace: 58217K->58217K(1101824K)
[480.981s][info ][gc           ] GC(252) Pause Young (Allocation Failure) 605M->368M(852M) 3.169ms
[480.981s][info ][gc,cpu       ] GC(252) User=0.01s Sys=0.00s Real=0.00s
[480.981s][info ][safepoint    ] Leaving safepoint region
[480.981s][info ][safepoint    ] Total time for which application threads were stopped: 0.0033538 seconds, Stopping threads took: 0.0000570 seconds
[481.982s][info ][safepoint    ] Application time: 1.0000943 seconds
[481.982s][info ][safepoint    ] Entering safepoint region: Cleanup
[481.982s][info ][safepoint    ] Leaving safepoint region
[481.982s][info ][safepoint    ] Total time for which application threads were stopped: 0.0001065 seconds, Stopping threads took: 0.0000447 seconds
[482.431s][info ][safepoint    ] Application time: 0.4490138 seconds
[482.431s][info ][safepoint    ] Entering safepoint region: GenCollectForAllocation
[482.431s][info ][gc,start     ] GC(253) Pause Young (Allocation Failure)
[482.431s][info ][gc,task      ] GC(253) Using 4 workers of 4 for evacuation
[482.435s][debug][gc,ref       ] GC(253) Skipped phase1 of Reference Processing due to unavailable references
[482.435s][debug][gc,ref       ] GC(253) Skipped phase3 of Reference Processing due to unavailable references
[482.435s][debug][gc,ref       ] GC(253) Skipped phase4 of Reference Processing due to unavailable references
[482.435s][debug][gc,age       ] GC(253) Desired survivor size 15400960 bytes, new threshold 6 (max threshold 6)
[482.435s][info ][gc,heap      ] GC(253) ParNew: 243777K->6068K(270976K)
[482.435s][info ][gc,heap      ] GC(253) CMS: 374703K->374909K(602112K)
[482.435s][info ][gc,metaspace ] GC(253) Metaspace: 58219K->58219K(1101824K)
[482.435s][info ][gc           ] GC(253) Pause Young (Allocation Failure) 603M->372M(852M) 4.311ms
[482.435s][info ][gc,cpu       ] GC(253) User=0.01s Sys=0.00s Real=0.00s
[482.435s][info ][safepoint    ] Leaving safepoint region
[482.435s][info ][safepoint    ] Total time for which application threads were stopped: 0.0044504 seconds, Stopping threads took: 0.0000140 seconds
[483.435s][info ][safepoint    ] Application time: 1.0000862 seconds
[483.435s][info ][safepoint    ] Entering safepoint region: Cleanup
[483.435s][info ][safepoint    ] Leaving safepoint region
[483.435s][info ][safepoint    ] Total time for which application threads were stopped: 0.0001272 seconds, Stopping threads took: 0.0000577 seconds
[483.928s][info ][safepoint    ] Application time: 0.4929041 seconds
[483.928s][info ][safepoint    ] Entering safepoint region: GenCollectForAllocation
[483.929s][info ][gc,start     ] GC(254) Pause Young (Allocation Failure)
[483.929s][info ][gc,task      ] GC(254) Using 4 workers of 4 for evacuation
[483.933s][debug][gc,ref       ] GC(254) Skipped phase1 of Reference Processing due to unavailable references
[483.933s][debug][gc,ref       ] GC(254) Skipped phase3 of Reference Processing due to unavailable references
[483.933s][debug][gc,ref       ] GC(254) Skipped phase4 of Reference Processing due to unavailable references
[483.933s][debug][gc,age       ] GC(254) Desired survivor size 15400960 bytes, new threshold 6 (max threshold 6)
[483.933s][info ][gc,heap      ] GC(254) ParNew: 246964K->8194K(270976K)
[483.933s][info ][gc,heap      ] GC(254) CMS: 374909K->375025K(602112K)
[483.933s][info ][gc,metaspace ] GC(254) Metaspace: 58223K->58223K(1101824K)
[483.933s][info ][gc           ] GC(254) Pause Young (Allocation Failure) 607M->374M(852M) 4.900ms
[483.934s][info ][gc,cpu       ] GC(254) User=0.02s Sys=0.00s Real=0.01s
[483.934s][info ][safepoint    ] Leaving safepoint region
[483.934s][info ][safepoint    ] Total time for which application threads were stopped: 0.0050912 seconds, Stopping threads took: 0.0000616 seconds
[484.934s][info ][safepoint    ] Application time: 1.0000949 seconds
[484.934s][info ][safepoint    ] Entering safepoint region: Cleanup
[484.934s][info ][safepoint    ] Leaving safepoint region
[484.934s][info ][safepoint    ] Total time for which application threads were stopped: 0.0001281 seconds, Stopping threads took: 0.0000617 seconds
[485.601s][info ][safepoint    ] Application time: 0.6676851 seconds
[485.602s][info ][safepoint    ] Entering safepoint region: GenCollectForAllocation
[485.602s][info ][gc,start     ] GC(255) Pause Young (Allocation Failure)
[485.602s][info ][gc,task      ] GC(255) Using 4 workers of 4 for evacuation
[485.606s][debug][gc,ref       ] GC(255) Skipped phase1 of Reference Processing due to unavailable references
[485.606s][debug][gc,ref       ] GC(255) Skipped phase3 of Reference Processing due to unavailable references
[485.606s][debug][gc,ref       ] GC(255) Skipped phase4 of Reference Processing due to unavailable references
[485.606s][debug][gc,age       ] GC(255) Desired survivor size 15400960 bytes, new threshold 6 (max threshold 6)
[485.606s][info ][gc,heap      ] GC(255) ParNew: 249090K->11817K(270976K)
[485.606s][info ][gc,heap      ] GC(255) CMS: 375025K->375061K(602112K)
[485.606s][info ][gc,metaspace ] GC(255) Metaspace: 58223K->58223K(1101824K)
[485.606s][info ][gc           ] GC(255) Pause Young (Allocation Failure) 609M->377M(852M) 4.774ms
[485.606s][info ][gc,cpu       ] GC(255) User=0.02s Sys=0.00s Real=0.01s
[485.606s][info ][safepoint    ] Leaving safepoint region
[485.606s][info ][safepoint    ] Total time for which application threads were stopped: 0.0049435 seconds, Stopping threads took: 0.0000179 seconds
[486.607s][info ][safepoint    ] Application time: 1.0000972 seconds
[486.607s][info ][safepoint    ] Entering safepoint region: Cleanup
[486.607s][info ][safepoint    ] Leaving safepoint region
[486.607s][info ][safepoint    ] Total time for which application threads were stopped: 0.0000842 seconds, Stopping threads took: 0.0000160 seconds
[487.279s][info ][safepoint    ] Application time: 0.6719339 seconds
[487.279s][info ][safepoint    ] Entering safepoint region: GenCollectForAllocation
[487.279s][info ][gc,start     ] GC(256) Pause Young (Allocation Failure)
[487.279s][info ][gc,task      ] GC(256) Using 4 workers of 4 for evacuation
[487.284s][debug][gc,ref       ] GC(256) Skipped phase1 of Reference Processing due to unavailable references
[487.284s][debug][gc,ref       ] GC(256) Skipped phase3 of Reference Processing due to unavailable references
[487.284s][debug][gc,ref       ] GC(256) Skipped phase4 of Reference Processing due to unavailable references
[487.284s][debug][gc,age       ] GC(256) Desired survivor size 15400960 bytes, new threshold 6 (max threshold 6)
[487.284s][info ][gc,heap      ] GC(256) ParNew: 252713K->8824K(270976K)
[487.284s][info ][gc,heap      ] GC(256) CMS: 375061K->375263K(602112K)
[487.284s][info ][gc,metaspace ] GC(256) Metaspace: 58223K->58223K(1101824K)
[487.284s][info ][gc           ] GC(256) Pause Young (Allocation Failure) 613M->375M(852M) 5.473ms
[487.284s][info ][gc,cpu       ] GC(256) User=0.02s Sys=0.00s Real=0.01s
[487.284s][info ][safepoint    ] Leaving safepoint region
[487.284s][info ][safepoint    ] Total time for which application threads were stopped: 0.0056920 seconds, Stopping threads took: 0.0000831 seconds
[488.284s][info ][safepoint    ] Application time: 1.0001066 seconds
[488.285s][info ][safepoint    ] Entering safepoint region: Cleanup
[488.285s][info ][safepoint    ] Leaving safepoint region
[488.285s][info ][safepoint    ] Total time for which application threads were stopped: 0.0001326 seconds, Stopping threads took: 0.0000483 seconds
[488.803s][info ][safepoint    ] Application time: 0.5182857 seconds
[488.803s][info ][safepoint    ] Entering safepoint region: GenCollectForAllocation
[488.803s][info ][gc,start     ] GC(257) Pause Young (Allocation Failure)
[488.803s][info ][gc,task      ] GC(257) Using 4 workers of 4 for evacuation
[488.808s][debug][gc,ref       ] GC(257) Skipped phase1 of Reference Processing due to unavailable references
[488.808s][debug][gc,ref       ] GC(257) Skipped phase3 of Reference Processing due to unavailable references
[488.808s][debug][gc,ref       ] GC(257) Skipped phase4 of Reference Processing due to unavailable references
[488.808s][debug][gc,age       ] GC(257) Desired survivor size 15400960 bytes, new threshold 6 (max threshold 6)
[488.808s][info ][gc,heap      ] GC(257) ParNew: 249720K->11967K(270976K)
[488.808s][info ][gc,heap      ] GC(257) CMS: 375263K->375337K(602112K)
[488.808s][info ][gc,metaspace ] GC(257) Metaspace: 58223K->58223K(1101824K)
[488.808s][info ][gc           ] GC(257) Pause Young (Allocation Failure) 610M->378M(852M) 4.819ms
[488.808s][info ][gc,cpu       ] GC(257) User=0.02s Sys=0.00s Real=0.00s
[488.808s][info ][safepoint    ] Leaving safepoint region
[488.808s][info ][safepoint    ] Total time for which application threads were stopped: 0.0049768 seconds, Stopping threads took: 0.0000155 seconds
[489.808s][info ][safepoint    ] Application time: 1.0000920 seconds
[489.808s][info ][safepoint    ] Entering safepoint region: Cleanup
[489.808s][info ][safepoint    ] Leaving safepoint region
[489.808s][info ][safepoint    ] Total time for which application threads were stopped: 0.0000689 seconds, Stopping threads took: 0.0000171 seconds
[490.579s][info ][safepoint    ] Application time: 0.7708040 seconds
[490.579s][info ][safepoint    ] Entering safepoint region: GenCollectForAllocation
[490.579s][info ][gc,start     ] GC(258) Pause Young (Allocation Failure)
[490.579s][info ][gc,task      ] GC(258) Using 4 workers of 4 for evacuation
[490.584s][debug][gc,ref       ] GC(258) Skipped phase1 of Reference Processing due to unavailable references
[490.584s][debug][gc,ref       ] GC(258) Skipped phase3 of Reference Processing due to unavailable references
[490.584s][debug][gc,ref       ] GC(258) Skipped phase4 of Reference Processing due to unavailable references
[490.584s][debug][gc,age       ] GC(258) Desired survivor size 15400960 bytes, new threshold 6 (max threshold 6)
[490.584s][info ][gc,heap      ] GC(258) ParNew: 252863K->8753K(270976K)
[490.584s][info ][gc,heap      ] GC(258) CMS: 375337K->375643K(602112K)
[490.584s][info ][gc,metaspace ] GC(258) Metaspace: 58231K->58231K(1101824K)
[490.584s][info ][gc           ] GC(258) Pause Young (Allocation Failure) 613M->375M(852M) 4.884ms
[490.584s][info ][gc,cpu       ] GC(258) User=0.02s Sys=0.00s Real=0.01s
[490.584s][info ][safepoint    ] Leaving safepoint region
[490.584s][info ][safepoint    ] Total time for which application threads were stopped: 0.0050643 seconds, Stopping threads took: 0.0000486 seconds
[491.584s][info ][safepoint    ] Application time: 1.0000979 seconds
[491.584s][info ][safepoint    ] Entering safepoint region: Cleanup
[491.584s][info ][safepoint    ] Leaving safepoint region
[491.584s][info ][safepoint    ] Total time for which application threads were stopped: 0.0001233 seconds, Stopping threads took: 0.0000392 seconds
[492.159s][info ][safepoint    ] Application time: 0.5749155 seconds
[492.159s][info ][safepoint    ] Entering safepoint region: GenCollectForAllocation
[492.159s][info ][gc,start     ] GC(259) Pause Young (Allocation Failure)
[492.159s][info ][gc,task      ] GC(259) Using 4 workers of 4 for evacuation
[492.176s][debug][gc,ref       ] GC(259) Skipped phase1 of Reference Processing due to unavailable references
[492.176s][debug][gc,ref       ] GC(259) Skipped phase3 of Reference Processing due to unavailable references
[492.176s][debug][gc,ref       ] GC(259) Skipped phase4 of Reference Processing due to unavailable references
[492.176s][debug][gc,age       ] GC(259) Desired survivor size 15400960 bytes, new threshold 6 (max threshold 6)
[492.176s][info ][gc,heap      ] GC(259) ParNew: 249649K->9210K(270976K)
[492.176s][info ][gc,heap      ] GC(259) CMS: 375643K->378264K(602112K)
[492.176s][info ][gc,metaspace ] GC(259) Metaspace: 58231K->58231K(1101824K)
[492.176s][info ][gc           ] GC(259) Pause Young (Allocation Failure) 610M->378M(852M) 16.725ms
[492.176s][info ][gc,cpu       ] GC(259) User=0.03s Sys=0.00s Real=0.02s
[492.176s][info ][safepoint    ] Leaving safepoint region
[492.176s][info ][safepoint    ] Total time for which application threads were stopped: 0.0169237 seconds, Stopping threads took: 0.0000169 seconds
[493.176s][info ][safepoint    ] Application time: 1.0001280 seconds
[493.176s][info ][safepoint    ] Entering safepoint region: Cleanup
[493.176s][info ][safepoint    ] Leaving safepoint region
[493.177s][info ][safepoint    ] Total time for which application threads were stopped: 0.0001583 seconds, Stopping threads took: 0.0000309 seconds
[493.798s][info ][safepoint    ] Application time: 0.6216691 seconds
[493.798s][info ][safepoint    ] Entering safepoint region: GenCollectForAllocation
[493.798s][info ][gc,start     ] GC(260) Pause Young (Allocation Failure)
[493.798s][info ][gc,task      ] GC(260) Using 4 workers of 4 for evacuation
[493.825s][debug][gc,ref       ] GC(260) Skipped phase1 of Reference Processing due to unavailable references
[493.825s][debug][gc,ref       ] GC(260) Skipped phase3 of Reference Processing due to unavailable references
[493.825s][debug][gc,ref       ] GC(260) Skipped phase4 of Reference Processing due to unavailable references
[493.825s][debug][gc,age       ] GC(260) Desired survivor size 15400960 bytes, new threshold 6 (max threshold 6)
[493.825s][info ][gc,heap      ] GC(260) ParNew: 250106K->3220K(270976K)
[493.825s][info ][gc,heap      ] GC(260) CMS: 378264K->381382K(602112K)
[493.825s][info ][gc,metaspace ] GC(260) Metaspace: 58233K->58233K(1101824K)
[493.825s][info ][gc           ] GC(260) Pause Young (Allocation Failure) 613M->375M(852M) 26.981ms
[493.825s][info ][gc,cpu       ] GC(260) User=0.06s Sys=0.01s Real=0.03s
[493.825s][info ][safepoint    ] Leaving safepoint region
[493.825s][info ][safepoint    ] Total time for which application threads were stopped: 0.0271521 seconds, Stopping threads took: 0.0000153 seconds
[494.825s][info ][safepoint    ] Application time: 1.0000855 seconds
[494.826s][info ][safepoint    ] Entering safepoint region: Cleanup
[494.826s][info ][safepoint    ] Leaving safepoint region
[494.826s][info ][safepoint    ] Total time for which application threads were stopped: 0.0001018 seconds, Stopping threads took: 0.0000156 seconds
[495.340s][info ][safepoint    ] Application time: 0.5145719 seconds
[495.340s][info ][safepoint    ] Entering safepoint region: GenCollectForAllocation
[495.340s][info ][gc,start     ] GC(261) Pause Young (Allocation Failure)
[495.340s][info ][gc,task      ] GC(261) Using 4 workers of 4 for evacuation
[495.344s][debug][gc,ref       ] GC(261) Skipped phase1 of Reference Processing due to unavailable references
[495.344s][debug][gc,ref       ] GC(261) Skipped phase3 of Reference Processing due to unavailable references
[495.344s][debug][gc,ref       ] GC(261) Skipped phase4 of Reference Processing due to unavailable references
[495.344s][debug][gc,age       ] GC(261) Desired survivor size 15400960 bytes, new threshold 6 (max threshold 6)
[495.344s][info ][gc,heap      ] GC(261) ParNew: 244116K->2154K(270976K)
[495.344s][info ][gc,heap      ] GC(261) CMS: 381382K->381548K(602112K)
[495.344s][info ][gc,metaspace ] GC(261) Metaspace: 58237K->58237K(1101824K)
[495.344s][info ][gc           ] GC(261) Pause Young (Allocation Failure) 610M->374M(852M) 3.860ms
[495.344s][info ][gc,cpu       ] GC(261) User=0.01s Sys=0.00s Real=0.01s
[495.344s][info ][safepoint    ] Leaving safepoint region
[495.344s][info ][safepoint    ] Total time for which application threads were stopped: 0.0040138 seconds, Stopping threads took: 0.0000137 seconds
[496.344s][info ][safepoint    ] Application time: 1.0000902 seconds
[496.344s][info ][safepoint    ] Entering safepoint region: Cleanup
[496.344s][info ][safepoint    ] Leaving safepoint region
[496.344s][info ][safepoint    ] Total time for which application threads were stopped: 0.0000963 seconds, Stopping threads took: 0.0000389 seconds
[496.927s][info ][safepoint    ] Application time: 0.5825065 seconds
[496.927s][info ][safepoint    ] Entering safepoint region: GenCollectForAllocation
[496.927s][info ][gc,start     ] GC(262) Pause Young (Allocation Failure)
[496.927s][info ][gc,task      ] GC(262) Using 4 workers of 4 for evacuation
[496.930s][debug][gc,ref       ] GC(262) Skipped phase1 of Reference Processing due to unavailable references
[496.930s][debug][gc,ref       ] GC(262) Skipped phase3 of Reference Processing due to unavailable references
[496.930s][debug][gc,ref       ] GC(262) Skipped phase4 of Reference Processing due to unavailable references
[496.931s][debug][gc,age       ] GC(262) Desired survivor size 15400960 bytes, new threshold 6 (max threshold 6)
[496.931s][info ][gc,heap      ] GC(262) ParNew: 243050K->2463K(270976K)
[496.931s][info ][gc,heap      ] GC(262) CMS: 381548K->381598K(602112K)
[496.931s][info ][gc,metaspace ] GC(262) Metaspace: 58238K->58238K(1101824K)
[496.931s][info ][gc           ] GC(262) Pause Young (Allocation Failure) 609M->375M(852M) 3.479ms
[496.931s][info ][gc,cpu       ] GC(262) User=0.01s Sys=0.00s Real=0.01s
[496.931s][info ][safepoint    ] Leaving safepoint region
[496.931s][info ][safepoint    ] Total time for which application threads were stopped: 0.0036354 seconds, Stopping threads took: 0.0000160 seconds
[497.931s][info ][safepoint    ] Application time: 1.0000978 seconds
[497.931s][info ][safepoint    ] Entering safepoint region: Cleanup
[497.931s][info ][safepoint    ] Leaving safepoint region
[497.931s][info ][safepoint    ] Total time for which application threads were stopped: 0.0001068 seconds, Stopping threads took: 0.0000371 seconds
[498.529s][info ][safepoint    ] Application time: 0.5979012 seconds
[498.529s][info ][safepoint    ] Entering safepoint region: GenCollectForAllocation
[498.529s][info ][gc,start     ] GC(263) Pause Young (Allocation Failure)
[498.529s][info ][gc,task      ] GC(263) Using 4 workers of 4 for evacuation
[498.533s][debug][gc,ref       ] GC(263) Skipped phase1 of Reference Processing due to unavailable references
[498.533s][debug][gc,ref       ] GC(263) Skipped phase3 of Reference Processing due to unavailable references
[498.533s][debug][gc,ref       ] GC(263) Skipped phase4 of Reference Processing due to unavailable references
[498.533s][debug][gc,age       ] GC(263) Desired survivor size 15400960 bytes, new threshold 6 (max threshold 6)
[498.533s][info ][gc,heap      ] GC(263) ParNew: 243359K->2357K(270976K)
[498.533s][info ][gc,heap      ] GC(263) CMS: 381598K->381684K(602112K)
[498.533s][info ][gc,metaspace ] GC(263) Metaspace: 58238K->58238K(1101824K)
[498.533s][info ][gc           ] GC(263) Pause Young (Allocation Failure) 610M->375M(852M) 3.823ms
[498.533s][info ][gc,cpu       ] GC(263) User=0.02s Sys=0.00s Real=0.01s
[498.533s][info ][safepoint    ] Leaving safepoint region
[498.533s][info ][safepoint    ] Total time for which application threads were stopped: 0.0040040 seconds, Stopping threads took: 0.0000449 seconds
[499.533s][info ][safepoint    ] Application time: 1.0001022 seconds
[499.533s][info ][safepoint    ] Entering safepoint region: Cleanup
[499.533s][info ][safepoint    ] Leaving safepoint region
[499.533s][info ][safepoint    ] Total time for which application threads were stopped: 0.0001079 seconds, Stopping threads took: 0.0000405 seconds
[500.147s][info ][safepoint    ] Application time: 0.6143768 seconds
[500.148s][info ][safepoint    ] Entering safepoint region: GenCollectForAllocation
[500.148s][info ][gc,start     ] GC(264) Pause Young (Allocation Failure)
[500.148s][info ][gc,task      ] GC(264) Using 4 workers of 4 for evacuation
[500.151s][debug][gc,ref       ] GC(264) Skipped phase1 of Reference Processing due to unavailable references
[500.151s][debug][gc,ref       ] GC(264) Skipped phase3 of Reference Processing due to unavailable references
[500.151s][debug][gc,ref       ] GC(264) Skipped phase4 of Reference Processing due to unavailable references
[500.152s][debug][gc,age       ] GC(264) Desired survivor size 15400960 bytes, new threshold 6 (max threshold 6)
[500.152s][info ][gc,heap      ] GC(264) ParNew: 243253K->2352K(270976K)
[500.152s][info ][gc,heap      ] GC(264) CMS: 381684K->381719K(602112K)
[500.152s][info ][gc,metaspace ] GC(264) Metaspace: 58239K->58239K(1101824K)
[500.152s][info ][gc           ] GC(264) Pause Young (Allocation Failure) 610M->375M(852M) 3.993ms
[500.152s][info ][gc,cpu       ] GC(264) User=0.01s Sys=0.00s Real=0.01s
[500.152s][info ][safepoint    ] Leaving safepoint region
[500.152s][info ][safepoint    ] Total time for which application threads were stopped: 0.0041655 seconds, Stopping threads took: 0.0000162 seconds
[501.152s][info ][safepoint    ] Application time: 1.0001060 seconds
[501.152s][info ][safepoint    ] Entering safepoint region: Cleanup
[501.152s][info ][safepoint    ] Leaving safepoint region
[501.152s][info ][safepoint    ] Total time for which application threads were stopped: 0.0001024 seconds, Stopping threads took: 0.0000256 seconds
[501.606s][info ][safepoint    ] Application time: 0.4543115 seconds
[501.606s][info ][safepoint    ] Entering safepoint region: GenCollectForAllocation
[501.606s][info ][gc,start     ] GC(265) Pause Young (Allocation Failure)
[501.606s][info ][gc,task      ] GC(265) Using 4 workers of 4 for evacuation
[501.611s][debug][gc,ref       ] GC(265) Skipped phase1 of Reference Processing due to unavailable references
[501.611s][debug][gc,ref       ] GC(265) Skipped phase3 of Reference Processing due to unavailable references
[501.611s][debug][gc,ref       ] GC(265) Skipped phase4 of Reference Processing due to unavailable references
[501.611s][debug][gc,age       ] GC(265) Desired survivor size 15400960 bytes, new threshold 6 (max threshold 6)
[501.611s][info ][gc,heap      ] GC(265) ParNew: 243248K->5510K(270976K)
[501.611s][info ][gc,heap      ] GC(265) CMS: 381719K->381849K(602112K)
[501.611s][info ][gc,metaspace ] GC(265) Metaspace: 58239K->58239K(1101824K)
[501.611s][info ][gc           ] GC(265) Pause Young (Allocation Failure) 610M->378M(852M) 4.739ms
[501.611s][info ][gc,cpu       ] GC(265) User=0.02s Sys=0.00s Real=0.01s
[501.611s][info ][safepoint    ] Leaving safepoint region
[501.611s][info ][safepoint    ] Total time for which application threads were stopped: 0.0049243 seconds, Stopping threads took: 0.0000206 seconds
[502.611s][info ][safepoint    ] Application time: 1.0001036 seconds
[502.611s][info ][safepoint    ] Entering safepoint region: Cleanup
[502.611s][info ][safepoint    ] Leaving safepoint region
[502.611s][info ][safepoint    ] Total time for which application threads were stopped: 0.0000662 seconds, Stopping threads took: 0.0000167 seconds
[503.230s][info ][safepoint    ] Application time: 0.6182027 seconds
[503.230s][info ][safepoint    ] Entering safepoint region: GenCollectForAllocation
[503.230s][info ][gc,start     ] GC(266) Pause Young (Allocation Failure)
[503.230s][info ][gc,task      ] GC(266) Using 4 workers of 4 for evacuation
[503.234s][debug][gc,ref       ] GC(266) Skipped phase1 of Reference Processing due to unavailable references
[503.234s][debug][gc,ref       ] GC(266) Skipped phase3 of Reference Processing due to unavailable references
[503.234s][debug][gc,ref       ] GC(266) Skipped phase4 of Reference Processing due to unavailable references
[503.234s][debug][gc,age       ] GC(266) Desired survivor size 15400960 bytes, new threshold 6 (max threshold 6)
[503.234s][info ][gc,heap      ] GC(266) ParNew: 246406K->6764K(270976K)
[503.234s][info ][gc,heap      ] GC(266) CMS: 381849K->382031K(602112K)
[503.234s][info ][gc,metaspace ] GC(266) Metaspace: 58239K->58239K(1101824K)
[503.234s][info ][gc           ] GC(266) Pause Young (Allocation Failure) 613M->379M(852M) 4.304ms
[503.234s][info ][gc,cpu       ] GC(266) User=0.02s Sys=0.00s Real=0.01s
[503.234s][info ][safepoint    ] Leaving safepoint region
[503.234s][info ][safepoint    ] Total time for which application threads were stopped: 0.0045214 seconds, Stopping threads took: 0.0000407 seconds
[504.234s][info ][safepoint    ] Application time: 1.0001169 seconds
[504.234s][info ][safepoint    ] Entering safepoint region: Cleanup
[504.234s][info ][safepoint    ] Leaving safepoint region
[504.234s][info ][safepoint    ] Total time for which application threads were stopped: 0.0001056 seconds, Stopping threads took: 0.0000386 seconds
[504.790s][info ][safepoint    ] Application time: 0.5552481 seconds
[504.790s][info ][safepoint    ] Entering safepoint region: GenCollectForAllocation
[504.790s][info ][gc,start     ] GC(267) Pause Young (Allocation Failure)
[504.790s][info ][gc,task      ] GC(267) Using 4 workers of 4 for evacuation
[504.794s][debug][gc,ref       ] GC(267) Skipped phase1 of Reference Processing due to unavailable references
[504.794s][debug][gc,ref       ] GC(267) Skipped phase3 of Reference Processing due to unavailable references
[504.794s][debug][gc,ref       ] GC(267) Skipped phase4 of Reference Processing due to unavailable references
[504.794s][debug][gc,age       ] GC(267) Desired survivor size 15400960 bytes, new threshold 6 (max threshold 6)
[504.794s][info ][gc,heap      ] GC(267) ParNew: 247660K->7278K(270976K)
[504.794s][info ][gc,heap      ] GC(267) CMS: 382031K->382137K(602112K)
[504.794s][info ][gc,metaspace ] GC(267) Metaspace: 58239K->58239K(1101824K)
[504.794s][info ][gc           ] GC(267) Pause Young (Allocation Failure) 614M->380M(852M) 4.207ms
[504.794s][info ][gc,cpu       ] GC(267) User=0.01s Sys=0.01s Real=0.01s
[504.794s][info ][safepoint    ] Leaving safepoint region
[504.794s][info ][safepoint    ] Total time for which application threads were stopped: 0.0043454 seconds, Stopping threads took: 0.0000152 seconds
[505.794s][info ][safepoint    ] Application time: 1.0001016 seconds
[505.794s][info ][safepoint    ] Entering safepoint region: Cleanup
[505.794s][info ][safepoint    ] Leaving safepoint region
[505.794s][info ][safepoint    ] Total time for which application threads were stopped: 0.0000970 seconds, Stopping threads took: 0.0000356 seconds
[506.349s][info ][safepoint    ] Application time: 0.5543114 seconds
[506.349s][info ][safepoint    ] Entering safepoint region: GenCollectForAllocation
[506.349s][info ][gc,start     ] GC(268) Pause Young (Allocation Failure)
[506.349s][info ][gc,task      ] GC(268) Using 4 workers of 4 for evacuation
[506.353s][debug][gc,ref       ] GC(268) Skipped phase1 of Reference Processing due to unavailable references
[506.353s][debug][gc,ref       ] GC(268) Skipped phase2 of Reference Processing due to unavailable references
[506.353s][debug][gc,ref       ] GC(268) Skipped phase3 of Reference Processing due to unavailable references
[506.353s][debug][gc,ref       ] GC(268) Skipped phase4 of Reference Processing due to unavailable references
[506.353s][debug][gc,age       ] GC(268) Desired survivor size 15400960 bytes, new threshold 6 (max threshold 6)
[506.353s][info ][gc,heap      ] GC(268) ParNew: 248174K->7381K(270976K)
[506.353s][info ][gc,heap      ] GC(268) CMS: 382137K->382232K(602112K)
[506.353s][info ][gc,metaspace ] GC(268) Metaspace: 58239K->58239K(1101824K)
[506.353s][info ][gc           ] GC(268) Pause Young (Allocation Failure) 615M->380M(852M) 4.407ms
[506.353s][info ][gc,cpu       ] GC(268) User=0.01s Sys=0.00s Real=0.01s
[506.353s][info ][safepoint    ] Leaving safepoint region
[506.353s][info ][safepoint    ] Total time for which application threads were stopped: 0.0045675 seconds, Stopping threads took: 0.0000150 seconds
[507.846s][info ][safepoint    ] Application time: 1.4927765 seconds
[507.846s][info ][safepoint    ] Entering safepoint region: GenCollectForAllocation
[507.846s][info ][gc,start     ] GC(269) Pause Young (Allocation Failure)
[507.846s][info ][gc,task      ] GC(269) Using 4 workers of 4 for evacuation
[507.851s][debug][gc,ref       ] GC(269) Skipped phase1 of Reference Processing due to unavailable references
[507.851s][debug][gc,ref       ] GC(269) Skipped phase2 of Reference Processing due to unavailable references
[507.851s][debug][gc,ref       ] GC(269) Skipped phase3 of Reference Processing due to unavailable references
[507.851s][debug][gc,ref       ] GC(269) Skipped phase4 of Reference Processing due to unavailable references
[507.851s][debug][gc,age       ] GC(269) Desired survivor size 15400960 bytes, new threshold 6 (max threshold 6)
[507.851s][info ][gc,heap      ] GC(269) ParNew: 248277K->7800K(270976K)
[507.851s][info ][gc,heap      ] GC(269) CMS: 382232K->382264K(602112K)
[507.851s][info ][gc,metaspace ] GC(269) Metaspace: 58239K->58239K(1101824K)
[507.851s][info ][gc           ] GC(269) Pause Young (Allocation Failure) 615M->380M(852M) 4.867ms
[507.851s][info ][gc,cpu       ] GC(269) User=0.01s Sys=0.01s Real=0.01s
[507.851s][info ][safepoint    ] Leaving safepoint region
[507.851s][info ][safepoint    ] Total time for which application threads were stopped: 0.0050130 seconds, Stopping threads took: 0.0000154 seconds
[509.497s][info ][safepoint    ] Application time: 1.6456303 seconds
[509.497s][info ][safepoint    ] Entering safepoint region: GenCollectForAllocation
[509.497s][info ][gc,start     ] GC(270) Pause Young (Allocation Failure)
[509.497s][info ][gc,task      ] GC(270) Using 4 workers of 4 for evacuation
[509.501s][debug][gc,ref       ] GC(270) Skipped phase1 of Reference Processing due to unavailable references
[509.501s][debug][gc,ref       ] GC(270) Skipped phase2 of Reference Processing due to unavailable references
[509.501s][debug][gc,ref       ] GC(270) Skipped phase3 of Reference Processing due to unavailable references
[509.501s][debug][gc,ref       ] GC(270) Skipped phase4 of Reference Processing due to unavailable references
[509.502s][debug][gc,age       ] GC(270) Desired survivor size 15400960 bytes, new threshold 6 (max threshold 6)
[509.502s][info ][gc,heap      ] GC(270) ParNew: 248696K->7342K(270976K)
[509.502s][info ][gc,heap      ] GC(270) CMS: 382264K->382348K(602112K)
[509.502s][info ][gc,metaspace ] GC(270) Metaspace: 58245K->58245K(1101824K)
[509.502s][info ][gc           ] GC(270) Pause Young (Allocation Failure) 616M->380M(852M) 4.861ms
[509.502s][info ][gc,cpu       ] GC(270) User=0.02s Sys=0.00s Real=0.00s
[509.502s][info ][safepoint    ] Leaving safepoint region
[509.502s][info ][safepoint    ] Total time for which application threads were stopped: 0.0050252 seconds, Stopping threads took: 0.0000160 seconds
[510.502s][info ][safepoint    ] Application time: 1.0000993 seconds
[510.502s][info ][safepoint    ] Entering safepoint region: Cleanup
[510.502s][info ][safepoint    ] Leaving safepoint region
[510.502s][info ][safepoint    ] Total time for which application threads were stopped: 0.0000694 seconds, Stopping threads took: 0.0000159 seconds
[511.029s][info ][safepoint    ] Application time: 0.5274620 seconds
[511.029s][info ][safepoint    ] Entering safepoint region: GenCollectForAllocation
[511.030s][info ][gc,start     ] GC(271) Pause Young (Allocation Failure)
[511.030s][info ][gc,task      ] GC(271) Using 4 workers of 4 for evacuation
[511.037s][debug][gc,ref       ] GC(271) Skipped phase1 of Reference Processing due to unavailable references
[511.037s][debug][gc,ref       ] GC(271) Skipped phase2 of Reference Processing due to unavailable references
[511.037s][debug][gc,ref       ] GC(271) Skipped phase3 of Reference Processing due to unavailable references
[511.037s][debug][gc,ref       ] GC(271) Skipped phase4 of Reference Processing due to unavailable references
[511.037s][debug][gc,age       ] GC(271) Desired survivor size 15400960 bytes, new threshold 6 (max threshold 6)
[511.037s][info ][gc,heap      ] GC(271) ParNew: 248238K->4892K(270976K)
[511.037s][info ][gc,heap      ] GC(271) CMS: 382348K->384909K(602112K)
[511.037s][info ][gc,metaspace ] GC(271) Metaspace: 58245K->58245K(1101824K)
[511.037s][info ][gc           ] GC(271) Pause Young (Allocation Failure) 615M->380M(852M) 7.796ms
[511.037s][info ][gc,cpu       ] GC(271) User=0.03s Sys=0.00s Real=0.01s
[511.037s][info ][safepoint    ] Leaving safepoint region
[511.037s][info ][safepoint    ] Total time for which application threads were stopped: 0.0079684 seconds, Stopping threads took: 0.0000362 seconds
[512.037s][info ][safepoint    ] Application time: 1.0001074 seconds
[512.038s][info ][safepoint    ] Entering safepoint region: Cleanup
[512.038s][info ][safepoint    ] Leaving safepoint region
[512.038s][info ][safepoint    ] Total time for which application threads were stopped: 0.0001342 seconds, Stopping threads took: 0.0000608 seconds
[512.368s][info ][safepoint    ] Application time: 0.3302807 seconds
[512.368s][info ][safepoint    ] Entering safepoint region: GenCollectForAllocation
[512.368s][info ][safepoint    ] Leaving safepoint region
[512.368s][info ][safepoint    ] Total time for which application threads were stopped: 0.0001551 seconds, Stopping threads took: 0.0000736 seconds
[512.368s][info ][safepoint    ] Application time: 0.0000985 seconds
[512.368s][info ][safepoint    ] Entering safepoint region: GenCollectFull
[512.368s][info ][gc,start     ] GC(272) Pause Young (GCLocker Initiated GC)
[512.368s][info ][gc,task      ] GC(272) Using 4 workers of 4 for evacuation
[512.373s][debug][gc,ref       ] GC(272) Skipped phase1 of Reference Processing due to unavailable references
[512.373s][debug][gc,ref       ] GC(272) Skipped phase3 of Reference Processing due to unavailable references
[512.373s][debug][gc,ref       ] GC(272) Skipped phase4 of Reference Processing due to unavailable references
[512.373s][debug][gc,age       ] GC(272) Desired survivor size 15400960 bytes, new threshold 6 (max threshold 6)
[512.373s][info ][gc,heap      ] GC(272) ParNew: 246042K->5925K(270976K)
[512.373s][info ][gc,heap      ] GC(272) CMS: 384909K->384992K(602112K)
[512.373s][info ][gc,metaspace ] GC(272) Metaspace: 58246K->58246K(1101824K)
[512.373s][info ][gc           ] GC(272) Pause Young (GCLocker Initiated GC) 616M->381M(852M) 4.392ms
[512.373s][info ][gc,cpu       ] GC(272) User=0.02s Sys=0.00s Real=0.01s
[512.373s][info ][safepoint    ] Leaving safepoint region
[512.373s][info ][safepoint    ] Total time for which application threads were stopped: 0.0046384 seconds, Stopping threads took: 0.0001298 seconds
[513.829s][info ][safepoint    ] Application time: 1.4560243 seconds
[513.829s][info ][safepoint    ] Entering safepoint region: GenCollectForAllocation
[513.829s][info ][gc,start     ] GC(273) Pause Young (Allocation Failure)
[513.829s][info ][gc,task      ] GC(273) Using 4 workers of 4 for evacuation
[513.838s][debug][gc,ref       ] GC(273) Skipped phase1 of Reference Processing due to unavailable references
[513.838s][debug][gc,ref       ] GC(273) Skipped phase3 of Reference Processing due to unavailable references
[513.838s][debug][gc,ref       ] GC(273) Skipped phase4 of Reference Processing due to unavailable references
[513.839s][debug][gc,age       ] GC(273) Desired survivor size 15400960 bytes, new threshold 6 (max threshold 6)
[513.839s][info ][gc,heap      ] GC(273) ParNew: 246821K->6947K(270976K)
[513.839s][info ][gc,heap      ] GC(273) CMS: 384992K->385088K(602112K)
[513.839s][info ][gc,metaspace ] GC(273) Metaspace: 58246K->58246K(1101824K)
[513.839s][info ][gc           ] GC(273) Pause Young (Allocation Failure) 617M->382M(852M) 9.498ms
[513.839s][info ][gc,cpu       ] GC(273) User=0.02s Sys=0.00s Real=0.01s
[513.839s][info ][safepoint    ] Leaving safepoint region
[513.839s][info ][safepoint    ] Total time for which application threads were stopped: 0.0097017 seconds, Stopping threads took: 0.0000188 seconds
[514.839s][info ][safepoint    ] Application time: 1.0003885 seconds
[514.839s][info ][safepoint    ] Entering safepoint region: Cleanup
[514.839s][info ][safepoint    ] Leaving safepoint region
[514.839s][info ][safepoint    ] Total time for which application threads were stopped: 0.0001189 seconds, Stopping threads took: 0.0000524 seconds
[515.541s][info ][safepoint    ] Application time: 0.7022522 seconds
[515.541s][info ][safepoint    ] Entering safepoint region: GenCollectForAllocation
[515.542s][info ][gc,start     ] GC(274) Pause Young (Allocation Failure)
[515.542s][info ][gc,task      ] GC(274) Using 4 workers of 4 for evacuation
[515.554s][debug][gc,ref       ] GC(274) Skipped phase1 of Reference Processing due to unavailable references
[515.554s][debug][gc,ref       ] GC(274) Skipped phase3 of Reference Processing due to unavailable references
[515.554s][debug][gc,ref       ] GC(274) Skipped phase4 of Reference Processing due to unavailable references
[515.554s][debug][gc,age       ] GC(274) Desired survivor size 15400960 bytes, new threshold 6 (max threshold 6)
[515.554s][info ][gc,heap      ] GC(274) ParNew: 247843K->9342K(270976K)
[515.554s][info ][gc,heap      ] GC(274) CMS: 385088K->385243K(602112K)
[515.554s][info ][gc,metaspace ] GC(274) Metaspace: 58246K->58246K(1101824K)
[515.554s][info ][gc           ] GC(274) Pause Young (Allocation Failure) 618M->385M(852M) 12.596ms
[515.554s][info ][gc,cpu       ] GC(274) User=0.03s Sys=0.00s Real=0.02s
[515.554s][info ][safepoint    ] Leaving safepoint region
[515.554s][info ][safepoint    ] Total time for which application threads were stopped: 0.0127537 seconds, Stopping threads took: 0.0000156 seconds
[516.554s][info ][safepoint    ] Application time: 1.0001000 seconds
[516.555s][info ][safepoint    ] Entering safepoint region: Cleanup
[516.556s][info ][safepoint    ] Leaving safepoint region
[516.556s][info ][safepoint    ] Total time for which application threads were stopped: 0.0011902 seconds, Stopping threads took: 0.0010970 seconds
[517.232s][info ][safepoint    ] Application time: 0.6763828 seconds
[517.232s][info ][safepoint    ] Entering safepoint region: GenCollectForAllocation
[517.232s][info ][gc,start     ] GC(275) Pause Young (Allocation Failure)
[517.232s][info ][gc,task      ] GC(275) Using 4 workers of 4 for evacuation
[517.238s][debug][gc,ref       ] GC(275) Skipped phase1 of Reference Processing due to unavailable references
[517.238s][debug][gc,ref       ] GC(275) Skipped phase3 of Reference Processing due to unavailable references
[517.238s][debug][gc,ref       ] GC(275) Skipped phase4 of Reference Processing due to unavailable references
[517.238s][debug][gc,age       ] GC(275) Desired survivor size 15400960 bytes, new threshold 6 (max threshold 6)
[517.239s][info ][gc,heap      ] GC(275) ParNew: 250238K->8441K(270976K)
[517.239s][info ][gc,heap      ] GC(275) CMS: 385243K->385389K(602112K)
[517.239s][info ][gc,metaspace ] GC(275) Metaspace: 58246K->58246K(1101824K)
[517.239s][info ][gc           ] GC(275) Pause Young (Allocation Failure) 620M->384M(852M) 6.378ms
[517.239s][info ][gc,cpu       ] GC(275) User=0.01s Sys=0.01s Real=0.00s
[517.239s][info ][safepoint    ] Leaving safepoint region
[517.239s][info ][safepoint    ] Total time for which application threads were stopped: 0.0065918 seconds, Stopping threads took: 0.0000694 seconds
[518.883s][info ][safepoint    ] Application time: 1.6444904 seconds
[518.883s][info ][safepoint    ] Entering safepoint region: GenCollectForAllocation
[518.883s][info ][gc,start     ] GC(276) Pause Young (Allocation Failure)
[518.883s][info ][gc,task      ] GC(276) Using 4 workers of 4 for evacuation
[518.888s][debug][gc,ref       ] GC(276) Skipped phase1 of Reference Processing due to unavailable references
[518.888s][debug][gc,ref       ] GC(276) Skipped phase3 of Reference Processing due to unavailable references
[518.888s][debug][gc,ref       ] GC(276) Skipped phase4 of Reference Processing due to unavailable references
[518.888s][debug][gc,age       ] GC(276) Desired survivor size 15400960 bytes, new threshold 6 (max threshold 6)
[518.888s][info ][gc,heap      ] GC(276) ParNew: 249337K->8147K(270976K)
[518.888s][info ][gc,heap      ] GC(276) CMS: 385389K->385460K(602112K)
[518.888s][info ][gc,metaspace ] GC(276) Metaspace: 58247K->58247K(1101824K)
[518.888s][info ][gc           ] GC(276) Pause Young (Allocation Failure) 619M->384M(852M) 4.875ms
[518.888s][info ][gc,cpu       ] GC(276) User=0.02s Sys=0.00s Real=0.00s
[518.888s][info ][safepoint    ] Leaving safepoint region
[518.888s][info ][safepoint    ] Total time for which application threads were stopped: 0.0050439 seconds, Stopping threads took: 0.0000157 seconds
[519.888s][info ][safepoint    ] Application time: 1.0000978 seconds
[519.888s][info ][safepoint    ] Entering safepoint region: Cleanup
[519.888s][info ][safepoint    ] Leaving safepoint region
[519.888s][info ][safepoint    ] Total time for which application threads were stopped: 0.0001129 seconds, Stopping threads took: 0.0000352 seconds
[520.512s][info ][safepoint    ] Application time: 0.6240168 seconds
[520.512s][info ][safepoint    ] Entering safepoint region: GenCollectForAllocation
[520.513s][info ][gc,start     ] GC(277) Pause Young (Allocation Failure)
[520.513s][info ][gc,task      ] GC(277) Using 4 workers of 4 for evacuation
[520.517s][debug][gc,ref       ] GC(277) Skipped phase1 of Reference Processing due to unavailable references
[520.518s][debug][gc,ref       ] GC(277) Skipped phase3 of Reference Processing due to unavailable references
[520.518s][debug][gc,ref       ] GC(277) Skipped phase4 of Reference Processing due to unavailable references
[520.518s][debug][gc,age       ] GC(277) Desired survivor size 15400960 bytes, new threshold 6 (max threshold 6)
[520.518s][info ][gc,heap      ] GC(277) ParNew: 249043K->9789K(270976K)
[520.518s][info ][gc,heap      ] GC(277) CMS: 385460K->385617K(602112K)
[520.518s][info ][gc,metaspace ] GC(277) Metaspace: 58247K->58247K(1101824K)
[520.518s][info ][gc           ] GC(277) Pause Young (Allocation Failure) 619M->386M(852M) 5.106ms
[520.518s][info ][gc,cpu       ] GC(277) User=0.02s Sys=0.00s Real=0.00s
[520.518s][info ][safepoint    ] Leaving safepoint region
[520.518s][info ][safepoint    ] Total time for which application threads were stopped: 0.0052857 seconds, Stopping threads took: 0.0000324 seconds
[522.027s][info ][safepoint    ] Application time: 1.5093846 seconds
[522.027s][info ][safepoint    ] Entering safepoint region: GenCollectForAllocation
[522.027s][info ][gc,start     ] GC(278) Pause Young (Allocation Failure)
[522.027s][info ][gc,task      ] GC(278) Using 4 workers of 4 for evacuation
[522.032s][debug][gc,ref       ] GC(278) Skipped phase1 of Reference Processing due to unavailable references
[522.032s][debug][gc,ref       ] GC(278) Skipped phase3 of Reference Processing due to unavailable references
[522.032s][debug][gc,ref       ] GC(278) Skipped phase4 of Reference Processing due to unavailable references
[522.032s][debug][gc,age       ] GC(278) Desired survivor size 15400960 bytes, new threshold 6 (max threshold 6)
[522.032s][info ][gc,heap      ] GC(278) ParNew: 250685K->7157K(270976K)
[522.032s][info ][gc,heap      ] GC(278) CMS: 385617K->386512K(602112K)
[522.032s][info ][gc,metaspace ] GC(278) Metaspace: 58248K->58248K(1101824K)
[522.032s][info ][gc           ] GC(278) Pause Young (Allocation Failure) 621M->384M(852M) 5.005ms
[522.032s][info ][gc,cpu       ] GC(278) User=0.02s Sys=0.00s Real=0.01s
[522.032s][info ][safepoint    ] Leaving safepoint region
[522.033s][info ][safepoint    ] Total time for which application threads were stopped: 0.0053292 seconds, Stopping threads took: 0.0001920 seconds
[523.033s][info ][safepoint    ] Application time: 1.0003309 seconds
[523.033s][info ][safepoint    ] Entering safepoint region: Cleanup
[523.033s][info ][safepoint    ] Leaving safepoint region
[523.033s][info ][safepoint    ] Total time for which application threads were stopped: 0.0001022 seconds, Stopping threads took: 0.0000389 seconds
[523.665s][info ][safepoint    ] Application time: 0.6315665 seconds
[523.665s][info ][safepoint    ] Entering safepoint region: GenCollectForAllocation
[523.665s][info ][gc,start     ] GC(279) Pause Young (Allocation Failure)
[523.665s][info ][gc,task      ] GC(279) Using 4 workers of 4 for evacuation
[523.672s][debug][gc,ref       ] GC(279) Skipped phase1 of Reference Processing due to unavailable references
[523.672s][debug][gc,ref       ] GC(279) Skipped phase3 of Reference Processing due to unavailable references
[523.672s][debug][gc,ref       ] GC(279) Skipped phase4 of Reference Processing due to unavailable references
[523.672s][debug][gc,age       ] GC(279) Desired survivor size 15400960 bytes, new threshold 6 (max threshold 6)
[523.672s][info ][gc,heap      ] GC(279) ParNew: 248053K->6180K(270976K)
[523.672s][info ][gc,heap      ] GC(279) CMS: 386512K->389150K(602112K)
[523.672s][info ][gc,metaspace ] GC(279) Metaspace: 58248K->58248K(1101824K)
[523.672s][info ][gc           ] GC(279) Pause Young (Allocation Failure) 619M->386M(852M) 7.471ms
[523.672s][info ][gc,cpu       ] GC(279) User=0.03s Sys=0.00s Real=0.01s
[523.672s][info ][safepoint    ] Leaving safepoint region
[523.672s][info ][safepoint    ] Total time for which application threads were stopped: 0.0076355 seconds, Stopping threads took: 0.0000162 seconds
[525.199s][info ][safepoint    ] Application time: 1.5272633 seconds
[525.200s][info ][safepoint    ] Entering safepoint region: GenCollectForAllocation
[525.200s][info ][gc,start     ] GC(280) Pause Young (Allocation Failure)
[525.200s][info ][gc,task      ] GC(280) Using 4 workers of 4 for evacuation
[525.203s][debug][gc,ref       ] GC(280) Skipped phase1 of Reference Processing due to unavailable references
[525.204s][debug][gc,ref       ] GC(280) Skipped phase3 of Reference Processing due to unavailable references
[525.204s][debug][gc,ref       ] GC(280) Skipped phase4 of Reference Processing due to unavailable references
[525.204s][debug][gc,age       ] GC(280) Desired survivor size 15400960 bytes, new threshold 6 (max threshold 6)
[525.204s][info ][gc,heap      ] GC(280) ParNew: 247076K->3515K(270976K)
[525.204s][info ][gc,heap      ] GC(280) CMS: 389150K->389415K(602112K)
[525.204s][info ][gc,metaspace ] GC(280) Metaspace: 58250K->58250K(1101824K)
[525.204s][info ][gc           ] GC(280) Pause Young (Allocation Failure) 621M->383M(852M) 4.052ms
[525.204s][info ][gc,cpu       ] GC(280) User=0.02s Sys=0.00s Real=0.01s
[525.204s][info ][safepoint    ] Leaving safepoint region
[525.204s][info ][safepoint    ] Total time for which application threads were stopped: 0.0042173 seconds, Stopping threads took: 0.0000330 seconds
[526.804s][info ][safepoint    ] Application time: 1.6001645 seconds
[526.804s][info ][safepoint    ] Entering safepoint region: GenCollectForAllocation
[526.804s][info ][gc,start     ] GC(281) Pause Young (Allocation Failure)
[526.804s][info ][gc,task      ] GC(281) Using 4 workers of 4 for evacuation
[526.808s][debug][gc,ref       ] GC(281) Skipped phase1 of Reference Processing due to unavailable references
[526.808s][debug][gc,ref       ] GC(281) Skipped phase3 of Reference Processing due to unavailable references
[526.808s][debug][gc,ref       ] GC(281) Skipped phase4 of Reference Processing due to unavailable references
[526.808s][debug][gc,age       ] GC(281) Desired survivor size 15400960 bytes, new threshold 6 (max threshold 6)
[526.808s][info ][gc,heap      ] GC(281) ParNew: 244411K->5216K(270976K)
[526.808s][info ][gc,heap      ] GC(281) CMS: 389415K->389446K(602112K)
[526.808s][info ][gc,metaspace ] GC(281) Metaspace: 58253K->58253K(1101824K)
[526.808s][info ][gc           ] GC(281) Pause Young (Allocation Failure) 618M->385M(852M) 3.849ms
[526.808s][info ][gc,cpu       ] GC(281) User=0.02s Sys=0.00s Real=0.00s
[526.808s][info ][safepoint    ] Leaving safepoint region
[526.808s][info ][safepoint    ] Total time for which application threads were stopped: 0.0040282 seconds, Stopping threads took: 0.0000403 seconds
[527.808s][info ][safepoint    ] Application time: 1.0001024 seconds
[527.808s][info ][safepoint    ] Entering safepoint region: Cleanup
[527.808s][info ][safepoint    ] Leaving safepoint region
[527.808s][info ][safepoint    ] Total time for which application threads were stopped: 0.0001831 seconds, Stopping threads took: 0.0000393 seconds
[527.975s][info ][safepoint    ] Application time: 0.1664817 seconds
[527.975s][info ][safepoint    ] Entering safepoint region: GenCollectForAllocation
[527.975s][info ][gc,start     ] GC(282) Pause Young (Allocation Failure)
[527.975s][info ][gc,task      ] GC(282) Using 4 workers of 4 for evacuation
[527.980s][debug][gc,ref       ] GC(282) Skipped phase1 of Reference Processing due to unavailable references
[527.980s][debug][gc,ref       ] GC(282) Skipped phase3 of Reference Processing due to unavailable references
[527.980s][debug][gc,age       ] GC(282) Desired survivor size 15400960 bytes, new threshold 6 (max threshold 6)
[527.980s][info ][gc,heap      ] GC(282) ParNew: 246112K->6864K(270976K)
[527.980s][info ][gc,heap      ] GC(282) CMS: 389446K->389516K(602112K)
[527.980s][info ][gc,metaspace ] GC(282) Metaspace: 58338K->58338K(1101824K)
[527.980s][info ][gc           ] GC(282) Pause Young (Allocation Failure) 620M->387M(852M) 5.433ms
[527.980s][info ][gc,cpu       ] GC(282) User=0.02s Sys=0.00s Real=0.00s
[527.980s][info ][safepoint    ] Leaving safepoint region
[527.980s][info ][safepoint    ] Total time for which application threads were stopped: 0.0055945 seconds, Stopping threads took: 0.0000290 seconds
[528.981s][info ][safepoint    ] Application time: 1.0000914 seconds
[528.981s][info ][safepoint    ] Entering safepoint region: Cleanup
[528.981s][info ][safepoint    ] Leaving safepoint region
[528.981s][info ][safepoint    ] Total time for which application threads were stopped: 0.0001472 seconds, Stopping threads took: 0.0000678 seconds
[529.981s][info ][safepoint    ] Application time: 1.0000886 seconds
[529.981s][info ][safepoint    ] Entering safepoint region: Cleanup
[529.981s][info ][safepoint    ] Leaving safepoint region
[529.981s][info ][safepoint    ] Total time for which application threads were stopped: 0.0001494 seconds, Stopping threads took: 0.0000610 seconds
[531.788s][info ][safepoint    ] Application time: 1.8070562 seconds
[531.788s][info ][safepoint    ] Entering safepoint region: GenCollectForAllocation
[531.788s][info ][gc,start     ] GC(283) Pause Young (Allocation Failure)
[531.788s][info ][gc,task      ] GC(283) Using 4 workers of 4 for evacuation
[531.793s][debug][gc,ref       ] GC(283) Skipped phase1 of Reference Processing due to unavailable references
[531.793s][debug][gc,ref       ] GC(283) Skipped phase3 of Reference Processing due to unavailable references
[531.793s][debug][gc,ref       ] GC(283) Skipped phase4 of Reference Processing due to unavailable references
[531.793s][debug][gc,age       ] GC(283) Desired survivor size 15400960 bytes, new threshold 6 (max threshold 6)
[531.793s][info ][gc,heap      ] GC(283) ParNew: 247760K->7705K(270976K)
[531.793s][info ][gc,heap      ] GC(283) CMS: 389516K->389567K(602112K)
[531.793s][info ][gc,metaspace ] GC(283) Metaspace: 58338K->58338K(1101824K)
[531.793s][info ][gc           ] GC(283) Pause Young (Allocation Failure) 622M->387M(852M) 5.120ms
[531.793s][info ][gc,cpu       ] GC(283) User=0.02s Sys=0.00s Real=0.01s
[531.793s][info ][safepoint    ] Leaving safepoint region
[531.793s][info ][safepoint    ] Total time for which application threads were stopped: 0.0053440 seconds, Stopping threads took: 0.0000888 seconds
[533.794s][info ][safepoint    ] Application time: 2.0001700 seconds
[533.794s][info ][safepoint    ] Entering safepoint region: Cleanup
[533.794s][info ][safepoint    ] Leaving safepoint region
[533.794s][info ][safepoint    ] Total time for which application threads were stopped: 0.0000736 seconds, Stopping threads took: 0.0000148 seconds
[535.985s][info ][safepoint    ] Application time: 2.1910147 seconds
[535.985s][info ][safepoint    ] Entering safepoint region: GenCollectForAllocation
[535.985s][info ][gc,start     ] GC(284) Pause Young (Allocation Failure)
[535.985s][info ][gc,task      ] GC(284) Using 4 workers of 4 for evacuation
[535.991s][debug][gc,ref       ] GC(284) Skipped phase1 of Reference Processing due to unavailable references
[535.991s][debug][gc,ref       ] GC(284) Skipped phase3 of Reference Processing due to unavailable references
[535.991s][debug][gc,ref       ] GC(284) Skipped phase4 of Reference Processing due to unavailable references
[535.991s][debug][gc,age       ] GC(284) Desired survivor size 15400960 bytes, new threshold 6 (max threshold 6)
[535.991s][info ][gc,heap      ] GC(284) ParNew: 248601K->9677K(270976K)
[535.991s][info ][gc,heap      ] GC(284) CMS: 389567K->389772K(602112K)
[535.991s][info ][gc,metaspace ] GC(284) Metaspace: 58341K->58341K(1101824K)
[535.991s][info ][gc           ] GC(284) Pause Young (Allocation Failure) 623M->390M(852M) 6.209ms
[535.991s][info ][gc,cpu       ] GC(284) User=0.03s Sys=0.00s Real=0.01s
[535.991s][info ][safepoint    ] Leaving safepoint region
[535.991s][info ][safepoint    ] Total time for which application threads were stopped: 0.0063653 seconds, Stopping threads took: 0.0000146 seconds
[537.991s][info ][safepoint    ] Application time: 2.0001326 seconds
[537.991s][info ][safepoint    ] Entering safepoint region: Cleanup
[537.991s][info ][safepoint    ] Leaving safepoint region
[537.991s][info ][safepoint    ] Total time for which application threads were stopped: 0.0000812 seconds, Stopping threads took: 0.0000146 seconds
[538.991s][info ][safepoint    ] Application time: 1.0000961 seconds
[538.992s][info ][safepoint    ] Entering safepoint region: Cleanup
[538.992s][info ][safepoint    ] Leaving safepoint region
[538.992s][info ][safepoint    ] Total time for which application threads were stopped: 0.0000924 seconds, Stopping threads took: 0.0000157 seconds
[539.337s][info ][safepoint    ] Application time: 0.3453675 seconds
[539.337s][info ][safepoint    ] Entering safepoint region: GenCollectForAllocation
[539.337s][info ][gc,start     ] GC(285) Pause Young (Allocation Failure)
[539.337s][info ][gc,task      ] GC(285) Using 4 workers of 4 for evacuation
[539.347s][debug][gc,ref       ] GC(285) Skipped phase1 of Reference Processing due to unavailable references
[539.347s][debug][gc,ref       ] GC(285) Skipped phase3 of Reference Processing due to unavailable references
[539.347s][debug][gc,ref       ] GC(285) Skipped phase4 of Reference Processing due to unavailable references
[539.347s][debug][gc,age       ] GC(285) Desired survivor size 15400960 bytes, new threshold 6 (max threshold 6)
[539.347s][info ][gc,heap      ] GC(285) ParNew: 250573K->14405K(270976K)
[539.347s][info ][gc,heap      ] GC(285) CMS: 389772K->389981K(602112K)
[539.347s][info ][gc,metaspace ] GC(285) Metaspace: 58353K->58353K(1101824K)
[539.347s][info ][gc           ] GC(285) Pause Young (Allocation Failure) 625M->394M(852M) 9.665ms
[539.347s][info ][gc,cpu       ] GC(285) User=0.04s Sys=0.01s Real=0.01s
[539.347s][info ][safepoint    ] Leaving safepoint region
[539.347s][info ][safepoint    ] Total time for which application threads were stopped: 0.0098351 seconds, Stopping threads took: 0.0000145 seconds
[540.347s][info ][safepoint    ] Application time: 1.0001236 seconds
[540.347s][info ][safepoint    ] Entering safepoint region: Cleanup
[540.347s][info ][safepoint    ] Leaving safepoint region
[540.347s][info ][safepoint    ] Total time for which application threads were stopped: 0.0001209 seconds, Stopping threads took: 0.0000398 seconds
[540.920s][info ][safepoint    ] Application time: 0.5729489 seconds
[540.920s][info ][safepoint    ] Entering safepoint region: GenCollectForAllocation
[540.920s][info ][gc,start     ] GC(286) Pause Young (Allocation Failure)
[540.920s][info ][gc,task      ] GC(286) Using 4 workers of 4 for evacuation
[540.931s][debug][gc,ref       ] GC(286) Skipped phase1 of Reference Processing due to unavailable references
[540.931s][debug][gc,ref       ] GC(286) Skipped phase3 of Reference Processing due to unavailable references
[540.931s][debug][gc,age       ] GC(286) Desired survivor size 15400960 bytes, new threshold 5 (max threshold 6)
[540.931s][info ][gc,heap      ] GC(286) ParNew: 255301K->20954K(270976K)
[540.931s][info ][gc,heap      ] GC(286) CMS: 389981K->390171K(602112K)
[540.931s][info ][gc,metaspace ] GC(286) Metaspace: 58374K->58374K(1101824K)
[540.931s][info ][gc           ] GC(286) Pause Young (Allocation Failure) 630M->401M(852M) 10.723ms
[540.931s][info ][gc,cpu       ] GC(286) User=0.05s Sys=0.00s Real=0.02s
[540.931s][info ][safepoint    ] Leaving safepoint region
[540.931s][info ][safepoint    ] Total time for which application threads were stopped: 0.0109372 seconds, Stopping threads took: 0.0000589 seconds
[541.931s][info ][safepoint    ] Application time: 1.0001110 seconds
[541.931s][info ][safepoint    ] Entering safepoint region: Cleanup
[541.931s][info ][safepoint    ] Leaving safepoint region
[541.931s][info ][safepoint    ] Total time for which application threads were stopped: 0.0001350 seconds, Stopping threads took: 0.0000646 seconds
[542.504s][info ][safepoint    ] Application time: 0.5727328 seconds
[542.504s][info ][safepoint    ] Entering safepoint region: GenCollectForAllocation
[542.504s][info ][gc,start     ] GC(287) Pause Young (Allocation Failure)
[542.504s][info ][gc,task      ] GC(287) Using 4 workers of 4 for evacuation
[542.518s][debug][gc,ref       ] GC(287) Skipped phase1 of Reference Processing due to unavailable references
[542.518s][debug][gc,ref       ] GC(287) Skipped phase3 of Reference Processing due to unavailable references
[542.518s][debug][gc,ref       ] GC(287) Skipped phase4 of Reference Processing due to unavailable references
[542.519s][debug][gc,age       ] GC(287) Desired survivor size 15400960 bytes, new threshold 5 (max threshold 6)
[542.519s][info ][gc,heap      ] GC(287) ParNew: 261850K->21938K(270976K)
[542.519s][info ][gc,heap      ] GC(287) CMS: 390171K->392516K(602112K)
[542.519s][info ][gc,metaspace ] GC(287) Metaspace: 58378K->58378K(1101824K)
[542.519s][info ][gc           ] GC(287) Pause Young (Allocation Failure) 636M->404M(852M) 14.441ms
[542.519s][info ][gc,cpu       ] GC(287) User=0.05s Sys=0.01s Real=0.01s
[542.519s][info ][safepoint    ] Leaving safepoint region
[542.519s][info ][safepoint    ] Total time for which application threads were stopped: 0.0146122 seconds, Stopping threads took: 0.0000133 seconds
[543.519s][info ][safepoint    ] Application time: 1.0001115 seconds
[543.519s][info ][safepoint    ] Entering safepoint region: Cleanup
[543.519s][info ][safepoint    ] Leaving safepoint region
[543.519s][info ][safepoint    ] Total time for which application threads were stopped: 0.0000796 seconds, Stopping threads took: 0.0000167 seconds
[544.229s][info ][safepoint    ] Application time: 0.7105307 seconds
[544.230s][info ][safepoint    ] Entering safepoint region: GenCollectForAllocation
[544.230s][info ][gc,start     ] GC(288) Pause Young (Allocation Failure)
[544.230s][info ][gc,task      ] GC(288) Using 4 workers of 4 for evacuation
[544.239s][debug][gc,ref       ] GC(288) Skipped phase1 of Reference Processing due to unavailable references
[544.239s][debug][gc,ref       ] GC(288) Skipped phase3 of Reference Processing due to unavailable references
[544.239s][debug][gc,ref       ] GC(288) Skipped phase4 of Reference Processing due to unavailable references
[544.239s][debug][gc,age       ] GC(288) Desired survivor size 15400960 bytes, new threshold 4 (max threshold 6)
[544.239s][info ][gc,heap      ] GC(288) ParNew: 262834K->22830K(270976K)
[544.239s][info ][gc,heap      ] GC(288) CMS: 392516K->393208K(602112K)
[544.239s][info ][gc,metaspace ] GC(288) Metaspace: 58379K->58379K(1101824K)
[544.239s][info ][gc           ] GC(288) Pause Young (Allocation Failure) 639M->406M(852M) 9.803ms
[544.239s][info ][gc,cpu       ] GC(288) User=0.05s Sys=0.00s Real=0.01s
[544.240s][info ][safepoint    ] Leaving safepoint region
[544.240s][info ][safepoint    ] Total time for which application threads were stopped: 0.0099981 seconds, Stopping threads took: 0.0000366 seconds
[545.240s][info ][safepoint    ] Application time: 1.0000953 seconds
[545.240s][info ][safepoint    ] Entering safepoint region: Cleanup
[545.240s][info ][safepoint    ] Leaving safepoint region
[545.240s][info ][safepoint    ] Total time for which application threads were stopped: 0.0000759 seconds, Stopping threads took: 0.0000164 seconds
[546.240s][info ][safepoint    ] Application time: 1.0000908 seconds
[546.240s][info ][safepoint    ] Entering safepoint region: Cleanup
[546.240s][info ][safepoint    ] Leaving safepoint region
[546.240s][info ][safepoint    ] Total time for which application threads were stopped: 0.0001029 seconds, Stopping threads took: 0.0000304 seconds
[546.345s][info ][safepoint    ] Application time: 0.1050063 seconds
[546.345s][info ][safepoint    ] Entering safepoint region: GenCollectForAllocation
[546.345s][info ][gc,start     ] GC(289) Pause Young (Allocation Failure)
[546.345s][info ][gc,task      ] GC(289) Using 4 workers of 4 for evacuation
[546.356s][debug][gc,ref       ] GC(289) Skipped phase1 of Reference Processing due to unavailable references
[546.356s][debug][gc,ref       ] GC(289) Skipped phase3 of Reference Processing due to unavailable references
[546.356s][debug][gc,ref       ] GC(289) Skipped phase4 of Reference Processing due to unavailable references
[546.356s][debug][gc,age       ] GC(289) Desired survivor size 15400960 bytes, new threshold 6 (max threshold 6)
[546.356s][info ][gc,heap      ] GC(289) ParNew: 263726K->16124K(270976K)
[546.356s][info ][gc,heap      ] GC(289) CMS: 393208K->396933K(602112K)
[546.356s][info ][gc,metaspace ] GC(289) Metaspace: 58379K->58379K(1101824K)
[546.356s][info ][gc           ] GC(289) Pause Young (Allocation Failure) 641M->403M(852M) 11.099ms
[546.356s][info ][gc,cpu       ] GC(289) User=0.04s Sys=0.01s Real=0.01s
[546.356s][info ][safepoint    ] Leaving safepoint region
[546.356s][info ][safepoint    ] Total time for which application threads were stopped: 0.0112634 seconds, Stopping threads took: 0.0000157 seconds
[547.356s][info ][safepoint    ] Application time: 1.0001088 seconds
[547.356s][info ][safepoint    ] Entering safepoint region: Cleanup
[547.357s][info ][safepoint    ] Leaving safepoint region
[547.357s][info ][safepoint    ] Total time for which application threads were stopped: 0.0000975 seconds, Stopping threads took: 0.0000167 seconds
[548.357s][info ][safepoint    ] Application time: 1.0000969 seconds
[548.357s][info ][safepoint    ] Entering safepoint region: Cleanup
[548.357s][info ][safepoint    ] Leaving safepoint region
[548.357s][info ][safepoint    ] Total time for which application threads were stopped: 0.0000786 seconds, Stopping threads took: 0.0000185 seconds
[549.231s][info ][safepoint    ] Application time: 0.8745733 seconds
[549.231s][info ][safepoint    ] Entering safepoint region: GenCollectForAllocation
[549.231s][info ][gc,start     ] GC(290) Pause Young (Allocation Failure)
[549.231s][info ][gc,task      ] GC(290) Using 4 workers of 4 for evacuation
[549.240s][debug][gc,ref       ] GC(290) Skipped phase1 of Reference Processing due to unavailable references
[549.240s][debug][gc,ref       ] GC(290) Skipped phase3 of Reference Processing due to unavailable references
[549.240s][debug][gc,ref       ] GC(290) Skipped phase4 of Reference Processing due to unavailable references
[549.240s][debug][gc,age       ] GC(290) Desired survivor size 15400960 bytes, new threshold 6 (max threshold 6)
[549.240s][info ][gc,heap      ] GC(290) ParNew: 257020K->20684K(270976K)
[549.240s][info ][gc,heap      ] GC(290) CMS: 396933K->396933K(602112K)
[549.240s][info ][gc,metaspace ] GC(290) Metaspace: 58379K->58379K(1101824K)
[549.240s][info ][gc           ] GC(290) Pause Young (Allocation Failure) 638M->407M(852M) 8.424ms
[549.240s][info ][gc,cpu       ] GC(290) User=0.03s Sys=0.00s Real=0.00s
[549.240s][info ][safepoint    ] Leaving safepoint region
[549.240s][info ][safepoint    ] Total time for which application threads were stopped: 0.0085739 seconds, Stopping threads took: 0.0000146 seconds
[550.240s][info ][safepoint    ] Application time: 1.0001287 seconds
[550.240s][info ][safepoint    ] Entering safepoint region: Cleanup
[550.240s][info ][safepoint    ] Leaving safepoint region
[550.240s][info ][safepoint    ] Total time for which application threads were stopped: 0.0000926 seconds, Stopping threads took: 0.0000363 seconds
[551.240s][info ][safepoint    ] Application time: 1.0001216 seconds
[551.240s][info ][safepoint    ] Entering safepoint region: Cleanup
[551.240s][info ][safepoint    ] Leaving safepoint region
[551.240s][info ][safepoint    ] Total time for which application threads were stopped: 0.0001151 seconds, Stopping threads took: 0.0000495 seconds
[552.327s][info ][safepoint    ] Application time: 1.0864243 seconds
[552.327s][info ][safepoint    ] Entering safepoint region: GenCollectForAllocation
[552.327s][info ][gc,start     ] GC(291) Pause Young (Allocation Failure)
[552.327s][info ][gc,task      ] GC(291) Using 4 workers of 4 for evacuation
[552.334s][debug][gc,ref       ] GC(291) Skipped phase1 of Reference Processing due to unavailable references
[552.334s][debug][gc,ref       ] GC(291) Skipped phase3 of Reference Processing due to unavailable references
[552.334s][debug][gc,ref       ] GC(291) Skipped phase4 of Reference Processing due to unavailable references
[552.334s][debug][gc,age       ] GC(291) Desired survivor size 15400960 bytes, new threshold 6 (max threshold 6)
[552.334s][info ][gc,heap      ] GC(291) ParNew: 261580K->25013K(270976K)
[552.334s][info ][gc,heap      ] GC(291) CMS: 396933K->396933K(602112K)
[552.334s][info ][gc,metaspace ] GC(291) Metaspace: 58379K->58379K(1101824K)
[552.334s][info ][gc           ] GC(291) Pause Young (Allocation Failure) 643M->412M(852M) 7.121ms
[552.334s][info ][gc,cpu       ] GC(291) User=0.02s Sys=0.00s Real=0.01s
[552.334s][info ][safepoint    ] Leaving safepoint region
[552.334s][info ][safepoint    ] Total time for which application threads were stopped: 0.0072651 seconds, Stopping threads took: 0.0000166 seconds
[555.334s][info ][safepoint    ] Application time: 3.0002483 seconds
[555.335s][info ][safepoint    ] Entering safepoint region: Cleanup
[555.335s][info ][safepoint    ] Leaving safepoint region
[555.335s][info ][safepoint    ] Total time for which application threads were stopped: 0.0001193 seconds, Stopping threads took: 0.0000359 seconds
[555.461s][info ][safepoint    ] Application time: 0.1261702 seconds
[555.461s][info ][safepoint    ] Entering safepoint region: GenCollectForAllocation
[555.461s][info ][gc,start     ] GC(292) Pause Young (Allocation Failure)
[555.461s][info ][gc,task      ] GC(292) Using 4 workers of 4 for evacuation
[555.471s][debug][gc,ref       ] GC(292) Skipped phase1 of Reference Processing due to unavailable references
[555.471s][debug][gc,ref       ] GC(292) Skipped phase2 of Reference Processing due to unavailable references
[555.471s][debug][gc,ref       ] GC(292) Skipped phase3 of Reference Processing due to unavailable references
[555.471s][debug][gc,ref       ] GC(292) Skipped phase4 of Reference Processing due to unavailable references
[555.471s][debug][gc,age       ] GC(292) Desired survivor size 15400960 bytes, new threshold 6 (max threshold 6)
[555.471s][info ][gc,heap      ] GC(292) ParNew: 265825K->18288K(270976K)
[555.472s][info ][gc,heap      ] GC(292) CMS: 396933K->399612K(602112K)
[555.472s][info ][gc,metaspace ] GC(292) Metaspace: 58379K->58379K(1101824K)
[555.472s][info ][gc           ] GC(292) Pause Young (Allocation Failure) 647M->408M(852M) 10.553ms
[555.472s][info ][gc,cpu       ] GC(292) User=0.04s Sys=0.01s Real=0.02s
[555.472s][info ][safepoint    ] Leaving safepoint region
[555.472s][info ][safepoint    ] Total time for which application threads were stopped: 0.0107704 seconds, Stopping threads took: 0.0000812 seconds
[558.439s][info ][safepoint    ] Application time: 2.9675468 seconds
[558.439s][info ][safepoint    ] Entering safepoint region: GenCollectForAllocation
[558.439s][info ][gc,start     ] GC(293) Pause Young (Allocation Failure)
[558.439s][info ][gc,task      ] GC(293) Using 4 workers of 4 for evacuation
[558.446s][debug][gc,ref       ] GC(293) Skipped phase1 of Reference Processing due to unavailable references
[558.446s][debug][gc,ref       ] GC(293) Skipped phase3 of Reference Processing due to unavailable references
[558.446s][debug][gc,age       ] GC(293) Desired survivor size 15400960 bytes, new threshold 6 (max threshold 6)
[558.446s][info ][gc,heap      ] GC(293) ParNew: 259184K->15753K(270976K)
[558.446s][info ][gc,heap      ] GC(293) CMS: 399612K->401170K(602112K)
[558.446s][info ][gc,metaspace ] GC(293) Metaspace: 58388K->58388K(1101824K)
[558.446s][info ][gc           ] GC(293) Pause Young (Allocation Failure) 643M->407M(852M) 7.212ms
[558.446s][info ][gc,cpu       ] GC(293) User=0.03s Sys=0.00s Real=0.01s
[558.447s][info ][safepoint    ] Leaving safepoint region
[558.447s][info ][safepoint    ] Total time for which application threads were stopped: 0.0073710 seconds, Stopping threads took: 0.0000144 seconds
[560.447s][info ][safepoint    ] Application time: 2.0001835 seconds
[560.447s][info ][safepoint    ] Entering safepoint region: Cleanup
[560.447s][info ][safepoint    ] Leaving safepoint region
[560.447s][info ][safepoint    ] Total time for which application threads were stopped: 0.0000904 seconds, Stopping threads took: 0.0000172 seconds
[561.447s][info ][safepoint    ] Application time: 1.0000760 seconds
[561.447s][info ][safepoint    ] Entering safepoint region: Cleanup
[561.447s][info ][safepoint    ] Leaving safepoint region
[561.447s][info ][safepoint    ] Total time for which application threads were stopped: 0.0000930 seconds, Stopping threads took: 0.0000310 seconds
[561.537s][info ][safepoint    ] Application time: 0.0899682 seconds
[561.537s][info ][safepoint    ] Entering safepoint region: GenCollectForAllocation
[561.537s][info ][gc,start     ] GC(294) Pause Young (Allocation Failure)
[561.537s][info ][gc,task      ] GC(294) Using 4 workers of 4 for evacuation
[561.545s][debug][gc,ref       ] GC(294) Skipped phase1 of Reference Processing due to unavailable references
[561.545s][debug][gc,ref       ] GC(294) Skipped phase3 of Reference Processing due to unavailable references
[561.545s][debug][gc,ref       ] GC(294) Skipped phase4 of Reference Processing due to unavailable references
[561.545s][debug][gc,age       ] GC(294) Desired survivor size 15400960 bytes, new threshold 6 (max threshold 6)
[561.545s][info ][gc,heap      ] GC(294) ParNew: 256649K->11866K(270976K)
[561.545s][info ][gc,heap      ] GC(294) CMS: 401170K->404259K(602112K)
[561.545s][info ][gc,metaspace ] GC(294) Metaspace: 58392K->58392K(1101824K)
[561.545s][info ][gc           ] GC(294) Pause Young (Allocation Failure) 642M->406M(852M) 8.131ms
[561.545s][info ][gc,cpu       ] GC(294) User=0.03s Sys=0.00s Real=0.01s
[561.545s][info ][safepoint    ] Leaving safepoint region
[561.545s][info ][safepoint    ] Total time for which application threads were stopped: 0.0082841 seconds, Stopping threads took: 0.0000151 seconds
[562.545s][info ][safepoint    ] Application time: 1.0000933 seconds
[562.545s][info ][safepoint    ] Entering safepoint region: Cleanup
[562.546s][info ][safepoint    ] Leaving safepoint region
[562.546s][info ][safepoint    ] Total time for which application threads were stopped: 0.0000900 seconds, Stopping threads took: 0.0000162 seconds
[563.546s][info ][safepoint    ] Application time: 1.0000949 seconds
[563.546s][info ][safepoint    ] Entering safepoint region: Cleanup
[563.546s][info ][safepoint    ] Leaving safepoint region
[563.546s][info ][safepoint    ] Total time for which application threads were stopped: 0.0000864 seconds, Stopping threads took: 0.0000182 seconds
[564.534s][info ][safepoint    ] Application time: 0.9882005 seconds
[564.534s][info ][safepoint    ] Entering safepoint region: GenCollectForAllocation
[564.534s][info ][gc,start     ] GC(295) Pause Young (Allocation Failure)
[564.534s][info ][gc,task      ] GC(295) Using 4 workers of 4 for evacuation
[564.540s][debug][gc,ref       ] GC(295) Skipped phase1 of Reference Processing due to unavailable references
[564.541s][debug][gc,ref       ] GC(295) Skipped phase3 of Reference Processing due to unavailable references
[564.541s][debug][gc,ref       ] GC(295) Skipped phase4 of Reference Processing due to unavailable references
[564.541s][debug][gc,age       ] GC(295) Desired survivor size 15400960 bytes, new threshold 6 (max threshold 6)
[564.541s][info ][gc,heap      ] GC(295) ParNew: 252762K->9599K(270976K)
[564.541s][info ][gc,heap      ] GC(295) CMS: 404259K->406670K(602112K)
[564.541s][info ][gc,metaspace ] GC(295) Metaspace: 58402K->58402K(1101824K)
[564.541s][info ][gc           ] GC(295) Pause Young (Allocation Failure) 641M->406M(852M) 6.590ms
[564.541s][info ][gc,cpu       ] GC(295) User=0.02s Sys=0.00s Real=0.00s
[564.541s][info ][safepoint    ] Leaving safepoint region
[564.541s][info ][safepoint    ] Total time for which application threads were stopped: 0.0067576 seconds, Stopping threads took: 0.0000156 seconds
[566.541s][info ][safepoint    ] Application time: 2.0001864 seconds
[566.541s][info ][safepoint    ] Entering safepoint region: Cleanup
[566.541s][info ][safepoint    ] Leaving safepoint region
[566.541s][info ][safepoint    ] Total time for which application threads were stopped: 0.0000707 seconds, Stopping threads took: 0.0000156 seconds
[567.541s][info ][safepoint    ] Application time: 1.0001047 seconds
[567.542s][info ][safepoint    ] Entering safepoint region: Cleanup
[567.542s][info ][safepoint    ] Leaving safepoint region
[567.542s][info ][safepoint    ] Total time for which application threads were stopped: 0.0010759 seconds, Stopping threads took: 0.0010109 seconds
[568.000s][info ][safepoint    ] Application time: 0.4580755 seconds
[568.000s][info ][safepoint    ] Entering safepoint region: GenCollectForAllocation
[568.001s][info ][gc,start     ] GC(296) Pause Young (Allocation Failure)
[568.001s][info ][gc,task      ] GC(296) Using 4 workers of 4 for evacuation
[568.007s][debug][gc,ref       ] GC(296) Skipped phase1 of Reference Processing due to unavailable references
[568.007s][debug][gc,ref       ] GC(296) Skipped phase3 of Reference Processing due to unavailable references
[568.007s][debug][gc,ref       ] GC(296) Skipped phase4 of Reference Processing due to unavailable references
[568.007s][debug][gc,age       ] GC(296) Desired survivor size 15400960 bytes, new threshold 6 (max threshold 6)
[568.007s][info ][gc,heap      ] GC(296) ParNew: 250495K->7677K(270976K)
[568.007s][info ][gc,heap      ] GC(296) CMS: 406670K->408013K(602112K)
[568.007s][info ][gc,metaspace ] GC(296) Metaspace: 58406K->58406K(1101824K)
[568.007s][info ][gc           ] GC(296) Pause Young (Allocation Failure) 641M->405M(852M) 6.868ms
[568.007s][info ][gc,cpu       ] GC(296) User=0.03s Sys=0.00s Real=0.01s
[568.007s][info ][safepoint    ] Leaving safepoint region
[568.007s][info ][safepoint    ] Total time for which application threads were stopped: 0.0070628 seconds, Stopping threads took: 0.0000264 seconds
[571.436s][info ][safepoint    ] Application time: 3.4288628 seconds
[571.436s][info ][safepoint    ] Entering safepoint region: GenCollectForAllocation
[571.436s][info ][gc,start     ] GC(297) Pause Young (Allocation Failure)
[571.436s][info ][gc,task      ] GC(297) Using 4 workers of 4 for evacuation
[571.441s][debug][gc,ref       ] GC(297) Skipped phase1 of Reference Processing due to unavailable references
[571.441s][debug][gc,ref       ] GC(297) Skipped phase3 of Reference Processing due to unavailable references
[571.441s][debug][gc,ref       ] GC(297) Skipped phase4 of Reference Processing due to unavailable references
[571.442s][debug][gc,age       ] GC(297) Desired survivor size 15400960 bytes, new threshold 6 (max threshold 6)
[571.442s][info ][gc,heap      ] GC(297) ParNew: 248573K->9580K(270976K)
[571.442s][info ][gc,heap      ] GC(297) CMS: 408013K->408516K(602112K)
[571.442s][info ][gc,metaspace ] GC(297) Metaspace: 58406K->58406K(1101824K)
[571.442s][info ][gc           ] GC(297) Pause Young (Allocation Failure) 641M->408M(852M) 5.202ms
[571.442s][info ][gc,cpu       ] GC(297) User=0.01s Sys=0.00s Real=0.00s
[571.442s][info ][safepoint    ] Leaving safepoint region
[571.442s][info ][safepoint    ] Total time for which application threads were stopped: 0.0053590 seconds, Stopping threads took: 0.0000172 seconds
[573.442s][info ][safepoint    ] Application time: 2.0001475 seconds
[573.442s][info ][safepoint    ] Entering safepoint region: Cleanup
[573.442s][info ][safepoint    ] Leaving safepoint region
[573.442s][info ][safepoint    ] Total time for which application threads were stopped: 0.0004262 seconds, Stopping threads took: 0.0003618 seconds
[574.442s][info ][safepoint    ] Application time: 1.0000880 seconds
[574.442s][info ][safepoint    ] Entering safepoint region: Cleanup
[574.443s][info ][safepoint    ] Leaving safepoint region
[574.443s][info ][safepoint    ] Total time for which application threads were stopped: 0.0000741 seconds, Stopping threads took: 0.0000160 seconds
[574.787s][info ][safepoint    ] Application time: 0.3442442 seconds
[574.787s][info ][safepoint    ] Entering safepoint region: GenCollectForAllocation
[574.787s][info ][gc,start     ] GC(298) Pause Young (Allocation Failure)
[574.787s][info ][gc,task      ] GC(298) Using 4 workers of 4 for evacuation
[574.793s][debug][gc,ref       ] GC(298) Skipped phase1 of Reference Processing due to unavailable references
[574.793s][debug][gc,ref       ] GC(298) Skipped phase3 of Reference Processing due to unavailable references
[574.793s][debug][gc,ref       ] GC(298) Skipped phase4 of Reference Processing due to unavailable references
[574.793s][debug][gc,age       ] GC(298) Desired survivor size 15400960 bytes, new threshold 6 (max threshold 6)
[574.793s][info ][gc,heap      ] GC(298) ParNew: 250476K->5765K(270976K)
[574.793s][info ][gc,heap      ] GC(298) CMS: 408516K->410426K(602112K)
[574.793s][info ][gc,metaspace ] GC(298) Metaspace: 58407K->58407K(1101824K)
[574.793s][info ][gc           ] GC(298) Pause Young (Allocation Failure) 643M->406M(852M) 6.415ms
[574.793s][info ][gc,cpu       ] GC(298) User=0.03s Sys=0.00s Real=0.01s
[574.793s][info ][safepoint    ] Leaving safepoint region
[574.793s][info ][safepoint    ] Total time for which application threads were stopped: 0.0066174 seconds, Stopping threads took: 0.0000157 seconds
[575.794s][info ][safepoint    ] Application time: 1.0000982 seconds
[575.794s][info ][safepoint    ] Entering safepoint region: Cleanup
[575.794s][info ][safepoint    ] Leaving safepoint region
[575.794s][info ][safepoint    ] Total time for which application threads were stopped: 0.0001099 seconds, Stopping threads took: 0.0000376 seconds
[576.662s][info ][safepoint    ] Application time: 0.8681371 seconds
[576.662s][info ][safepoint    ] Entering safepoint region: GenCollectForAllocation
[576.662s][info ][gc,start     ] GC(299) Pause Young (Allocation Failure)
[576.662s][info ][gc,task      ] GC(299) Using 4 workers of 4 for evacuation
[576.669s][debug][gc,ref       ] GC(299) Skipped phase1 of Reference Processing due to unavailable references
[576.669s][debug][gc,ref       ] GC(299) Skipped phase2 of Reference Processing due to unavailable references
[576.669s][debug][gc,ref       ] GC(299) Skipped phase3 of Reference Processing due to unavailable references
[576.669s][debug][gc,ref       ] GC(299) Skipped phase4 of Reference Processing due to unavailable references
[576.669s][debug][gc,age       ] GC(299) Desired survivor size 15400960 bytes, new threshold 6 (max threshold 6)
[576.669s][info ][gc,heap      ] GC(299) ParNew: 246661K->11374K(270976K)
[576.669s][info ][gc,heap      ] GC(299) CMS: 410426K->410640K(602112K)
[576.669s][info ][gc,metaspace ] GC(299) Metaspace: 58407K->58407K(1101824K)
[576.669s][info ][gc           ] GC(299) Pause Young (Allocation Failure) 641M->412M(852M) 7.508ms
[576.669s][info ][gc,cpu       ] GC(299) User=0.03s Sys=0.00s Real=0.01s
[576.670s][info ][safepoint    ] Leaving safepoint region
[576.670s][info ][safepoint    ] Total time for which application threads were stopped: 0.0076795 seconds, Stopping threads took: 0.0000156 seconds
[578.028s][info ][safepoint    ] Application time: 1.3586576 seconds
[578.028s][info ][safepoint    ] Entering safepoint region: GenCollectForAllocation
[578.028s][info ][gc,start     ] GC(300) Pause Young (Allocation Failure)
[578.028s][info ][gc,task      ] GC(300) Using 4 workers of 4 for evacuation
[578.036s][debug][gc,ref       ] GC(300) Skipped phase1 of Reference Processing due to unavailable references
[578.036s][debug][gc,ref       ] GC(300) Skipped phase2 of Reference Processing due to unavailable references
[578.036s][debug][gc,ref       ] GC(300) Skipped phase3 of Reference Processing due to unavailable references
[578.036s][debug][gc,ref       ] GC(300) Skipped phase4 of Reference Processing due to unavailable references
[578.036s][debug][gc,age       ] GC(300) Desired survivor size 15400960 bytes, new threshold 6 (max threshold 6)
[578.036s][info ][gc,heap      ] GC(300) ParNew: 252270K->16224K(270976K)
[578.036s][info ][gc,heap      ] GC(300) CMS: 410640K->411139K(602112K)
[578.036s][info ][gc,metaspace ] GC(300) Metaspace: 58407K->58407K(1101824K)
[578.036s][info ][gc           ] GC(300) Pause Young (Allocation Failure) 647M->417M(852M) 7.789ms
[578.036s][info ][gc,cpu       ] GC(300) User=0.03s Sys=0.00s Real=0.01s
[578.036s][info ][safepoint    ] Leaving safepoint region
[578.036s][info ][safepoint    ] Total time for which application threads were stopped: 0.0079600 seconds, Stopping threads took: 0.0000384 seconds
[579.494s][info ][safepoint    ] Application time: 1.4573754 seconds
[579.494s][info ][safepoint    ] Entering safepoint region: GenCollectForAllocation
[579.494s][info ][gc,start     ] GC(301) Pause Young (Allocation Failure)
[579.494s][info ][gc,task      ] GC(301) Using 4 workers of 4 for evacuation
[579.502s][debug][gc,ref       ] GC(301) Skipped phase1 of Reference Processing due to unavailable references
[579.502s][debug][gc,ref       ] GC(301) Skipped phase2 of Reference Processing due to unavailable references
[579.502s][debug][gc,ref       ] GC(301) Skipped phase3 of Reference Processing due to unavailable references
[579.502s][debug][gc,ref       ] GC(301) Skipped phase4 of Reference Processing due to unavailable references
[579.502s][debug][gc,age       ] GC(301) Desired survivor size 15400960 bytes, new threshold 6 (max threshold 6)
[579.502s][info ][gc,heap      ] GC(301) ParNew: 257120K->12404K(270976K)
[579.502s][info ][gc,heap      ] GC(301) CMS: 411139K->412523K(602112K)
[579.502s][info ][gc,metaspace ] GC(301) Metaspace: 58407K->58407K(1101824K)
[579.502s][info ][gc           ] GC(301) Pause Young (Allocation Failure) 652M->414M(852M) 8.643ms
[579.502s][info ][gc,cpu       ] GC(301) User=0.04s Sys=0.00s Real=0.01s
[579.502s][info ][safepoint    ] Leaving safepoint region
[579.502s][info ][safepoint    ] Total time for which application threads were stopped: 0.0088029 seconds, Stopping threads took: 0.0000157 seconds
[580.502s][info ][safepoint    ] Application time: 1.0001029 seconds
[580.503s][info ][safepoint    ] Entering safepoint region: Cleanup
[580.503s][info ][safepoint    ] Leaving safepoint region
[580.503s][info ][safepoint    ] Total time for which application threads were stopped: 0.0000803 seconds, Stopping threads took: 0.0000187 seconds
[581.005s][info ][safepoint    ] Application time: 0.5024801 seconds
[581.005s][info ][safepoint    ] Entering safepoint region: GenCollectForAllocation
[581.005s][info ][gc,start     ] GC(302) Pause Young (Allocation Failure)
[581.005s][info ][gc,task      ] GC(302) Using 4 workers of 4 for evacuation
[581.012s][debug][gc,ref       ] GC(302) Skipped phase1 of Reference Processing due to unavailable references
[581.012s][debug][gc,ref       ] GC(302) Skipped phase2 of Reference Processing due to unavailable references
[581.012s][debug][gc,ref       ] GC(302) Skipped phase3 of Reference Processing due to unavailable references
[581.012s][debug][gc,ref       ] GC(302) Skipped phase4 of Reference Processing due to unavailable references
[581.012s][debug][gc,age       ] GC(302) Desired survivor size 15400960 bytes, new threshold 6 (max threshold 6)
[581.012s][info ][gc,heap      ] GC(302) ParNew: 253300K->17124K(270976K)
[581.012s][info ][gc,heap      ] GC(302) CMS: 412523K->412781K(602112K)
[581.012s][info ][gc,metaspace ] GC(302) Metaspace: 58408K->58408K(1101824K)
[581.012s][info ][gc           ] GC(302) Pause Young (Allocation Failure) 650M->419M(852M) 7.081ms
[581.012s][info ][gc,cpu       ] GC(302) User=0.02s Sys=0.01s Real=0.01s
[581.012s][info ][safepoint    ] Leaving safepoint region
[581.012s][info ][safepoint    ] Total time for which application threads were stopped: 0.0072613 seconds, Stopping threads took: 0.0000564 seconds
[582.013s][info ][safepoint    ] Application time: 1.0001062 seconds
[582.013s][info ][safepoint    ] Entering safepoint region: Cleanup
[582.013s][info ][safepoint    ] Leaving safepoint region
[582.013s][info ][safepoint    ] Total time for which application threads were stopped: 0.0000942 seconds, Stopping threads took: 0.0000167 seconds
[582.540s][info ][safepoint    ] Application time: 0.5271738 seconds
[582.540s][info ][safepoint    ] Entering safepoint region: GenCollectForAllocation
[582.540s][info ][gc,start     ] GC(303) Pause Young (Allocation Failure)
[582.540s][info ][gc,task      ] GC(303) Using 4 workers of 4 for evacuation
[582.546s][debug][gc,ref       ] GC(303) Skipped phase1 of Reference Processing due to unavailable references
[582.546s][debug][gc,ref       ] GC(303) Skipped phase2 of Reference Processing due to unavailable references
[582.546s][debug][gc,ref       ] GC(303) Skipped phase3 of Reference Processing due to unavailable references
[582.546s][debug][gc,ref       ] GC(303) Skipped phase4 of Reference Processing due to unavailable references
[582.546s][debug][gc,age       ] GC(303) Desired survivor size 15400960 bytes, new threshold 6 (max threshold 6)
[582.546s][info ][gc,heap      ] GC(303) ParNew: 258020K->12200K(270976K)
[582.546s][info ][gc,heap      ] GC(303) CMS: 412781K->412827K(602112K)
[582.546s][info ][gc,metaspace ] GC(303) Metaspace: 58409K->58409K(1101824K)
[582.546s][info ][gc           ] GC(303) Pause Young (Allocation Failure) 655M->415M(852M) 5.851ms
[582.546s][info ][gc,cpu       ] GC(303) User=0.02s Sys=0.00s Real=0.01s
[582.546s][info ][safepoint    ] Leaving safepoint region
[582.546s][info ][safepoint    ] Total time for which application threads were stopped: 0.0060031 seconds, Stopping threads took: 0.0000188 seconds
[583.546s][info ][safepoint    ] Application time: 1.0000919 seconds
[583.546s][info ][safepoint    ] Entering safepoint region: Cleanup
[583.546s][info ][safepoint    ] Leaving safepoint region
[583.546s][info ][safepoint    ] Total time for which application threads were stopped: 0.0003592 seconds, Stopping threads took: 0.0002905 seconds
[584.192s][info ][safepoint    ] Application time: 0.6458574 seconds
[584.192s][info ][safepoint    ] Entering safepoint region: GenCollectForAllocation
[584.192s][info ][gc,start     ] GC(304) Pause Young (Allocation Failure)
[584.192s][info ][gc,task      ] GC(304) Using 4 workers of 4 for evacuation
[584.198s][debug][gc,ref       ] GC(304) Skipped phase1 of Reference Processing due to unavailable references
[584.198s][debug][gc,ref       ] GC(304) Skipped phase2 of Reference Processing due to unavailable references
[584.198s][debug][gc,ref       ] GC(304) Skipped phase3 of Reference Processing due to unavailable references
[584.198s][debug][gc,ref       ] GC(304) Skipped phase4 of Reference Processing due to unavailable references
[584.198s][debug][gc,age       ] GC(304) Desired survivor size 15400960 bytes, new threshold 6 (max threshold 6)
[584.198s][info ][gc,heap      ] GC(304) ParNew: 253096K->16143K(270976K)
[584.198s][info ][gc,heap      ] GC(304) CMS: 412827K->412931K(602112K)
[584.198s][info ][gc,metaspace ] GC(304) Metaspace: 58410K->58410K(1101824K)
[584.198s][info ][gc           ] GC(304) Pause Young (Allocation Failure) 650M->419M(852M) 5.955ms
[584.198s][info ][gc,cpu       ] GC(304) User=0.03s Sys=0.00s Real=0.00s
[584.198s][info ][safepoint    ] Leaving safepoint region
[584.198s][info ][safepoint    ] Total time for which application threads were stopped: 0.0061138 seconds, Stopping threads took: 0.0000154 seconds
[585.199s][info ][safepoint    ] Application time: 1.0001558 seconds
[585.199s][info ][safepoint    ] Entering safepoint region: Cleanup
[585.199s][info ][safepoint    ] Leaving safepoint region
[585.199s][info ][safepoint    ] Total time for which application threads were stopped: 0.0001441 seconds, Stopping threads took: 0.0000479 seconds
[585.794s][info ][safepoint    ] Application time: 0.5956151 seconds
[585.794s][info ][safepoint    ] Entering safepoint region: GenCollectForAllocation
[585.794s][info ][gc,start     ] GC(305) Pause Young (Allocation Failure)
[585.794s][info ][gc,task      ] GC(305) Using 4 workers of 4 for evacuation
[585.807s][debug][gc,ref       ] GC(305) Skipped phase1 of Reference Processing due to unavailable references
[585.807s][debug][gc,ref       ] GC(305) Skipped phase2 of Reference Processing due to unavailable references
[585.807s][debug][gc,ref       ] GC(305) Skipped phase3 of Reference Processing due to unavailable references
[585.807s][debug][gc,ref       ] GC(305) Skipped phase4 of Reference Processing due to unavailable references
[585.807s][debug][gc,age       ] GC(305) Desired survivor size 15400960 bytes, new threshold 6 (max threshold 6)
[585.807s][info ][gc,heap      ] GC(305) ParNew: 257039K->9591K(270976K)
[585.807s][info ][gc,heap      ] GC(305) CMS: 412931K->418214K(602112K)
[585.807s][info ][gc,metaspace ] GC(305) Metaspace: 58412K->58412K(1101824K)
[585.807s][info ][gc           ] GC(305) Pause Young (Allocation Failure) 654M->417M(852M) 12.988ms
[585.807s][info ][gc,cpu       ] GC(305) User=0.04s Sys=0.00s Real=0.01s
[585.807s][info ][safepoint    ] Leaving safepoint region
[585.808s][info ][safepoint    ] Total time for which application threads were stopped: 0.0131463 seconds, Stopping threads took: 0.0000164 seconds
[586.808s][info ][safepoint    ] Application time: 1.0001239 seconds
[586.808s][info ][safepoint    ] Entering safepoint region: Cleanup
[586.808s][info ][safepoint    ] Leaving safepoint region
[586.808s][info ][safepoint    ] Total time for which application threads were stopped: 0.0000982 seconds, Stopping threads took: 0.0000341 seconds
[587.494s][info ][safepoint    ] Application time: 0.6858852 seconds
[587.494s][info ][safepoint    ] Entering safepoint region: GenCollectForAllocation
[587.494s][info ][gc,start     ] GC(306) Pause Young (Allocation Failure)
[587.494s][info ][gc,task      ] GC(306) Using 4 workers of 4 for evacuation
[587.498s][debug][gc,ref       ] GC(306) Skipped phase1 of Reference Processing due to unavailable references
[587.498s][debug][gc,ref       ] GC(306) Skipped phase2 of Reference Processing due to unavailable references
[587.498s][debug][gc,ref       ] GC(306) Skipped phase3 of Reference Processing due to unavailable references
[587.498s][debug][gc,ref       ] GC(306) Skipped phase4 of Reference Processing due to unavailable references
[587.498s][debug][gc,age       ] GC(306) Desired survivor size 15400960 bytes, new threshold 6 (max threshold 6)
[587.498s][info ][gc,heap      ] GC(306) ParNew: 250487K->5601K(270976K)
[587.498s][info ][gc,heap      ] GC(306) CMS: 418214K->419101K(602112K)
[587.498s][info ][gc,metaspace ] GC(306) Metaspace: 58412K->58412K(1101824K)
[587.498s][info ][gc           ] GC(306) Pause Young (Allocation Failure) 653M->414M(852M) 4.621ms
[587.498s][info ][gc,cpu       ] GC(306) User=0.02s Sys=0.00s Real=0.00s
[587.498s][info ][safepoint    ] Leaving safepoint region
[587.498s][info ][safepoint    ] Total time for which application threads were stopped: 0.0047855 seconds, Stopping threads took: 0.0000151 seconds
[588.499s][info ][safepoint    ] Application time: 1.0000758 seconds
[588.499s][info ][safepoint    ] Entering safepoint region: Cleanup
[588.499s][info ][safepoint    ] Leaving safepoint region
[588.499s][info ][safepoint    ] Total time for which application threads were stopped: 0.0000679 seconds, Stopping threads took: 0.0000163 seconds
[589.289s][info ][safepoint    ] Application time: 0.7901563 seconds
[589.289s][info ][safepoint    ] Entering safepoint region: GenCollectForAllocation
[589.289s][info ][gc,start     ] GC(307) Pause Young (Allocation Failure)
[589.289s][info ][gc,task      ] GC(307) Using 4 workers of 4 for evacuation
[589.293s][debug][gc,ref       ] GC(307) Skipped phase1 of Reference Processing due to unavailable references
[589.293s][debug][gc,ref       ] GC(307) Skipped phase2 of Reference Processing due to unavailable references
[589.293s][debug][gc,ref       ] GC(307) Skipped phase3 of Reference Processing due to unavailable references
[589.293s][debug][gc,ref       ] GC(307) Skipped phase4 of Reference Processing due to unavailable references
[589.293s][debug][gc,age       ] GC(307) Desired survivor size 15400960 bytes, new threshold 6 (max threshold 6)
[589.293s][info ][gc,heap      ] GC(307) ParNew: 246497K->4040K(270976K)
[589.293s][info ][gc,heap      ] GC(307) CMS: 419101K->420430K(602112K)
[589.293s][info ][gc,metaspace ] GC(307) Metaspace: 58412K->58412K(1101824K)
[589.293s][info ][gc           ] GC(307) Pause Young (Allocation Failure) 649M->414M(852M) 4.494ms
[589.293s][info ][gc,cpu       ] GC(307) User=0.02s Sys=0.00s Real=0.01s
[589.293s][info ][safepoint    ] Leaving safepoint region
[589.293s][info ][safepoint    ] Total time for which application threads were stopped: 0.0046421 seconds, Stopping threads took: 0.0000182 seconds
[590.294s][info ][safepoint    ] Application time: 1.0001043 seconds
[590.294s][info ][safepoint    ] Entering safepoint region: Cleanup
[590.294s][info ][safepoint    ] Leaving safepoint region
[590.294s][info ][safepoint    ] Total time for which application threads were stopped: 0.0001131 seconds, Stopping threads took: 0.0000407 seconds
[590.991s][info ][safepoint    ] Application time: 0.6970502 seconds
[590.991s][info ][safepoint    ] Entering safepoint region: GenCollectForAllocation
[590.991s][info ][gc,start     ] GC(308) Pause Young (Allocation Failure)
[590.991s][info ][gc,task      ] GC(308) Using 4 workers of 4 for evacuation
[590.994s][debug][gc,ref       ] GC(308) Skipped phase1 of Reference Processing due to unavailable references
[590.994s][debug][gc,ref       ] GC(308) Skipped phase2 of Reference Processing due to unavailable references
[590.994s][debug][gc,ref       ] GC(308) Skipped phase3 of Reference Processing due to unavailable references
[590.994s][debug][gc,ref       ] GC(308) Skipped phase4 of Reference Processing due to unavailable references
[590.994s][debug][gc,age       ] GC(308) Desired survivor size 15400960 bytes, new threshold 6 (max threshold 6)
[590.994s][info ][gc,heap      ] GC(308) ParNew: 244936K->3238K(270976K)
[590.994s][info ][gc,heap      ] GC(308) CMS: 420430K->421279K(602112K)
[590.994s][info ][gc,metaspace ] GC(308) Metaspace: 58412K->58412K(1101824K)
[590.994s][info ][gc           ] GC(308) Pause Young (Allocation Failure) 649M->414M(852M) 3.446ms
[590.994s][info ][gc,cpu       ] GC(308) User=0.01s Sys=0.00s Real=0.00s
[590.994s][info ][safepoint    ] Leaving safepoint region
[590.994s][info ][safepoint    ] Total time for which application threads were stopped: 0.0035934 seconds, Stopping threads took: 0.0000155 seconds
[591.995s][info ][safepoint    ] Application time: 1.0000985 seconds
[591.995s][info ][safepoint    ] Entering safepoint region: Cleanup
[591.995s][info ][safepoint    ] Leaving safepoint region
[591.995s][info ][safepoint    ] Total time for which application threads were stopped: 0.0001057 seconds, Stopping threads took: 0.0000418 seconds
[592.835s][info ][safepoint    ] Application time: 0.8406978 seconds
[592.835s][info ][safepoint    ] Entering safepoint region: GenCollectForAllocation
[592.836s][info ][gc,start     ] GC(309) Pause Young (Allocation Failure)
[592.836s][info ][gc,task      ] GC(309) Using 4 workers of 4 for evacuation
[592.838s][debug][gc,ref       ] GC(309) Skipped phase1 of Reference Processing due to unavailable references
[592.838s][debug][gc,ref       ] GC(309) Skipped phase2 of Reference Processing due to unavailable references
[592.838s][debug][gc,ref       ] GC(309) Skipped phase3 of Reference Processing due to unavailable references
[592.838s][debug][gc,ref       ] GC(309) Skipped phase4 of Reference Processing due to unavailable references
[592.838s][debug][gc,age       ] GC(309) Desired survivor size 15400960 bytes, new threshold 6 (max threshold 6)
[592.838s][info ][gc,heap      ] GC(309) ParNew: 244134K->3155K(270976K)
[592.838s][info ][gc,heap      ] GC(309) CMS: 421279K->421395K(602112K)
[592.838s][info ][gc,metaspace ] GC(309) Metaspace: 58414K->58414K(1101824K)
[592.839s][info ][gc           ] GC(309) Pause Young (Allocation Failure) 649M->414M(852M) 2.953ms
[592.839s][info ][gc,cpu       ] GC(309) User=0.01s Sys=0.00s Real=0.00s
[592.839s][info ][safepoint    ] Leaving safepoint region
[592.839s][info ][safepoint    ] Total time for which application threads were stopped: 0.0031288 seconds, Stopping threads took: 0.0000149 seconds
[593.839s][info ][safepoint    ] Application time: 1.0000963 seconds
[593.839s][info ][safepoint    ] Entering safepoint region: Cleanup
[593.839s][info ][safepoint    ] Leaving safepoint region
[593.839s][info ][safepoint    ] Total time for which application threads were stopped: 0.0001906 seconds, Stopping threads took: 0.0000902 seconds
[594.538s][info ][safepoint    ] Application time: 0.6989236 seconds
[594.538s][info ][safepoint    ] Entering safepoint region: GenCollectForAllocation
[594.538s][info ][gc,start     ] GC(310) Pause Young (Allocation Failure)
[594.538s][info ][gc,task      ] GC(310) Using 4 workers of 4 for evacuation
[594.541s][debug][gc,ref       ] GC(310) Skipped phase1 of Reference Processing due to unavailable references
[594.541s][debug][gc,ref       ] GC(310) Skipped phase2 of Reference Processing due to unavailable references
[594.541s][debug][gc,ref       ] GC(310) Skipped phase3 of Reference Processing due to unavailable references
[594.541s][debug][gc,ref       ] GC(310) Skipped phase4 of Reference Processing due to unavailable references
[594.541s][debug][gc,age       ] GC(310) Desired survivor size 15400960 bytes, new threshold 6 (max threshold 6)
[594.541s][info ][gc,heap      ] GC(310) ParNew: 244051K->3026K(270976K)
[594.541s][info ][gc,heap      ] GC(310) CMS: 421395K->421499K(602112K)
[594.541s][info ][gc,metaspace ] GC(310) Metaspace: 58414K->58414K(1101824K)
[594.541s][info ][gc           ] GC(310) Pause Young (Allocation Failure) 649M->414M(852M) 3.093ms
[594.541s][info ][gc,cpu       ] GC(310) User=0.01s Sys=0.01s Real=0.00s
[594.541s][info ][safepoint    ] Leaving safepoint region
[594.541s][info ][safepoint    ] Total time for which application threads were stopped: 0.0032612 seconds, Stopping threads took: 0.0000162 seconds
[595.541s][info ][safepoint    ] Application time: 1.0000871 seconds
[595.541s][info ][safepoint    ] Entering safepoint region: Cleanup
[595.541s][info ][safepoint    ] Leaving safepoint region
[595.541s][info ][safepoint    ] Total time for which application threads were stopped: 0.0001284 seconds, Stopping threads took: 0.0000588 seconds
[596.328s][info ][safepoint    ] Application time: 0.7868297 seconds
[596.328s][info ][safepoint    ] Entering safepoint region: GenCollectForAllocation
[596.328s][info ][gc,start     ] GC(311) Pause Young (Allocation Failure)
[596.328s][info ][gc,task      ] GC(311) Using 4 workers of 4 for evacuation
[596.331s][debug][gc,ref       ] GC(311) Skipped phase1 of Reference Processing due to unavailable references
[596.331s][debug][gc,ref       ] GC(311) Skipped phase2 of Reference Processing due to unavailable references
[596.331s][debug][gc,ref       ] GC(311) Skipped phase3 of Reference Processing due to unavailable references
[596.331s][debug][gc,ref       ] GC(311) Skipped phase4 of Reference Processing due to unavailable references
[596.332s][debug][gc,age       ] GC(311) Desired survivor size 15400960 bytes, new threshold 6 (max threshold 6)
[596.332s][info ][gc,heap      ] GC(311) ParNew: 243922K->3140K(270976K)
[596.332s][info ][gc,heap      ] GC(311) CMS: 421499K->421646K(602112K)
[596.332s][info ][gc,metaspace ] GC(311) Metaspace: 58414K->58414K(1101824K)
[596.332s][info ][gc           ] GC(311) Pause Young (Allocation Failure) 649M->414M(852M) 3.249ms
[596.332s][info ][gc,cpu       ] GC(311) User=0.01s Sys=0.00s Real=0.01s
[596.332s][info ][safepoint    ] Leaving safepoint region
[596.332s][info ][safepoint    ] Total time for which application threads were stopped: 0.0034155 seconds, Stopping threads took: 0.0000373 seconds
[597.332s][info ][safepoint    ] Application time: 1.0000971 seconds
[597.332s][info ][safepoint    ] Entering safepoint region: Cleanup
[597.332s][info ][safepoint    ] Leaving safepoint region
[597.332s][info ][safepoint    ] Total time for which application threads were stopped: 0.0001105 seconds, Stopping threads took: 0.0000438 seconds
[598.089s][info ][safepoint    ] Application time: 0.7570434 seconds
[598.089s][info ][safepoint    ] Entering safepoint region: GenCollectForAllocation
[598.089s][info ][gc,start     ] GC(312) Pause Young (Allocation Failure)
[598.089s][info ][gc,task      ] GC(312) Using 4 workers of 4 for evacuation
[598.092s][debug][gc,ref       ] GC(312) Skipped phase1 of Reference Processing due to unavailable references
[598.092s][debug][gc,ref       ] GC(312) Skipped phase2 of Reference Processing due to unavailable references
[598.092s][debug][gc,ref       ] GC(312) Skipped phase3 of Reference Processing due to unavailable references
[598.092s][debug][gc,ref       ] GC(312) Skipped phase4 of Reference Processing due to unavailable references
[598.092s][debug][gc,age       ] GC(312) Desired survivor size 15400960 bytes, new threshold 6 (max threshold 6)
[598.092s][info ][gc,heap      ] GC(312) ParNew: 244036K->3375K(270976K)
[598.092s][info ][gc,heap      ] GC(312) CMS: 421646K->421771K(602112K)
[598.092s][info ][gc,metaspace ] GC(312) Metaspace: 58414K->58414K(1101824K)
[598.092s][info ][gc           ] GC(312) Pause Young (Allocation Failure) 650M->415M(852M) 3.067ms
[598.092s][info ][gc,cpu       ] GC(312) User=0.01s Sys=0.00s Real=0.01s
[598.092s][info ][safepoint    ] Leaving safepoint region
[598.092s][info ][safepoint    ] Total time for which application threads were stopped: 0.0032101 seconds, Stopping threads took: 0.0000148 seconds
[599.092s][info ][safepoint    ] Application time: 1.0001023 seconds
[599.092s][info ][safepoint    ] Entering safepoint region: Cleanup
[599.092s][info ][safepoint    ] Leaving safepoint region
[599.092s][info ][safepoint    ] Total time for which application threads were stopped: 0.0001046 seconds, Stopping threads took: 0.0000384 seconds
[599.897s][info ][safepoint    ] Application time: 0.8045513 seconds
[599.897s][info ][safepoint    ] Entering safepoint region: GenCollectForAllocation
[599.897s][info ][gc,start     ] GC(313) Pause Young (Allocation Failure)
[599.897s][info ][gc,task      ] GC(313) Using 4 workers of 4 for evacuation
[599.900s][debug][gc,ref       ] GC(313) Skipped phase1 of Reference Processing due to unavailable references
[599.900s][debug][gc,ref       ] GC(313) Skipped phase2 of Reference Processing due to unavailable references
[599.900s][debug][gc,ref       ] GC(313) Skipped phase3 of Reference Processing due to unavailable references
[599.900s][debug][gc,ref       ] GC(313) Skipped phase4 of Reference Processing due to unavailable references
[599.900s][debug][gc,age       ] GC(313) Desired survivor size 15400960 bytes, new threshold 6 (max threshold 6)
[599.900s][info ][gc,heap      ] GC(313) ParNew: 244271K->3334K(270976K)
[599.900s][info ][gc,heap      ] GC(313) CMS: 421771K->421870K(602112K)
[599.900s][info ][gc,metaspace ] GC(313) Metaspace: 58415K->58415K(1101824K)
[599.900s][info ][gc           ] GC(313) Pause Young (Allocation Failure) 650M->415M(852M) 3.335ms
[599.901s][info ][gc,cpu       ] GC(313) User=0.01s Sys=0.00s Real=0.00s
[599.901s][info ][safepoint    ] Leaving safepoint region
[599.901s][info ][safepoint    ] Total time for which application threads were stopped: 0.0035114 seconds, Stopping threads took: 0.0000360 seconds
[600.901s][info ][safepoint    ] Application time: 1.0000939 seconds
[600.901s][info ][safepoint    ] Entering safepoint region: Cleanup
[600.901s][info ][safepoint    ] Leaving safepoint region
[600.901s][info ][safepoint    ] Total time for which application threads were stopped: 0.0000790 seconds, Stopping threads took: 0.0000157 seconds
[601.682s][info ][safepoint    ] Application time: 0.7812031 seconds
[601.682s][info ][safepoint    ] Entering safepoint region: GenCollectForAllocation
[601.682s][info ][gc,start     ] GC(314) Pause Young (Allocation Failure)
[601.682s][info ][gc,task      ] GC(314) Using 4 workers of 4 for evacuation
[601.686s][debug][gc,ref       ] GC(314) Skipped phase1 of Reference Processing due to unavailable references
[601.686s][debug][gc,ref       ] GC(314) Skipped phase2 of Reference Processing due to unavailable references
[601.686s][debug][gc,ref       ] GC(314) Skipped phase3 of Reference Processing due to unavailable references
[601.686s][debug][gc,ref       ] GC(314) Skipped phase4 of Reference Processing due to unavailable references
[601.686s][debug][gc,age       ] GC(314) Desired survivor size 15400960 bytes, new threshold 6 (max threshold 6)
[601.686s][info ][gc,heap      ] GC(314) ParNew: 244230K->5518K(270976K)
[601.686s][info ][gc,heap      ] GC(314) CMS: 421870K->421914K(602112K)
[601.686s][info ][gc,metaspace ] GC(314) Metaspace: 58415K->58415K(1101824K)
[601.686s][info ][gc           ] GC(314) Pause Young (Allocation Failure) 650M->417M(852M) 4.309ms
[601.686s][info ][gc,cpu       ] GC(314) User=0.02s Sys=0.00s Real=0.00s
[601.687s][info ][safepoint    ] Leaving safepoint region
[601.687s][info ][safepoint    ] Total time for which application threads were stopped: 0.0045336 seconds, Stopping threads took: 0.0000395 seconds
[602.687s][info ][safepoint    ] Application time: 1.0000611 seconds
[602.687s][info ][safepoint    ] Entering safepoint region: Cleanup
[602.687s][info ][safepoint    ] Leaving safepoint region
[602.687s][info ][safepoint    ] Total time for which application threads were stopped: 0.0002036 seconds, Stopping threads took: 0.0000464 seconds
[603.230s][info ][safepoint    ] Application time: 0.5431069 seconds
[603.230s][info ][safepoint    ] Entering safepoint region: GenCollectForAllocation
[603.230s][info ][gc,start     ] GC(315) Pause Young (Allocation Failure)
[603.230s][info ][gc,task      ] GC(315) Using 4 workers of 4 for evacuation
[603.236s][debug][gc,ref       ] GC(315) Skipped phase1 of Reference Processing due to unavailable references
[603.236s][debug][gc,ref       ] GC(315) Skipped phase2 of Reference Processing due to unavailable references
[603.236s][debug][gc,ref       ] GC(315) Skipped phase3 of Reference Processing due to unavailable references
[603.236s][debug][gc,ref       ] GC(315) Skipped phase4 of Reference Processing due to unavailable references
[603.236s][debug][gc,age       ] GC(315) Desired survivor size 15400960 bytes, new threshold 6 (max threshold 6)
[603.236s][info ][gc,heap      ] GC(315) ParNew: 246414K->8009K(270976K)
[603.236s][info ][gc,heap      ] GC(315) CMS: 421914K->422016K(602112K)
[603.236s][info ][gc,metaspace ] GC(315) Metaspace: 58417K->58417K(1101824K)
[603.236s][info ][gc           ] GC(315) Pause Young (Allocation Failure) 652M->419M(852M) 6.065ms
[603.236s][info ][gc,cpu       ] GC(315) User=0.02s Sys=0.00s Real=0.00s
[603.236s][info ][safepoint    ] Leaving safepoint region
[603.236s][info ][safepoint    ] Total time for which application threads were stopped: 0.0062929 seconds, Stopping threads took: 0.0000401 seconds
[604.236s][info ][safepoint    ] Application time: 1.0001021 seconds
[604.236s][info ][safepoint    ] Entering safepoint region: Cleanup
[604.237s][info ][safepoint    ] Leaving safepoint region
[604.237s][info ][safepoint    ] Total time for which application threads were stopped: 0.0001702 seconds, Stopping threads took: 0.0000487 seconds
[605.139s][info ][safepoint    ] Application time: 0.9022388 seconds
[605.139s][info ][safepoint    ] Entering safepoint region: GenCollectForAllocation
[605.139s][info ][gc,start     ] GC(316) Pause Young (Allocation Failure)
[605.139s][info ][gc,task      ] GC(316) Using 4 workers of 4 for evacuation
[605.145s][debug][gc,ref       ] GC(316) Skipped phase1 of Reference Processing due to unavailable references
[605.145s][debug][gc,ref       ] GC(316) Skipped phase2 of Reference Processing due to unavailable references
[605.145s][debug][gc,ref       ] GC(316) Skipped phase3 of Reference Processing due to unavailable references
[605.145s][debug][gc,ref       ] GC(316) Skipped phase4 of Reference Processing due to unavailable references
[605.145s][debug][gc,age       ] GC(316) Desired survivor size 15400960 bytes, new threshold 6 (max threshold 6)
[605.145s][info ][gc,heap      ] GC(316) ParNew: 248905K->11177K(270976K)
[605.145s][info ][gc,heap      ] GC(316) CMS: 422016K->422091K(602112K)
[605.145s][info ][gc,metaspace ] GC(316) Metaspace: 58418K->58418K(1101824K)
[605.145s][info ][gc           ] GC(316) Pause Young (Allocation Failure) 655M->423M(852M) 6.071ms
[605.145s][info ][gc,cpu       ] GC(316) User=0.03s Sys=0.00s Real=0.01s
[605.145s][info ][safepoint    ] Leaving safepoint region
[605.145s][info ][safepoint    ] Total time for which application threads were stopped: 0.0062162 seconds, Stopping threads took: 0.0000139 seconds
[606.145s][info ][safepoint    ] Application time: 1.0000955 seconds
[606.145s][info ][safepoint    ] Entering safepoint region: Cleanup
[606.145s][info ][safepoint    ] Leaving safepoint region
[606.145s][info ][safepoint    ] Total time for which application threads were stopped: 0.0000674 seconds, Stopping threads took: 0.0000156 seconds
[607.007s][info ][safepoint    ] Application time: 0.8614732 seconds
[607.007s][info ][safepoint    ] Entering safepoint region: GenCollectForAllocation
[607.007s][info ][gc,start     ] GC(317) Pause Young (Allocation Failure)
[607.007s][info ][gc,task      ] GC(317) Using 4 workers of 4 for evacuation
[607.014s][debug][gc,ref       ] GC(317) Skipped phase1 of Reference Processing due to unavailable references
[607.014s][debug][gc,ref       ] GC(317) Skipped phase2 of Reference Processing due to unavailable references
[607.014s][debug][gc,ref       ] GC(317) Skipped phase3 of Reference Processing due to unavailable references
[607.014s][debug][gc,ref       ] GC(317) Skipped phase4 of Reference Processing due to unavailable references
[607.015s][debug][gc,age       ] GC(317) Desired survivor size 15400960 bytes, new threshold 6 (max threshold 6)
[607.015s][info ][gc,heap      ] GC(317) ParNew: 251892K->14778K(270976K)
[607.015s][info ][gc,heap      ] GC(317) CMS: 422091K->422397K(602112K)
[607.015s][info ][gc,metaspace ] GC(317) Metaspace: 58423K->58423K(1101824K)
[607.015s][info ][gc           ] GC(317) Pause Young (Allocation Failure) 658M->426M(852M) 7.566ms
[607.015s][info ][gc,cpu       ] GC(317) User=0.02s Sys=0.00s Real=0.01s
[607.015s][info ][safepoint    ] Leaving safepoint region
[607.015s][info ][safepoint    ] Total time for which application threads were stopped: 0.0078103 seconds, Stopping threads took: 0.0000938 seconds
[608.015s][info ][safepoint    ] Application time: 1.0001154 seconds
[608.015s][info ][safepoint    ] Entering safepoint region: Cleanup
[608.015s][info ][safepoint    ] Leaving safepoint region
[608.015s][info ][safepoint    ] Total time for which application threads were stopped: 0.0001446 seconds, Stopping threads took: 0.0000174 seconds
[609.015s][info ][safepoint    ] Application time: 1.0000939 seconds
[609.015s][info ][safepoint    ] Entering safepoint region: Cleanup
[609.015s][info ][safepoint    ] Leaving safepoint region
[609.015s][info ][safepoint    ] Total time for which application threads were stopped: 0.0000790 seconds, Stopping threads took: 0.0000175 seconds
[609.482s][info ][safepoint    ] Application time: 0.4663621 seconds
[609.482s][info ][safepoint    ] Entering safepoint region: GenCollectForAllocation
[609.482s][info ][gc,start     ] GC(318) Pause Young (Allocation Failure)
[609.482s][info ][gc,task      ] GC(318) Using 4 workers of 4 for evacuation
[609.489s][debug][gc,ref       ] GC(318) Skipped phase1 of Reference Processing due to unavailable references
[609.489s][debug][gc,ref       ] GC(318) Skipped phase2 of Reference Processing due to unavailable references
[609.489s][debug][gc,ref       ] GC(318) Skipped phase3 of Reference Processing due to unavailable references
[609.489s][debug][gc,ref       ] GC(318) Skipped phase4 of Reference Processing due to unavailable references
[609.489s][debug][gc,age       ] GC(318) Desired survivor size 15400960 bytes, new threshold 6 (max threshold 6)
[609.489s][info ][gc,heap      ] GC(318) ParNew: 255674K->18618K(270976K)
[609.489s][info ][gc,heap      ] GC(318) CMS: 422397K->422477K(602112K)
[609.489s][info ][gc,metaspace ] GC(318) Metaspace: 58423K->58423K(1101824K)
[609.489s][info ][gc           ] GC(318) Pause Young (Allocation Failure) 662M->430M(852M) 7.749ms
[609.489s][info ][gc,cpu       ] GC(318) User=0.03s Sys=0.00s Real=0.01s
[609.489s][info ][safepoint    ] Leaving safepoint region
[609.489s][info ][safepoint    ] Total time for which application threads were stopped: 0.0079003 seconds, Stopping threads took: 0.0000163 seconds
[610.490s][info ][safepoint    ] Application time: 1.0000779 seconds
[610.490s][info ][safepoint    ] Entering safepoint region: Cleanup
[610.490s][info ][safepoint    ] Leaving safepoint region
[610.490s][info ][safepoint    ] Total time for which application threads were stopped: 0.0001497 seconds, Stopping threads took: 0.0000806 seconds
[611.490s][info ][safepoint    ] Application time: 1.0000981 seconds
[611.490s][info ][safepoint    ] Entering safepoint region: Cleanup
[611.490s][info ][safepoint    ] Leaving safepoint region
[611.490s][info ][safepoint    ] Total time for which application threads were stopped: 0.0001159 seconds, Stopping threads took: 0.0000406 seconds
[612.134s][info ][safepoint    ] Application time: 0.6436402 seconds
[612.134s][info ][safepoint    ] Entering safepoint region: GenCollectForAllocation
[612.134s][info ][gc,start     ] GC(319) Pause Young (Allocation Failure)
[612.134s][info ][gc,task      ] GC(319) Using 4 workers of 4 for evacuation
[612.142s][debug][gc,ref       ] GC(319) Skipped phase1 of Reference Processing due to unavailable references
[612.142s][debug][gc,ref       ] GC(319) Skipped phase2 of Reference Processing due to unavailable references
[612.142s][debug][gc,ref       ] GC(319) Skipped phase3 of Reference Processing due to unavailable references
[612.142s][debug][gc,ref       ] GC(319) Skipped phase4 of Reference Processing due to unavailable references
[612.142s][debug][gc,age       ] GC(319) Desired survivor size 15400960 bytes, new threshold 6 (max threshold 6)
[612.142s][info ][gc,heap      ] GC(319) ParNew: 259514K->18093K(270976K)
[612.142s][info ][gc,heap      ] GC(319) CMS: 422477K->422560K(602112K)
[612.142s][info ][gc,metaspace ] GC(319) Metaspace: 58423K->58423K(1101824K)
[612.142s][info ][gc           ] GC(319) Pause Young (Allocation Failure) 666M->430M(852M) 8.062ms
[612.142s][info ][gc,cpu       ] GC(319) User=0.04s Sys=0.00s Real=0.00s
[612.142s][info ][safepoint    ] Leaving safepoint region
[612.142s][info ][safepoint    ] Total time for which application threads were stopped: 0.0082222 seconds, Stopping threads took: 0.0000147 seconds
[613.142s][info ][safepoint    ] Application time: 1.0000978 seconds
[613.142s][info ][safepoint    ] Entering safepoint region: Cleanup
[613.142s][info ][safepoint    ] Leaving safepoint region
[613.142s][info ][safepoint    ] Total time for which application threads were stopped: 0.0003180 seconds, Stopping threads took: 0.0001457 seconds
[613.236s][info ][safepoint    ] Application time: 0.0934454 seconds
[613.236s][info ][safepoint    ] Entering safepoint region: GenCollectForAllocation
[613.236s][info ][gc,start     ] GC(320) Pause Young (Allocation Failure)
[613.236s][info ][gc,task      ] GC(320) Using 4 workers of 4 for evacuation
[613.301s][debug][gc,ref       ] GC(320) Skipped phase1 of Reference Processing due to unavailable references
[613.301s][debug][gc,ref       ] GC(320) Skipped phase2 of Reference Processing due to unavailable references
[613.301s][debug][gc,ref       ] GC(320) Skipped phase3 of Reference Processing due to unavailable references
[613.301s][debug][gc,age       ] GC(320) Desired survivor size 15400960 bytes, new threshold 1 (max threshold 6)
[613.301s][info ][gc,heap      ] GC(320) ParNew: 258989K->30080K(270976K)
[613.301s][info ][gc,heap      ] GC(320) CMS: 422560K->441185K(602112K)
[613.301s][info ][gc,metaspace ] GC(320) Metaspace: 58431K->58431K(1101824K)
[613.301s][info ][gc           ] GC(320) Pause Young (Allocation Failure) 665M->460M(852M) 64.866ms
[613.301s][info ][gc,cpu       ] GC(320) User=0.21s Sys=0.02s Real=0.06s
[613.301s][info ][safepoint    ] Leaving safepoint region
[613.301s][info ][safepoint    ] Total time for which application threads were stopped: 0.0650985 seconds, Stopping threads took: 0.0000788 seconds
[614.301s][info ][safepoint    ] Application time: 1.0001297 seconds
[614.301s][info ][safepoint    ] Entering safepoint region: Cleanup
[614.301s][info ][safepoint    ] Leaving safepoint region
[614.301s][info ][safepoint    ] Total time for which application threads were stopped: 0.0001228 seconds, Stopping threads took: 0.0000170 seconds
[615.301s][info ][safepoint    ] Application time: 1.0001021 seconds
[615.301s][info ][safepoint    ] Entering safepoint region: Cleanup
[615.301s][info ][safepoint    ] Leaving safepoint region
[615.301s][info ][safepoint    ] Total time for which application threads were stopped: 0.0000709 seconds, Stopping threads took: 0.0000162 seconds
[616.302s][info ][safepoint    ] Application time: 1.0000813 seconds
[616.302s][info ][safepoint    ] Entering safepoint region: Cleanup
[616.302s][info ][safepoint    ] Leaving safepoint region
[616.302s][info ][safepoint    ] Total time for which application threads were stopped: 0.0001175 seconds, Stopping threads took: 0.0000165 seconds
[617.302s][info ][safepoint    ] Application time: 1.0001000 seconds
[617.302s][info ][safepoint    ] Entering safepoint region: Cleanup
[617.302s][info ][safepoint    ] Leaving safepoint region
[617.302s][info ][safepoint    ] Total time for which application threads were stopped: 0.0000702 seconds, Stopping threads took: 0.0000182 seconds
[618.302s][info ][safepoint    ] Application time: 1.0001019 seconds
[618.302s][info ][safepoint    ] Entering safepoint region: Cleanup
[618.302s][info ][safepoint    ] Leaving safepoint region
[618.302s][info ][safepoint    ] Total time for which application threads were stopped: 0.0001523 seconds, Stopping threads took: 0.0000330 seconds
[619.302s][info ][safepoint    ] Application time: 1.0000935 seconds
[619.302s][info ][safepoint    ] Entering safepoint region: Cleanup
[619.302s][info ][safepoint    ] Leaving safepoint region
[619.302s][info ][safepoint    ] Total time for which application threads were stopped: 0.0000768 seconds, Stopping threads took: 0.0000163 seconds
[619.379s][info ][safepoint    ] Application time: 0.0764147 seconds
[619.379s][info ][safepoint    ] Entering safepoint region: GenCollectForAllocation
[619.379s][info ][gc,start     ] GC(321) Pause Young (Allocation Failure)
[619.379s][info ][gc,task      ] GC(321) Using 4 workers of 4 for evacuation
[619.396s][debug][gc,ref       ] GC(321) Skipped phase1 of Reference Processing due to unavailable references
[619.396s][debug][gc,ref       ] GC(321) Skipped phase2 of Reference Processing due to unavailable references
[619.396s][debug][gc,ref       ] GC(321) Skipped phase3 of Reference Processing due to unavailable references
[619.396s][debug][gc,ref       ] GC(321) Skipped phase4 of Reference Processing due to unavailable references
[619.396s][debug][gc,age       ] GC(321) Desired survivor size 15400960 bytes, new threshold 6 (max threshold 6)
[619.396s][info ][gc,heap      ] GC(321) ParNew: 270976K->25491K(270976K)
[619.396s][info ][gc,heap      ] GC(321) CMS: 441185K->450528K(602112K)
[619.396s][info ][gc,metaspace ] GC(321) Metaspace: 58447K->58447K(1101824K)
[619.396s][info ][gc           ] GC(321) Pause Young (Allocation Failure) 695M->464M(852M) 16.963ms
[619.396s][info ][gc,cpu       ] GC(321) User=0.06s Sys=0.00s Real=0.02s
[619.396s][info ][safepoint    ] Leaving safepoint region
[619.396s][info ][safepoint    ] Total time for which application threads were stopped: 0.0171119 seconds, Stopping threads took: 0.0000145 seconds
[620.396s][info ][safepoint    ] Application time: 1.0000990 seconds
[620.396s][info ][safepoint    ] Entering safepoint region: Cleanup
[620.396s][info ][safepoint    ] Leaving safepoint region
[620.396s][info ][safepoint    ] Total time for which application threads were stopped: 0.0000755 seconds, Stopping threads took: 0.0000167 seconds
[621.396s][info ][safepoint    ] Application time: 1.0001149 seconds
[621.396s][info ][safepoint    ] Entering safepoint region: Cleanup
[621.396s][info ][safepoint    ] Leaving safepoint region
[621.396s][info ][safepoint    ] Total time for which application threads were stopped: 0.0000685 seconds, Stopping threads took: 0.0000158 seconds
[622.397s][info ][safepoint    ] Application time: 1.0001002 seconds
[622.397s][info ][safepoint    ] Entering safepoint region: Cleanup
[622.397s][info ][safepoint    ] Leaving safepoint region
[622.397s][info ][safepoint    ] Total time for which application threads were stopped: 0.0000843 seconds, Stopping threads took: 0.0000306 seconds
[623.397s][info ][safepoint    ] Application time: 1.0000885 seconds
[623.397s][info ][safepoint    ] Entering safepoint region: Cleanup
[623.397s][info ][safepoint    ] Leaving safepoint region
[623.397s][info ][safepoint    ] Total time for which application threads were stopped: 0.0001498 seconds, Stopping threads took: 0.0000764 seconds
[624.397s][info ][safepoint    ] Application time: 1.0001235 seconds
[624.397s][info ][safepoint    ] Entering safepoint region: Cleanup
[624.397s][info ][safepoint    ] Leaving safepoint region
[624.397s][info ][safepoint    ] Total time for which application threads were stopped: 0.0000743 seconds, Stopping threads took: 0.0000180 seconds
[625.397s][info ][safepoint    ] Application time: 1.0000844 seconds
[625.397s][info ][safepoint    ] Entering safepoint region: Cleanup
[625.397s][info ][safepoint    ] Leaving safepoint region
[625.397s][info ][safepoint    ] Total time for which application threads were stopped: 0.0001286 seconds, Stopping threads took: 0.0000724 seconds
[626.398s][info ][safepoint    ] Application time: 1.0000857 seconds
[626.398s][info ][safepoint    ] Entering safepoint region: Cleanup
[626.398s][info ][safepoint    ] Leaving safepoint region
[626.398s][info ][safepoint    ] Total time for which application threads were stopped: 0.0000695 seconds, Stopping threads took: 0.0000166 seconds
[627.398s][info ][safepoint    ] Application time: 1.0000901 seconds
[627.398s][info ][safepoint    ] Entering safepoint region: Cleanup
[627.398s][info ][safepoint    ] Leaving safepoint region
[627.398s][info ][safepoint    ] Total time for which application threads were stopped: 0.0000948 seconds, Stopping threads took: 0.0000382 seconds
[628.398s][info ][safepoint    ] Application time: 1.0000890 seconds
[628.398s][info ][safepoint    ] Entering safepoint region: Cleanup
[628.398s][info ][safepoint    ] Leaving safepoint region
[628.398s][info ][safepoint    ] Total time for which application threads were stopped: 0.0000726 seconds, Stopping threads took: 0.0000172 seconds
[629.398s][info ][safepoint    ] Application time: 1.0000904 seconds
[629.398s][info ][safepoint    ] Entering safepoint region: Cleanup
[629.398s][info ][safepoint    ] Leaving safepoint region
[629.398s][info ][safepoint    ] Total time for which application threads were stopped: 0.0000750 seconds, Stopping threads took: 0.0000176 seconds
[630.398s][info ][safepoint    ] Application time: 1.0000875 seconds
[630.398s][info ][safepoint    ] Entering safepoint region: Cleanup
[630.398s][info ][safepoint    ] Leaving safepoint region
[630.398s][info ][safepoint    ] Total time for which application threads were stopped: 0.0000765 seconds, Stopping threads took: 0.0000205 seconds
[631.399s][info ][safepoint    ] Application time: 1.0000965 seconds
[631.399s][info ][safepoint    ] Entering safepoint region: Cleanup
[631.399s][info ][safepoint    ] Leaving safepoint region
[631.399s][info ][safepoint    ] Total time for which application threads were stopped: 0.0000746 seconds, Stopping threads took: 0.0000167 seconds
[632.399s][info ][safepoint    ] Application time: 1.0000965 seconds
[632.399s][info ][safepoint    ] Entering safepoint region: Cleanup
[632.399s][info ][safepoint    ] Leaving safepoint region
[632.399s][info ][safepoint    ] Total time for which application threads were stopped: 0.0000707 seconds, Stopping threads took: 0.0000164 seconds
[633.399s][info ][safepoint    ] Application time: 1.0001004 seconds
[633.399s][info ][safepoint    ] Entering safepoint region: Cleanup
[633.399s][info ][safepoint    ] Leaving safepoint region
[633.399s][info ][safepoint    ] Total time for which application threads were stopped: 0.0000811 seconds, Stopping threads took: 0.0000158 seconds
[634.399s][info ][safepoint    ] Application time: 1.0000509 seconds
[634.399s][info ][safepoint    ] Entering safepoint region: Cleanup
[634.399s][info ][safepoint    ] Leaving safepoint region
[634.399s][info ][safepoint    ] Total time for which application threads were stopped: 0.0000719 seconds, Stopping threads took: 0.0000166 seconds
[635.399s][info ][safepoint    ] Application time: 1.0000850 seconds
[635.399s][info ][safepoint    ] Entering safepoint region: Cleanup
[635.400s][info ][safepoint    ] Leaving safepoint region
[635.400s][info ][safepoint    ] Total time for which application threads were stopped: 0.0000702 seconds, Stopping threads took: 0.0000169 seconds
[636.400s][info ][safepoint    ] Application time: 1.0000891 seconds
[636.400s][info ][safepoint    ] Entering safepoint region: Cleanup
[636.400s][info ][safepoint    ] Leaving safepoint region
[636.400s][info ][safepoint    ] Total time for which application threads were stopped: 0.0000847 seconds, Stopping threads took: 0.0000169 seconds
[637.400s][info ][safepoint    ] Application time: 1.0001015 seconds
[637.400s][info ][safepoint    ] Entering safepoint region: Cleanup
[637.400s][info ][safepoint    ] Leaving safepoint region
[637.400s][info ][safepoint    ] Total time for which application threads were stopped: 0.0000741 seconds, Stopping threads took: 0.0000202 seconds
[638.401s][info ][safepoint    ] Application time: 1.0012332 seconds
[638.401s][info ][safepoint    ] Entering safepoint region: Cleanup
[638.401s][info ][safepoint    ] Leaving safepoint region
[638.401s][info ][safepoint    ] Total time for which application threads were stopped: 0.0000710 seconds, Stopping threads took: 0.0000173 seconds
[639.401s][info ][safepoint    ] Application time: 1.0000839 seconds
[639.401s][info ][safepoint    ] Entering safepoint region: Cleanup
[639.401s][info ][safepoint    ] Leaving safepoint region
[639.401s][info ][safepoint    ] Total time for which application threads were stopped: 0.0000820 seconds, Stopping threads took: 0.0000166 seconds
[640.402s][info ][safepoint    ] Application time: 1.0000810 seconds
[640.402s][info ][safepoint    ] Entering safepoint region: Cleanup
[640.402s][info ][safepoint    ] Leaving safepoint region
[640.402s][info ][safepoint    ] Total time for which application threads were stopped: 0.0000724 seconds, Stopping threads took: 0.0000170 seconds
[641.402s][info ][safepoint    ] Application time: 1.0000934 seconds
[641.402s][info ][safepoint    ] Entering safepoint region: Cleanup
[641.402s][info ][safepoint    ] Leaving safepoint region
[641.402s][info ][safepoint    ] Total time for which application threads were stopped: 0.0000984 seconds, Stopping threads took: 0.0000166 seconds
[642.402s][info ][safepoint    ] Application time: 1.0000829 seconds
[642.402s][info ][safepoint    ] Entering safepoint region: Cleanup
[642.402s][info ][safepoint    ] Leaving safepoint region
[642.402s][info ][safepoint    ] Total time for which application threads were stopped: 0.0001307 seconds, Stopping threads took: 0.0000173 seconds
[643.402s][info ][safepoint    ] Application time: 1.0001060 seconds
[643.402s][info ][safepoint    ] Entering safepoint region: Cleanup
[643.402s][info ][safepoint    ] Leaving safepoint region
[643.402s][info ][safepoint    ] Total time for which application threads were stopped: 0.0000998 seconds, Stopping threads took: 0.0000220 seconds
[644.403s][info ][safepoint    ] Application time: 1.0001025 seconds
[644.403s][info ][safepoint    ] Entering safepoint region: Cleanup
[644.403s][info ][safepoint    ] Leaving safepoint region
[644.403s][info ][safepoint    ] Total time for which application threads were stopped: 0.0000696 seconds, Stopping threads took: 0.0000162 seconds
[645.403s][info ][safepoint    ] Application time: 1.0000920 seconds
[645.403s][info ][safepoint    ] Entering safepoint region: Cleanup
[645.403s][info ][safepoint    ] Leaving safepoint region
[645.403s][info ][safepoint    ] Total time for which application threads were stopped: 0.0000730 seconds, Stopping threads took: 0.0000168 seconds
[646.403s][info ][safepoint    ] Application time: 1.0001019 seconds
[646.403s][info ][safepoint    ] Entering safepoint region: Cleanup
[646.403s][info ][safepoint    ] Leaving safepoint region
[646.403s][info ][safepoint    ] Total time for which application threads were stopped: 0.0000691 seconds, Stopping threads took: 0.0000163 seconds
[647.403s][info ][safepoint    ] Application time: 1.0000925 seconds
[647.403s][info ][safepoint    ] Entering safepoint region: Cleanup
[647.403s][info ][safepoint    ] Leaving safepoint region
[647.403s][info ][safepoint    ] Total time for which application threads were stopped: 0.0000698 seconds, Stopping threads took: 0.0000167 seconds
[648.403s][info ][safepoint    ] Application time: 1.0000789 seconds
[648.403s][info ][safepoint    ] Entering safepoint region: Cleanup
[648.403s][info ][safepoint    ] Leaving safepoint region
[648.403s][info ][safepoint    ] Total time for which application threads were stopped: 0.0000861 seconds, Stopping threads took: 0.0000321 seconds
[649.404s][info ][safepoint    ] Application time: 1.0000747 seconds
[649.404s][info ][safepoint    ] Entering safepoint region: Cleanup
[649.404s][info ][safepoint    ] Leaving safepoint region
[649.404s][info ][safepoint    ] Total time for which application threads were stopped: 0.0000697 seconds, Stopping threads took: 0.0000161 seconds
[650.404s][info ][safepoint    ] Application time: 1.0000972 seconds
[650.404s][info ][safepoint    ] Entering safepoint region: Cleanup
[650.404s][info ][safepoint    ] Leaving safepoint region
[650.404s][info ][safepoint    ] Total time for which application threads were stopped: 0.0000701 seconds, Stopping threads took: 0.0000169 seconds
[650.978s][info ][safepoint    ] Application time: 0.5742899 seconds
[650.978s][info ][safepoint    ] Entering safepoint region: GenCollectForAllocation
[650.978s][info ][gc,start     ] GC(322) Pause Young (Allocation Failure)
[650.978s][info ][gc,task      ] GC(322) Using 4 workers of 4 for evacuation
[650.983s][debug][gc,ref       ] GC(322) Skipped phase1 of Reference Processing due to unavailable references
[650.983s][debug][gc,ref       ] GC(322) Skipped phase2 of Reference Processing due to unavailable references
[650.983s][debug][gc,ref       ] GC(322) Skipped phase3 of Reference Processing due to unavailable references
[650.983s][debug][gc,ref       ] GC(322) Skipped phase4 of Reference Processing due to unavailable references
[650.983s][debug][gc,age       ] GC(322) Desired survivor size 15400960 bytes, new threshold 6 (max threshold 6)
[650.983s][info ][gc,heap      ] GC(322) ParNew: 266387K->9802K(270976K)
[650.983s][info ][gc,heap      ] GC(322) CMS: 450528K->450528K(602112K)
[650.983s][info ][gc,metaspace ] GC(322) Metaspace: 58449K->58449K(1101824K)
[650.983s][info ][gc           ] GC(322) Pause Young (Allocation Failure) 700M->449M(852M) 5.136ms
[650.983s][info ][gc,cpu       ] GC(322) User=0.02s Sys=0.00s Real=0.01s
[650.983s][info ][safepoint    ] Leaving safepoint region
[650.983s][info ][safepoint    ] Total time for which application threads were stopped: 0.0052796 seconds, Stopping threads took: 0.0000154 seconds
[651.984s][info ][safepoint    ] Application time: 1.0001419 seconds
[651.984s][info ][safepoint    ] Entering safepoint region: Cleanup
[651.984s][info ][safepoint    ] Leaving safepoint region
[651.984s][info ][safepoint    ] Total time for which application threads were stopped: 0.0001635 seconds, Stopping threads took: 0.0000151 seconds
[652.984s][info ][safepoint    ] Application time: 1.0000979 seconds
[652.984s][info ][safepoint    ] Entering safepoint region: Cleanup
[652.986s][info ][safepoint    ] Leaving safepoint region
[652.986s][info ][safepoint    ] Total time for which application threads were stopped: 0.0019520 seconds, Stopping threads took: 0.0018926 seconds
[653.986s][info ][safepoint    ] Application time: 1.0000887 seconds
[653.986s][info ][safepoint    ] Entering safepoint region: Cleanup
[653.986s][info ][safepoint    ] Leaving safepoint region
[653.986s][info ][safepoint    ] Total time for which application threads were stopped: 0.0000666 seconds, Stopping threads took: 0.0000161 seconds
[654.986s][info ][safepoint    ] Application time: 1.0001010 seconds
[654.986s][info ][safepoint    ] Entering safepoint region: Cleanup
[654.986s][info ][safepoint    ] Leaving safepoint region
[654.986s][info ][safepoint    ] Total time for which application threads were stopped: 0.0000620 seconds, Stopping threads took: 0.0000149 seconds
[655.986s][info ][safepoint    ] Application time: 1.0000874 seconds
[655.986s][info ][safepoint    ] Entering safepoint region: Cleanup
[655.986s][info ][safepoint    ] Leaving safepoint region
[655.986s][info ][safepoint    ] Total time for which application threads were stopped: 0.0000637 seconds, Stopping threads took: 0.0000149 seconds
[656.987s][info ][safepoint    ] Application time: 1.0000858 seconds
[656.987s][info ][safepoint    ] Entering safepoint region: Cleanup
[656.987s][info ][safepoint    ] Leaving safepoint region
[656.987s][info ][safepoint    ] Total time for which application threads were stopped: 0.0000813 seconds, Stopping threads took: 0.0000293 seconds
[657.987s][info ][safepoint    ] Application time: 1.0000973 seconds
[657.987s][info ][safepoint    ] Entering safepoint region: Cleanup
[657.987s][info ][safepoint    ] Leaving safepoint region
[657.987s][info ][safepoint    ] Total time for which application threads were stopped: 0.0000696 seconds, Stopping threads took: 0.0000177 seconds
[658.987s][info ][safepoint    ] Application time: 1.0000994 seconds
[658.987s][info ][safepoint    ] Entering safepoint region: Cleanup
[658.987s][info ][safepoint    ] Leaving safepoint region
[658.987s][info ][safepoint    ] Total time for which application threads were stopped: 0.0000731 seconds, Stopping threads took: 0.0000150 seconds
[659.987s][info ][safepoint    ] Application time: 1.0000869 seconds
[659.987s][info ][safepoint    ] Entering safepoint region: Cleanup
[659.987s][info ][safepoint    ] Leaving safepoint region
[659.987s][info ][safepoint    ] Total time for which application threads were stopped: 0.0000668 seconds, Stopping threads took: 0.0000157 seconds
[660.987s][info ][safepoint    ] Application time: 1.0001075 seconds
[660.987s][info ][safepoint    ] Entering safepoint region: Cleanup
[660.988s][info ][safepoint    ] Leaving safepoint region
[660.988s][info ][safepoint    ] Total time for which application threads were stopped: 0.0000654 seconds, Stopping threads took: 0.0000155 seconds
[661.988s][info ][safepoint    ] Application time: 1.0000727 seconds
[661.988s][info ][safepoint    ] Entering safepoint region: Cleanup
[661.988s][info ][safepoint    ] Leaving safepoint region
[661.988s][info ][safepoint    ] Total time for which application threads were stopped: 0.0000814 seconds, Stopping threads took: 0.0000158 seconds
[662.988s][info ][safepoint    ] Application time: 1.0000835 seconds
[662.988s][info ][safepoint    ] Entering safepoint region: Cleanup
[662.988s][info ][safepoint    ] Leaving safepoint region
[662.988s][info ][safepoint    ] Total time for which application threads were stopped: 0.0000666 seconds, Stopping threads took: 0.0000154 seconds
[663.988s][info ][safepoint    ] Application time: 1.0000785 seconds
[663.988s][info ][safepoint    ] Entering safepoint region: Cleanup
[663.988s][info ][safepoint    ] Leaving safepoint region
[663.988s][info ][safepoint    ] Total time for which application threads were stopped: 0.0000818 seconds, Stopping threads took: 0.0000292 seconds
[664.988s][info ][safepoint    ] Application time: 1.0001121 seconds
[664.988s][info ][safepoint    ] Entering safepoint region: Cleanup
[664.988s][info ][safepoint    ] Leaving safepoint region
[664.988s][info ][safepoint    ] Total time for which application threads were stopped: 0.0000896 seconds, Stopping threads took: 0.0000337 seconds
[665.988s][info ][safepoint    ] Application time: 1.0001048 seconds
[665.989s][info ][safepoint    ] Entering safepoint region: Cleanup
[665.989s][info ][safepoint    ] Leaving safepoint region
[665.989s][info ][safepoint    ] Total time for which application threads were stopped: 0.0000865 seconds, Stopping threads took: 0.0000163 seconds
[666.989s][info ][safepoint    ] Application time: 1.0000890 seconds
[666.989s][info ][safepoint    ] Entering safepoint region: Cleanup
[666.989s][info ][safepoint    ] Leaving safepoint region
[666.989s][info ][safepoint    ] Total time for which application threads were stopped: 0.0000830 seconds, Stopping threads took: 0.0000144 seconds
[667.989s][info ][safepoint    ] Application time: 1.0000888 seconds
[667.989s][info ][safepoint    ] Entering safepoint region: Cleanup
[667.989s][info ][safepoint    ] Leaving safepoint region
[667.989s][info ][safepoint    ] Total time for which application threads were stopped: 0.0000812 seconds, Stopping threads took: 0.0000156 seconds
[668.989s][info ][safepoint    ] Application time: 1.0000672 seconds
[668.989s][info ][safepoint    ] Entering safepoint region: Cleanup
[668.989s][info ][safepoint    ] Leaving safepoint region
[668.989s][info ][safepoint    ] Total time for which application threads were stopped: 0.0000783 seconds, Stopping threads took: 0.0000153 seconds
[669.989s][info ][safepoint    ] Application time: 1.0000824 seconds
[669.989s][info ][safepoint    ] Entering safepoint region: Cleanup
[669.989s][info ][safepoint    ] Leaving safepoint region
[669.989s][info ][safepoint    ] Total time for which application threads were stopped: 0.0000689 seconds, Stopping threads took: 0.0000147 seconds
[670.989s][info ][safepoint    ] Application time: 1.0000866 seconds
[670.990s][info ][safepoint    ] Entering safepoint region: Cleanup
[670.990s][info ][safepoint    ] Leaving safepoint region
[670.990s][info ][safepoint    ] Total time for which application threads were stopped: 0.0000860 seconds, Stopping threads took: 0.0000161 seconds
[671.990s][info ][safepoint    ] Application time: 1.0000772 seconds
[671.990s][info ][safepoint    ] Entering safepoint region: Cleanup
[671.990s][info ][safepoint    ] Leaving safepoint region
[671.990s][info ][safepoint    ] Total time for which application threads were stopped: 0.0000663 seconds, Stopping threads took: 0.0000155 seconds
[672.990s][info ][safepoint    ] Application time: 1.0000667 seconds
[672.990s][info ][safepoint    ] Entering safepoint region: Cleanup
[672.990s][info ][safepoint    ] Leaving safepoint region
[672.990s][info ][safepoint    ] Total time for which application threads were stopped: 0.0000793 seconds, Stopping threads took: 0.0000153 seconds
[673.979s][info ][safepoint    ] Application time: 0.9891477 seconds
[673.979s][info ][safepoint    ] Entering safepoint region: RevokeBias
[673.979s][info ][safepoint    ] Leaving safepoint region
[673.979s][info ][safepoint    ] Total time for which application threads were stopped: 0.0000688 seconds, Stopping threads took: 0.0000153 seconds
[681.980s][info ][safepoint    ] Application time: 8.0006828 seconds
[681.980s][info ][safepoint    ] Entering safepoint region: Cleanup
[681.980s][info ][safepoint    ] Leaving safepoint region
[681.980s][info ][safepoint    ] Total time for which application threads were stopped: 0.0001316 seconds, Stopping threads took: 0.0000705 seconds
[700.227s][info ][safepoint    ] Application time: 18.2472542 seconds
[700.227s][info ][safepoint    ] Entering safepoint region: GenCollectForAllocation
[700.227s][info ][gc,start     ] GC(323) Pause Young (Allocation Failure)
[700.227s][info ][gc,task      ] GC(323) Using 4 workers of 4 for evacuation
[700.233s][debug][gc,ref       ] GC(323) Skipped phase1 of Reference Processing due to unavailable references
[700.233s][debug][gc,ref       ] GC(323) Skipped phase2 of Reference Processing due to unavailable references
[700.233s][debug][gc,ref       ] GC(323) Skipped phase3 of Reference Processing due to unavailable references
[700.233s][debug][gc,ref       ] GC(323) Skipped phase4 of Reference Processing due to unavailable references
[700.233s][debug][gc,age       ] GC(323) Desired survivor size 15400960 bytes, new threshold 6 (max threshold 6)
[700.233s][info ][gc,heap      ] GC(323) ParNew: 250698K->7965K(270976K)
[700.233s][info ][gc,heap      ] GC(323) CMS: 450528K->450528K(602112K)
[700.233s][info ][gc,metaspace ] GC(323) Metaspace: 58451K->58451K(1101824K)
[700.233s][info ][gc           ] GC(323) Pause Young (Allocation Failure) 684M->447M(852M) 5.516ms
[700.233s][info ][gc,cpu       ] GC(323) User=0.02s Sys=0.00s Real=0.01s
[700.233s][info ][safepoint    ] Leaving safepoint region
[700.233s][info ][safepoint    ] Total time for which application threads were stopped: 0.0056590 seconds, Stopping threads took: 0.0000156 seconds
[702.233s][info ][safepoint    ] Application time: 2.0001966 seconds
[702.233s][info ][safepoint    ] Entering safepoint region: Cleanup
[702.233s][info ][safepoint    ] Leaving safepoint region
[702.233s][info ][safepoint    ] Total time for which application threads were stopped: 0.0000714 seconds, Stopping threads took: 0.0000148 seconds
[733.979s][info ][safepoint    ] Application time: 31.7457067 seconds
[733.979s][info ][safepoint    ] Entering safepoint region: RevokeBias
[733.979s][info ][safepoint    ] Leaving safepoint region
[733.979s][info ][safepoint    ] Total time for which application threads were stopped: 0.0000925 seconds, Stopping threads took: 0.0000292 seconds
[749.578s][info ][safepoint    ] Application time: 15.5989796 seconds
[749.578s][info ][safepoint    ] Entering safepoint region: GenCollectForAllocation
[749.578s][info ][gc,start     ] GC(324) Pause Young (Allocation Failure)
[749.578s][info ][gc,task      ] GC(324) Using 4 workers of 4 for evacuation
[749.583s][debug][gc,ref       ] GC(324) Skipped phase1 of Reference Processing due to unavailable references
[749.583s][debug][gc,ref       ] GC(324) Skipped phase2 of Reference Processing due to unavailable references
[749.583s][debug][gc,ref       ] GC(324) Skipped phase3 of Reference Processing due to unavailable references
[749.583s][debug][gc,ref       ] GC(324) Skipped phase4 of Reference Processing due to unavailable references
[749.583s][debug][gc,age       ] GC(324) Desired survivor size 15400960 bytes, new threshold 6 (max threshold 6)
[749.583s][info ][gc,heap      ] GC(324) ParNew: 248861K->7516K(270976K)
[749.583s][info ][gc,heap      ] GC(324) CMS: 450528K->450528K(602112K)
[749.583s][info ][gc,metaspace ] GC(324) Metaspace: 58451K->58451K(1101824K)
[749.583s][info ][gc           ] GC(324) Pause Young (Allocation Failure) 682M->447M(852M) 5.049ms
[749.583s][info ][gc,cpu       ] GC(324) User=0.02s Sys=0.00s Real=0.01s
[749.583s][info ][safepoint    ] Leaving safepoint region
[749.583s][info ][safepoint    ] Total time for which application threads were stopped: 0.0052358 seconds, Stopping threads took: 0.0000287 seconds
[793.979s][info ][safepoint    ] Application time: 44.3955821 seconds
[793.979s][info ][safepoint    ] Entering safepoint region: RevokeBias
[793.979s][info ][safepoint    ] Leaving safepoint region
[793.979s][info ][safepoint    ] Total time for which application threads were stopped: 0.0001069 seconds, Stopping threads took: 0.0000270 seconds
[798.927s][info ][safepoint    ] Application time: 4.9479546 seconds
[798.927s][info ][safepoint    ] Entering safepoint region: GenCollectForAllocation
[798.927s][info ][gc,start     ] GC(325) Pause Young (Allocation Failure)
[798.927s][info ][gc,task      ] GC(325) Using 4 workers of 4 for evacuation
[798.932s][debug][gc,ref       ] GC(325) Skipped phase1 of Reference Processing due to unavailable references
[798.932s][debug][gc,ref       ] GC(325) Skipped phase2 of Reference Processing due to unavailable references
[798.932s][debug][gc,ref       ] GC(325) Skipped phase3 of Reference Processing due to unavailable references
[798.932s][debug][gc,ref       ] GC(325) Skipped phase4 of Reference Processing due to unavailable references
[798.932s][debug][gc,age       ] GC(325) Desired survivor size 15400960 bytes, new threshold 6 (max threshold 6)
[798.932s][info ][gc,heap      ] GC(325) ParNew: 248412K->8901K(270976K)
[798.932s][info ][gc,heap      ] GC(325) CMS: 450528K->450528K(602112K)
[798.932s][info ][gc,metaspace ] GC(325) Metaspace: 58451K->58451K(1101824K)
[798.932s][info ][gc           ] GC(325) Pause Young (Allocation Failure) 682M->448M(852M) 5.191ms
[798.932s][info ][gc,cpu       ] GC(325) User=0.02s Sys=0.00s Real=0.01s
[798.932s][info ][safepoint    ] Leaving safepoint region
[798.932s][info ][safepoint    ] Total time for which application threads were stopped: 0.0053339 seconds, Stopping threads took: 0.0000151 seconds
[817.937s][info ][safepoint    ] Application time: 19.0049238 seconds
[817.937s][info ][safepoint    ] Entering safepoint region: Cleanup
[817.938s][info ][safepoint    ] Leaving safepoint region
[817.938s][info ][safepoint    ] Total time for which application threads were stopped: 0.0000896 seconds, Stopping threads took: 0.0000354 seconds
[818.938s][info ][safepoint    ] Application time: 1.0001062 seconds
[818.938s][info ][safepoint    ] Entering safepoint region: Cleanup
[818.938s][info ][safepoint    ] Leaving safepoint region
[818.938s][info ][safepoint    ] Total time for which application threads were stopped: 0.0000682 seconds, Stopping threads took: 0.0000154 seconds
[821.938s][info ][safepoint    ] Application time: 3.0002324 seconds
[821.938s][info ][safepoint    ] Entering safepoint region: Cleanup
[821.938s][info ][safepoint    ] Leaving safepoint region
[821.938s][info ][safepoint    ] Total time for which application threads were stopped: 0.0000901 seconds, Stopping threads took: 0.0000151 seconds
[848.179s][info ][safepoint    ] Application time: 26.2410182 seconds
[848.179s][info ][safepoint    ] Entering safepoint region: GenCollectForAllocation
[848.179s][info ][gc,start     ] GC(326) Pause Young (Allocation Failure)
[848.179s][info ][gc,task      ] GC(326) Using 4 workers of 4 for evacuation
[848.184s][debug][gc,ref       ] GC(326) Skipped phase1 of Reference Processing due to unavailable references
[848.184s][debug][gc,ref       ] GC(326) Skipped phase2 of Reference Processing due to unavailable references
[848.184s][debug][gc,ref       ] GC(326) Skipped phase3 of Reference Processing due to unavailable references
[848.184s][debug][gc,ref       ] GC(326) Skipped phase4 of Reference Processing due to unavailable references
[848.185s][debug][gc,age       ] GC(326) Desired survivor size 15400960 bytes, new threshold 6 (max threshold 6)
[848.185s][info ][gc,heap      ] GC(326) ParNew: 249797K->7402K(270976K)
[848.185s][info ][gc,heap      ] GC(326) CMS: 450528K->450528K(602112K)
[848.185s][info ][gc,metaspace ] GC(326) Metaspace: 58455K->58455K(1101824K)
[848.185s][info ][gc           ] GC(326) Pause Young (Allocation Failure) 683M->447M(852M) 5.373ms
[848.185s][info ][gc,cpu       ] GC(326) User=0.02s Sys=0.00s Real=0.01s
[848.185s][info ][safepoint    ] Leaving safepoint region
[848.185s][info ][safepoint    ] Total time for which application threads were stopped: 0.0055266 seconds, Stopping threads took: 0.0000276 seconds
[853.979s][info ][safepoint    ] Application time: 5.7943201 seconds
[853.979s][info ][safepoint    ] Entering safepoint region: RevokeBias
[853.979s][info ][safepoint    ] Leaving safepoint region
[853.979s][info ][safepoint    ] Total time for which application threads were stopped: 0.0000690 seconds, Stopping threads took: 0.0000148 seconds
[897.577s][info ][safepoint    ] Application time: 43.5982461 seconds
[897.577s][info ][safepoint    ] Entering safepoint region: GenCollectForAllocation
[897.578s][info ][gc,start     ] GC(327) Pause Young (Allocation Failure)
[897.578s][info ][gc,task      ] GC(327) Using 4 workers of 4 for evacuation
[897.586s][debug][gc,ref       ] GC(327) Skipped phase1 of Reference Processing due to unavailable references
[897.586s][debug][gc,ref       ] GC(327) Skipped phase2 of Reference Processing due to unavailable references
[897.586s][debug][gc,ref       ] GC(327) Skipped phase3 of Reference Processing due to unavailable references
[897.586s][debug][gc,ref       ] GC(327) Skipped phase4 of Reference Processing due to unavailable references
[897.586s][debug][gc,age       ] GC(327) Desired survivor size 15400960 bytes, new threshold 6 (max threshold 6)
[897.586s][info ][gc,heap      ] GC(327) ParNew: 248298K->5928K(270976K)
[897.586s][info ][gc,heap      ] GC(327) CMS: 450528K->456837K(602112K)
[897.586s][info ][gc,metaspace ] GC(327) Metaspace: 58456K->58456K(1101824K)
[897.586s][info ][gc           ] GC(327) Pause Young (Allocation Failure) 682M->451M(852M) 8.206ms
[897.586s][info ][gc,cpu       ] GC(327) User=0.02s Sys=0.00s Real=0.01s
[897.586s][info ][safepoint    ] Leaving safepoint region
[897.586s][info ][safepoint    ] Total time for which application threads were stopped: 0.0083667 seconds, Stopping threads took: 0.0000332 seconds
[912.587s][info ][safepoint    ] Application time: 15.0012004 seconds
[912.587s][info ][safepoint    ] Entering safepoint region: Cleanup
[912.587s][info ][safepoint    ] Leaving safepoint region
[912.587s][info ][safepoint    ] Total time for which application threads were stopped: 0.0001764 seconds, Stopping threads took: 0.0001095 seconds
[913.979s][info ][safepoint    ] Application time: 1.3918397 seconds
[913.979s][info ][safepoint    ] Entering safepoint region: RevokeBias
[913.979s][info ][safepoint    ] Leaving safepoint region
[913.979s][info ][safepoint    ] Total time for which application threads were stopped: 0.0000674 seconds, Stopping threads took: 0.0000167 seconds
[934.981s][info ][safepoint    ] Application time: 21.0015176 seconds
[934.981s][info ][safepoint    ] Entering safepoint region: Cleanup
[934.981s][info ][safepoint    ] Leaving safepoint region
[934.981s][info ][safepoint    ] Total time for which application threads were stopped: 0.0000836 seconds, Stopping threads took: 0.0000325 seconds
[941.778s][info ][safepoint    ] Application time: 6.7976511 seconds
[941.778s][info ][safepoint    ] Entering safepoint region: GenCollectForAllocation
[941.779s][info ][gc,start     ] GC(328) Pause Young (Allocation Failure)
[941.779s][info ][gc,task      ] GC(328) Using 4 workers of 4 for evacuation
[941.780s][debug][gc,ref       ] GC(328) Skipped phase1 of Reference Processing due to unavailable references
[941.780s][debug][gc,ref       ] GC(328) Skipped phase2 of Reference Processing due to unavailable references
[941.780s][debug][gc,ref       ] GC(328) Skipped phase3 of Reference Processing due to unavailable references
[941.780s][debug][gc,ref       ] GC(328) Skipped phase4 of Reference Processing due to unavailable references
[941.780s][debug][gc,age       ] GC(328) Desired survivor size 15400960 bytes, new threshold 6 (max threshold 6)
[941.780s][info ][gc,heap      ] GC(328) ParNew: 246824K->1498K(270976K)
[941.780s][info ][gc,heap      ] GC(328) CMS: 456837K->456848K(602112K)
[941.780s][info ][gc,metaspace ] GC(328) Metaspace: 58461K->58461K(1101824K)
[941.780s][info ][gc           ] GC(328) Pause Young (Allocation Failure) 687M->447M(852M) 1.593ms
[941.780s][info ][gc,cpu       ] GC(328) User=0.01s Sys=0.00s Real=0.00s
[941.780s][info ][safepoint    ] Leaving safepoint region
[941.780s][info ][safepoint    ] Total time for which application threads were stopped: 0.0017310 seconds, Stopping threads took: 0.0000163 seconds
[972.783s][info ][safepoint    ] Application time: 31.0024530 seconds
[972.783s][info ][safepoint    ] Entering safepoint region: Cleanup
[972.783s][info ][safepoint    ] Leaving safepoint region
[972.783s][info ][safepoint    ] Total time for which application threads were stopped: 0.0001291 seconds, Stopping threads took: 0.0000560 seconds
[972.829s][info ][safepoint    ] Application time: 0.0457658 seconds
[972.829s][info ][safepoint    ] Entering safepoint region: RevokeBias
[972.829s][info ][safepoint    ] Leaving safepoint region
[972.829s][info ][safepoint    ] Total time for which application threads were stopped: 0.0001261 seconds, Stopping threads took: 0.0000163 seconds
[972.839s][info ][safepoint    ] Application time: 0.0105466 seconds
[972.839s][info ][safepoint    ] Entering safepoint region: RevokeBias
[972.839s][info ][safepoint    ] Leaving safepoint region
[972.839s][info ][safepoint    ] Total time for which application threads were stopped: 0.0000677 seconds, Stopping threads took: 0.0000117 seconds
[972.840s][info ][safepoint    ] Application time: 0.0004622 seconds
[972.840s][info ][safepoint    ] Entering safepoint region: RevokeBias
[972.840s][info ][safepoint    ] Leaving safepoint region
[972.840s][info ][safepoint    ] Total time for which application threads were stopped: 0.0001035 seconds, Stopping threads took: 0.0000559 seconds
[972.840s][info ][safepoint    ] Application time: 0.0000810 seconds
[972.840s][info ][safepoint    ] Entering safepoint region: RevokeBias
[972.840s][info ][safepoint    ] Leaving safepoint region
[972.840s][info ][safepoint    ] Total time for which application threads were stopped: 0.0000684 seconds, Stopping threads took: 0.0000323 seconds
[972.840s][info ][safepoint    ] Application time: 0.0003506 seconds
[972.841s][info ][safepoint    ] Entering safepoint region: RevokeBias
[972.841s][info ][safepoint    ] Leaving safepoint region
[972.841s][info ][safepoint    ] Total time for which application threads were stopped: 0.0000671 seconds, Stopping threads took: 0.0000302 seconds
[972.841s][info ][safepoint    ] Application time: 0.0000647 seconds
[972.841s][info ][safepoint    ] Entering safepoint region: RevokeBias
[972.841s][info ][safepoint    ] Leaving safepoint region
[972.841s][info ][safepoint    ] Total time for which application threads were stopped: 0.0000576 seconds, Stopping threads took: 0.0000327 seconds
[972.841s][info ][safepoint    ] Application time: 0.0002525 seconds
[972.841s][info ][safepoint    ] Entering safepoint region: RevokeBias
[972.841s][info ][safepoint    ] Leaving safepoint region
[972.841s][info ][safepoint    ] Total time for which application threads were stopped: 0.0000521 seconds, Stopping threads took: 0.0000263 seconds
[972.841s][info ][safepoint    ] Application time: 0.0000906 seconds
[972.841s][info ][safepoint    ] Entering safepoint region: RevokeBias
[972.841s][info ][safepoint    ] Leaving safepoint region
[972.841s][info ][safepoint    ] Total time for which application threads were stopped: 0.0002014 seconds, Stopping threads took: 0.0001815 seconds
[972.841s][info ][safepoint    ] Application time: 0.0000774 seconds
[972.841s][info ][safepoint    ] Entering safepoint region: RevokeBias
[972.841s][info ][safepoint    ] Leaving safepoint region
[972.841s][info ][safepoint    ] Total time for which application threads were stopped: 0.0000288 seconds, Stopping threads took: 0.0000071 seconds
[972.842s][info ][safepoint    ] Application time: 0.0010301 seconds
[972.843s][info ][safepoint    ] Entering safepoint region: RevokeBias
[972.843s][info ][safepoint    ] Leaving safepoint region
[972.843s][info ][safepoint    ] Total time for which application threads were stopped: 0.0000355 seconds, Stopping threads took: 0.0000085 seconds
[972.844s][info ][safepoint    ] Application time: 0.0016407 seconds
[972.844s][info ][safepoint    ] Entering safepoint region: RevokeBias
[972.844s][info ][safepoint    ] Leaving safepoint region
[972.844s][info ][safepoint    ] Total time for which application threads were stopped: 0.0001031 seconds, Stopping threads took: 0.0000684 seconds
[972.845s][info ][gc,heap,exit ] Heap
[972.845s][info ][gc,heap,exit ]  par new generation   total 270976K, used 169827K [0x0000000700000000, 0x0000000712600000, 0x0000000714cc0000)
[972.845s][info ][gc,heap,exit ]   eden space 240896K,  69% used [0x0000000700000000, 0x000000070a4624c8, 0x000000070eb40000)
[972.845s][info ][gc,heap,exit ]   from space 30080K,   4% used [0x00000007108a0000, 0x0000000710a168c0, 0x0000000712600000)
[972.845s][info ][gc,heap,exit ]   to   space 30080K,   0% used [0x000000070eb40000, 0x000000070eb40000, 0x00000007108a0000)
[972.845s][info ][gc,heap,exit ]  concurrent mark-sweep generation total 602112K, used 456848K [0x0000000714cc0000, 0x00000007398c0000, 0x0000000800000000)
[972.845s][info ][gc,heap,exit ]  Metaspace       used 58497K, capacity 62006K, committed 62292K, reserved 1101824K
[972.845s][info ][gc,heap,exit ]   class space    used 7703K, capacity 9306K, committed 9316K, reserved 1048576K
[972.845s][info ][safepoint    ] Application time: 0.0005212 seconds
[972.845s][info ][safepoint    ] Entering safepoint region: Halt
